[0.021s] Invoking command in '/home/icrs/icrsUR/build/ur_robot_driver': CMAKE_PREFIX_PATH=/home/icrs/icrsUR/install/ur_controllers:/home/icrs/icrsUR/install/ur_description:/home/icrs/icrsUR/install/ur_dashboard_msgs:/home/icrs/icrsUR/install/ur:/home/icrs/icrsUR/install/ur_calibration:/home/icrs/icrsUR/install/ur_robot_driver:/home/icrs/icrsUR/install/ur_mover:/home/icrs/icrsUR/install/ur_moveit_config:/home/icrs/icrsUR/install/ur_bringup:/home/icrs/icrsUR/install/ur_custom_interfaces:/home/icrs/icrsUR/install/service_ur5ik:/home/icrs/icrsUR/install/robotiq_description:/home/icrs/icrsUR/install/interfaces_ur5ik:/home/icrs/icrsUR/install/camera_control:/home/icrs/icrsUR/install/gripper_control:/opt/ros/humble LD_LIBRARY_PATH=/home/icrs/icrsUR/install/ur_controllers/lib:/home/icrs/icrsUR/install/ur_dashboard_msgs/lib:/home/icrs/icrsUR/install/ur_robot_driver/lib:/home/icrs/icrsUR/install/ur_custom_interfaces/lib:/home/icrs/icrsUR/install/interfaces_ur5ik/lib:/usr/local/cuda-11.8/lib64:/opt/ros/humble/opt/rviz_ogre_vendor/lib:/opt/ros/humble/lib/x86_64-linux-gnu:/opt/ros/humble/lib /usr/bin/cmake /home/icrs/icrsUR/src/Universal_Robots_ROS2_Driver/ur_robot_driver -DCMAKE_INSTALL_PREFIX=/home/icrs/icrsUR/install/ur_robot_driver
[0.046s] [0mur_robot_driver: You did not request a specific build type: selecting 'RelWithDebInfo'.[0m
[0.046s] -- Found ament_cmake: 1.3.10 (/opt/ros/humble/share/ament_cmake/cmake)
[0.257s] -- Override CMake install command with custom implementation using symlinks instead of copying resources
[0.265s] -- Found controller_manager: 2.43.1 (/opt/ros/humble/share/controller_manager/cmake)
[0.304s] -- Found rosidl_generator_c: 3.1.5 (/opt/ros/humble/share/rosidl_generator_c/cmake)
[0.308s] -- Found rosidl_adapter: 3.1.5 (/opt/ros/humble/share/rosidl_adapter/cmake)
[0.316s] -- Found rosidl_generator_cpp: 3.1.5 (/opt/ros/humble/share/rosidl_generator_cpp/cmake)
[0.328s] -- Using all available rosidl_typesupport_c: rosidl_typesupport_fastrtps_c;rosidl_typesupport_introspection_c
[0.346s] -- Using all available rosidl_typesupport_cpp: rosidl_typesupport_fastrtps_cpp;rosidl_typesupport_introspection_cpp
[0.566s] -- Found rmw_implementation_cmake: 6.1.2 (/opt/ros/humble/share/rmw_implementation_cmake/cmake)
[0.568s] -- Found rmw_fastrtps_cpp: 6.2.7 (/opt/ros/humble/share/rmw_fastrtps_cpp/cmake)
[0.591s] -- Found TinyXML2 via Config file: TinyXML2_DIR-NOTFOUND
[0.601s] -- Found TinyXML2 via Config file: TinyXML2_DIR-NOTFOUND
[0.618s] -- Found TinyXML2 via Config file: TinyXML2_DIR-NOTFOUND
[0.626s] -- Found TinyXML2 via Config file: TinyXML2_DIR-NOTFOUND
[0.638s] -- Using RMW implementation 'rmw_fastrtps_cpp' as default
[0.739s] -- Found rclpy: 3.3.14 (/opt/ros/humble/share/rclpy/cmake)
[0.739s] -- Found std_srvs: 4.2.4 (/opt/ros/humble/share/std_srvs/cmake)
[0.749s] -- Found tf2_geometry_msgs: 0.25.8 (/opt/ros/humble/share/tf2_geometry_msgs/cmake)
[0.752s] -- Found eigen3_cmake_module: 0.1.1 (/opt/ros/humble/share/eigen3_cmake_module/cmake)
[0.753s] -- Ensuring Eigen3 include directory is part of orocos-kdl CMake target
[0.813s] -- Found ur_dashboard_msgs: 2.2.10 (/home/icrs/icrsUR/install/ur_dashboard_msgs/share/ur_dashboard_msgs/cmake)
[1.133s] -- Found ur_controllers: 2.2.10 (/home/icrs/icrsUR/install/ur_controllers/share/ur_controllers/cmake)
[1.148s] -- Found parameter_traits: 0.3.8 (/opt/ros/humble/share/parameter_traits/cmake)
[1.207s] -- Found ur_description: 2.1.3 (/home/icrs/icrsUR/install/ur_description/share/ur_description/cmake)
[1.208s] -- Found launch_testing_ament_cmake: 1.0.6 (/opt/ros/humble/share/launch_testing_ament_cmake/cmake)
[1.208s] -- Found python_cmake_module: 0.10.0 (/opt/ros/humble/share/python_cmake_module/cmake)
[1.235s] -- Using PYTHON_EXECUTABLE: /usr/bin/python3
[1.235s] -- Using PYTHON_INCLUDE_DIRS: /usr/include/python3.10
[1.235s] -- Using PYTHON_LIBRARIES: /usr/lib/x86_64-linux-gnu/libpython3.10.so
[1.237s] -- Configuring done
[1.356s] -- Generating done
[1.359s] -- Build files have been written to: /home/icrs/icrsUR/build/ur_robot_driver
[1.373s] Invoked command in '/home/icrs/icrsUR/build/ur_robot_driver' returned '0': CMAKE_PREFIX_PATH=/home/icrs/icrsUR/install/ur_controllers:/home/icrs/icrsUR/install/ur_description:/home/icrs/icrsUR/install/ur_dashboard_msgs:/home/icrs/icrsUR/install/ur:/home/icrs/icrsUR/install/ur_calibration:/home/icrs/icrsUR/install/ur_robot_driver:/home/icrs/icrsUR/install/ur_mover:/home/icrs/icrsUR/install/ur_moveit_config:/home/icrs/icrsUR/install/ur_bringup:/home/icrs/icrsUR/install/ur_custom_interfaces:/home/icrs/icrsUR/install/service_ur5ik:/home/icrs/icrsUR/install/robotiq_description:/home/icrs/icrsUR/install/interfaces_ur5ik:/home/icrs/icrsUR/install/camera_control:/home/icrs/icrsUR/install/gripper_control:/opt/ros/humble LD_LIBRARY_PATH=/home/icrs/icrsUR/install/ur_controllers/lib:/home/icrs/icrsUR/install/ur_dashboard_msgs/lib:/home/icrs/icrsUR/install/ur_robot_driver/lib:/home/icrs/icrsUR/install/ur_custom_interfaces/lib:/home/icrs/icrsUR/install/interfaces_ur5ik/lib:/usr/local/cuda-11.8/lib64:/opt/ros/humble/opt/rviz_ogre_vendor/lib:/opt/ros/humble/lib/x86_64-linux-gnu:/opt/ros/humble/lib /usr/bin/cmake /home/icrs/icrsUR/src/Universal_Robots_ROS2_Driver/ur_robot_driver -DCMAKE_INSTALL_PREFIX=/home/icrs/icrsUR/install/ur_robot_driver
[1.375s] Invoking command in '/home/icrs/icrsUR/build/ur_robot_driver': CMAKE_PREFIX_PATH=/home/icrs/icrsUR/install/ur_controllers:/home/icrs/icrsUR/install/ur_description:/home/icrs/icrsUR/install/ur_dashboard_msgs:/home/icrs/icrsUR/install/ur:/home/icrs/icrsUR/install/ur_calibration:/home/icrs/icrsUR/install/ur_robot_driver:/home/icrs/icrsUR/install/ur_mover:/home/icrs/icrsUR/install/ur_moveit_config:/home/icrs/icrsUR/install/ur_bringup:/home/icrs/icrsUR/install/ur_custom_interfaces:/home/icrs/icrsUR/install/service_ur5ik:/home/icrs/icrsUR/install/robotiq_description:/home/icrs/icrsUR/install/interfaces_ur5ik:/home/icrs/icrsUR/install/camera_control:/home/icrs/icrsUR/install/gripper_control:/opt/ros/humble LD_LIBRARY_PATH=/home/icrs/icrsUR/install/ur_controllers/lib:/home/icrs/icrsUR/install/ur_dashboard_msgs/lib:/home/icrs/icrsUR/install/ur_robot_driver/lib:/home/icrs/icrsUR/install/ur_custom_interfaces/lib:/home/icrs/icrsUR/install/interfaces_ur5ik/lib:/usr/local/cuda-11.8/lib64:/opt/ros/humble/opt/rviz_ogre_vendor/lib:/opt/ros/humble/lib/x86_64-linux-gnu:/opt/ros/humble/lib /usr/bin/cmake --build /home/icrs/icrsUR/build/ur_robot_driver -- -j8 -l8
[1.420s] [35m[1mConsolidate compiler generated dependencies of target ur_ros2_control_node[0m
[1.421s] [35m[1mConsolidate compiler generated dependencies of target urscript_interface[0m
[1.422s] [35m[1mConsolidate compiler generated dependencies of target ur_robot_driver_plugin[0m
[1.422s] [35m[1mConsolidate compiler generated dependencies of target controller_stopper_node[0m
[1.423s] [35m[1mConsolidate compiler generated dependencies of target dashboard_client[0m
[1.450s] [ 13%] Built target urscript_interface
[1.450s] [ 13%] Built target ament_cmake_python_symlink_ur_robot_driver
[1.454s] [ 26%] Built target ur_ros2_control_node
[1.454s] [ 46%] Built target controller_stopper_node
[1.458s] [ 73%] Built target ur_robot_driver_plugin
[1.458s] [100%] Built target dashboard_client
[1.765s] running egg_info
[1.765s] writing ur_robot_driver.egg-info/PKG-INFO
[1.765s] writing dependency_links to ur_robot_driver.egg-info/dependency_links.txt
[1.766s] writing top-level names to ur_robot_driver.egg-info/top_level.txt
[1.768s] reading manifest file 'ur_robot_driver.egg-info/SOURCES.txt'
[1.768s] writing manifest file 'ur_robot_driver.egg-info/SOURCES.txt'
[1.800s] [100%] Built target ament_cmake_python_build_ur_robot_driver_egg
[1.810s] Invoked command in '/home/icrs/icrsUR/build/ur_robot_driver' returned '0': CMAKE_PREFIX_PATH=/home/icrs/icrsUR/install/ur_controllers:/home/icrs/icrsUR/install/ur_description:/home/icrs/icrsUR/install/ur_dashboard_msgs:/home/icrs/icrsUR/install/ur:/home/icrs/icrsUR/install/ur_calibration:/home/icrs/icrsUR/install/ur_robot_driver:/home/icrs/icrsUR/install/ur_mover:/home/icrs/icrsUR/install/ur_moveit_config:/home/icrs/icrsUR/install/ur_bringup:/home/icrs/icrsUR/install/ur_custom_interfaces:/home/icrs/icrsUR/install/service_ur5ik:/home/icrs/icrsUR/install/robotiq_description:/home/icrs/icrsUR/install/interfaces_ur5ik:/home/icrs/icrsUR/install/camera_control:/home/icrs/icrsUR/install/gripper_control:/opt/ros/humble LD_LIBRARY_PATH=/home/icrs/icrsUR/install/ur_controllers/lib:/home/icrs/icrsUR/install/ur_dashboard_msgs/lib:/home/icrs/icrsUR/install/ur_robot_driver/lib:/home/icrs/icrsUR/install/ur_custom_interfaces/lib:/home/icrs/icrsUR/install/interfaces_ur5ik/lib:/usr/local/cuda-11.8/lib64:/opt/ros/humble/opt/rviz_ogre_vendor/lib:/opt/ros/humble/lib/x86_64-linux-gnu:/opt/ros/humble/lib /usr/bin/cmake --build /home/icrs/icrsUR/build/ur_robot_driver -- -j8 -l8
[1.854s] Invoking command in '/home/icrs/icrsUR/build/ur_robot_driver': CMAKE_PREFIX_PATH=/home/icrs/icrsUR/install/ur_controllers:/home/icrs/icrsUR/install/ur_description:/home/icrs/icrsUR/install/ur_dashboard_msgs:/home/icrs/icrsUR/install/ur:/home/icrs/icrsUR/install/ur_calibration:/home/icrs/icrsUR/install/ur_robot_driver:/home/icrs/icrsUR/install/ur_mover:/home/icrs/icrsUR/install/ur_moveit_config:/home/icrs/icrsUR/install/ur_bringup:/home/icrs/icrsUR/install/ur_custom_interfaces:/home/icrs/icrsUR/install/service_ur5ik:/home/icrs/icrsUR/install/robotiq_description:/home/icrs/icrsUR/install/interfaces_ur5ik:/home/icrs/icrsUR/install/camera_control:/home/icrs/icrsUR/install/gripper_control:/opt/ros/humble LD_LIBRARY_PATH=/home/icrs/icrsUR/install/ur_controllers/lib:/home/icrs/icrsUR/install/ur_dashboard_msgs/lib:/home/icrs/icrsUR/install/ur_robot_driver/lib:/home/icrs/icrsUR/install/ur_custom_interfaces/lib:/home/icrs/icrsUR/install/interfaces_ur5ik/lib:/usr/local/cuda-11.8/lib64:/opt/ros/humble/opt/rviz_ogre_vendor/lib:/opt/ros/humble/lib/x86_64-linux-gnu:/opt/ros/humble/lib /usr/bin/cmake --install /home/icrs/icrsUR/build/ur_robot_driver
[1.862s] -- Install configuration: "RelWithDebInfo"
[1.862s] -- Execute custom install script
[1.862s] -- Up-to-date symlink: /home/icrs/icrsUR/install/ur_robot_driver/share/ur_robot_driver//hardware_interface_plugin.xml
[1.863s] -- Up-to-date symlink: /home/icrs/icrsUR/install/ur_robot_driver/lib/ur_robot_driver/dashboard_client
[1.863s] -- Up-to-date symlink: /home/icrs/icrsUR/install/ur_robot_driver/lib/ur_robot_driver/ur_ros2_control_node
[1.863s] -- Up-to-date symlink: /home/icrs/icrsUR/install/ur_robot_driver/lib/ur_robot_driver/controller_stopper_node
[1.863s] -- Up-to-date symlink: /home/icrs/icrsUR/install/ur_robot_driver/lib/ur_robot_driver/urscript_interface
[1.863s] -- Up-to-date symlink: /home/icrs/icrsUR/install/ur_robot_driver/lib/libur_robot_driver_plugin.so
[1.864s] -- Up-to-date symlink: /home/icrs/icrsUR/install/ur_robot_driver/include/ur_robot_driver/controller_stopper.hpp
[1.864s] -- Up-to-date symlink: /home/icrs/icrsUR/install/ur_robot_driver/include/ur_robot_driver/dashboard_client_ros.hpp
[1.864s] -- Up-to-date symlink: /home/icrs/icrsUR/install/ur_robot_driver/include/ur_robot_driver/hardware_interface.hpp
[1.864s] -- Up-to-date symlink: /home/icrs/icrsUR/install/ur_robot_driver/include/ur_robot_driver/urcl_log_handler.hpp
[1.864s] -- Up-to-date symlink: /home/icrs/icrsUR/install/ur_robot_driver/share/ur_robot_driver/environment/library_path.sh
[1.864s] -- Up-to-date symlink: /home/icrs/icrsUR/install/ur_robot_driver/share/ur_robot_driver/environment/library_path.dsv
[1.865s] -- Up-to-date symlink: /home/icrs/icrsUR/install/ur_robot_driver/include/ur_robot_driver/controller_stopper.hpp
[1.865s] -- Up-to-date symlink: /home/icrs/icrsUR/install/ur_robot_driver/include/ur_robot_driver/dashboard_client_ros.hpp
[1.865s] -- Up-to-date symlink: /home/icrs/icrsUR/install/ur_robot_driver/include/ur_robot_driver/hardware_interface.hpp
[1.865s] -- Up-to-date symlink: /home/icrs/icrsUR/install/ur_robot_driver/include/ur_robot_driver/urcl_log_handler.hpp
[1.865s] -- Up-to-date symlink: /home/icrs/icrsUR/install/ur_robot_driver/share/ur_robot_driver/environment/pythonpath.sh
[1.865s] -- Up-to-date symlink: /home/icrs/icrsUR/install/ur_robot_driver/share/ur_robot_driver/environment/pythonpath.dsv
[1.866s] -- Up-to-date symlink: /home/icrs/icrsUR/install/ur_robot_driver/local/lib/python3.10/dist-packages/ur_robot_driver-2.2.10-py3.10.egg-info/PKG-INFO
[1.866s] -- Up-to-date symlink: /home/icrs/icrsUR/install/ur_robot_driver/local/lib/python3.10/dist-packages/ur_robot_driver-2.2.10-py3.10.egg-info/SOURCES.txt
[1.866s] -- Up-to-date symlink: /home/icrs/icrsUR/install/ur_robot_driver/local/lib/python3.10/dist-packages/ur_robot_driver-2.2.10-py3.10.egg-info/dependency_links.txt
[1.866s] -- Up-to-date symlink: /home/icrs/icrsUR/install/ur_robot_driver/local/lib/python3.10/dist-packages/ur_robot_driver-2.2.10-py3.10.egg-info/top_level.txt
[1.866s] -- Up-to-date symlink: /home/icrs/icrsUR/install/ur_robot_driver/local/lib/python3.10/dist-packages/ur_robot_driver/__init__.py
[1.866s] -- Up-to-date symlink: /home/icrs/icrsUR/install/ur_robot_driver/lib/ur_robot_driver/tool_communication.py
[1.866s] -- Up-to-date symlink: /home/icrs/icrsUR/install/ur_robot_driver/bin/wait_dashboard_server.sh
[1.867s] -- Up-to-date symlink: /home/icrs/icrsUR/install/ur_robot_driver/lib/ur_robot_driver/start_ursim.sh
[1.867s] -- Up-to-date symlink: /home/icrs/icrsUR/install/ur_robot_driver/share/ur_robot_driver/config/test_goal_publishers_config.yaml
[1.867s] -- Up-to-date symlink: /home/icrs/icrsUR/install/ur_robot_driver/share/ur_robot_driver/config/test_velocity_goal_publishers_config.yaml
[1.867s] -- Up-to-date symlink: /home/icrs/icrsUR/install/ur_robot_driver/share/ur_robot_driver/config/ur10_update_rate.yaml
[1.867s] -- Up-to-date symlink: /home/icrs/icrsUR/install/ur_robot_driver/share/ur_robot_driver/config/ur10e_update_rate.yaml
[1.867s] -- Up-to-date symlink: /home/icrs/icrsUR/install/ur_robot_driver/share/ur_robot_driver/config/ur16e_update_rate.yaml
[1.868s] -- Up-to-date symlink: /home/icrs/icrsUR/install/ur_robot_driver/share/ur_robot_driver/config/ur20_update_rate.yaml
[1.868s] -- Up-to-date symlink: /home/icrs/icrsUR/install/ur_robot_driver/share/ur_robot_driver/config/ur3_update_rate.yaml
[1.868s] -- Up-to-date symlink: /home/icrs/icrsUR/install/ur_robot_driver/share/ur_robot_driver/config/ur3e_update_rate.yaml
[1.868s] -- Up-to-date symlink: /home/icrs/icrsUR/install/ur_robot_driver/share/ur_robot_driver/config/ur5_update_rate.yaml
[1.868s] -- Up-to-date symlink: /home/icrs/icrsUR/install/ur_robot_driver/share/ur_robot_driver/config/ur5e_update_rate.yaml
[1.868s] -- Up-to-date symlink: /home/icrs/icrsUR/install/ur_robot_driver/share/ur_robot_driver/config/ur_controllers.yaml
[1.868s] -- Up-to-date symlink: /home/icrs/icrsUR/install/ur_robot_driver/share/ur_robot_driver/launch/test_forward_velocity_controller.launch.py
[1.869s] -- Up-to-date symlink: /home/icrs/icrsUR/install/ur_robot_driver/share/ur_robot_driver/launch/test_joint_trajectory_controller.launch.py
[1.869s] -- Up-to-date symlink: /home/icrs/icrsUR/install/ur_robot_driver/share/ur_robot_driver/launch/test_scaled_joint_trajectory_controller.launch.py
[1.869s] -- Up-to-date symlink: /home/icrs/icrsUR/install/ur_robot_driver/share/ur_robot_driver/launch/ur10.launch.py
[1.869s] -- Up-to-date symlink: /home/icrs/icrsUR/install/ur_robot_driver/share/ur_robot_driver/launch/ur10e.launch.py
[1.869s] -- Up-to-date symlink: /home/icrs/icrsUR/install/ur_robot_driver/share/ur_robot_driver/launch/ur16e.launch.py
[1.869s] -- Up-to-date symlink: /home/icrs/icrsUR/install/ur_robot_driver/share/ur_robot_driver/launch/ur20.launch.py
[1.869s] -- Up-to-date symlink: /home/icrs/icrsUR/install/ur_robot_driver/share/ur_robot_driver/launch/ur3.launch.py
[1.869s] -- Up-to-date symlink: /home/icrs/icrsUR/install/ur_robot_driver/share/ur_robot_driver/launch/ur3e.launch.py
[1.870s] -- Up-to-date symlink: /home/icrs/icrsUR/install/ur_robot_driver/share/ur_robot_driver/launch/ur5.launch.py
[1.870s] -- Up-to-date symlink: /home/icrs/icrsUR/install/ur_robot_driver/share/ur_robot_driver/launch/ur5e.launch.py
[1.870s] -- Up-to-date symlink: /home/icrs/icrsUR/install/ur_robot_driver/share/ur_robot_driver/launch/ur_control.launch.py
[1.870s] -- Up-to-date symlink: /home/icrs/icrsUR/install/ur_robot_driver/share/ur_robot_driver/launch/ur_dashboard_client.launch.py
[1.870s] -- Up-to-date symlink: /home/icrs/icrsUR/install/ur_robot_driver/share/ament_index/resource_index/package_run_dependencies/ur_robot_driver
[1.870s] -- Up-to-date symlink: /home/icrs/icrsUR/install/ur_robot_driver/share/ament_index/resource_index/parent_prefix_path/ur_robot_driver
[1.870s] -- Up-to-date symlink: /home/icrs/icrsUR/install/ur_robot_driver/share/ur_robot_driver/environment/ament_prefix_path.sh
[1.871s] -- Up-to-date symlink: /home/icrs/icrsUR/install/ur_robot_driver/share/ur_robot_driver/environment/ament_prefix_path.dsv
[1.871s] -- Up-to-date symlink: /home/icrs/icrsUR/install/ur_robot_driver/share/ur_robot_driver/environment/path.sh
[1.871s] -- Up-to-date symlink: /home/icrs/icrsUR/install/ur_robot_driver/share/ur_robot_driver/environment/path.dsv
[1.871s] -- Up-to-date symlink: /home/icrs/icrsUR/install/ur_robot_driver/share/ur_robot_driver/local_setup.bash
[1.871s] -- Up-to-date symlink: /home/icrs/icrsUR/install/ur_robot_driver/share/ur_robot_driver/local_setup.sh
[1.871s] -- Up-to-date symlink: /home/icrs/icrsUR/install/ur_robot_driver/share/ur_robot_driver/local_setup.zsh
[1.871s] -- Up-to-date symlink: /home/icrs/icrsUR/install/ur_robot_driver/share/ur_robot_driver/local_setup.dsv
[1.872s] -- Symlinking: /home/icrs/icrsUR/install/ur_robot_driver/share/ur_robot_driver/package.dsv
[1.882s] -- Up-to-date symlink: /home/icrs/icrsUR/install/ur_robot_driver/share/ament_index/resource_index/packages/ur_robot_driver
[1.883s] -- Up-to-date symlink: /home/icrs/icrsUR/install/ur_robot_driver/share/ament_index/resource_index/hardware_interface__pluginlib__plugin/ur_robot_driver
[1.883s] -- Up-to-date symlink: /home/icrs/icrsUR/install/ur_robot_driver/share/ur_robot_driver/cmake/ament_cmake_export_include_directories-extras.cmake
[1.883s] -- Up-to-date symlink: /home/icrs/icrsUR/install/ur_robot_driver/share/ur_robot_driver/cmake/ament_cmake_export_libraries-extras.cmake
[1.883s] -- Up-to-date symlink: /home/icrs/icrsUR/install/ur_robot_driver/share/ur_robot_driver/cmake/ament_cmake_export_dependencies-extras.cmake
[1.883s] -- Up-to-date symlink: /home/icrs/icrsUR/install/ur_robot_driver/share/ur_robot_driver/cmake/ur_robot_driverConfig.cmake
[1.883s] -- Up-to-date symlink: /home/icrs/icrsUR/install/ur_robot_driver/share/ur_robot_driver/cmake/ur_robot_driverConfig-version.cmake
[1.883s] -- Up-to-date symlink: /home/icrs/icrsUR/install/ur_robot_driver/share/ur_robot_driver/package.xml
[1.884s] -- Up-to-date: /home/icrs/icrsUR/install/ur_robot_driver/share/ur_robot_driver/resources
[1.884s] -- Up-to-date: /home/icrs/icrsUR/install/ur_robot_driver/share/ur_robot_driver/resources/rtde_input_recipe.txt
[1.884s] -- Up-to-date: /home/icrs/icrsUR/install/ur_robot_driver/share/ur_robot_driver/resources/rs485-1.0.urcap
[1.884s] -- Up-to-date: /home/icrs/icrsUR/install/ur_robot_driver/share/ur_robot_driver/resources/externalcontrol-1.0.5.urcap
[1.884s] -- Up-to-date: /home/icrs/icrsUR/install/ur_robot_driver/share/ur_robot_driver/resources/rtde_output_recipe.txt
[1.884s] -- Up-to-date: /home/icrs/icrsUR/install/ur_robot_driver/share/ur_robot_driver/resources/ros_control.urscript
[1.923s] Listing '/home/icrs/icrsUR/install/ur_robot_driver/local/lib/python3.10/dist-packages/ur_robot_driver'...
[1.930s] Invoked command in '/home/icrs/icrsUR/build/ur_robot_driver' returned '0': CMAKE_PREFIX_PATH=/home/icrs/icrsUR/install/ur_controllers:/home/icrs/icrsUR/install/ur_description:/home/icrs/icrsUR/install/ur_dashboard_msgs:/home/icrs/icrsUR/install/ur:/home/icrs/icrsUR/install/ur_calibration:/home/icrs/icrsUR/install/ur_robot_driver:/home/icrs/icrsUR/install/ur_mover:/home/icrs/icrsUR/install/ur_moveit_config:/home/icrs/icrsUR/install/ur_bringup:/home/icrs/icrsUR/install/ur_custom_interfaces:/home/icrs/icrsUR/install/service_ur5ik:/home/icrs/icrsUR/install/robotiq_description:/home/icrs/icrsUR/install/interfaces_ur5ik:/home/icrs/icrsUR/install/camera_control:/home/icrs/icrsUR/install/gripper_control:/opt/ros/humble LD_LIBRARY_PATH=/home/icrs/icrsUR/install/ur_controllers/lib:/home/icrs/icrsUR/install/ur_dashboard_msgs/lib:/home/icrs/icrsUR/install/ur_robot_driver/lib:/home/icrs/icrsUR/install/ur_custom_interfaces/lib:/home/icrs/icrsUR/install/interfaces_ur5ik/lib:/usr/local/cuda-11.8/lib64:/opt/ros/humble/opt/rviz_ogre_vendor/lib:/opt/ros/humble/lib/x86_64-linux-gnu:/opt/ros/humble/lib /usr/bin/cmake --install /home/icrs/icrsUR/build/ur_robot_driver
