[0.029s] Invoking command in '/home/icrs/icrsUR/build/ur_calibration': CMAKE_PREFIX_PATH=/home/icrs/icrsUR/install/ur_robot_driver:/home/icrs/icrsUR/install/ur_controllers:/home/icrs/icrsUR/install/ur_description:/home/icrs/icrsUR/install/ur_dashboard_msgs:/home/icrs/robotics_software_engineer-assignments/install/ur:/home/icrs/robotics_software_engineer-assignments/install/ur_calibration:/home/icrs/robotics_software_engineer-assignments/install/ur_robot_driver:/home/icrs/robotics_software_engineer-assignments/install/ur_moveit_config:/home/icrs/robotics_software_engineer-assignments/install/ur_bringup:/home/icrs/robotics_software_engineer-assignments/install/ur_description:/home/icrs/robotics_software_engineer-assignments/install/ur_controllers:/home/icrs/robotics_software_engineer-assignments/install/ur_dashboard_msgs:/home/icrs/robotics_software_engineer-assignments/install/module_5_assignment:/home/icrs/icrsUR/install/ur:/home/icrs/icrsUR/install/ur_calibration:/home/icrs/icrsUR/install/ur_mover:/home/icrs/icrsUR/install/ur_moveit_config:/home/icrs/icrsUR/install/ur_bringup:/home/icrs/icrsUR/install/ur_custom_interfaces:/home/icrs/icrsUR/install/service_ur5ik:/home/icrs/icrsUR/install/module_5_assignment:/home/icrs/icrsUR/install/module_3_assignment:/home/icrs/icrsUR/install/module_1_assignment:/home/icrs/icrsUR/install/module_10_assignment:/home/icrs/icrsUR/install/interfaces_ur5ik:/home/icrs/icrsUR/install/camera_control:/home/icrs/icrsUR/install/robotiq_description:/home/icrs/icrsUR/install/gripper_control:/opt/ros/humble LD_LIBRARY_PATH=/home/icrs/icrsUR/install/ur_robot_driver/lib:/home/icrs/icrsUR/install/ur_controllers/lib:/home/icrs/icrsUR/install/ur_dashboard_msgs/lib:/home/icrs/robotics_software_engineer-assignments/install/ur_robot_driver/lib:/home/icrs/robotics_software_engineer-assignments/install/ur_controllers/lib:/home/icrs/robotics_software_engineer-assignments/install/ur_dashboard_msgs/lib:/home/icrs/icrsUR/install/ur_custom_interfaces/lib:/home/icrs/icrsUR/install/interfaces_ur5ik/lib:/usr/local/cuda-11.8/lib64:/opt/ros/humble/opt/rviz_ogre_vendor/lib:/opt/ros/humble/lib/x86_64-linux-gnu:/opt/ros/humble/lib PATH=/home/icrs/icrsUR/install/ur_robot_driver/bin:/home/icrs/robotics_software_engineer-assignments/install/ur_robot_driver/bin:/usr/local/cuda-11.8/bin:/opt/ros/humble/bin:/home/icrs/.local/bin:/usr/local/sbin:/usr/local/bin:/usr/sbin:/usr/bin:/sbin:/bin:/usr/games:/usr/local/games:/snap/bin:/snap/bin /usr/bin/cmake --build /home/icrs/icrsUR/build/ur_calibration -- -j8 -l8
[0.068s] [0mur_calibration: You did not request a specific build type: selecting 'RelWithDebInfo'.[0m
[0.068s] -- Found ament_cmake: 1.3.10 (/opt/ros/humble/share/ament_cmake/cmake)
[0.243s] -- Override CMake install command with custom implementation using symlinks instead of copying resources
[0.259s] -- Found rclcpp: 16.0.10 (/opt/ros/humble/share/rclcpp/cmake)
[0.314s] -- Found rosidl_generator_c: 3.1.5 (/opt/ros/humble/share/rosidl_generator_c/cmake)
[0.318s] -- Found rosidl_adapter: 3.1.5 (/opt/ros/humble/share/rosidl_adapter/cmake)
[0.328s] -- Found rosidl_generator_cpp: 3.1.5 (/opt/ros/humble/share/rosidl_generator_cpp/cmake)
[0.344s] -- Using all available rosidl_typesupport_c: rosidl_typesupport_fastrtps_c;rosidl_typesupport_introspection_c
[0.364s] -- Using all available rosidl_typesupport_cpp: rosidl_typesupport_fastrtps_cpp;rosidl_typesupport_introspection_cpp
[0.416s] -- Found rmw_implementation_cmake: 6.1.2 (/opt/ros/humble/share/rmw_implementation_cmake/cmake)
[0.420s] -- Found rmw_fastrtps_cpp: 6.2.7 (/opt/ros/humble/share/rmw_fastrtps_cpp/cmake)
[0.556s] -- Using RMW implementation 'rmw_fastrtps_cpp' as default
[0.630s] -- Found ur_robot_driver: 2.2.10 (/home/icrs/icrsUR/install/ur_robot_driver/share/ur_robot_driver/cmake)
[0.906s] -- Found eigen3_cmake_module: 0.1.1 (/opt/ros/humble/share/eigen3_cmake_module/cmake)
[0.908s] -- Ensuring Eigen3 include directory is part of orocos-kdl CMake target
[1.094s] -- Found ament_cmake_gmock: 1.3.10 (/opt/ros/humble/share/ament_cmake_gmock/cmake)
[1.095s] -- Found gmock sources under '/opt/ros/humble/src/gmock_vendor': C++ tests using 'Google Mock' will be built
[1.098s] -- Found ament_cmake_gtest: 1.3.10 (/opt/ros/humble/share/ament_cmake_gtest/cmake)
[1.099s] -- Found gtest sources under '/opt/ros/humble/src/gtest_vendor': C++ tests using 'Google Test' will be built
[1.202s] -- Configuring done
[1.310s] -- Generating done
[1.313s] -- Build files have been written to: /home/icrs/icrsUR/build/ur_calibration
[1.352s] [35m[1mConsolidate compiler generated dependencies of target gmock_main[0m
[1.352s] [35m[1mConsolidate compiler generated dependencies of target gmock[0m
[1.354s] [35m[1mConsolidate compiler generated dependencies of target calibration[0m
[1.369s] [  8%] [32mBuilding CXX object gmock/CMakeFiles/gmock_main.dir/src/gmock_main.cc.o[0m
[1.370s] [ 16%] [32mBuilding CXX object gmock/CMakeFiles/gmock.dir/opt/ros/humble/src/gtest_vendor/src/gtest-all.cc.o[0m
[1.375s] [ 25%] [32mBuilding CXX object gmock/CMakeFiles/gmock.dir/src/gmock-all.cc.o[0m
[1.381s] [ 33%] [32mBuilding CXX object CMakeFiles/calibration.dir/src/calibration.cpp.o[0m
[1.381s] [ 41%] [32mBuilding CXX object CMakeFiles/calibration.dir/src/calibration_consumer.cpp.o[0m
[3.588s] [ 50%] [32m[1mLinking CXX static library libgmock_main.a[0m
[3.682s] [ 50%] Built target gmock_main
[15.449s] [ 58%] [32m[1mLinking CXX static library libgmock.a[0m
[15.583s] [ 58%] Built target gmock
[17.395s] [ 66%] [32m[1mLinking CXX static library libcalibration.a[0m
[17.519s] [ 66%] Built target calibration
[17.533s] [35m[1mConsolidate compiler generated dependencies of target calibration_test[0m
[17.533s] [35m[1mConsolidate compiler generated dependencies of target calibration_correction[0m
[17.553s] [ 83%] [32mBuilding CXX object CMakeFiles/calibration_correction.dir/src/calibration_correction.cpp.o[0m
[17.553s] [ 83%] [32mBuilding CXX object CMakeFiles/calibration_test.dir/test/calibration_test.cpp.o[0m
[26.881s] [ 91%] [32m[1mLinking CXX executable calibration_test[0m
[26.917s] [100%] [32m[1mLinking CXX executable calibration_correction[0m
[27.469s] [100%] Built target calibration_correction
[27.475s] [100%] Built target calibration_test
[27.490s] Invoked command in '/home/icrs/icrsUR/build/ur_calibration' returned '0': CMAKE_PREFIX_PATH=/home/icrs/icrsUR/install/ur_robot_driver:/home/icrs/icrsUR/install/ur_controllers:/home/icrs/icrsUR/install/ur_description:/home/icrs/icrsUR/install/ur_dashboard_msgs:/home/icrs/robotics_software_engineer-assignments/install/ur:/home/icrs/robotics_software_engineer-assignments/install/ur_calibration:/home/icrs/robotics_software_engineer-assignments/install/ur_robot_driver:/home/icrs/robotics_software_engineer-assignments/install/ur_moveit_config:/home/icrs/robotics_software_engineer-assignments/install/ur_bringup:/home/icrs/robotics_software_engineer-assignments/install/ur_description:/home/icrs/robotics_software_engineer-assignments/install/ur_controllers:/home/icrs/robotics_software_engineer-assignments/install/ur_dashboard_msgs:/home/icrs/robotics_software_engineer-assignments/install/module_5_assignment:/home/icrs/icrsUR/install/ur:/home/icrs/icrsUR/install/ur_calibration:/home/icrs/icrsUR/install/ur_mover:/home/icrs/icrsUR/install/ur_moveit_config:/home/icrs/icrsUR/install/ur_bringup:/home/icrs/icrsUR/install/ur_custom_interfaces:/home/icrs/icrsUR/install/service_ur5ik:/home/icrs/icrsUR/install/module_5_assignment:/home/icrs/icrsUR/install/module_3_assignment:/home/icrs/icrsUR/install/module_1_assignment:/home/icrs/icrsUR/install/module_10_assignment:/home/icrs/icrsUR/install/interfaces_ur5ik:/home/icrs/icrsUR/install/camera_control:/home/icrs/icrsUR/install/robotiq_description:/home/icrs/icrsUR/install/gripper_control:/opt/ros/humble LD_LIBRARY_PATH=/home/icrs/icrsUR/install/ur_robot_driver/lib:/home/icrs/icrsUR/install/ur_controllers/lib:/home/icrs/icrsUR/install/ur_dashboard_msgs/lib:/home/icrs/robotics_software_engineer-assignments/install/ur_robot_driver/lib:/home/icrs/robotics_software_engineer-assignments/install/ur_controllers/lib:/home/icrs/robotics_software_engineer-assignments/install/ur_dashboard_msgs/lib:/home/icrs/icrsUR/install/ur_custom_interfaces/lib:/home/icrs/icrsUR/install/interfaces_ur5ik/lib:/usr/local/cuda-11.8/lib64:/opt/ros/humble/opt/rviz_ogre_vendor/lib:/opt/ros/humble/lib/x86_64-linux-gnu:/opt/ros/humble/lib PATH=/home/icrs/icrsUR/install/ur_robot_driver/bin:/home/icrs/robotics_software_engineer-assignments/install/ur_robot_driver/bin:/usr/local/cuda-11.8/bin:/opt/ros/humble/bin:/home/icrs/.local/bin:/usr/local/sbin:/usr/local/bin:/usr/sbin:/usr/bin:/sbin:/bin:/usr/games:/usr/local/games:/snap/bin:/snap/bin /usr/bin/cmake --build /home/icrs/icrsUR/build/ur_calibration -- -j8 -l8
[27.538s] Invoking command in '/home/icrs/icrsUR/build/ur_calibration': CMAKE_PREFIX_PATH=/home/icrs/icrsUR/install/ur_robot_driver:/home/icrs/icrsUR/install/ur_controllers:/home/icrs/icrsUR/install/ur_description:/home/icrs/icrsUR/install/ur_dashboard_msgs:/home/icrs/robotics_software_engineer-assignments/install/ur:/home/icrs/robotics_software_engineer-assignments/install/ur_calibration:/home/icrs/robotics_software_engineer-assignments/install/ur_robot_driver:/home/icrs/robotics_software_engineer-assignments/install/ur_moveit_config:/home/icrs/robotics_software_engineer-assignments/install/ur_bringup:/home/icrs/robotics_software_engineer-assignments/install/ur_description:/home/icrs/robotics_software_engineer-assignments/install/ur_controllers:/home/icrs/robotics_software_engineer-assignments/install/ur_dashboard_msgs:/home/icrs/robotics_software_engineer-assignments/install/module_5_assignment:/home/icrs/icrsUR/install/ur:/home/icrs/icrsUR/install/ur_calibration:/home/icrs/icrsUR/install/ur_mover:/home/icrs/icrsUR/install/ur_moveit_config:/home/icrs/icrsUR/install/ur_bringup:/home/icrs/icrsUR/install/ur_custom_interfaces:/home/icrs/icrsUR/install/service_ur5ik:/home/icrs/icrsUR/install/module_5_assignment:/home/icrs/icrsUR/install/module_3_assignment:/home/icrs/icrsUR/install/module_1_assignment:/home/icrs/icrsUR/install/module_10_assignment:/home/icrs/icrsUR/install/interfaces_ur5ik:/home/icrs/icrsUR/install/camera_control:/home/icrs/icrsUR/install/robotiq_description:/home/icrs/icrsUR/install/gripper_control:/opt/ros/humble LD_LIBRARY_PATH=/home/icrs/icrsUR/install/ur_robot_driver/lib:/home/icrs/icrsUR/install/ur_controllers/lib:/home/icrs/icrsUR/install/ur_dashboard_msgs/lib:/home/icrs/robotics_software_engineer-assignments/install/ur_robot_driver/lib:/home/icrs/robotics_software_engineer-assignments/install/ur_controllers/lib:/home/icrs/robotics_software_engineer-assignments/install/ur_dashboard_msgs/lib:/home/icrs/icrsUR/install/ur_custom_interfaces/lib:/home/icrs/icrsUR/install/interfaces_ur5ik/lib:/usr/local/cuda-11.8/lib64:/opt/ros/humble/opt/rviz_ogre_vendor/lib:/opt/ros/humble/lib/x86_64-linux-gnu:/opt/ros/humble/lib PATH=/home/icrs/icrsUR/install/ur_robot_driver/bin:/home/icrs/robotics_software_engineer-assignments/install/ur_robot_driver/bin:/usr/local/cuda-11.8/bin:/opt/ros/humble/bin:/home/icrs/.local/bin:/usr/local/sbin:/usr/local/bin:/usr/sbin:/usr/bin:/sbin:/bin:/usr/games:/usr/local/games:/snap/bin:/snap/bin /usr/bin/cmake --install /home/icrs/icrsUR/build/ur_calibration
[27.547s] -- Install configuration: "RelWithDebInfo"
[27.548s] -- Execute custom install script
[27.549s] -- Up-to-date symlink: /home/icrs/icrsUR/install/ur_calibration/lib/ur_calibration/calibration_correction
[27.549s] -- Up-to-date symlink: /home/icrs/icrsUR/install/ur_calibration/include/ur_calibration/calibration.hpp
[27.550s] -- Up-to-date symlink: /home/icrs/icrsUR/install/ur_calibration/include/ur_calibration/calibration_consumer.hpp
[27.550s] -- Up-to-date symlink: /home/icrs/icrsUR/install/ur_calibration/share/ur_calibration/launch/calibration_correction.launch.py
[27.551s] -- Up-to-date symlink: /home/icrs/icrsUR/install/ur_calibration/share/ament_index/resource_index/package_run_dependencies/ur_calibration
[27.551s] -- Up-to-date symlink: /home/icrs/icrsUR/install/ur_calibration/share/ament_index/resource_index/parent_prefix_path/ur_calibration
[27.552s] -- Up-to-date symlink: /home/icrs/icrsUR/install/ur_calibration/share/ur_calibration/environment/ament_prefix_path.sh
[27.552s] -- Up-to-date symlink: /home/icrs/icrsUR/install/ur_calibration/share/ur_calibration/environment/ament_prefix_path.dsv
[27.552s] -- Up-to-date symlink: /home/icrs/icrsUR/install/ur_calibration/share/ur_calibration/environment/path.sh
[27.553s] -- Up-to-date symlink: /home/icrs/icrsUR/install/ur_calibration/share/ur_calibration/environment/path.dsv
[27.553s] -- Up-to-date symlink: /home/icrs/icrsUR/install/ur_calibration/share/ur_calibration/local_setup.bash
[27.553s] -- Up-to-date symlink: /home/icrs/icrsUR/install/ur_calibration/share/ur_calibration/local_setup.sh
[27.553s] -- Up-to-date symlink: /home/icrs/icrsUR/install/ur_calibration/share/ur_calibration/local_setup.zsh
[27.554s] -- Up-to-date symlink: /home/icrs/icrsUR/install/ur_calibration/share/ur_calibration/local_setup.dsv
[27.554s] -- Symlinking: /home/icrs/icrsUR/install/ur_calibration/share/ur_calibration/package.dsv
[27.565s] -- Up-to-date symlink: /home/icrs/icrsUR/install/ur_calibration/share/ament_index/resource_index/packages/ur_calibration
[27.565s] -- Up-to-date symlink: /home/icrs/icrsUR/install/ur_calibration/share/ur_calibration/cmake/ament_cmake_export_include_directories-extras.cmake
[27.565s] -- Up-to-date symlink: /home/icrs/icrsUR/install/ur_calibration/share/ur_calibration/cmake/ament_cmake_export_dependencies-extras.cmake
[27.566s] -- Up-to-date symlink: /home/icrs/icrsUR/install/ur_calibration/share/ur_calibration/cmake/ur_calibrationConfig.cmake
[27.566s] -- Up-to-date symlink: /home/icrs/icrsUR/install/ur_calibration/share/ur_calibration/cmake/ur_calibrationConfig-version.cmake
[27.566s] -- Up-to-date symlink: /home/icrs/icrsUR/install/ur_calibration/share/ur_calibration/package.xml
[27.569s] Invoked command in '/home/icrs/icrsUR/build/ur_calibration' returned '0': CMAKE_PREFIX_PATH=/home/icrs/icrsUR/install/ur_robot_driver:/home/icrs/icrsUR/install/ur_controllers:/home/icrs/icrsUR/install/ur_description:/home/icrs/icrsUR/install/ur_dashboard_msgs:/home/icrs/robotics_software_engineer-assignments/install/ur:/home/icrs/robotics_software_engineer-assignments/install/ur_calibration:/home/icrs/robotics_software_engineer-assignments/install/ur_robot_driver:/home/icrs/robotics_software_engineer-assignments/install/ur_moveit_config:/home/icrs/robotics_software_engineer-assignments/install/ur_bringup:/home/icrs/robotics_software_engineer-assignments/install/ur_description:/home/icrs/robotics_software_engineer-assignments/install/ur_controllers:/home/icrs/robotics_software_engineer-assignments/install/ur_dashboard_msgs:/home/icrs/robotics_software_engineer-assignments/install/module_5_assignment:/home/icrs/icrsUR/install/ur:/home/icrs/icrsUR/install/ur_calibration:/home/icrs/icrsUR/install/ur_mover:/home/icrs/icrsUR/install/ur_moveit_config:/home/icrs/icrsUR/install/ur_bringup:/home/icrs/icrsUR/install/ur_custom_interfaces:/home/icrs/icrsUR/install/service_ur5ik:/home/icrs/icrsUR/install/module_5_assignment:/home/icrs/icrsUR/install/module_3_assignment:/home/icrs/icrsUR/install/module_1_assignment:/home/icrs/icrsUR/install/module_10_assignment:/home/icrs/icrsUR/install/interfaces_ur5ik:/home/icrs/icrsUR/install/camera_control:/home/icrs/icrsUR/install/robotiq_description:/home/icrs/icrsUR/install/gripper_control:/opt/ros/humble LD_LIBRARY_PATH=/home/icrs/icrsUR/install/ur_robot_driver/lib:/home/icrs/icrsUR/install/ur_controllers/lib:/home/icrs/icrsUR/install/ur_dashboard_msgs/lib:/home/icrs/robotics_software_engineer-assignments/install/ur_robot_driver/lib:/home/icrs/robotics_software_engineer-assignments/install/ur_controllers/lib:/home/icrs/robotics_software_engineer-assignments/install/ur_dashboard_msgs/lib:/home/icrs/icrsUR/install/ur_custom_interfaces/lib:/home/icrs/icrsUR/install/interfaces_ur5ik/lib:/usr/local/cuda-11.8/lib64:/opt/ros/humble/opt/rviz_ogre_vendor/lib:/opt/ros/humble/lib/x86_64-linux-gnu:/opt/ros/humble/lib PATH=/home/icrs/icrsUR/install/ur_robot_driver/bin:/home/icrs/robotics_software_engineer-assignments/install/ur_robot_driver/bin:/usr/local/cuda-11.8/bin:/opt/ros/humble/bin:/home/icrs/.local/bin:/usr/local/sbin:/usr/local/bin:/usr/sbin:/usr/bin:/sbin:/bin:/usr/games:/usr/local/games:/snap/bin:/snap/bin /usr/bin/cmake --install /home/icrs/icrsUR/build/ur_calibration
