[0.036s] Invoking command in '/home/icrs/icrsUR/build/interfaces_ur5ik': CMAKE_PREFIX_PATH=${CMAKE_PREFIX_PATH}:/home/icrs/icrsUR/install/camera_control:/home/icrs/icrsUR/install/gripper_control:/opt/ros/humble /usr/bin/cmake --build /home/icrs/icrsUR/build/interfaces_ur5ik -- -j8 -l8
[0.343s] [  4%] Built target interfaces_ur5ik__cpp
[0.343s] [ 12%] Built target interfaces_ur5ik__rosidl_generator_c
[0.344s] [ 12%] Built target ament_cmake_python_symlink_interfaces_ur5ik
[0.344s] [ 23%] Built target interfaces_ur5ik__rosidl_typesupport_c
[0.345s] [ 34%] Built target interfaces_ur5ik__rosidl_typesupport_fastrtps_c
[0.345s] [ 55%] Built target interfaces_ur5ik__rosidl_typesupport_fastrtps_cpp
[0.345s] [ 55%] Built target interfaces_ur5ik__rosidl_typesupport_cpp
[0.346s] [ 65%] Built target interfaces_ur5ik__rosidl_typesupport_introspection_c
[0.346s] [ 76%] Built target interfaces_ur5ik__rosidl_typesupport_introspection_cpp
[0.346s] [ 76%] Built target interfaces_ur5ik
[0.346s] Traceback (most recent call last):
[0.346s]   File "/home/icrs/icrsUR/build/interfaces_ur5ik/ament_cmake_python/interfaces_ur5ik/setup.py", line 1, in <module>
[0.346s]     from setuptools import find_packages
[0.347s]   File "/usr/lib/python3/dist-packages/setuptools/__init__.py", line 10, in <module>
[0.347s] gmake[1]: *** [CMakeFiles/Makefile2:591: interfaces_ur5ik__py/CMakeFiles/interfaces_ur5ik__py.dir/all] Interrupt
[0.352s]     import distutils.core
[0.352s]   File "/usr/lib/python3.10/distutils/core.py", line 18, in <module>
[0.352s]     from distutils.config import PyPIRCCommand
[0.352s]   File "/usr/lib/python3.10/distutils/config.py", line 7, in <module>
[0.353s]     from configparser import RawConfigParser
[0.353s]   File "/usr/lib/python3.10/configparser.py", line 561, in <module>
[0.354s]     class RawConfigParser(MutableMapping):
[0.355s]   File "/usr/lib/python3.10/abc.py", line 106, in __new__
[0.355s]     cls = super().__new__(mcls, name, bases, namespace, **kwargs)
[0.355s] KeyboardInterrupt
[0.358s] gmake[2]: *** [CMakeFiles/ament_cmake_python_build_interfaces_ur5ik_egg.dir/build.make:70: CMakeFiles/ament_cmake_python_build_interfaces_ur5ik_egg] Interrupt
[0.358s] gmake[1]: *** [CMakeFiles/Makefile2:447: CMakeFiles/ament_cmake_python_build_interfaces_ur5ik_egg.dir/all] Interrupt
[0.359s] gmake: *** [Makefile:146: all] Interrupt
