[0.047s] Invoking command in '/home/icrs/icrsUR/build/ur_dashboard_msgs': CMAKE_PREFIX_PATH=${CMAKE_PREFIX_PATH}:/home/icrs/icrsUR/install/ur_description:/home/icrs/icrsUR/install/ur_dashboard_msgs:/home/icrs/icrsUR/install/camera_control:/home/icrs/icrsUR/install/robotiq_description:/home/icrs/icrsUR/install/gripper_control:/opt/ros/humble /usr/bin/cmake --build /home/icrs/icrsUR/build/ur_dashboard_msgs -- -j8 -l8
[0.757s] [  0%] Built target ur_dashboard_msgs__cpp
[0.758s] [  0%] Built target ament_cmake_python_symlink_ur_dashboard_msgs
[0.760s] [ 12%] Built target ur_dashboard_msgs__rosidl_generator_c
[0.760s] [ 24%] Built target ur_dashboard_msgs__rosidl_typesupport_cpp
[0.760s] [ 36%] Built target ur_dashboard_msgs__rosidl_typesupport_introspection_cpp
[0.761s] [ 48%] Built target ur_dashboard_msgs__rosidl_typesupport_fastrtps_cpp
[0.761s] [ 60%] Built target ur_dashboard_msgs__rosidl_typesupport_c
[0.761s] [ 72%] Built target ur_dashboard_msgs__rosidl_typesupport_introspection_c
[0.761s] [ 84%] Built target ur_dashboard_msgs__rosidl_typesupport_fastrtps_c
[0.761s] [ 84%] Built target ur_dashboard_msgs
[0.761s] [ 85%] Built target ur_dashboard_msgs__py
[0.761s] [ 96%] Built target ur_dashboard_msgs__rosidl_generator_py
[0.762s] [ 98%] Built target ur_dashboard_msgs__rosidl_typesupport_introspection_c__pyext
[0.762s] [ 99%] Built target ur_dashboard_msgs__rosidl_typesupport_fastrtps_c__pyext
[0.762s] [100%] Built target ur_dashboard_msgs__rosidl_typesupport_c__pyext
[0.947s] running egg_info
[0.948s] writing ur_dashboard_msgs.egg-info/PKG-INFO
[0.949s] writing dependency_links to ur_dashboard_msgs.egg-info/dependency_links.txt
[0.949s] writing top-level names to ur_dashboard_msgs.egg-info/top_level.txt
[0.956s] reading manifest file 'ur_dashboard_msgs.egg-info/SOURCES.txt'
[0.959s] writing manifest file 'ur_dashboard_msgs.egg-info/SOURCES.txt'
[1.027s] [100%] Built target ament_cmake_python_build_ur_dashboard_msgs_egg
[1.047s] Invoked command in '/home/icrs/icrsUR/build/ur_dashboard_msgs' returned '0': CMAKE_PREFIX_PATH=${CMAKE_PREFIX_PATH}:/home/icrs/icrsUR/install/ur_description:/home/icrs/icrsUR/install/ur_dashboard_msgs:/home/icrs/icrsUR/install/camera_control:/home/icrs/icrsUR/install/robotiq_description:/home/icrs/icrsUR/install/gripper_control:/opt/ros/humble /usr/bin/cmake --build /home/icrs/icrsUR/build/ur_dashboard_msgs -- -j8 -l8
[1.785s] Invoking command in '/home/icrs/icrsUR/build/ur_dashboard_msgs': CMAKE_PREFIX_PATH=${CMAKE_PREFIX_PATH}:/home/icrs/icrsUR/install/ur_description:/home/icrs/icrsUR/install/ur_dashboard_msgs:/home/icrs/icrsUR/install/camera_control:/home/icrs/icrsUR/install/robotiq_description:/home/icrs/icrsUR/install/gripper_control:/opt/ros/humble /usr/bin/cmake --install /home/icrs/icrsUR/build/ur_dashboard_msgs
[1.798s] -- Install configuration: ""
[1.798s] -- Execute custom install script
[1.798s] -- Up-to-date symlink: /home/icrs/icrsUR/install/ur_dashboard_msgs/share/ament_index/resource_index/rosidl_interfaces/ur_dashboard_msgs
[1.799s] -- Up-to-date symlink: /home/icrs/icrsUR/install/ur_dashboard_msgs/include/ur_dashboard_msgs/ur_dashboard_msgs/action/detail/set_mode__functions.h
[1.799s] -- Up-to-date symlink: /home/icrs/icrsUR/install/ur_dashboard_msgs/include/ur_dashboard_msgs/ur_dashboard_msgs/action/detail/set_mode__struct.h
[1.799s] -- Up-to-date symlink: /home/icrs/icrsUR/install/ur_dashboard_msgs/include/ur_dashboard_msgs/ur_dashboard_msgs/action/detail/set_mode__type_support.h
[1.799s] -- Up-to-date symlink: /home/icrs/icrsUR/install/ur_dashboard_msgs/include/ur_dashboard_msgs/ur_dashboard_msgs/action/set_mode.h
[1.799s] -- Up-to-date symlink: /home/icrs/icrsUR/install/ur_dashboard_msgs/include/ur_dashboard_msgs/ur_dashboard_msgs/msg/detail/program_state__functions.h
[1.799s] -- Up-to-date symlink: /home/icrs/icrsUR/install/ur_dashboard_msgs/include/ur_dashboard_msgs/ur_dashboard_msgs/msg/detail/program_state__struct.h
[1.799s] -- Up-to-date symlink: /home/icrs/icrsUR/install/ur_dashboard_msgs/include/ur_dashboard_msgs/ur_dashboard_msgs/msg/detail/program_state__type_support.h
[1.799s] -- Up-to-date symlink: /home/icrs/icrsUR/install/ur_dashboard_msgs/include/ur_dashboard_msgs/ur_dashboard_msgs/msg/detail/robot_mode__functions.h
[1.799s] -- Up-to-date symlink: /home/icrs/icrsUR/install/ur_dashboard_msgs/include/ur_dashboard_msgs/ur_dashboard_msgs/msg/detail/robot_mode__struct.h
[1.799s] -- Up-to-date symlink: /home/icrs/icrsUR/install/ur_dashboard_msgs/include/ur_dashboard_msgs/ur_dashboard_msgs/msg/detail/robot_mode__type_support.h
[1.799s] -- Up-to-date symlink: /home/icrs/icrsUR/install/ur_dashboard_msgs/include/ur_dashboard_msgs/ur_dashboard_msgs/msg/detail/safety_mode__functions.h
[1.800s] -- Up-to-date symlink: /home/icrs/icrsUR/install/ur_dashboard_msgs/include/ur_dashboard_msgs/ur_dashboard_msgs/msg/detail/safety_mode__struct.h
[1.800s] -- Up-to-date symlink: /home/icrs/icrsUR/install/ur_dashboard_msgs/include/ur_dashboard_msgs/ur_dashboard_msgs/msg/detail/safety_mode__type_support.h
[1.800s] -- Up-to-date symlink: /home/icrs/icrsUR/install/ur_dashboard_msgs/include/ur_dashboard_msgs/ur_dashboard_msgs/msg/program_state.h
[1.800s] -- Up-to-date symlink: /home/icrs/icrsUR/install/ur_dashboard_msgs/include/ur_dashboard_msgs/ur_dashboard_msgs/msg/robot_mode.h
[1.801s] -- Up-to-date symlink: /home/icrs/icrsUR/install/ur_dashboard_msgs/include/ur_dashboard_msgs/ur_dashboard_msgs/msg/rosidl_generator_c__visibility_control.h
[1.801s] -- Up-to-date symlink: /home/icrs/icrsUR/install/ur_dashboard_msgs/include/ur_dashboard_msgs/ur_dashboard_msgs/msg/safety_mode.h
[1.801s] -- Up-to-date symlink: /home/icrs/icrsUR/install/ur_dashboard_msgs/include/ur_dashboard_msgs/ur_dashboard_msgs/srv/add_to_log.h
[1.801s] -- Up-to-date symlink: /home/icrs/icrsUR/install/ur_dashboard_msgs/include/ur_dashboard_msgs/ur_dashboard_msgs/srv/detail/add_to_log__functions.h
[1.802s] -- Up-to-date symlink: /home/icrs/icrsUR/install/ur_dashboard_msgs/include/ur_dashboard_msgs/ur_dashboard_msgs/srv/detail/add_to_log__struct.h
[1.802s] -- Up-to-date symlink: /home/icrs/icrsUR/install/ur_dashboard_msgs/include/ur_dashboard_msgs/ur_dashboard_msgs/srv/detail/add_to_log__type_support.h
[1.802s] -- Up-to-date symlink: /home/icrs/icrsUR/install/ur_dashboard_msgs/include/ur_dashboard_msgs/ur_dashboard_msgs/srv/detail/get_loaded_program__functions.h
[1.802s] -- Up-to-date symlink: /home/icrs/icrsUR/install/ur_dashboard_msgs/include/ur_dashboard_msgs/ur_dashboard_msgs/srv/detail/get_loaded_program__struct.h
[1.803s] -- Up-to-date symlink: /home/icrs/icrsUR/install/ur_dashboard_msgs/include/ur_dashboard_msgs/ur_dashboard_msgs/srv/detail/get_loaded_program__type_support.h
[1.803s] -- Up-to-date symlink: /home/icrs/icrsUR/install/ur_dashboard_msgs/include/ur_dashboard_msgs/ur_dashboard_msgs/srv/detail/get_program_state__functions.h
[1.803s] -- Up-to-date symlink: /home/icrs/icrsUR/install/ur_dashboard_msgs/include/ur_dashboard_msgs/ur_dashboard_msgs/srv/detail/get_program_state__struct.h
[1.803s] -- Up-to-date symlink: /home/icrs/icrsUR/install/ur_dashboard_msgs/include/ur_dashboard_msgs/ur_dashboard_msgs/srv/detail/get_program_state__type_support.h
[1.804s] -- Up-to-date symlink: /home/icrs/icrsUR/install/ur_dashboard_msgs/include/ur_dashboard_msgs/ur_dashboard_msgs/srv/detail/get_robot_mode__functions.h
[1.804s] -- Up-to-date symlink: /home/icrs/icrsUR/install/ur_dashboard_msgs/include/ur_dashboard_msgs/ur_dashboard_msgs/srv/detail/get_robot_mode__struct.h
[1.804s] -- Up-to-date symlink: /home/icrs/icrsUR/install/ur_dashboard_msgs/include/ur_dashboard_msgs/ur_dashboard_msgs/srv/detail/get_robot_mode__type_support.h
[1.804s] -- Up-to-date symlink: /home/icrs/icrsUR/install/ur_dashboard_msgs/include/ur_dashboard_msgs/ur_dashboard_msgs/srv/detail/get_safety_mode__functions.h
[1.805s] -- Up-to-date symlink: /home/icrs/icrsUR/install/ur_dashboard_msgs/include/ur_dashboard_msgs/ur_dashboard_msgs/srv/detail/get_safety_mode__struct.h
[1.805s] -- Up-to-date symlink: /home/icrs/icrsUR/install/ur_dashboard_msgs/include/ur_dashboard_msgs/ur_dashboard_msgs/srv/detail/get_safety_mode__type_support.h
[1.806s] -- Up-to-date symlink: /home/icrs/icrsUR/install/ur_dashboard_msgs/include/ur_dashboard_msgs/ur_dashboard_msgs/srv/detail/is_program_running__functions.h
[1.806s] -- Up-to-date symlink: /home/icrs/icrsUR/install/ur_dashboard_msgs/include/ur_dashboard_msgs/ur_dashboard_msgs/srv/detail/is_program_running__struct.h
[1.806s] -- Up-to-date symlink: /home/icrs/icrsUR/install/ur_dashboard_msgs/include/ur_dashboard_msgs/ur_dashboard_msgs/srv/detail/is_program_running__type_support.h
[1.806s] -- Up-to-date symlink: /home/icrs/icrsUR/install/ur_dashboard_msgs/include/ur_dashboard_msgs/ur_dashboard_msgs/srv/detail/is_program_saved__functions.h
[1.806s] -- Up-to-date symlink: /home/icrs/icrsUR/install/ur_dashboard_msgs/include/ur_dashboard_msgs/ur_dashboard_msgs/srv/detail/is_program_saved__struct.h
[1.807s] -- Up-to-date symlink: /home/icrs/icrsUR/install/ur_dashboard_msgs/include/ur_dashboard_msgs/ur_dashboard_msgs/srv/detail/is_program_saved__type_support.h
[1.807s] -- Up-to-date symlink: /home/icrs/icrsUR/install/ur_dashboard_msgs/include/ur_dashboard_msgs/ur_dashboard_msgs/srv/detail/load__functions.h
[1.807s] -- Up-to-date symlink: /home/icrs/icrsUR/install/ur_dashboard_msgs/include/ur_dashboard_msgs/ur_dashboard_msgs/srv/detail/load__struct.h
[1.807s] -- Up-to-date symlink: /home/icrs/icrsUR/install/ur_dashboard_msgs/include/ur_dashboard_msgs/ur_dashboard_msgs/srv/detail/load__type_support.h
[1.807s] -- Up-to-date symlink: /home/icrs/icrsUR/install/ur_dashboard_msgs/include/ur_dashboard_msgs/ur_dashboard_msgs/srv/detail/popup__functions.h
[1.808s] -- Up-to-date symlink: /home/icrs/icrsUR/install/ur_dashboard_msgs/include/ur_dashboard_msgs/ur_dashboard_msgs/srv/detail/popup__struct.h
[1.808s] -- Up-to-date symlink: /home/icrs/icrsUR/install/ur_dashboard_msgs/include/ur_dashboard_msgs/ur_dashboard_msgs/srv/detail/popup__type_support.h
[1.808s] -- Up-to-date symlink: /home/icrs/icrsUR/install/ur_dashboard_msgs/include/ur_dashboard_msgs/ur_dashboard_msgs/srv/detail/raw_request__functions.h
[1.808s] -- Up-to-date symlink: /home/icrs/icrsUR/install/ur_dashboard_msgs/include/ur_dashboard_msgs/ur_dashboard_msgs/srv/detail/raw_request__struct.h
[1.808s] -- Up-to-date symlink: /home/icrs/icrsUR/install/ur_dashboard_msgs/include/ur_dashboard_msgs/ur_dashboard_msgs/srv/detail/raw_request__type_support.h
[1.809s] -- Up-to-date symlink: /home/icrs/icrsUR/install/ur_dashboard_msgs/include/ur_dashboard_msgs/ur_dashboard_msgs/srv/get_loaded_program.h
[1.809s] -- Up-to-date symlink: /home/icrs/icrsUR/install/ur_dashboard_msgs/include/ur_dashboard_msgs/ur_dashboard_msgs/srv/get_program_state.h
[1.809s] -- Up-to-date symlink: /home/icrs/icrsUR/install/ur_dashboard_msgs/include/ur_dashboard_msgs/ur_dashboard_msgs/srv/get_robot_mode.h
[1.809s] -- Up-to-date symlink: /home/icrs/icrsUR/install/ur_dashboard_msgs/include/ur_dashboard_msgs/ur_dashboard_msgs/srv/get_safety_mode.h
[1.810s] -- Up-to-date symlink: /home/icrs/icrsUR/install/ur_dashboard_msgs/include/ur_dashboard_msgs/ur_dashboard_msgs/srv/is_program_running.h
[1.810s] -- Up-to-date symlink: /home/icrs/icrsUR/install/ur_dashboard_msgs/include/ur_dashboard_msgs/ur_dashboard_msgs/srv/is_program_saved.h
[1.810s] -- Up-to-date symlink: /home/icrs/icrsUR/install/ur_dashboard_msgs/include/ur_dashboard_msgs/ur_dashboard_msgs/srv/load.h
[1.810s] -- Up-to-date symlink: /home/icrs/icrsUR/install/ur_dashboard_msgs/include/ur_dashboard_msgs/ur_dashboard_msgs/srv/popup.h
[1.810s] -- Up-to-date symlink: /home/icrs/icrsUR/install/ur_dashboard_msgs/include/ur_dashboard_msgs/ur_dashboard_msgs/srv/raw_request.h
[1.811s] -- Up-to-date symlink: /home/icrs/icrsUR/install/ur_dashboard_msgs/share/ur_dashboard_msgs/environment/library_path.sh
[1.811s] -- Up-to-date symlink: /home/icrs/icrsUR/install/ur_dashboard_msgs/share/ur_dashboard_msgs/environment/library_path.dsv
[1.812s] -- Up-to-date symlink: /home/icrs/icrsUR/install/ur_dashboard_msgs/include/ur_dashboard_msgs/ur_dashboard_msgs/action/detail/set_mode__rosidl_typesupport_fastrtps_c.h
[1.812s] -- Up-to-date symlink: /home/icrs/icrsUR/install/ur_dashboard_msgs/include/ur_dashboard_msgs/ur_dashboard_msgs/msg/detail/program_state__rosidl_typesupport_fastrtps_c.h
[1.813s] -- Up-to-date symlink: /home/icrs/icrsUR/install/ur_dashboard_msgs/include/ur_dashboard_msgs/ur_dashboard_msgs/msg/detail/robot_mode__rosidl_typesupport_fastrtps_c.h
[1.813s] -- Up-to-date symlink: /home/icrs/icrsUR/install/ur_dashboard_msgs/include/ur_dashboard_msgs/ur_dashboard_msgs/msg/detail/safety_mode__rosidl_typesupport_fastrtps_c.h
[1.813s] -- Up-to-date symlink: /home/icrs/icrsUR/install/ur_dashboard_msgs/include/ur_dashboard_msgs/ur_dashboard_msgs/msg/rosidl_typesupport_fastrtps_c__visibility_control.h
[1.814s] -- Up-to-date symlink: /home/icrs/icrsUR/install/ur_dashboard_msgs/include/ur_dashboard_msgs/ur_dashboard_msgs/srv/detail/add_to_log__rosidl_typesupport_fastrtps_c.h
[1.815s] -- Up-to-date symlink: /home/icrs/icrsUR/install/ur_dashboard_msgs/include/ur_dashboard_msgs/ur_dashboard_msgs/srv/detail/get_loaded_program__rosidl_typesupport_fastrtps_c.h
[1.816s] -- Up-to-date symlink: /home/icrs/icrsUR/install/ur_dashboard_msgs/include/ur_dashboard_msgs/ur_dashboard_msgs/srv/detail/get_program_state__rosidl_typesupport_fastrtps_c.h
[1.816s] -- Up-to-date symlink: /home/icrs/icrsUR/install/ur_dashboard_msgs/include/ur_dashboard_msgs/ur_dashboard_msgs/srv/detail/get_robot_mode__rosidl_typesupport_fastrtps_c.h
[1.817s] -- Up-to-date symlink: /home/icrs/icrsUR/install/ur_dashboard_msgs/include/ur_dashboard_msgs/ur_dashboard_msgs/srv/detail/get_safety_mode__rosidl_typesupport_fastrtps_c.h
[1.817s] -- Up-to-date symlink: /home/icrs/icrsUR/install/ur_dashboard_msgs/include/ur_dashboard_msgs/ur_dashboard_msgs/srv/detail/is_program_running__rosidl_typesupport_fastrtps_c.h
[1.817s] -- Up-to-date symlink: /home/icrs/icrsUR/install/ur_dashboard_msgs/include/ur_dashboard_msgs/ur_dashboard_msgs/srv/detail/is_program_saved__rosidl_typesupport_fastrtps_c.h
[1.817s] -- Up-to-date symlink: /home/icrs/icrsUR/install/ur_dashboard_msgs/include/ur_dashboard_msgs/ur_dashboard_msgs/srv/detail/load__rosidl_typesupport_fastrtps_c.h
[1.817s] -- Up-to-date symlink: /home/icrs/icrsUR/install/ur_dashboard_msgs/include/ur_dashboard_msgs/ur_dashboard_msgs/srv/detail/popup__rosidl_typesupport_fastrtps_c.h
[1.817s] -- Up-to-date symlink: /home/icrs/icrsUR/install/ur_dashboard_msgs/include/ur_dashboard_msgs/ur_dashboard_msgs/srv/detail/raw_request__rosidl_typesupport_fastrtps_c.h
[1.817s] -- Up-to-date symlink: /home/icrs/icrsUR/install/ur_dashboard_msgs/include/ur_dashboard_msgs/ur_dashboard_msgs/action/detail/set_mode__rosidl_typesupport_introspection_c.h
[1.818s] -- Up-to-date symlink: /home/icrs/icrsUR/install/ur_dashboard_msgs/include/ur_dashboard_msgs/ur_dashboard_msgs/msg/detail/program_state__rosidl_typesupport_introspection_c.h
[1.818s] -- Up-to-date symlink: /home/icrs/icrsUR/install/ur_dashboard_msgs/include/ur_dashboard_msgs/ur_dashboard_msgs/msg/detail/robot_mode__rosidl_typesupport_introspection_c.h
[1.818s] -- Up-to-date symlink: /home/icrs/icrsUR/install/ur_dashboard_msgs/include/ur_dashboard_msgs/ur_dashboard_msgs/msg/detail/safety_mode__rosidl_typesupport_introspection_c.h
[1.818s] -- Up-to-date symlink: /home/icrs/icrsUR/install/ur_dashboard_msgs/include/ur_dashboard_msgs/ur_dashboard_msgs/msg/rosidl_typesupport_introspection_c__visibility_control.h
[1.818s] -- Up-to-date symlink: /home/icrs/icrsUR/install/ur_dashboard_msgs/include/ur_dashboard_msgs/ur_dashboard_msgs/srv/detail/add_to_log__rosidl_typesupport_introspection_c.h
[1.819s] -- Up-to-date symlink: /home/icrs/icrsUR/install/ur_dashboard_msgs/include/ur_dashboard_msgs/ur_dashboard_msgs/srv/detail/get_loaded_program__rosidl_typesupport_introspection_c.h
[1.819s] -- Up-to-date symlink: /home/icrs/icrsUR/install/ur_dashboard_msgs/include/ur_dashboard_msgs/ur_dashboard_msgs/srv/detail/get_program_state__rosidl_typesupport_introspection_c.h
[1.819s] -- Up-to-date symlink: /home/icrs/icrsUR/install/ur_dashboard_msgs/include/ur_dashboard_msgs/ur_dashboard_msgs/srv/detail/get_robot_mode__rosidl_typesupport_introspection_c.h
[1.819s] -- Up-to-date symlink: /home/icrs/icrsUR/install/ur_dashboard_msgs/include/ur_dashboard_msgs/ur_dashboard_msgs/srv/detail/get_safety_mode__rosidl_typesupport_introspection_c.h
[1.819s] -- Up-to-date symlink: /home/icrs/icrsUR/install/ur_dashboard_msgs/include/ur_dashboard_msgs/ur_dashboard_msgs/srv/detail/is_program_running__rosidl_typesupport_introspection_c.h
[1.819s] -- Up-to-date symlink: /home/icrs/icrsUR/install/ur_dashboard_msgs/include/ur_dashboard_msgs/ur_dashboard_msgs/srv/detail/is_program_saved__rosidl_typesupport_introspection_c.h
[1.820s] -- Up-to-date symlink: /home/icrs/icrsUR/install/ur_dashboard_msgs/include/ur_dashboard_msgs/ur_dashboard_msgs/srv/detail/load__rosidl_typesupport_introspection_c.h
[1.820s] -- Up-to-date symlink: /home/icrs/icrsUR/install/ur_dashboard_msgs/include/ur_dashboard_msgs/ur_dashboard_msgs/srv/detail/popup__rosidl_typesupport_introspection_c.h
[1.820s] -- Up-to-date symlink: /home/icrs/icrsUR/install/ur_dashboard_msgs/include/ur_dashboard_msgs/ur_dashboard_msgs/srv/detail/raw_request__rosidl_typesupport_introspection_c.h
[1.821s] -- Up-to-date symlink: /home/icrs/icrsUR/install/ur_dashboard_msgs/include/ur_dashboard_msgs/ur_dashboard_msgs/action/detail/set_mode__builder.hpp
[1.821s] -- Up-to-date symlink: /home/icrs/icrsUR/install/ur_dashboard_msgs/include/ur_dashboard_msgs/ur_dashboard_msgs/action/detail/set_mode__struct.hpp
[1.822s] -- Up-to-date symlink: /home/icrs/icrsUR/install/ur_dashboard_msgs/include/ur_dashboard_msgs/ur_dashboard_msgs/action/detail/set_mode__traits.hpp
[1.822s] -- Up-to-date symlink: /home/icrs/icrsUR/install/ur_dashboard_msgs/include/ur_dashboard_msgs/ur_dashboard_msgs/action/set_mode.hpp
[1.822s] -- Up-to-date symlink: /home/icrs/icrsUR/install/ur_dashboard_msgs/include/ur_dashboard_msgs/ur_dashboard_msgs/msg/detail/program_state__builder.hpp
[1.822s] -- Up-to-date symlink: /home/icrs/icrsUR/install/ur_dashboard_msgs/include/ur_dashboard_msgs/ur_dashboard_msgs/msg/detail/program_state__struct.hpp
[1.822s] -- Up-to-date symlink: /home/icrs/icrsUR/install/ur_dashboard_msgs/include/ur_dashboard_msgs/ur_dashboard_msgs/msg/detail/program_state__traits.hpp
[1.822s] -- Up-to-date symlink: /home/icrs/icrsUR/install/ur_dashboard_msgs/include/ur_dashboard_msgs/ur_dashboard_msgs/msg/detail/robot_mode__builder.hpp
[1.822s] -- Up-to-date symlink: /home/icrs/icrsUR/install/ur_dashboard_msgs/include/ur_dashboard_msgs/ur_dashboard_msgs/msg/detail/robot_mode__struct.hpp
[1.822s] -- Up-to-date symlink: /home/icrs/icrsUR/install/ur_dashboard_msgs/include/ur_dashboard_msgs/ur_dashboard_msgs/msg/detail/robot_mode__traits.hpp
[1.822s] -- Up-to-date symlink: /home/icrs/icrsUR/install/ur_dashboard_msgs/include/ur_dashboard_msgs/ur_dashboard_msgs/msg/detail/safety_mode__builder.hpp
[1.822s] -- Up-to-date symlink: /home/icrs/icrsUR/install/ur_dashboard_msgs/include/ur_dashboard_msgs/ur_dashboard_msgs/msg/detail/safety_mode__struct.hpp
[1.822s] -- Up-to-date symlink: /home/icrs/icrsUR/install/ur_dashboard_msgs/include/ur_dashboard_msgs/ur_dashboard_msgs/msg/detail/safety_mode__traits.hpp
[1.823s] -- Up-to-date symlink: /home/icrs/icrsUR/install/ur_dashboard_msgs/include/ur_dashboard_msgs/ur_dashboard_msgs/msg/program_state.hpp
[1.823s] -- Up-to-date symlink: /home/icrs/icrsUR/install/ur_dashboard_msgs/include/ur_dashboard_msgs/ur_dashboard_msgs/msg/robot_mode.hpp
[1.823s] -- Up-to-date symlink: /home/icrs/icrsUR/install/ur_dashboard_msgs/include/ur_dashboard_msgs/ur_dashboard_msgs/msg/safety_mode.hpp
[1.823s] -- Up-to-date symlink: /home/icrs/icrsUR/install/ur_dashboard_msgs/include/ur_dashboard_msgs/ur_dashboard_msgs/srv/add_to_log.hpp
[1.823s] -- Up-to-date symlink: /home/icrs/icrsUR/install/ur_dashboard_msgs/include/ur_dashboard_msgs/ur_dashboard_msgs/srv/detail/add_to_log__builder.hpp
[1.823s] -- Up-to-date symlink: /home/icrs/icrsUR/install/ur_dashboard_msgs/include/ur_dashboard_msgs/ur_dashboard_msgs/srv/detail/add_to_log__struct.hpp
[1.823s] -- Up-to-date symlink: /home/icrs/icrsUR/install/ur_dashboard_msgs/include/ur_dashboard_msgs/ur_dashboard_msgs/srv/detail/add_to_log__traits.hpp
[1.824s] -- Up-to-date symlink: /home/icrs/icrsUR/install/ur_dashboard_msgs/include/ur_dashboard_msgs/ur_dashboard_msgs/srv/detail/get_loaded_program__builder.hpp
[1.824s] -- Up-to-date symlink: /home/icrs/icrsUR/install/ur_dashboard_msgs/include/ur_dashboard_msgs/ur_dashboard_msgs/srv/detail/get_loaded_program__struct.hpp
[1.824s] -- Up-to-date symlink: /home/icrs/icrsUR/install/ur_dashboard_msgs/include/ur_dashboard_msgs/ur_dashboard_msgs/srv/detail/get_loaded_program__traits.hpp
[1.824s] -- Up-to-date symlink: /home/icrs/icrsUR/install/ur_dashboard_msgs/include/ur_dashboard_msgs/ur_dashboard_msgs/srv/detail/get_program_state__builder.hpp
[1.824s] -- Up-to-date symlink: /home/icrs/icrsUR/install/ur_dashboard_msgs/include/ur_dashboard_msgs/ur_dashboard_msgs/srv/detail/get_program_state__struct.hpp
[1.824s] -- Up-to-date symlink: /home/icrs/icrsUR/install/ur_dashboard_msgs/include/ur_dashboard_msgs/ur_dashboard_msgs/srv/detail/get_program_state__traits.hpp
[1.825s] -- Up-to-date symlink: /home/icrs/icrsUR/install/ur_dashboard_msgs/include/ur_dashboard_msgs/ur_dashboard_msgs/srv/detail/get_robot_mode__builder.hpp
[1.825s] -- Up-to-date symlink: /home/icrs/icrsUR/install/ur_dashboard_msgs/include/ur_dashboard_msgs/ur_dashboard_msgs/srv/detail/get_robot_mode__struct.hpp
[1.825s] -- Up-to-date symlink: /home/icrs/icrsUR/install/ur_dashboard_msgs/include/ur_dashboard_msgs/ur_dashboard_msgs/srv/detail/get_robot_mode__traits.hpp
[1.825s] -- Up-to-date symlink: /home/icrs/icrsUR/install/ur_dashboard_msgs/include/ur_dashboard_msgs/ur_dashboard_msgs/srv/detail/get_safety_mode__builder.hpp
[1.825s] -- Up-to-date symlink: /home/icrs/icrsUR/install/ur_dashboard_msgs/include/ur_dashboard_msgs/ur_dashboard_msgs/srv/detail/get_safety_mode__struct.hpp
[1.826s] -- Up-to-date symlink: /home/icrs/icrsUR/install/ur_dashboard_msgs/include/ur_dashboard_msgs/ur_dashboard_msgs/srv/detail/get_safety_mode__traits.hpp
[1.826s] -- Up-to-date symlink: /home/icrs/icrsUR/install/ur_dashboard_msgs/include/ur_dashboard_msgs/ur_dashboard_msgs/srv/detail/is_program_running__builder.hpp
[1.826s] -- Up-to-date symlink: /home/icrs/icrsUR/install/ur_dashboard_msgs/include/ur_dashboard_msgs/ur_dashboard_msgs/srv/detail/is_program_running__struct.hpp
[1.826s] -- Up-to-date symlink: /home/icrs/icrsUR/install/ur_dashboard_msgs/include/ur_dashboard_msgs/ur_dashboard_msgs/srv/detail/is_program_running__traits.hpp
[1.826s] -- Up-to-date symlink: /home/icrs/icrsUR/install/ur_dashboard_msgs/include/ur_dashboard_msgs/ur_dashboard_msgs/srv/detail/is_program_saved__builder.hpp
[1.827s] -- Up-to-date symlink: /home/icrs/icrsUR/install/ur_dashboard_msgs/include/ur_dashboard_msgs/ur_dashboard_msgs/srv/detail/is_program_saved__struct.hpp
[1.827s] -- Up-to-date symlink: /home/icrs/icrsUR/install/ur_dashboard_msgs/include/ur_dashboard_msgs/ur_dashboard_msgs/srv/detail/is_program_saved__traits.hpp
[1.827s] -- Up-to-date symlink: /home/icrs/icrsUR/install/ur_dashboard_msgs/include/ur_dashboard_msgs/ur_dashboard_msgs/srv/detail/load__builder.hpp
[1.827s] -- Up-to-date symlink: /home/icrs/icrsUR/install/ur_dashboard_msgs/include/ur_dashboard_msgs/ur_dashboard_msgs/srv/detail/load__struct.hpp
[1.827s] -- Up-to-date symlink: /home/icrs/icrsUR/install/ur_dashboard_msgs/include/ur_dashboard_msgs/ur_dashboard_msgs/srv/detail/load__traits.hpp
[1.827s] -- Up-to-date symlink: /home/icrs/icrsUR/install/ur_dashboard_msgs/include/ur_dashboard_msgs/ur_dashboard_msgs/srv/detail/popup__builder.hpp
[1.827s] -- Up-to-date symlink: /home/icrs/icrsUR/install/ur_dashboard_msgs/include/ur_dashboard_msgs/ur_dashboard_msgs/srv/detail/popup__struct.hpp
[1.827s] -- Up-to-date symlink: /home/icrs/icrsUR/install/ur_dashboard_msgs/include/ur_dashboard_msgs/ur_dashboard_msgs/srv/detail/popup__traits.hpp
[1.828s] -- Up-to-date symlink: /home/icrs/icrsUR/install/ur_dashboard_msgs/include/ur_dashboard_msgs/ur_dashboard_msgs/srv/detail/raw_request__builder.hpp
[1.828s] -- Up-to-date symlink: /home/icrs/icrsUR/install/ur_dashboard_msgs/include/ur_dashboard_msgs/ur_dashboard_msgs/srv/detail/raw_request__struct.hpp
[1.828s] -- Up-to-date symlink: /home/icrs/icrsUR/install/ur_dashboard_msgs/include/ur_dashboard_msgs/ur_dashboard_msgs/srv/detail/raw_request__traits.hpp
[1.828s] -- Up-to-date symlink: /home/icrs/icrsUR/install/ur_dashboard_msgs/include/ur_dashboard_msgs/ur_dashboard_msgs/srv/get_loaded_program.hpp
[1.828s] -- Up-to-date symlink: /home/icrs/icrsUR/install/ur_dashboard_msgs/include/ur_dashboard_msgs/ur_dashboard_msgs/srv/get_program_state.hpp
[1.829s] -- Up-to-date symlink: /home/icrs/icrsUR/install/ur_dashboard_msgs/include/ur_dashboard_msgs/ur_dashboard_msgs/srv/get_robot_mode.hpp
[1.829s] -- Up-to-date symlink: /home/icrs/icrsUR/install/ur_dashboard_msgs/include/ur_dashboard_msgs/ur_dashboard_msgs/srv/get_safety_mode.hpp
[1.829s] -- Up-to-date symlink: /home/icrs/icrsUR/install/ur_dashboard_msgs/include/ur_dashboard_msgs/ur_dashboard_msgs/srv/is_program_running.hpp
[1.829s] -- Up-to-date symlink: /home/icrs/icrsUR/install/ur_dashboard_msgs/include/ur_dashboard_msgs/ur_dashboard_msgs/srv/is_program_saved.hpp
[1.829s] -- Up-to-date symlink: /home/icrs/icrsUR/install/ur_dashboard_msgs/include/ur_dashboard_msgs/ur_dashboard_msgs/srv/load.hpp
[1.830s] -- Up-to-date symlink: /home/icrs/icrsUR/install/ur_dashboard_msgs/include/ur_dashboard_msgs/ur_dashboard_msgs/srv/popup.hpp
[1.830s] -- Up-to-date symlink: /home/icrs/icrsUR/install/ur_dashboard_msgs/include/ur_dashboard_msgs/ur_dashboard_msgs/srv/raw_request.hpp
[1.831s] -- Up-to-date symlink: /home/icrs/icrsUR/install/ur_dashboard_msgs/include/ur_dashboard_msgs/ur_dashboard_msgs/action/detail/set_mode__rosidl_typesupport_fastrtps_cpp.hpp
[1.831s] -- Up-to-date symlink: /home/icrs/icrsUR/install/ur_dashboard_msgs/include/ur_dashboard_msgs/ur_dashboard_msgs/msg/detail/program_state__rosidl_typesupport_fastrtps_cpp.hpp
[1.831s] -- Up-to-date symlink: /home/icrs/icrsUR/install/ur_dashboard_msgs/include/ur_dashboard_msgs/ur_dashboard_msgs/msg/detail/robot_mode__rosidl_typesupport_fastrtps_cpp.hpp
[1.831s] -- Up-to-date symlink: /home/icrs/icrsUR/install/ur_dashboard_msgs/include/ur_dashboard_msgs/ur_dashboard_msgs/msg/detail/safety_mode__rosidl_typesupport_fastrtps_cpp.hpp
[1.831s] -- Up-to-date symlink: /home/icrs/icrsUR/install/ur_dashboard_msgs/include/ur_dashboard_msgs/ur_dashboard_msgs/msg/rosidl_typesupport_fastrtps_cpp__visibility_control.h
[1.831s] -- Up-to-date symlink: /home/icrs/icrsUR/install/ur_dashboard_msgs/include/ur_dashboard_msgs/ur_dashboard_msgs/srv/detail/add_to_log__rosidl_typesupport_fastrtps_cpp.hpp
[1.832s] -- Up-to-date symlink: /home/icrs/icrsUR/install/ur_dashboard_msgs/include/ur_dashboard_msgs/ur_dashboard_msgs/srv/detail/get_loaded_program__rosidl_typesupport_fastrtps_cpp.hpp
[1.832s] -- Up-to-date symlink: /home/icrs/icrsUR/install/ur_dashboard_msgs/include/ur_dashboard_msgs/ur_dashboard_msgs/srv/detail/get_program_state__rosidl_typesupport_fastrtps_cpp.hpp
[1.833s] -- Up-to-date symlink: /home/icrs/icrsUR/install/ur_dashboard_msgs/include/ur_dashboard_msgs/ur_dashboard_msgs/srv/detail/get_robot_mode__rosidl_typesupport_fastrtps_cpp.hpp
[1.833s] -- Up-to-date symlink: /home/icrs/icrsUR/install/ur_dashboard_msgs/include/ur_dashboard_msgs/ur_dashboard_msgs/srv/detail/get_safety_mode__rosidl_typesupport_fastrtps_cpp.hpp
[1.833s] -- Up-to-date symlink: /home/icrs/icrsUR/install/ur_dashboard_msgs/include/ur_dashboard_msgs/ur_dashboard_msgs/srv/detail/is_program_running__rosidl_typesupport_fastrtps_cpp.hpp
[1.833s] -- Up-to-date symlink: /home/icrs/icrsUR/install/ur_dashboard_msgs/include/ur_dashboard_msgs/ur_dashboard_msgs/srv/detail/is_program_saved__rosidl_typesupport_fastrtps_cpp.hpp
[1.834s] -- Up-to-date symlink: /home/icrs/icrsUR/install/ur_dashboard_msgs/include/ur_dashboard_msgs/ur_dashboard_msgs/srv/detail/load__rosidl_typesupport_fastrtps_cpp.hpp
[1.834s] -- Up-to-date symlink: /home/icrs/icrsUR/install/ur_dashboard_msgs/include/ur_dashboard_msgs/ur_dashboard_msgs/srv/detail/popup__rosidl_typesupport_fastrtps_cpp.hpp
[1.835s] -- Up-to-date symlink: /home/icrs/icrsUR/install/ur_dashboard_msgs/include/ur_dashboard_msgs/ur_dashboard_msgs/srv/detail/raw_request__rosidl_typesupport_fastrtps_cpp.hpp
[1.835s] -- Up-to-date symlink: /home/icrs/icrsUR/install/ur_dashboard_msgs/include/ur_dashboard_msgs/ur_dashboard_msgs/action/detail/set_mode__rosidl_typesupport_introspection_cpp.hpp
[1.835s] -- Up-to-date symlink: /home/icrs/icrsUR/install/ur_dashboard_msgs/include/ur_dashboard_msgs/ur_dashboard_msgs/msg/detail/program_state__rosidl_typesupport_introspection_cpp.hpp
[1.836s] -- Up-to-date symlink: /home/icrs/icrsUR/install/ur_dashboard_msgs/include/ur_dashboard_msgs/ur_dashboard_msgs/msg/detail/robot_mode__rosidl_typesupport_introspection_cpp.hpp
[1.836s] -- Up-to-date symlink: /home/icrs/icrsUR/install/ur_dashboard_msgs/include/ur_dashboard_msgs/ur_dashboard_msgs/msg/detail/safety_mode__rosidl_typesupport_introspection_cpp.hpp
[1.836s] -- Up-to-date symlink: /home/icrs/icrsUR/install/ur_dashboard_msgs/include/ur_dashboard_msgs/ur_dashboard_msgs/srv/detail/add_to_log__rosidl_typesupport_introspection_cpp.hpp
[1.836s] -- Up-to-date symlink: /home/icrs/icrsUR/install/ur_dashboard_msgs/include/ur_dashboard_msgs/ur_dashboard_msgs/srv/detail/get_loaded_program__rosidl_typesupport_introspection_cpp.hpp
[1.837s] -- Up-to-date symlink: /home/icrs/icrsUR/install/ur_dashboard_msgs/include/ur_dashboard_msgs/ur_dashboard_msgs/srv/detail/get_program_state__rosidl_typesupport_introspection_cpp.hpp
[1.837s] -- Up-to-date symlink: /home/icrs/icrsUR/install/ur_dashboard_msgs/include/ur_dashboard_msgs/ur_dashboard_msgs/srv/detail/get_robot_mode__rosidl_typesupport_introspection_cpp.hpp
[1.837s] -- Up-to-date symlink: /home/icrs/icrsUR/install/ur_dashboard_msgs/include/ur_dashboard_msgs/ur_dashboard_msgs/srv/detail/get_safety_mode__rosidl_typesupport_introspection_cpp.hpp
[1.837s] -- Up-to-date symlink: /home/icrs/icrsUR/install/ur_dashboard_msgs/include/ur_dashboard_msgs/ur_dashboard_msgs/srv/detail/is_program_running__rosidl_typesupport_introspection_cpp.hpp
[1.838s] -- Up-to-date symlink: /home/icrs/icrsUR/install/ur_dashboard_msgs/include/ur_dashboard_msgs/ur_dashboard_msgs/srv/detail/is_program_saved__rosidl_typesupport_introspection_cpp.hpp
[1.838s] -- Up-to-date symlink: /home/icrs/icrsUR/install/ur_dashboard_msgs/include/ur_dashboard_msgs/ur_dashboard_msgs/srv/detail/load__rosidl_typesupport_introspection_cpp.hpp
[1.838s] -- Up-to-date symlink: /home/icrs/icrsUR/install/ur_dashboard_msgs/include/ur_dashboard_msgs/ur_dashboard_msgs/srv/detail/popup__rosidl_typesupport_introspection_cpp.hpp
[1.839s] -- Up-to-date symlink: /home/icrs/icrsUR/install/ur_dashboard_msgs/include/ur_dashboard_msgs/ur_dashboard_msgs/srv/detail/raw_request__rosidl_typesupport_introspection_cpp.hpp
[1.839s] -- Up-to-date symlink: /home/icrs/icrsUR/install/ur_dashboard_msgs/share/ur_dashboard_msgs/environment/pythonpath.sh
[1.839s] -- Up-to-date symlink: /home/icrs/icrsUR/install/ur_dashboard_msgs/share/ur_dashboard_msgs/environment/pythonpath.dsv
[1.839s] -- Up-to-date symlink: /home/icrs/icrsUR/install/ur_dashboard_msgs/local/lib/python3.10/dist-packages/ur_dashboard_msgs-2.2.10-py3.10.egg-info/PKG-INFO
[1.839s] -- Up-to-date symlink: /home/icrs/icrsUR/install/ur_dashboard_msgs/local/lib/python3.10/dist-packages/ur_dashboard_msgs-2.2.10-py3.10.egg-info/SOURCES.txt
[1.839s] -- Up-to-date symlink: /home/icrs/icrsUR/install/ur_dashboard_msgs/local/lib/python3.10/dist-packages/ur_dashboard_msgs-2.2.10-py3.10.egg-info/dependency_links.txt
[1.839s] -- Up-to-date symlink: /home/icrs/icrsUR/install/ur_dashboard_msgs/local/lib/python3.10/dist-packages/ur_dashboard_msgs-2.2.10-py3.10.egg-info/top_level.txt
[1.839s] -- Up-to-date symlink: /home/icrs/icrsUR/install/ur_dashboard_msgs/local/lib/python3.10/dist-packages/ur_dashboard_msgs/__init__.py
[1.839s] -- Up-to-date symlink: /home/icrs/icrsUR/install/ur_dashboard_msgs/local/lib/python3.10/dist-packages/ur_dashboard_msgs/_ur_dashboard_msgs_s.ep.rosidl_typesupport_c.c
[1.839s] -- Up-to-date symlink: /home/icrs/icrsUR/install/ur_dashboard_msgs/local/lib/python3.10/dist-packages/ur_dashboard_msgs/_ur_dashboard_msgs_s.ep.rosidl_typesupport_fastrtps_c.c
[1.840s] -- Up-to-date symlink: /home/icrs/icrsUR/install/ur_dashboard_msgs/local/lib/python3.10/dist-packages/ur_dashboard_msgs/_ur_dashboard_msgs_s.ep.rosidl_typesupport_introspection_c.c
[1.840s] -- Up-to-date symlink: /home/icrs/icrsUR/install/ur_dashboard_msgs/local/lib/python3.10/dist-packages/ur_dashboard_msgs/action/__init__.py
[1.840s] -- Up-to-date symlink: /home/icrs/icrsUR/install/ur_dashboard_msgs/local/lib/python3.10/dist-packages/ur_dashboard_msgs/action/_set_mode.py
[1.841s] -- Up-to-date symlink: /home/icrs/icrsUR/install/ur_dashboard_msgs/local/lib/python3.10/dist-packages/ur_dashboard_msgs/action/_set_mode_s.c
[1.841s] -- Up-to-date symlink: /home/icrs/icrsUR/install/ur_dashboard_msgs/local/lib/python3.10/dist-packages/ur_dashboard_msgs/libur_dashboard_msgs__rosidl_generator_py.so
[1.841s] -- Up-to-date symlink: /home/icrs/icrsUR/install/ur_dashboard_msgs/local/lib/python3.10/dist-packages/ur_dashboard_msgs/msg/__init__.py
[1.841s] -- Up-to-date symlink: /home/icrs/icrsUR/install/ur_dashboard_msgs/local/lib/python3.10/dist-packages/ur_dashboard_msgs/msg/_program_state.py
[1.842s] -- Up-to-date symlink: /home/icrs/icrsUR/install/ur_dashboard_msgs/local/lib/python3.10/dist-packages/ur_dashboard_msgs/msg/_program_state_s.c
[1.842s] -- Up-to-date symlink: /home/icrs/icrsUR/install/ur_dashboard_msgs/local/lib/python3.10/dist-packages/ur_dashboard_msgs/msg/_robot_mode.py
[1.843s] -- Up-to-date symlink: /home/icrs/icrsUR/install/ur_dashboard_msgs/local/lib/python3.10/dist-packages/ur_dashboard_msgs/msg/_robot_mode_s.c
[1.843s] -- Up-to-date symlink: /home/icrs/icrsUR/install/ur_dashboard_msgs/local/lib/python3.10/dist-packages/ur_dashboard_msgs/msg/_safety_mode.py
[1.843s] -- Up-to-date symlink: /home/icrs/icrsUR/install/ur_dashboard_msgs/local/lib/python3.10/dist-packages/ur_dashboard_msgs/msg/_safety_mode_s.c
[1.843s] -- Up-to-date symlink: /home/icrs/icrsUR/install/ur_dashboard_msgs/local/lib/python3.10/dist-packages/ur_dashboard_msgs/srv/__init__.py
[1.843s] -- Up-to-date symlink: /home/icrs/icrsUR/install/ur_dashboard_msgs/local/lib/python3.10/dist-packages/ur_dashboard_msgs/srv/_add_to_log.py
[1.843s] -- Up-to-date symlink: /home/icrs/icrsUR/install/ur_dashboard_msgs/local/lib/python3.10/dist-packages/ur_dashboard_msgs/srv/_add_to_log_s.c
[1.843s] -- Up-to-date symlink: /home/icrs/icrsUR/install/ur_dashboard_msgs/local/lib/python3.10/dist-packages/ur_dashboard_msgs/srv/_get_loaded_program.py
[1.843s] -- Up-to-date symlink: /home/icrs/icrsUR/install/ur_dashboard_msgs/local/lib/python3.10/dist-packages/ur_dashboard_msgs/srv/_get_loaded_program_s.c
[1.843s] -- Up-to-date symlink: /home/icrs/icrsUR/install/ur_dashboard_msgs/local/lib/python3.10/dist-packages/ur_dashboard_msgs/srv/_get_program_state.py
[1.843s] -- Up-to-date symlink: /home/icrs/icrsUR/install/ur_dashboard_msgs/local/lib/python3.10/dist-packages/ur_dashboard_msgs/srv/_get_program_state_s.c
[1.844s] -- Up-to-date symlink: /home/icrs/icrsUR/install/ur_dashboard_msgs/local/lib/python3.10/dist-packages/ur_dashboard_msgs/srv/_get_robot_mode.py
[1.844s] -- Up-to-date symlink: /home/icrs/icrsUR/install/ur_dashboard_msgs/local/lib/python3.10/dist-packages/ur_dashboard_msgs/srv/_get_robot_mode_s.c
[1.844s] -- Up-to-date symlink: /home/icrs/icrsUR/install/ur_dashboard_msgs/local/lib/python3.10/dist-packages/ur_dashboard_msgs/srv/_get_safety_mode.py
[1.845s] -- Up-to-date symlink: /home/icrs/icrsUR/install/ur_dashboard_msgs/local/lib/python3.10/dist-packages/ur_dashboard_msgs/srv/_get_safety_mode_s.c
[1.846s] -- Up-to-date symlink: /home/icrs/icrsUR/install/ur_dashboard_msgs/local/lib/python3.10/dist-packages/ur_dashboard_msgs/srv/_is_program_running.py
[1.847s] -- Up-to-date symlink: /home/icrs/icrsUR/install/ur_dashboard_msgs/local/lib/python3.10/dist-packages/ur_dashboard_msgs/srv/_is_program_running_s.c
[1.847s] -- Up-to-date symlink: /home/icrs/icrsUR/install/ur_dashboard_msgs/local/lib/python3.10/dist-packages/ur_dashboard_msgs/srv/_is_program_saved.py
[1.848s] -- Up-to-date symlink: /home/icrs/icrsUR/install/ur_dashboard_msgs/local/lib/python3.10/dist-packages/ur_dashboard_msgs/srv/_is_program_saved_s.c
[1.848s] -- Up-to-date symlink: /home/icrs/icrsUR/install/ur_dashboard_msgs/local/lib/python3.10/dist-packages/ur_dashboard_msgs/srv/_load.py
[1.849s] -- Up-to-date symlink: /home/icrs/icrsUR/install/ur_dashboard_msgs/local/lib/python3.10/dist-packages/ur_dashboard_msgs/srv/_load_s.c
[1.849s] -- Up-to-date symlink: /home/icrs/icrsUR/install/ur_dashboard_msgs/local/lib/python3.10/dist-packages/ur_dashboard_msgs/srv/_popup.py
[1.849s] -- Up-to-date symlink: /home/icrs/icrsUR/install/ur_dashboard_msgs/local/lib/python3.10/dist-packages/ur_dashboard_msgs/srv/_popup_s.c
[1.849s] -- Up-to-date symlink: /home/icrs/icrsUR/install/ur_dashboard_msgs/local/lib/python3.10/dist-packages/ur_dashboard_msgs/srv/_raw_request.py
[1.849s] -- Up-to-date symlink: /home/icrs/icrsUR/install/ur_dashboard_msgs/local/lib/python3.10/dist-packages/ur_dashboard_msgs/srv/_raw_request_s.c
[1.849s] -- Up-to-date symlink: /home/icrs/icrsUR/install/ur_dashboard_msgs/local/lib/python3.10/dist-packages/ur_dashboard_msgs/ur_dashboard_msgs_s__rosidl_typesupport_c.cpython-310-x86_64-linux-gnu.so
[1.849s] -- Up-to-date symlink: /home/icrs/icrsUR/install/ur_dashboard_msgs/local/lib/python3.10/dist-packages/ur_dashboard_msgs/ur_dashboard_msgs_s__rosidl_typesupport_fastrtps_c.cpython-310-x86_64-linux-gnu.so
[1.850s] -- Up-to-date symlink: /home/icrs/icrsUR/install/ur_dashboard_msgs/local/lib/python3.10/dist-packages/ur_dashboard_msgs/ur_dashboard_msgs_s__rosidl_typesupport_introspection_c.cpython-310-x86_64-linux-gnu.so
[1.850s] -- Up-to-date symlink: /home/icrs/icrsUR/install/ur_dashboard_msgs/local/lib/python3.10/dist-packages/ur_dashboard_msgs/ur_dashboard_msgs_s__rosidl_typesupport_fastrtps_c.cpython-310-x86_64-linux-gnu.so
[1.850s] -- Up-to-date symlink: /home/icrs/icrsUR/install/ur_dashboard_msgs/local/lib/python3.10/dist-packages/ur_dashboard_msgs/ur_dashboard_msgs_s__rosidl_typesupport_introspection_c.cpython-310-x86_64-linux-gnu.so
[1.850s] -- Up-to-date symlink: /home/icrs/icrsUR/install/ur_dashboard_msgs/local/lib/python3.10/dist-packages/ur_dashboard_msgs/ur_dashboard_msgs_s__rosidl_typesupport_c.cpython-310-x86_64-linux-gnu.so
[1.850s] -- Up-to-date symlink: /home/icrs/icrsUR/install/ur_dashboard_msgs/share/ur_dashboard_msgs/msg/ProgramState.idl
[1.850s] -- Up-to-date symlink: /home/icrs/icrsUR/install/ur_dashboard_msgs/share/ur_dashboard_msgs/msg/RobotMode.idl
[1.850s] -- Up-to-date symlink: /home/icrs/icrsUR/install/ur_dashboard_msgs/share/ur_dashboard_msgs/msg/SafetyMode.idl
[1.850s] -- Up-to-date symlink: /home/icrs/icrsUR/install/ur_dashboard_msgs/share/ur_dashboard_msgs/srv/AddToLog.idl
[1.850s] -- Up-to-date symlink: /home/icrs/icrsUR/install/ur_dashboard_msgs/share/ur_dashboard_msgs/srv/GetLoadedProgram.idl
[1.850s] -- Up-to-date symlink: /home/icrs/icrsUR/install/ur_dashboard_msgs/share/ur_dashboard_msgs/srv/GetProgramState.idl
[1.850s] -- Up-to-date symlink: /home/icrs/icrsUR/install/ur_dashboard_msgs/share/ur_dashboard_msgs/srv/GetRobotMode.idl
[1.850s] -- Up-to-date symlink: /home/icrs/icrsUR/install/ur_dashboard_msgs/share/ur_dashboard_msgs/srv/GetSafetyMode.idl
[1.851s] -- Up-to-date symlink: /home/icrs/icrsUR/install/ur_dashboard_msgs/share/ur_dashboard_msgs/srv/IsProgramRunning.idl
[1.851s] -- Up-to-date symlink: /home/icrs/icrsUR/install/ur_dashboard_msgs/share/ur_dashboard_msgs/srv/IsProgramSaved.idl
[1.851s] -- Up-to-date symlink: /home/icrs/icrsUR/install/ur_dashboard_msgs/share/ur_dashboard_msgs/srv/Load.idl
[1.851s] -- Up-to-date symlink: /home/icrs/icrsUR/install/ur_dashboard_msgs/share/ur_dashboard_msgs/srv/Popup.idl
[1.852s] -- Up-to-date symlink: /home/icrs/icrsUR/install/ur_dashboard_msgs/share/ur_dashboard_msgs/srv/RawRequest.idl
[1.852s] -- Up-to-date symlink: /home/icrs/icrsUR/install/ur_dashboard_msgs/share/ur_dashboard_msgs/action/SetMode.idl
[1.852s] -- Up-to-date symlink: /home/icrs/icrsUR/install/ur_dashboard_msgs/share/ur_dashboard_msgs/msg/ProgramState.msg
[1.852s] -- Up-to-date symlink: /home/icrs/icrsUR/install/ur_dashboard_msgs/share/ur_dashboard_msgs/msg/RobotMode.msg
[1.853s] -- Up-to-date symlink: /home/icrs/icrsUR/install/ur_dashboard_msgs/share/ur_dashboard_msgs/msg/SafetyMode.msg
[1.853s] -- Up-to-date symlink: /home/icrs/icrsUR/install/ur_dashboard_msgs/share/ur_dashboard_msgs/srv/AddToLog.srv
[1.853s] -- Up-to-date symlink: /home/icrs/icrsUR/install/ur_dashboard_msgs/share/ur_dashboard_msgs/srv/AddToLog_Request.msg
[1.854s] -- Up-to-date symlink: /home/icrs/icrsUR/install/ur_dashboard_msgs/share/ur_dashboard_msgs/srv/AddToLog_Response.msg
[1.854s] -- Up-to-date symlink: /home/icrs/icrsUR/install/ur_dashboard_msgs/share/ur_dashboard_msgs/srv/GetLoadedProgram.srv
[1.854s] -- Up-to-date symlink: /home/icrs/icrsUR/install/ur_dashboard_msgs/share/ur_dashboard_msgs/srv/GetLoadedProgram_Request.msg
[1.855s] -- Up-to-date symlink: /home/icrs/icrsUR/install/ur_dashboard_msgs/share/ur_dashboard_msgs/srv/GetLoadedProgram_Response.msg
[1.856s] -- Up-to-date symlink: /home/icrs/icrsUR/install/ur_dashboard_msgs/share/ur_dashboard_msgs/srv/GetProgramState.srv
[1.856s] -- Up-to-date symlink: /home/icrs/icrsUR/install/ur_dashboard_msgs/share/ur_dashboard_msgs/srv/GetProgramState_Request.msg
[1.856s] -- Up-to-date symlink: /home/icrs/icrsUR/install/ur_dashboard_msgs/share/ur_dashboard_msgs/srv/GetProgramState_Response.msg
[1.857s] -- Up-to-date symlink: /home/icrs/icrsUR/install/ur_dashboard_msgs/share/ur_dashboard_msgs/srv/GetRobotMode.srv
[1.857s] -- Up-to-date symlink: /home/icrs/icrsUR/install/ur_dashboard_msgs/share/ur_dashboard_msgs/srv/GetRobotMode_Request.msg
[1.857s] -- Up-to-date symlink: /home/icrs/icrsUR/install/ur_dashboard_msgs/share/ur_dashboard_msgs/srv/GetRobotMode_Response.msg
[1.857s] -- Up-to-date symlink: /home/icrs/icrsUR/install/ur_dashboard_msgs/share/ur_dashboard_msgs/srv/GetSafetyMode.srv
[1.857s] -- Up-to-date symlink: /home/icrs/icrsUR/install/ur_dashboard_msgs/share/ur_dashboard_msgs/srv/GetSafetyMode_Request.msg
[1.858s] -- Up-to-date symlink: /home/icrs/icrsUR/install/ur_dashboard_msgs/share/ur_dashboard_msgs/srv/GetSafetyMode_Response.msg
[1.858s] -- Up-to-date symlink: /home/icrs/icrsUR/install/ur_dashboard_msgs/share/ur_dashboard_msgs/srv/IsProgramRunning.srv
[1.858s] -- Up-to-date symlink: /home/icrs/icrsUR/install/ur_dashboard_msgs/share/ur_dashboard_msgs/srv/IsProgramRunning_Request.msg
[1.858s] -- Up-to-date symlink: /home/icrs/icrsUR/install/ur_dashboard_msgs/share/ur_dashboard_msgs/srv/IsProgramRunning_Response.msg
[1.859s] -- Up-to-date symlink: /home/icrs/icrsUR/install/ur_dashboard_msgs/share/ur_dashboard_msgs/srv/IsProgramSaved.srv
[1.859s] -- Up-to-date symlink: /home/icrs/icrsUR/install/ur_dashboard_msgs/share/ur_dashboard_msgs/srv/IsProgramSaved_Request.msg
[1.864s] -- Up-to-date symlink: /home/icrs/icrsUR/install/ur_dashboard_msgs/share/ur_dashboard_msgs/srv/IsProgramSaved_Response.msg
[1.864s] -- Up-to-date symlink: /home/icrs/icrsUR/install/ur_dashboard_msgs/share/ur_dashboard_msgs/srv/Load.srv
[1.864s] -- Up-to-date symlink: /home/icrs/icrsUR/install/ur_dashboard_msgs/share/ur_dashboard_msgs/srv/Load_Request.msg
[1.864s] -- Up-to-date symlink: /home/icrs/icrsUR/install/ur_dashboard_msgs/share/ur_dashboard_msgs/srv/Load_Response.msg
[1.864s] -- Up-to-date symlink: /home/icrs/icrsUR/install/ur_dashboard_msgs/share/ur_dashboard_msgs/srv/Popup.srv
[1.864s] -- Up-to-date symlink: /home/icrs/icrsUR/install/ur_dashboard_msgs/share/ur_dashboard_msgs/srv/Popup_Request.msg
[1.864s] -- Up-to-date symlink: /home/icrs/icrsUR/install/ur_dashboard_msgs/share/ur_dashboard_msgs/srv/Popup_Response.msg
[1.864s] -- Up-to-date symlink: /home/icrs/icrsUR/install/ur_dashboard_msgs/share/ur_dashboard_msgs/srv/RawRequest.srv
[1.864s] -- Up-to-date symlink: /home/icrs/icrsUR/install/ur_dashboard_msgs/share/ur_dashboard_msgs/srv/RawRequest_Request.msg
[1.864s] -- Up-to-date symlink: /home/icrs/icrsUR/install/ur_dashboard_msgs/share/ur_dashboard_msgs/srv/RawRequest_Response.msg
[1.866s] -- Up-to-date symlink: /home/icrs/icrsUR/install/ur_dashboard_msgs/share/ur_dashboard_msgs/action/SetMode.action
[1.867s] -- Up-to-date symlink: /home/icrs/icrsUR/install/ur_dashboard_msgs/share/ament_index/resource_index/package_run_dependencies/ur_dashboard_msgs
[1.867s] -- Up-to-date symlink: /home/icrs/icrsUR/install/ur_dashboard_msgs/share/ament_index/resource_index/parent_prefix_path/ur_dashboard_msgs
[1.867s] -- Up-to-date symlink: /home/icrs/icrsUR/install/ur_dashboard_msgs/share/ur_dashboard_msgs/environment/ament_prefix_path.sh
[1.867s] -- Up-to-date symlink: /home/icrs/icrsUR/install/ur_dashboard_msgs/share/ur_dashboard_msgs/environment/ament_prefix_path.dsv
[1.868s] -- Up-to-date symlink: /home/icrs/icrsUR/install/ur_dashboard_msgs/share/ur_dashboard_msgs/environment/path.sh
[1.868s] -- Up-to-date symlink: /home/icrs/icrsUR/install/ur_dashboard_msgs/share/ur_dashboard_msgs/environment/path.dsv
[1.868s] -- Up-to-date symlink: /home/icrs/icrsUR/install/ur_dashboard_msgs/share/ur_dashboard_msgs/local_setup.bash
[1.868s] -- Up-to-date symlink: /home/icrs/icrsUR/install/ur_dashboard_msgs/share/ur_dashboard_msgs/local_setup.sh
[1.868s] -- Up-to-date symlink: /home/icrs/icrsUR/install/ur_dashboard_msgs/share/ur_dashboard_msgs/local_setup.zsh
[1.868s] -- Up-to-date symlink: /home/icrs/icrsUR/install/ur_dashboard_msgs/share/ur_dashboard_msgs/local_setup.dsv
[1.869s] -- Up-to-date symlink: /home/icrs/icrsUR/install/ur_dashboard_msgs/share/ur_dashboard_msgs/package.dsv
[1.869s] -- Up-to-date symlink: /home/icrs/icrsUR/install/ur_dashboard_msgs/share/ament_index/resource_index/packages/ur_dashboard_msgs
[1.870s] -- Up-to-date symlink: /home/icrs/icrsUR/install/ur_dashboard_msgs/share/ur_dashboard_msgs/cmake/rosidl_cmake-extras.cmake
[1.870s] -- Up-to-date symlink: /home/icrs/icrsUR/install/ur_dashboard_msgs/share/ur_dashboard_msgs/cmake/ament_cmake_export_dependencies-extras.cmake
[1.871s] -- Up-to-date symlink: /home/icrs/icrsUR/install/ur_dashboard_msgs/share/ur_dashboard_msgs/cmake/ament_cmake_export_include_directories-extras.cmake
[1.874s] -- Up-to-date symlink: /home/icrs/icrsUR/install/ur_dashboard_msgs/share/ur_dashboard_msgs/cmake/ament_cmake_export_libraries-extras.cmake
[1.874s] -- Up-to-date symlink: /home/icrs/icrsUR/install/ur_dashboard_msgs/share/ur_dashboard_msgs/cmake/ament_cmake_export_targets-extras.cmake
[1.874s] -- Up-to-date symlink: /home/icrs/icrsUR/install/ur_dashboard_msgs/share/ur_dashboard_msgs/cmake/rosidl_cmake_export_typesupport_targets-extras.cmake
[1.874s] -- Up-to-date symlink: /home/icrs/icrsUR/install/ur_dashboard_msgs/share/ur_dashboard_msgs/cmake/rosidl_cmake_export_typesupport_libraries-extras.cmake
[1.874s] -- Up-to-date symlink: /home/icrs/icrsUR/install/ur_dashboard_msgs/share/ur_dashboard_msgs/cmake/ur_dashboard_msgsConfig.cmake
[1.875s] -- Up-to-date symlink: /home/icrs/icrsUR/install/ur_dashboard_msgs/share/ur_dashboard_msgs/cmake/ur_dashboard_msgsConfig-version.cmake
[1.875s] -- Up-to-date symlink: /home/icrs/icrsUR/install/ur_dashboard_msgs/share/ur_dashboard_msgs/package.xml
[1.875s] -- Up-to-date: /home/icrs/icrsUR/install/ur_dashboard_msgs/lib/libur_dashboard_msgs__rosidl_generator_c.so
[1.876s] -- Up-to-date: /home/icrs/icrsUR/install/ur_dashboard_msgs/lib/libur_dashboard_msgs__rosidl_typesupport_fastrtps_c.so
[1.876s] -- Up-to-date: /home/icrs/icrsUR/install/ur_dashboard_msgs/lib/libur_dashboard_msgs__rosidl_typesupport_introspection_c.so
[1.876s] -- Up-to-date: /home/icrs/icrsUR/install/ur_dashboard_msgs/lib/libur_dashboard_msgs__rosidl_typesupport_c.so
[1.876s] -- Up-to-date: /home/icrs/icrsUR/install/ur_dashboard_msgs/lib/libur_dashboard_msgs__rosidl_typesupport_fastrtps_cpp.so
[1.877s] -- Up-to-date: /home/icrs/icrsUR/install/ur_dashboard_msgs/lib/libur_dashboard_msgs__rosidl_typesupport_introspection_cpp.so
[1.877s] -- Up-to-date: /home/icrs/icrsUR/install/ur_dashboard_msgs/lib/libur_dashboard_msgs__rosidl_typesupport_cpp.so
[1.959s] Listing '/home/icrs/icrsUR/install/ur_dashboard_msgs/local/lib/python3.10/dist-packages/ur_dashboard_msgs'...
[1.959s] Listing '/home/icrs/icrsUR/install/ur_dashboard_msgs/local/lib/python3.10/dist-packages/ur_dashboard_msgs/action'...
[1.960s] Listing '/home/icrs/icrsUR/install/ur_dashboard_msgs/local/lib/python3.10/dist-packages/ur_dashboard_msgs/msg'...
[1.960s] Listing '/home/icrs/icrsUR/install/ur_dashboard_msgs/local/lib/python3.10/dist-packages/ur_dashboard_msgs/srv'...
[1.974s] -- Up-to-date: /home/icrs/icrsUR/install/ur_dashboard_msgs/lib/libur_dashboard_msgs__rosidl_generator_py.so
[1.975s] -- Up-to-date: /home/icrs/icrsUR/install/ur_dashboard_msgs/share/ur_dashboard_msgs/cmake/export_ur_dashboard_msgs__rosidl_generator_cExport.cmake
[1.976s] -- Up-to-date: /home/icrs/icrsUR/install/ur_dashboard_msgs/share/ur_dashboard_msgs/cmake/export_ur_dashboard_msgs__rosidl_generator_cExport-noconfig.cmake
[1.977s] -- Up-to-date: /home/icrs/icrsUR/install/ur_dashboard_msgs/share/ur_dashboard_msgs/cmake/export_ur_dashboard_msgs__rosidl_typesupport_fastrtps_cExport.cmake
[1.977s] -- Up-to-date: /home/icrs/icrsUR/install/ur_dashboard_msgs/share/ur_dashboard_msgs/cmake/export_ur_dashboard_msgs__rosidl_typesupport_fastrtps_cExport-noconfig.cmake
[1.977s] -- Up-to-date: /home/icrs/icrsUR/install/ur_dashboard_msgs/share/ur_dashboard_msgs/cmake/ur_dashboard_msgs__rosidl_typesupport_introspection_cExport.cmake
[1.977s] -- Up-to-date: /home/icrs/icrsUR/install/ur_dashboard_msgs/share/ur_dashboard_msgs/cmake/ur_dashboard_msgs__rosidl_typesupport_introspection_cExport-noconfig.cmake
[1.978s] -- Up-to-date: /home/icrs/icrsUR/install/ur_dashboard_msgs/share/ur_dashboard_msgs/cmake/ur_dashboard_msgs__rosidl_typesupport_cExport.cmake
[1.979s] -- Up-to-date: /home/icrs/icrsUR/install/ur_dashboard_msgs/share/ur_dashboard_msgs/cmake/ur_dashboard_msgs__rosidl_typesupport_cExport-noconfig.cmake
[1.980s] -- Up-to-date: /home/icrs/icrsUR/install/ur_dashboard_msgs/share/ur_dashboard_msgs/cmake/export_ur_dashboard_msgs__rosidl_generator_cppExport.cmake
[1.981s] -- Up-to-date: /home/icrs/icrsUR/install/ur_dashboard_msgs/share/ur_dashboard_msgs/cmake/export_ur_dashboard_msgs__rosidl_typesupport_fastrtps_cppExport.cmake
[1.984s] -- Up-to-date: /home/icrs/icrsUR/install/ur_dashboard_msgs/share/ur_dashboard_msgs/cmake/export_ur_dashboard_msgs__rosidl_typesupport_fastrtps_cppExport-noconfig.cmake
[1.986s] -- Up-to-date: /home/icrs/icrsUR/install/ur_dashboard_msgs/share/ur_dashboard_msgs/cmake/ur_dashboard_msgs__rosidl_typesupport_introspection_cppExport.cmake
[1.986s] -- Up-to-date: /home/icrs/icrsUR/install/ur_dashboard_msgs/share/ur_dashboard_msgs/cmake/ur_dashboard_msgs__rosidl_typesupport_introspection_cppExport-noconfig.cmake
[1.987s] -- Up-to-date: /home/icrs/icrsUR/install/ur_dashboard_msgs/share/ur_dashboard_msgs/cmake/ur_dashboard_msgs__rosidl_typesupport_cppExport.cmake
[1.987s] -- Up-to-date: /home/icrs/icrsUR/install/ur_dashboard_msgs/share/ur_dashboard_msgs/cmake/ur_dashboard_msgs__rosidl_typesupport_cppExport-noconfig.cmake
[1.988s] -- Up-to-date: /home/icrs/icrsUR/install/ur_dashboard_msgs/share/ur_dashboard_msgs/cmake/export_ur_dashboard_msgs__rosidl_generator_pyExport.cmake
[1.988s] -- Up-to-date: /home/icrs/icrsUR/install/ur_dashboard_msgs/share/ur_dashboard_msgs/cmake/export_ur_dashboard_msgs__rosidl_generator_pyExport-noconfig.cmake
[1.998s] Invoked command in '/home/icrs/icrsUR/build/ur_dashboard_msgs' returned '0': CMAKE_PREFIX_PATH=${CMAKE_PREFIX_PATH}:/home/icrs/icrsUR/install/ur_description:/home/icrs/icrsUR/install/ur_dashboard_msgs:/home/icrs/icrsUR/install/camera_control:/home/icrs/icrsUR/install/robotiq_description:/home/icrs/icrsUR/install/gripper_control:/opt/ros/humble /usr/bin/cmake --install /home/icrs/icrsUR/build/ur_dashboard_msgs
