[0.041s] Invoking command in '/home/icrs/icrsUR/build/interfaces_ur5ik': CMAKE_PREFIX_PATH=${CMAKE_PREFIX_PATH}:/home/icrs/icrsUR/install/camera_control:/home/icrs/icrsUR/install/gripper_control:/opt/ros/humble /usr/bin/cmake --build /home/icrs/icrsUR/build/interfaces_ur5ik -- -j8 -l8
[1.048s] [  2%] Built target interfaces_ur5ik__cpp
[1.048s] [ 12%] Built target interfaces_ur5ik__rosidl_generator_c
[1.048s] [ 12%] Built target ament_cmake_python_symlink_interfaces_ur5ik
[1.048s] [ 23%] Built target interfaces_ur5ik__rosidl_typesupport_cpp
[1.049s] [ 34%] Built target interfaces_ur5ik__rosidl_typesupport_fastrtps_c
[1.049s] [ 44%] Built target interfaces_ur5ik__rosidl_typesupport_c
[1.052s] [ 55%] Built target interfaces_ur5ik__rosidl_typesupport_fastrtps_cpp
[1.052s] [ 65%] Built target interfaces_ur5ik__rosidl_typesupport_introspection_c
[1.052s] [ 76%] Built target interfaces_ur5ik__rosidl_typesupport_introspection_cpp
[1.052s] [ 76%] Built target interfaces_ur5ik
[1.052s] [ 78%] Built target interfaces_ur5ik__py
[1.052s] [ 82%] [32mBuilding C object CMakeFiles/interfaces_ur5ik__rosidl_generator_py.dir/rosidl_generator_py/interfaces_ur5ik/msg/_target_s.c.o[0m
[1.053s] [ 82%] [32mBuilding C object CMakeFiles/interfaces_ur5ik__rosidl_generator_py.dir/rosidl_generator_py/interfaces_ur5ik/srv/_six_theta_s.c.o[0m
[1.053s] [ 85%] [32mBuilding C object CMakeFiles/interfaces_ur5ik__rosidl_generator_py.dir/rosidl_generator_py/interfaces_ur5ik/action/_calc_theta_s.c.o[0m
[1.053s] running egg_info
[1.053s] writing interfaces_ur5ik.egg-info/PKG-INFO
[1.053s] writing dependency_links to interfaces_ur5ik.egg-info/dependency_links.txt
[1.053s] writing top-level names to interfaces_ur5ik.egg-info/top_level.txt
[1.053s] reading manifest file 'interfaces_ur5ik.egg-info/SOURCES.txt'
[1.053s] writing manifest file 'interfaces_ur5ik.egg-info/SOURCES.txt'
[1.103s] [ 85%] Built target ament_cmake_python_build_interfaces_ur5ik_egg
[1.197s] [ 87%] [32m[1mLinking C shared library rosidl_generator_py/interfaces_ur5ik/libinterfaces_ur5ik__rosidl_generator_py.so[0m
[1.366s] [ 87%] Built target interfaces_ur5ik__rosidl_generator_py
[1.431s] [ 89%] [32mBuilding C object CMakeFiles/interfaces_ur5ik__rosidl_typesupport_fastrtps_c__pyext.dir/rosidl_generator_py/interfaces_ur5ik/_interfaces_ur5ik_s.ep.rosidl_typesupport_fastrtps_c.c.o[0m
[1.447s] [ 91%] [32mBuilding C object CMakeFiles/interfaces_ur5ik__rosidl_typesupport_introspection_c__pyext.dir/rosidl_generator_py/interfaces_ur5ik/_interfaces_ur5ik_s.ep.rosidl_typesupport_introspection_c.c.o[0m
[1.459s] [ 93%] [32mBuilding C object CMakeFiles/interfaces_ur5ik__rosidl_typesupport_c__pyext.dir/rosidl_generator_py/interfaces_ur5ik/_interfaces_ur5ik_s.ep.rosidl_typesupport_c.c.o[0m
[1.792s] [ 95%] [32m[1mLinking C shared library rosidl_generator_py/interfaces_ur5ik/interfaces_ur5ik_s__rosidl_typesupport_introspection_c.cpython-310-x86_64-linux-gnu.so[0m
[1.799s] [ 97%] [32m[1mLinking C shared library rosidl_generator_py/interfaces_ur5ik/interfaces_ur5ik_s__rosidl_typesupport_fastrtps_c.cpython-310-x86_64-linux-gnu.so[0m
[1.825s] [100%] [32m[1mLinking C shared library rosidl_generator_py/interfaces_ur5ik/interfaces_ur5ik_s__rosidl_typesupport_c.cpython-310-x86_64-linux-gnu.so[0m
[1.896s] [100%] Built target interfaces_ur5ik__rosidl_typesupport_introspection_c__pyext
[1.904s] [100%] Built target interfaces_ur5ik__rosidl_typesupport_fastrtps_c__pyext
[1.935s] [100%] Built target interfaces_ur5ik__rosidl_typesupport_c__pyext
[1.961s] Invoked command in '/home/icrs/icrsUR/build/interfaces_ur5ik' returned '0': CMAKE_PREFIX_PATH=${CMAKE_PREFIX_PATH}:/home/icrs/icrsUR/install/camera_control:/home/icrs/icrsUR/install/gripper_control:/opt/ros/humble /usr/bin/cmake --build /home/icrs/icrsUR/build/interfaces_ur5ik -- -j8 -l8
[2.160s] Invoking command in '/home/icrs/icrsUR/build/interfaces_ur5ik': CMAKE_PREFIX_PATH=${CMAKE_PREFIX_PATH}:/home/icrs/icrsUR/install/camera_control:/home/icrs/icrsUR/install/gripper_control:/opt/ros/humble /usr/bin/cmake --install /home/icrs/icrsUR/build/interfaces_ur5ik
[2.173s] -- Install configuration: ""
[2.174s] -- Execute custom install script
[2.175s] -- Up-to-date symlink: /home/icrs/icrsUR/install/interfaces_ur5ik/share/ament_index/resource_index/rosidl_interfaces/interfaces_ur5ik
[2.176s] -- Up-to-date symlink: /home/icrs/icrsUR/install/interfaces_ur5ik/include/interfaces_ur5ik/interfaces_ur5ik/action/calc_theta.h
[2.177s] -- Up-to-date symlink: /home/icrs/icrsUR/install/interfaces_ur5ik/include/interfaces_ur5ik/interfaces_ur5ik/action/detail/calc_theta__functions.h
[2.177s] -- Up-to-date symlink: /home/icrs/icrsUR/install/interfaces_ur5ik/include/interfaces_ur5ik/interfaces_ur5ik/action/detail/calc_theta__struct.h
[2.178s] -- Up-to-date symlink: /home/icrs/icrsUR/install/interfaces_ur5ik/include/interfaces_ur5ik/interfaces_ur5ik/action/detail/calc_theta__type_support.h
[2.179s] -- Up-to-date symlink: /home/icrs/icrsUR/install/interfaces_ur5ik/include/interfaces_ur5ik/interfaces_ur5ik/msg/detail/target__functions.h
[2.179s] -- Up-to-date symlink: /home/icrs/icrsUR/install/interfaces_ur5ik/include/interfaces_ur5ik/interfaces_ur5ik/msg/detail/target__struct.h
[2.180s] -- Up-to-date symlink: /home/icrs/icrsUR/install/interfaces_ur5ik/include/interfaces_ur5ik/interfaces_ur5ik/msg/detail/target__type_support.h
[2.182s] -- Up-to-date symlink: /home/icrs/icrsUR/install/interfaces_ur5ik/include/interfaces_ur5ik/interfaces_ur5ik/msg/rosidl_generator_c__visibility_control.h
[2.185s] -- Up-to-date symlink: /home/icrs/icrsUR/install/interfaces_ur5ik/include/interfaces_ur5ik/interfaces_ur5ik/msg/target.h
[2.185s] -- Up-to-date symlink: /home/icrs/icrsUR/install/interfaces_ur5ik/include/interfaces_ur5ik/interfaces_ur5ik/srv/detail/six_theta__functions.h
[2.186s] -- Up-to-date symlink: /home/icrs/icrsUR/install/interfaces_ur5ik/include/interfaces_ur5ik/interfaces_ur5ik/srv/detail/six_theta__struct.h
[2.187s] -- Up-to-date symlink: /home/icrs/icrsUR/install/interfaces_ur5ik/include/interfaces_ur5ik/interfaces_ur5ik/srv/detail/six_theta__type_support.h
[2.187s] -- Up-to-date symlink: /home/icrs/icrsUR/install/interfaces_ur5ik/include/interfaces_ur5ik/interfaces_ur5ik/srv/six_theta.h
[2.188s] -- Up-to-date symlink: /home/icrs/icrsUR/install/interfaces_ur5ik/share/interfaces_ur5ik/environment/library_path.sh
[2.189s] -- Up-to-date symlink: /home/icrs/icrsUR/install/interfaces_ur5ik/share/interfaces_ur5ik/environment/library_path.dsv
[2.191s] -- Up-to-date symlink: /home/icrs/icrsUR/install/interfaces_ur5ik/include/interfaces_ur5ik/interfaces_ur5ik/action/detail/calc_theta__rosidl_typesupport_fastrtps_c.h
[2.192s] -- Up-to-date symlink: /home/icrs/icrsUR/install/interfaces_ur5ik/include/interfaces_ur5ik/interfaces_ur5ik/msg/detail/target__rosidl_typesupport_fastrtps_c.h
[2.192s] -- Up-to-date symlink: /home/icrs/icrsUR/install/interfaces_ur5ik/include/interfaces_ur5ik/interfaces_ur5ik/msg/rosidl_typesupport_fastrtps_c__visibility_control.h
[2.194s] -- Up-to-date symlink: /home/icrs/icrsUR/install/interfaces_ur5ik/include/interfaces_ur5ik/interfaces_ur5ik/srv/detail/six_theta__rosidl_typesupport_fastrtps_c.h
[2.194s] -- Up-to-date symlink: /home/icrs/icrsUR/install/interfaces_ur5ik/include/interfaces_ur5ik/interfaces_ur5ik/action/detail/calc_theta__rosidl_typesupport_introspection_c.h
[2.194s] -- Up-to-date symlink: /home/icrs/icrsUR/install/interfaces_ur5ik/include/interfaces_ur5ik/interfaces_ur5ik/msg/detail/target__rosidl_typesupport_introspection_c.h
[2.195s] -- Up-to-date symlink: /home/icrs/icrsUR/install/interfaces_ur5ik/include/interfaces_ur5ik/interfaces_ur5ik/msg/rosidl_typesupport_introspection_c__visibility_control.h
[2.196s] -- Up-to-date symlink: /home/icrs/icrsUR/install/interfaces_ur5ik/include/interfaces_ur5ik/interfaces_ur5ik/srv/detail/six_theta__rosidl_typesupport_introspection_c.h
[2.197s] -- Up-to-date symlink: /home/icrs/icrsUR/install/interfaces_ur5ik/include/interfaces_ur5ik/interfaces_ur5ik/action/calc_theta.hpp
[2.197s] -- Up-to-date symlink: /home/icrs/icrsUR/install/interfaces_ur5ik/include/interfaces_ur5ik/interfaces_ur5ik/action/detail/calc_theta__builder.hpp
[2.199s] -- Up-to-date symlink: /home/icrs/icrsUR/install/interfaces_ur5ik/include/interfaces_ur5ik/interfaces_ur5ik/action/detail/calc_theta__struct.hpp
[2.199s] -- Up-to-date symlink: /home/icrs/icrsUR/install/interfaces_ur5ik/include/interfaces_ur5ik/interfaces_ur5ik/action/detail/calc_theta__traits.hpp
[2.200s] -- Up-to-date symlink: /home/icrs/icrsUR/install/interfaces_ur5ik/include/interfaces_ur5ik/interfaces_ur5ik/msg/detail/target__builder.hpp
[2.200s] -- Up-to-date symlink: /home/icrs/icrsUR/install/interfaces_ur5ik/include/interfaces_ur5ik/interfaces_ur5ik/msg/detail/target__struct.hpp
[2.201s] -- Up-to-date symlink: /home/icrs/icrsUR/install/interfaces_ur5ik/include/interfaces_ur5ik/interfaces_ur5ik/msg/detail/target__traits.hpp
[2.202s] -- Up-to-date symlink: /home/icrs/icrsUR/install/interfaces_ur5ik/include/interfaces_ur5ik/interfaces_ur5ik/msg/target.hpp
[2.203s] -- Up-to-date symlink: /home/icrs/icrsUR/install/interfaces_ur5ik/include/interfaces_ur5ik/interfaces_ur5ik/srv/detail/six_theta__builder.hpp
[2.203s] -- Up-to-date symlink: /home/icrs/icrsUR/install/interfaces_ur5ik/include/interfaces_ur5ik/interfaces_ur5ik/srv/detail/six_theta__struct.hpp
[2.203s] -- Up-to-date symlink: /home/icrs/icrsUR/install/interfaces_ur5ik/include/interfaces_ur5ik/interfaces_ur5ik/srv/detail/six_theta__traits.hpp
[2.204s] -- Up-to-date symlink: /home/icrs/icrsUR/install/interfaces_ur5ik/include/interfaces_ur5ik/interfaces_ur5ik/srv/six_theta.hpp
[2.205s] -- Up-to-date symlink: /home/icrs/icrsUR/install/interfaces_ur5ik/include/interfaces_ur5ik/interfaces_ur5ik/action/detail/calc_theta__rosidl_typesupport_fastrtps_cpp.hpp
[2.206s] -- Up-to-date symlink: /home/icrs/icrsUR/install/interfaces_ur5ik/include/interfaces_ur5ik/interfaces_ur5ik/msg/detail/target__rosidl_typesupport_fastrtps_cpp.hpp
[2.207s] -- Up-to-date symlink: /home/icrs/icrsUR/install/interfaces_ur5ik/include/interfaces_ur5ik/interfaces_ur5ik/msg/rosidl_typesupport_fastrtps_cpp__visibility_control.h
[2.208s] -- Up-to-date symlink: /home/icrs/icrsUR/install/interfaces_ur5ik/include/interfaces_ur5ik/interfaces_ur5ik/srv/detail/six_theta__rosidl_typesupport_fastrtps_cpp.hpp
[2.209s] -- Up-to-date symlink: /home/icrs/icrsUR/install/interfaces_ur5ik/include/interfaces_ur5ik/interfaces_ur5ik/action/detail/calc_theta__rosidl_typesupport_introspection_cpp.hpp
[2.209s] -- Up-to-date symlink: /home/icrs/icrsUR/install/interfaces_ur5ik/include/interfaces_ur5ik/interfaces_ur5ik/msg/detail/target__rosidl_typesupport_introspection_cpp.hpp
[2.210s] -- Up-to-date symlink: /home/icrs/icrsUR/install/interfaces_ur5ik/include/interfaces_ur5ik/interfaces_ur5ik/srv/detail/six_theta__rosidl_typesupport_introspection_cpp.hpp
[2.212s] -- Up-to-date symlink: /home/icrs/icrsUR/install/interfaces_ur5ik/share/interfaces_ur5ik/environment/pythonpath.sh
[2.214s] -- Up-to-date symlink: /home/icrs/icrsUR/install/interfaces_ur5ik/share/interfaces_ur5ik/environment/pythonpath.dsv
[2.214s] -- Up-to-date symlink: /home/icrs/icrsUR/install/interfaces_ur5ik/local/lib/python3.10/dist-packages/interfaces_ur5ik-0.0.0-py3.10.egg-info/PKG-INFO
[2.216s] -- Up-to-date symlink: /home/icrs/icrsUR/install/interfaces_ur5ik/local/lib/python3.10/dist-packages/interfaces_ur5ik-0.0.0-py3.10.egg-info/SOURCES.txt
[2.218s] -- Up-to-date symlink: /home/icrs/icrsUR/install/interfaces_ur5ik/local/lib/python3.10/dist-packages/interfaces_ur5ik-0.0.0-py3.10.egg-info/dependency_links.txt
[2.218s] -- Up-to-date symlink: /home/icrs/icrsUR/install/interfaces_ur5ik/local/lib/python3.10/dist-packages/interfaces_ur5ik-0.0.0-py3.10.egg-info/top_level.txt
[2.220s] -- Up-to-date symlink: /home/icrs/icrsUR/install/interfaces_ur5ik/local/lib/python3.10/dist-packages/interfaces_ur5ik/__init__.py
[2.222s] -- Up-to-date symlink: /home/icrs/icrsUR/install/interfaces_ur5ik/local/lib/python3.10/dist-packages/interfaces_ur5ik/_interfaces_ur5ik_s.ep.rosidl_typesupport_c.c
[2.223s] -- Up-to-date symlink: /home/icrs/icrsUR/install/interfaces_ur5ik/local/lib/python3.10/dist-packages/interfaces_ur5ik/_interfaces_ur5ik_s.ep.rosidl_typesupport_fastrtps_c.c
[2.224s] -- Up-to-date symlink: /home/icrs/icrsUR/install/interfaces_ur5ik/local/lib/python3.10/dist-packages/interfaces_ur5ik/_interfaces_ur5ik_s.ep.rosidl_typesupport_introspection_c.c
[2.224s] -- Up-to-date symlink: /home/icrs/icrsUR/install/interfaces_ur5ik/local/lib/python3.10/dist-packages/interfaces_ur5ik/action/__init__.py
[2.225s] -- Up-to-date symlink: /home/icrs/icrsUR/install/interfaces_ur5ik/local/lib/python3.10/dist-packages/interfaces_ur5ik/action/_calc_theta.py
[2.225s] -- Up-to-date symlink: /home/icrs/icrsUR/install/interfaces_ur5ik/local/lib/python3.10/dist-packages/interfaces_ur5ik/action/_calc_theta_s.c
[2.225s] -- Up-to-date symlink: /home/icrs/icrsUR/install/interfaces_ur5ik/local/lib/python3.10/dist-packages/interfaces_ur5ik/interfaces_ur5ik_s__rosidl_typesupport_c.cpython-310-x86_64-linux-gnu.so
[2.225s] -- Up-to-date symlink: /home/icrs/icrsUR/install/interfaces_ur5ik/local/lib/python3.10/dist-packages/interfaces_ur5ik/interfaces_ur5ik_s__rosidl_typesupport_fastrtps_c.cpython-310-x86_64-linux-gnu.so
[2.226s] -- Up-to-date symlink: /home/icrs/icrsUR/install/interfaces_ur5ik/local/lib/python3.10/dist-packages/interfaces_ur5ik/interfaces_ur5ik_s__rosidl_typesupport_introspection_c.cpython-310-x86_64-linux-gnu.so
[2.226s] -- Up-to-date symlink: /home/icrs/icrsUR/install/interfaces_ur5ik/local/lib/python3.10/dist-packages/interfaces_ur5ik/libinterfaces_ur5ik__rosidl_generator_py.so
[2.226s] -- Up-to-date symlink: /home/icrs/icrsUR/install/interfaces_ur5ik/local/lib/python3.10/dist-packages/interfaces_ur5ik/msg/__init__.py
[2.227s] -- Up-to-date symlink: /home/icrs/icrsUR/install/interfaces_ur5ik/local/lib/python3.10/dist-packages/interfaces_ur5ik/msg/_target.py
[2.227s] -- Up-to-date symlink: /home/icrs/icrsUR/install/interfaces_ur5ik/local/lib/python3.10/dist-packages/interfaces_ur5ik/msg/_target_s.c
[2.227s] -- Up-to-date symlink: /home/icrs/icrsUR/install/interfaces_ur5ik/local/lib/python3.10/dist-packages/interfaces_ur5ik/srv/__init__.py
[2.227s] -- Up-to-date symlink: /home/icrs/icrsUR/install/interfaces_ur5ik/local/lib/python3.10/dist-packages/interfaces_ur5ik/srv/_six_theta.py
[2.228s] -- Up-to-date symlink: /home/icrs/icrsUR/install/interfaces_ur5ik/local/lib/python3.10/dist-packages/interfaces_ur5ik/srv/_six_theta_s.c
[2.228s] -- Up-to-date symlink: /home/icrs/icrsUR/install/interfaces_ur5ik/local/lib/python3.10/dist-packages/interfaces_ur5ik/interfaces_ur5ik_s__rosidl_typesupport_fastrtps_c.cpython-310-x86_64-linux-gnu.so
[2.229s] -- Up-to-date symlink: /home/icrs/icrsUR/install/interfaces_ur5ik/local/lib/python3.10/dist-packages/interfaces_ur5ik/interfaces_ur5ik_s__rosidl_typesupport_introspection_c.cpython-310-x86_64-linux-gnu.so
[2.230s] -- Up-to-date symlink: /home/icrs/icrsUR/install/interfaces_ur5ik/local/lib/python3.10/dist-packages/interfaces_ur5ik/interfaces_ur5ik_s__rosidl_typesupport_c.cpython-310-x86_64-linux-gnu.so
[2.230s] -- Up-to-date symlink: /home/icrs/icrsUR/install/interfaces_ur5ik/share/interfaces_ur5ik/msg/Target.idl
[2.230s] -- Up-to-date symlink: /home/icrs/icrsUR/install/interfaces_ur5ik/share/interfaces_ur5ik/srv/SixTheta.idl
[2.230s] -- Up-to-date symlink: /home/icrs/icrsUR/install/interfaces_ur5ik/share/interfaces_ur5ik/action/CalcTheta.idl
[2.231s] -- Up-to-date symlink: /home/icrs/icrsUR/install/interfaces_ur5ik/share/interfaces_ur5ik/msg/Target.msg
[2.231s] -- Up-to-date symlink: /home/icrs/icrsUR/install/interfaces_ur5ik/share/interfaces_ur5ik/srv/SixTheta.srv
[2.232s] -- Up-to-date symlink: /home/icrs/icrsUR/install/interfaces_ur5ik/share/interfaces_ur5ik/srv/SixTheta_Request.msg
[2.232s] -- Up-to-date symlink: /home/icrs/icrsUR/install/interfaces_ur5ik/share/interfaces_ur5ik/srv/SixTheta_Response.msg
[2.233s] -- Up-to-date symlink: /home/icrs/icrsUR/install/interfaces_ur5ik/share/interfaces_ur5ik/action/CalcTheta.action
[2.233s] -- Up-to-date symlink: /home/icrs/icrsUR/install/interfaces_ur5ik/share/ament_index/resource_index/package_run_dependencies/interfaces_ur5ik
[2.233s] -- Up-to-date symlink: /home/icrs/icrsUR/install/interfaces_ur5ik/share/ament_index/resource_index/parent_prefix_path/interfaces_ur5ik
[2.233s] -- Up-to-date symlink: /home/icrs/icrsUR/install/interfaces_ur5ik/share/interfaces_ur5ik/environment/ament_prefix_path.sh
[2.233s] -- Up-to-date symlink: /home/icrs/icrsUR/install/interfaces_ur5ik/share/interfaces_ur5ik/environment/ament_prefix_path.dsv
[2.234s] -- Up-to-date symlink: /home/icrs/icrsUR/install/interfaces_ur5ik/share/interfaces_ur5ik/environment/path.sh
[2.234s] -- Up-to-date symlink: /home/icrs/icrsUR/install/interfaces_ur5ik/share/interfaces_ur5ik/environment/path.dsv
[2.234s] -- Up-to-date symlink: /home/icrs/icrsUR/install/interfaces_ur5ik/share/interfaces_ur5ik/local_setup.bash
[2.234s] -- Up-to-date symlink: /home/icrs/icrsUR/install/interfaces_ur5ik/share/interfaces_ur5ik/local_setup.sh
[2.235s] -- Up-to-date symlink: /home/icrs/icrsUR/install/interfaces_ur5ik/share/interfaces_ur5ik/local_setup.zsh
[2.235s] -- Up-to-date symlink: /home/icrs/icrsUR/install/interfaces_ur5ik/share/interfaces_ur5ik/local_setup.dsv
[2.235s] -- Symlinking: /home/icrs/icrsUR/install/interfaces_ur5ik/share/interfaces_ur5ik/package.dsv
[2.255s] -- Up-to-date symlink: /home/icrs/icrsUR/install/interfaces_ur5ik/share/ament_index/resource_index/packages/interfaces_ur5ik
[2.257s] -- Up-to-date symlink: /home/icrs/icrsUR/install/interfaces_ur5ik/share/interfaces_ur5ik/cmake/rosidl_cmake-extras.cmake
[2.258s] -- Up-to-date symlink: /home/icrs/icrsUR/install/interfaces_ur5ik/share/interfaces_ur5ik/cmake/ament_cmake_export_dependencies-extras.cmake
[2.258s] -- Up-to-date symlink: /home/icrs/icrsUR/install/interfaces_ur5ik/share/interfaces_ur5ik/cmake/ament_cmake_export_include_directories-extras.cmake
[2.258s] -- Up-to-date symlink: /home/icrs/icrsUR/install/interfaces_ur5ik/share/interfaces_ur5ik/cmake/ament_cmake_export_libraries-extras.cmake
[2.258s] -- Up-to-date symlink: /home/icrs/icrsUR/install/interfaces_ur5ik/share/interfaces_ur5ik/cmake/ament_cmake_export_targets-extras.cmake
[2.259s] -- Up-to-date symlink: /home/icrs/icrsUR/install/interfaces_ur5ik/share/interfaces_ur5ik/cmake/rosidl_cmake_export_typesupport_targets-extras.cmake
[2.259s] -- Up-to-date symlink: /home/icrs/icrsUR/install/interfaces_ur5ik/share/interfaces_ur5ik/cmake/rosidl_cmake_export_typesupport_libraries-extras.cmake
[2.259s] -- Up-to-date symlink: /home/icrs/icrsUR/install/interfaces_ur5ik/share/interfaces_ur5ik/cmake/interfaces_ur5ikConfig.cmake
[2.259s] -- Up-to-date symlink: /home/icrs/icrsUR/install/interfaces_ur5ik/share/interfaces_ur5ik/cmake/interfaces_ur5ikConfig-version.cmake
[2.260s] -- Up-to-date symlink: /home/icrs/icrsUR/install/interfaces_ur5ik/share/interfaces_ur5ik/package.xml
[2.260s] -- Up-to-date: /home/icrs/icrsUR/install/interfaces_ur5ik/lib/libinterfaces_ur5ik__rosidl_generator_c.so
[2.261s] -- Up-to-date: /home/icrs/icrsUR/install/interfaces_ur5ik/lib/libinterfaces_ur5ik__rosidl_typesupport_fastrtps_c.so
[2.262s] -- Up-to-date: /home/icrs/icrsUR/install/interfaces_ur5ik/lib/libinterfaces_ur5ik__rosidl_typesupport_introspection_c.so
[2.263s] -- Up-to-date: /home/icrs/icrsUR/install/interfaces_ur5ik/lib/libinterfaces_ur5ik__rosidl_typesupport_c.so
[2.264s] -- Up-to-date: /home/icrs/icrsUR/install/interfaces_ur5ik/lib/libinterfaces_ur5ik__rosidl_typesupport_fastrtps_cpp.so
[2.269s] -- Up-to-date: /home/icrs/icrsUR/install/interfaces_ur5ik/lib/libinterfaces_ur5ik__rosidl_typesupport_introspection_cpp.so
[2.269s] -- Up-to-date: /home/icrs/icrsUR/install/interfaces_ur5ik/lib/libinterfaces_ur5ik__rosidl_typesupport_cpp.so
[2.354s] Listing '/home/icrs/icrsUR/install/interfaces_ur5ik/local/lib/python3.10/dist-packages/interfaces_ur5ik'...
[2.354s] Listing '/home/icrs/icrsUR/install/interfaces_ur5ik/local/lib/python3.10/dist-packages/interfaces_ur5ik/action'...
[2.354s] Listing '/home/icrs/icrsUR/install/interfaces_ur5ik/local/lib/python3.10/dist-packages/interfaces_ur5ik/msg'...
[2.354s] Listing '/home/icrs/icrsUR/install/interfaces_ur5ik/local/lib/python3.10/dist-packages/interfaces_ur5ik/srv'...
[2.365s] -- Installing: /home/icrs/icrsUR/install/interfaces_ur5ik/lib/libinterfaces_ur5ik__rosidl_generator_py.so
[2.366s] -- Set runtime path of "/home/icrs/icrsUR/install/interfaces_ur5ik/lib/libinterfaces_ur5ik__rosidl_generator_py.so" to ""
[2.367s] -- Up-to-date: /home/icrs/icrsUR/install/interfaces_ur5ik/share/interfaces_ur5ik/cmake/export_interfaces_ur5ik__rosidl_generator_cExport.cmake
[2.367s] -- Up-to-date: /home/icrs/icrsUR/install/interfaces_ur5ik/share/interfaces_ur5ik/cmake/export_interfaces_ur5ik__rosidl_generator_cExport-noconfig.cmake
[2.367s] -- Up-to-date: /home/icrs/icrsUR/install/interfaces_ur5ik/share/interfaces_ur5ik/cmake/export_interfaces_ur5ik__rosidl_typesupport_fastrtps_cExport.cmake
[2.367s] -- Up-to-date: /home/icrs/icrsUR/install/interfaces_ur5ik/share/interfaces_ur5ik/cmake/export_interfaces_ur5ik__rosidl_typesupport_fastrtps_cExport-noconfig.cmake
[2.368s] -- Up-to-date: /home/icrs/icrsUR/install/interfaces_ur5ik/share/interfaces_ur5ik/cmake/interfaces_ur5ik__rosidl_typesupport_introspection_cExport.cmake
[2.368s] -- Up-to-date: /home/icrs/icrsUR/install/interfaces_ur5ik/share/interfaces_ur5ik/cmake/interfaces_ur5ik__rosidl_typesupport_introspection_cExport-noconfig.cmake
[2.369s] -- Up-to-date: /home/icrs/icrsUR/install/interfaces_ur5ik/share/interfaces_ur5ik/cmake/interfaces_ur5ik__rosidl_typesupport_cExport.cmake
[2.369s] -- Up-to-date: /home/icrs/icrsUR/install/interfaces_ur5ik/share/interfaces_ur5ik/cmake/interfaces_ur5ik__rosidl_typesupport_cExport-noconfig.cmake
[2.370s] -- Up-to-date: /home/icrs/icrsUR/install/interfaces_ur5ik/share/interfaces_ur5ik/cmake/export_interfaces_ur5ik__rosidl_generator_cppExport.cmake
[2.370s] -- Up-to-date: /home/icrs/icrsUR/install/interfaces_ur5ik/share/interfaces_ur5ik/cmake/export_interfaces_ur5ik__rosidl_typesupport_fastrtps_cppExport.cmake
[2.371s] -- Up-to-date: /home/icrs/icrsUR/install/interfaces_ur5ik/share/interfaces_ur5ik/cmake/export_interfaces_ur5ik__rosidl_typesupport_fastrtps_cppExport-noconfig.cmake
[2.372s] -- Up-to-date: /home/icrs/icrsUR/install/interfaces_ur5ik/share/interfaces_ur5ik/cmake/interfaces_ur5ik__rosidl_typesupport_introspection_cppExport.cmake
[2.373s] -- Up-to-date: /home/icrs/icrsUR/install/interfaces_ur5ik/share/interfaces_ur5ik/cmake/interfaces_ur5ik__rosidl_typesupport_introspection_cppExport-noconfig.cmake
[2.373s] -- Up-to-date: /home/icrs/icrsUR/install/interfaces_ur5ik/share/interfaces_ur5ik/cmake/interfaces_ur5ik__rosidl_typesupport_cppExport.cmake
[2.374s] -- Up-to-date: /home/icrs/icrsUR/install/interfaces_ur5ik/share/interfaces_ur5ik/cmake/interfaces_ur5ik__rosidl_typesupport_cppExport-noconfig.cmake
[2.375s] -- Up-to-date: /home/icrs/icrsUR/install/interfaces_ur5ik/share/interfaces_ur5ik/cmake/export_interfaces_ur5ik__rosidl_generator_pyExport.cmake
[2.375s] -- Up-to-date: /home/icrs/icrsUR/install/interfaces_ur5ik/share/interfaces_ur5ik/cmake/export_interfaces_ur5ik__rosidl_generator_pyExport-noconfig.cmake
[2.710s] Invoked command in '/home/icrs/icrsUR/build/interfaces_ur5ik' returned '0': CMAKE_PREFIX_PATH=${CMAKE_PREFIX_PATH}:/home/icrs/icrsUR/install/camera_control:/home/icrs/icrsUR/install/gripper_control:/opt/ros/humble /usr/bin/cmake --install /home/icrs/icrsUR/build/interfaces_ur5ik
