-- Found ament_cmake: 1.3.10 (/opt/ros/humble/share/ament_cmake/cmake)
-- Override CMake install command with custom implementation using symlinks instead of copying resources
-- Found rclcpp: 16.0.10 (/opt/ros/humble/share/rclcpp/cmake)
-- Found rosidl_generator_c: 3.1.5 (/opt/ros/humble/share/rosidl_generator_c/cmake)
-- Found rosidl_adapter: 3.1.5 (/opt/ros/humble/share/rosidl_adapter/cmake)
-- Found rosidl_generator_cpp: 3.1.5 (/opt/ros/humble/share/rosidl_generator_cpp/cmake)
-- Using all available rosidl_typesupport_c: rosidl_typesupport_fastrtps_c;rosidl_typesupport_introspection_c
-- Using all available rosidl_typesupport_cpp: rosidl_typesupport_fastrtps_cpp;rosidl_typesupport_introspection_cpp
-- Found rmw_implementation_cmake: 6.1.2 (/opt/ros/humble/share/rmw_implementation_cmake/cmake)
-- Found rmw_fastrtps_cpp: 6.2.7 (/opt/ros/humble/share/rmw_fastrtps_cpp/cmake)
-- Using RMW implementation 'rmw_fastrtps_cpp' as default
-- Found interfaces_ur5ik: 0.0.0 (/home/icrs/icrsUR/install/interfaces_ur5ik/share/interfaces_ur5ik/cmake)
-- Found example_interfaces: 0.9.3 (/opt/ros/humble/share/example_interfaces/cmake)
-- Found rclpy: 3.3.14 (/opt/ros/humble/share/rclpy/cmake)
-- Found ament_lint_auto: 0.12.11 (/opt/ros/humble/share/ament_lint_auto/cmake)
-- Added test 'cppcheck' to perform static code analysis on C / C++ code
-- Configured cppcheck include dirs: $<BUILD_INTERFACE:/home/icrs/icrsUR/src/service_ur5ik/include>
-- Configured cppcheck exclude dirs and/or files: 
-- Added test 'flake8' to check Python code syntax and style conventions
-- Added test 'lint_cmake' to check CMake code style
-- Added test 'pep257' to check Python code against some of the docstring style conventions in PEP 257
-- Added test 'uncrustify' to check C / C++ code style
-- Configured uncrustify additional arguments: 
-- Added test 'xmllint' to check XML markup files
-- Configuring done
-- Generating done
-- Build files have been written to: /home/icrs/icrsUR/build/service_ur5ik
[35m[1mConsolidate compiler generated dependencies of target calc_server[0m
[35m[1mConsolidate compiler generated dependencies of target target_client[0m
[ 50%] Built target calc_server
[100%] Built target target_client
[100%] Built target ament_cmake_python_symlink_service_ur5ik
running egg_info
writing service_ur5ik.egg-info/PKG-INFO
writing dependency_links to service_ur5ik.egg-info/dependency_links.txt
writing top-level names to service_ur5ik.egg-info/top_level.txt
reading manifest file 'service_ur5ik.egg-info/SOURCES.txt'
writing manifest file 'service_ur5ik.egg-info/SOURCES.txt'
[100%] Built target ament_cmake_python_build_service_ur5ik_egg
-- Install configuration: ""
-- Execute custom install script
-- Up-to-date symlink: /home/icrs/icrsUR/install/service_ur5ik/lib/service_ur5ik/target_client
-- Up-to-date symlink: /home/icrs/icrsUR/install/service_ur5ik/lib/service_ur5ik/calc_server
-- Up-to-date symlink: /home/icrs/icrsUR/install/service_ur5ik/share/service_ur5ik/environment/pythonpath.sh
-- Up-to-date symlink: /home/icrs/icrsUR/install/service_ur5ik/share/service_ur5ik/environment/pythonpath.dsv
-- Up-to-date symlink: /home/icrs/icrsUR/install/service_ur5ik/local/lib/python3.10/dist-packages/service_ur5ik-0.0.0-py3.10.egg-info/PKG-INFO
-- Up-to-date symlink: /home/icrs/icrsUR/install/service_ur5ik/local/lib/python3.10/dist-packages/service_ur5ik-0.0.0-py3.10.egg-info/SOURCES.txt
-- Up-to-date symlink: /home/icrs/icrsUR/install/service_ur5ik/local/lib/python3.10/dist-packages/service_ur5ik-0.0.0-py3.10.egg-info/dependency_links.txt
-- Up-to-date symlink: /home/icrs/icrsUR/install/service_ur5ik/local/lib/python3.10/dist-packages/service_ur5ik-0.0.0-py3.10.egg-info/top_level.txt
-- Up-to-date symlink: /home/icrs/icrsUR/install/service_ur5ik/local/lib/python3.10/dist-packages/service_ur5ik/__init__.py
-- Up-to-date symlink: /home/icrs/icrsUR/install/service_ur5ik/lib/service_ur5ik/target_client_py.py
-- Up-to-date symlink: /home/icrs/icrsUR/install/service_ur5ik/lib/service_ur5ik/calc_server_py.py
-- Up-to-date symlink: /home/icrs/icrsUR/install/service_ur5ik/share/ament_index/resource_index/package_run_dependencies/service_ur5ik
-- Up-to-date symlink: /home/icrs/icrsUR/install/service_ur5ik/share/ament_index/resource_index/parent_prefix_path/service_ur5ik
-- Up-to-date symlink: /home/icrs/icrsUR/install/service_ur5ik/share/service_ur5ik/environment/ament_prefix_path.sh
-- Up-to-date symlink: /home/icrs/icrsUR/install/service_ur5ik/share/service_ur5ik/environment/ament_prefix_path.dsv
-- Up-to-date symlink: /home/icrs/icrsUR/install/service_ur5ik/share/service_ur5ik/environment/path.sh
-- Up-to-date symlink: /home/icrs/icrsUR/install/service_ur5ik/share/service_ur5ik/environment/path.dsv
-- Up-to-date symlink: /home/icrs/icrsUR/install/service_ur5ik/share/service_ur5ik/local_setup.bash
-- Up-to-date symlink: /home/icrs/icrsUR/install/service_ur5ik/share/service_ur5ik/local_setup.sh
-- Up-to-date symlink: /home/icrs/icrsUR/install/service_ur5ik/share/service_ur5ik/local_setup.zsh
-- Up-to-date symlink: /home/icrs/icrsUR/install/service_ur5ik/share/service_ur5ik/local_setup.dsv
-- Symlinking: /home/icrs/icrsUR/install/service_ur5ik/share/service_ur5ik/package.dsv
-- Up-to-date symlink: /home/icrs/icrsUR/install/service_ur5ik/share/ament_index/resource_index/packages/service_ur5ik
-- Up-to-date symlink: /home/icrs/icrsUR/install/service_ur5ik/share/service_ur5ik/cmake/service_ur5ikConfig.cmake
-- Up-to-date symlink: /home/icrs/icrsUR/install/service_ur5ik/share/service_ur5ik/cmake/service_ur5ikConfig-version.cmake
-- Up-to-date symlink: /home/icrs/icrsUR/install/service_ur5ik/share/service_ur5ik/package.xml
Listing '/home/icrs/icrsUR/install/service_ur5ik/local/lib/python3.10/dist-packages/service_ur5ik'...
