[0.531s] Invoking command in '/home/icrs/icrsUR/build/module_10_assignment': CMAKE_PREFIX_PATH=${CMAKE_PREFIX_PATH}:/opt/ros/humble /usr/bin/cmake /home/icrs/icrsUR/src/robotics_software_engineer-assignments/module_10_assignment -DCMAKE_INSTALL_PREFIX=/home/icrs/icrsUR/install/module_10_assignment
[0.644s] -- The C compiler identification is GNU 11.4.0
[0.756s] -- The CXX compiler identification is GNU 11.4.0
[0.766s] -- Detecting C compiler ABI info
[0.890s] -- Detecting C compiler ABI info - done
[0.907s] -- Check for working C compiler: /usr/bin/cc - skipped
[0.908s] -- Detecting C compile features
[0.909s] -- Detecting C compile features - done
[0.916s] -- Detecting CXX compiler ABI info
[1.070s] -- Detecting CXX compiler ABI info - done
[1.095s] -- Check for working CXX compiler: /usr/bin/c++ - skipped
[1.095s] -- Detecting CXX compile features
[1.096s] -- Detecting CXX compile features - done
[1.096s] -- Found ament_cmake: 1.3.10 (/opt/ros/humble/share/ament_cmake/cmake)
[1.404s] -- Found Python3: /usr/bin/python3 (found version "3.10.12") found components: Interpreter 
[1.590s] -- Found ament_lint_auto: 0.12.11 (/opt/ros/humble/share/ament_lint_auto/cmake)
[1.744s] -- Added test 'lint_cmake' to check CMake code style
[1.748s] -- Added test 'xmllint' to check XML markup files
[1.748s] -- Configuring done
[1.753s] -- Generating done
[1.755s] -- Build files have been written to: /home/icrs/icrsUR/build/module_10_assignment
[1.783s] Invoked command in '/home/icrs/icrsUR/build/module_10_assignment' returned '0': CMAKE_PREFIX_PATH=${CMAKE_PREFIX_PATH}:/opt/ros/humble /usr/bin/cmake /home/icrs/icrsUR/src/robotics_software_engineer-assignments/module_10_assignment -DCMAKE_INSTALL_PREFIX=/home/icrs/icrsUR/install/module_10_assignment
[1.784s] Invoking command in '/home/icrs/icrsUR/build/module_10_assignment': CMAKE_PREFIX_PATH=${CMAKE_PREFIX_PATH}:/opt/ros/humble /usr/bin/cmake --build /home/icrs/icrsUR/build/module_10_assignment -- -j8 -l8
[1.833s] Invoked command in '/home/icrs/icrsUR/build/module_10_assignment' returned '0': CMAKE_PREFIX_PATH=${CMAKE_PREFIX_PATH}:/opt/ros/humble /usr/bin/cmake --build /home/icrs/icrsUR/build/module_10_assignment -- -j8 -l8
[1.880s] Invoking command in '/home/icrs/icrsUR/build/module_10_assignment': CMAKE_PREFIX_PATH=${CMAKE_PREFIX_PATH}:/opt/ros/humble /usr/bin/cmake --install /home/icrs/icrsUR/build/module_10_assignment
[1.891s] -- Install configuration: ""
[1.891s] -- Installing: /home/icrs/icrsUR/install/module_10_assignment/share/ament_index/resource_index/package_run_dependencies/module_10_assignment
[1.892s] -- Installing: /home/icrs/icrsUR/install/module_10_assignment/share/ament_index/resource_index/parent_prefix_path/module_10_assignment
[1.905s] -- Installing: /home/icrs/icrsUR/install/module_10_assignment/share/module_10_assignment/environment/ament_prefix_path.sh
[1.905s] -- Installing: /home/icrs/icrsUR/install/module_10_assignment/share/module_10_assignment/environment/ament_prefix_path.dsv
[1.906s] -- Installing: /home/icrs/icrsUR/install/module_10_assignment/share/module_10_assignment/environment/path.sh
[1.910s] -- Installing: /home/icrs/icrsUR/install/module_10_assignment/share/module_10_assignment/environment/path.dsv
[1.913s] -- Installing: /home/icrs/icrsUR/install/module_10_assignment/share/module_10_assignment/local_setup.bash
[1.913s] -- Installing: /home/icrs/icrsUR/install/module_10_assignment/share/module_10_assignment/local_setup.sh
[1.913s] -- Installing: /home/icrs/icrsUR/install/module_10_assignment/share/module_10_assignment/local_setup.zsh
[1.914s] -- Installing: /home/icrs/icrsUR/install/module_10_assignment/share/module_10_assignment/local_setup.dsv
[1.914s] -- Installing: /home/icrs/icrsUR/install/module_10_assignment/share/module_10_assignment/package.dsv
[1.914s] -- Installing: /home/icrs/icrsUR/install/module_10_assignment/share/ament_index/resource_index/packages/module_10_assignment
[1.914s] -- Installing: /home/icrs/icrsUR/install/module_10_assignment/share/module_10_assignment/cmake/module_10_assignmentConfig.cmake
[1.914s] -- Installing: /home/icrs/icrsUR/install/module_10_assignment/share/module_10_assignment/cmake/module_10_assignmentConfig-version.cmake
[1.914s] -- Installing: /home/icrs/icrsUR/install/module_10_assignment/share/module_10_assignment/package.xml
[1.915s] Invoked command in '/home/icrs/icrsUR/build/module_10_assignment' returned '0': CMAKE_PREFIX_PATH=${CMAKE_PREFIX_PATH}:/opt/ros/humble /usr/bin/cmake --install /home/icrs/icrsUR/build/module_10_assignment
