[  3%] Built target ur_custom_interfaces__cpp
[ 12%] Built target ur_custom_interfaces__rosidl_generator_c
[ 12%] Built target ament_cmake_python_symlink_ur_custom_interfaces
[ 22%] Built target ur_custom_interfaces__rosidl_typesupport_introspection_cpp
[ 32%] Built target ur_custom_interfaces__rosidl_typesupport_c
[ 41%] Built target ur_custom_interfaces__rosidl_typesupport_cpp
[ 51%] Built target ur_custom_interfaces__rosidl_typesupport_fastrtps_c
[ 61%] Built target ur_custom_interfaces__rosidl_typesupport_fastrtps_cpp
[ 70%] Built target ur_custom_interfaces__rosidl_typesupport_introspection_c
[ 70%] Built target ur_custom_interfaces
[ 74%] Built target ur_custom_interfaces__py
[ 80%] Built target ur_custom_interfaces__rosidl_generator_py
[ 87%] Built target ur_custom_interfaces__rosidl_typesupport_fastrtps_c__pyext
[ 93%] Built target ur_custom_interfaces__rosidl_typesupport_introspection_c__pyext
[100%] Built target ur_custom_interfaces__rosidl_typesupport_c__pyext
running egg_info
writing ur_custom_interfaces.egg-info/PKG-INFO
writing dependency_links to ur_custom_interfaces.egg-info/dependency_links.txt
writing top-level names to ur_custom_interfaces.egg-info/top_level.txt
reading manifest file 'ur_custom_interfaces.egg-info/SOURCES.txt'
writing manifest file 'ur_custom_interfaces.egg-info/SOURCES.txt'
[100%] Built target ament_cmake_python_build_ur_custom_interfaces_egg
