[0.024s] Invoking command in '/home/icrs/icrsUR/build/ur_custom_interfaces': CMAKE_PREFIX_PATH=${CMAKE_PREFIX_PATH}:/opt/ros/humble /usr/bin/cmake --build /home/icrs/icrsUR/build/ur_custom_interfaces -- -j8 -l8
[0.562s] [  3%] Built target ur_custom_interfaces__cpp
[0.562s] [ 12%] Built target ur_custom_interfaces__rosidl_generator_c
[0.563s] [ 12%] Built target ament_cmake_python_symlink_ur_custom_interfaces
[0.563s] [ 22%] Built target ur_custom_interfaces__rosidl_typesupport_introspection_cpp
[0.563s] [ 32%] Built target ur_custom_interfaces__rosidl_typesupport_c
[0.563s] [ 41%] Built target ur_custom_interfaces__rosidl_typesupport_cpp
[0.563s] [ 51%] Built target ur_custom_interfaces__rosidl_typesupport_fastrtps_c
[0.563s] [ 61%] Built target ur_custom_interfaces__rosidl_typesupport_fastrtps_cpp
[0.563s] [ 70%] Built target ur_custom_interfaces__rosidl_typesupport_introspection_c
[0.563s] [ 70%] Built target ur_custom_interfaces
[0.564s] [ 74%] Built target ur_custom_interfaces__py
[0.566s] [ 80%] Built target ur_custom_interfaces__rosidl_generator_py
[0.566s] [ 87%] Built target ur_custom_interfaces__rosidl_typesupport_fastrtps_c__pyext
[0.566s] [ 93%] Built target ur_custom_interfaces__rosidl_typesupport_introspection_c__pyext
[0.566s] [100%] Built target ur_custom_interfaces__rosidl_typesupport_c__pyext
[0.567s] running egg_info
[0.567s] writing ur_custom_interfaces.egg-info/PKG-INFO
[0.567s] writing dependency_links to ur_custom_interfaces.egg-info/dependency_links.txt
[0.567s] writing top-level names to ur_custom_interfaces.egg-info/top_level.txt
[0.567s] reading manifest file 'ur_custom_interfaces.egg-info/SOURCES.txt'
[0.567s] writing manifest file 'ur_custom_interfaces.egg-info/SOURCES.txt'
[0.614s] [100%] Built target ament_cmake_python_build_ur_custom_interfaces_egg
[0.651s] Invoked command in '/home/icrs/icrsUR/build/ur_custom_interfaces' returned '0': CMAKE_PREFIX_PATH=${CMAKE_PREFIX_PATH}:/opt/ros/humble /usr/bin/cmake --build /home/icrs/icrsUR/build/ur_custom_interfaces -- -j8 -l8
