[0.036s] Invoking command in '/home/icrs/icrsUR/build/ur_custom_interfaces': CMAKE_PREFIX_PATH=${CMAKE_PREFIX_PATH}:/home/icrs/icrsUR/install/camera_control:/home/icrs/icrsUR/install/gripper_control:/opt/ros/humble /usr/bin/cmake --build /home/icrs/icrsUR/build/ur_custom_interfaces -- -j8 -l8
[0.535s] Traceback (most recent call last):
[0.536s]   File "/home/icrs/icrsUR/build/ur_custom_interfaces/ament_cmake_python/ur_custom_interfaces/setup.py", line 1, in <module>
[0.536s]     from setuptools import find_packages
[0.536s]   File "/usr/lib/python3/dist-packages/setuptools/__init__.py", line 16, in <module>
[0.536s]     import setuptools.version
[0.536s]   File "/usr/lib/python3/dist-packages/setuptools/version.py", line 1, in <module>
[0.536s]     import pkg_resources
[0.536s]   File "/usr/lib/python3/dist-packages/pkg_resources/__init__.py", line 3267, in <module>
[0.537s]     def _initialize_master_working_set():
[0.537s]   File "/usr/lib/python3/dist-packages/pkg_resources/__init__.py", line 3241, in _call_aside
[0.537s]     f(*args, **kwargs)
[0.537s]   File "/usr/lib/python3/dist-packages/pkg_resources/__init__.py", line 3279, in _initialize_master_working_set
[0.537s]     working_set = WorkingSet._build_master()
[0.537s]   File "/usr/lib/python3/dist-packages/pkg_resources/__init__.py", line 564, in _build_master
[0.537s]     ws = cls()
[0.537s]   File "/usr/lib/python3/dist-packages/pkg_resources/__init__.py", line 557, in __init__
[0.538s]     self.add_entry(entry)
[0.538s]   File "/usr/lib/python3/dist-packages/pkg_resources/__init__.py", line 613, in add_entry
[0.538s]     for dist in find_distributions(entry, True):
[0.538s]   File "/usr/lib/python3/dist-packages/pkg_resources/__init__.py", line 2077, in find_on_path
[0.538s]     for dist in factory(fullpath):
[0.538s]   File "/usr/lib/python3/dist-packages/pkg_resources/__init__.py", line 2142, in distributions_from_metadata
[0.538s]     yield Distribution.from_location(
[0.538s]   File "/usr/lib/python3/dist-packages/pkg_resources/__init__.py", line 2606, in from_location
[0.539s]     )._reload_version()
[0.539s]   File "/usr/lib/python3/dist-packages/pkg_resources/__init__.py", line 3004, in _reload_version
[0.539s]     md_version = self._get_version()
[0.539s]   File "/usr/lib/python3/dist-packages/pkg_resources/__init__.py", line 2785, in _get_version
[0.539s]     version = _version_from_file(lines)
[0.539s]   File "/usr/lib/python3/dist-packages/pkg_resources/__init__.py", line 2569, in _version_from_file
[0.539s]     line = next(iter(version_lines), '')
[0.540s]   File "/usr/lib/python3/dist-packages/pkg_resources/__init__.py", line 2780, in _get_metadata
[0.540s]     for line in self.get_metadata_lines(name):
[0.540s]   File "/usr/lib/python3/dist-packages/pkg_resources/__init__.py", line 1422, in get_metadata_lines
[0.540s]     return yield_lines(self.get_metadata(name))
[0.540s]   File "/usr/lib/python3/dist-packages/pkg_resources/__init__.py", line 1412, in get_metadata
[0.540s]     value = self._get(path)
[0.540s]   File "/usr/lib/python3/dist-packages/pkg_resources/__init__.py", line 1617, in _get
[0.541s]     return stream.read()
[0.541s] KeyboardInterrupt
[0.541s] [  3%] Built target ur_custom_interfaces__cpp
[0.541s] [ 12%] Built target ur_custom_interfaces__rosidl_generator_c
[0.541s] [ 12%] Built target ament_cmake_python_symlink_ur_custom_interfaces
[0.541s] [ 22%] Built target ur_custom_interfaces__rosidl_typesupport_c
[0.542s] [ 32%] Built target ur_custom_interfaces__rosidl_typesupport_fastrtps_c
[0.542s] [ 41%] Built target ur_custom_interfaces__rosidl_typesupport_cpp
[0.542s] [ 51%] Built target ur_custom_interfaces__rosidl_typesupport_introspection_cpp
[0.542s] [ 61%] Built target ur_custom_interfaces__rosidl_typesupport_fastrtps_cpp
[0.542s] [ 70%] Built target ur_custom_interfaces__rosidl_typesupport_introspection_c
[0.542s] [ 70%] Built target ur_custom_interfaces
[0.542s] [ 74%] Built target ur_custom_interfaces__py
[0.543s] [ 80%] Built target ur_custom_interfaces__rosidl_generator_py
[0.543s] [ 87%] Built target ur_custom_interfaces__rosidl_typesupport_c__pyext
[0.543s] [ 93%] Built target ur_custom_interfaces__rosidl_typesupport_fastrtps_c__pyext
[0.543s] [100%] Built target ur_custom_interfaces__rosidl_typesupport_introspection_c__pyext
[0.561s] gmake[2]: *** [CMakeFiles/ament_cmake_python_build_ur_custom_interfaces_egg.dir/build.make:70: CMakeFiles/ament_cmake_python_build_ur_custom_interfaces_egg] Interrupt
[0.561s] gmake[1]: *** [CMakeFiles/Makefile2:447: CMakeFiles/ament_cmake_python_build_ur_custom_interfaces_egg.dir/all] Interrupt
[0.561s] gmake: *** [Makefile:146: all] Interrupt
