-- The C compiler identification is GNU 11.4.0
-- The CXX compiler identification is GNU 11.4.0
-- Detecting C compiler ABI info
-- Detecting C compiler ABI info - done
-- Check for working C compiler: /usr/bin/cc - skipped
-- Detecting C compile features
-- Detecting C compile features - done
-- Detecting CXX compiler ABI info
-- Detecting CXX compiler ABI info - done
-- Check for working CXX compiler: /usr/bin/c++ - skipped
-- Detecting CXX compile features
-- Detecting CXX compile features - done
-- Found ament_cmake: 1.3.10 (/opt/ros/humble/share/ament_cmake/cmake)
-- Found Python3: /usr/bin/python3 (found version "3.10.12") found components: Interpreter 
-- Override CMake install command with custom implementation using symlinks instead of copying resources
-- Found rosidl_default_generators: 1.2.0 (/opt/ros/humble/share/rosidl_default_generators/cmake)
-- Using all available rosidl_typesupport_c: rosidl_typesupport_fastrtps_c;rosidl_typesupport_introspection_c
-- Found rosidl_adapter: 3.1.5 (/opt/ros/humble/share/rosidl_adapter/cmake)
-- Using all available rosidl_typesupport_cpp: rosidl_typesupport_fastrtps_cpp;rosidl_typesupport_introspection_cpp
-- Found ament_cmake_ros: 0.10.0 (/opt/ros/humble/share/ament_cmake_ros/cmake)
-- Using all available rosidl_typesupport_c: rosidl_typesupport_fastrtps_c;rosidl_typesupport_introspection_c
-- Using all available rosidl_typesupport_cpp: rosidl_typesupport_fastrtps_cpp;rosidl_typesupport_introspection_cpp
-- Found PythonInterp: /usr/bin/python3 (found suitable version "3.10.12", minimum required is "3.6") 
-- Found python_cmake_module: 0.10.0 (/opt/ros/humble/share/python_cmake_module/cmake)
-- Found PythonLibs: /usr/lib/x86_64-linux-gnu/libpython3.10.so (found suitable version "3.10.12", minimum required is "3.5") 
-- Using PYTHON_EXECUTABLE: /usr/bin/python3
-- Using PYTHON_INCLUDE_DIRS: /usr/include/python3.10
-- Using PYTHON_LIBRARIES: /usr/lib/x86_64-linux-gnu/libpython3.10.so
-- Found PythonExtra: .so  
-- Found ament_lint_auto: 0.12.11 (/opt/ros/humble/share/ament_lint_auto/cmake)
-- Added test 'lint_cmake' to check CMake code style
-- Added test 'xmllint' to check XML markup files
-- Configuring done
-- Generating done
-- Build files have been written to: /home/icrs/icrsUR/build/interfaces_ur5ik
[  2%] [34m[1mGenerating C code for ROS interfaces[0m
[  4%] [34m[1mGenerating C++ code for ROS interfaces[0m
[  4%] Built target ament_cmake_python_symlink_interfaces_ur5ik
running egg_info
creating interfaces_ur5ik.egg-info
writing interfaces_ur5ik.egg-info/PKG-INFO
writing dependency_links to interfaces_ur5ik.egg-info/dependency_links.txt
writing top-level names to interfaces_ur5ik.egg-info/top_level.txt
writing manifest file 'interfaces_ur5ik.egg-info/SOURCES.txt'
reading manifest file 'interfaces_ur5ik.egg-info/SOURCES.txt'
writing manifest file 'interfaces_ur5ik.egg-info/SOURCES.txt'
[  4%] Built target ament_cmake_python_build_interfaces_ur5ik_egg
[  4%] Built target interfaces_ur5ik__cpp
[  6%] [32mBuilding C object CMakeFiles/interfaces_ur5ik__rosidl_generator_c.dir/rosidl_generator_c/interfaces_ur5ik/msg/detail/target__functions.c.o[0m
[  8%] [32mBuilding C object CMakeFiles/interfaces_ur5ik__rosidl_generator_c.dir/rosidl_generator_c/interfaces_ur5ik/srv/detail/six_theta__functions.c.o[0m
[ 10%] [34m[1mGenerating C++ type support dispatch for ROS interfaces[0m
[ 12%] [32mBuilding C object CMakeFiles/interfaces_ur5ik__rosidl_generator_c.dir/rosidl_generator_c/interfaces_ur5ik/action/detail/calc_theta__functions.c.o[0m
[ 14%] [34m[1mGenerating C++ introspection for ROS interfaces[0m
[ 17%] [34m[1mGenerating C++ type support for eProsima Fast-RTPS[0m
[ 19%] [32m[1mLinking C shared library libinterfaces_ur5ik__rosidl_generator_c.so[0m
[ 19%] Built target interfaces_ur5ik__rosidl_generator_c
[ 21%] [34m[1mGenerating C type support for eProsima Fast-RTPS[0m
[ 23%] [34m[1mGenerating C introspection for ROS interfaces[0m
[ 25%] [34m[1mGenerating C type support dispatch for ROS interfaces[0m
[ 27%] [32mBuilding CXX object CMakeFiles/interfaces_ur5ik__rosidl_typesupport_cpp.dir/rosidl_typesupport_cpp/interfaces_ur5ik/msg/target__type_support.cpp.o[0m
[ 29%] [32mBuilding CXX object CMakeFiles/interfaces_ur5ik__rosidl_typesupport_fastrtps_cpp.dir/rosidl_typesupport_fastrtps_cpp/interfaces_ur5ik/srv/detail/dds_fastrtps/six_theta__type_support.cpp.o[0m
[ 34%] [32mBuilding CXX object CMakeFiles/interfaces_ur5ik__rosidl_typesupport_fastrtps_cpp.dir/rosidl_typesupport_fastrtps_cpp/interfaces_ur5ik/action/detail/dds_fastrtps/calc_theta__type_support.cpp.o[0m
[ 34%] [32mBuilding CXX object CMakeFiles/interfaces_ur5ik__rosidl_typesupport_fastrtps_cpp.dir/rosidl_typesupport_fastrtps_cpp/interfaces_ur5ik/msg/detail/dds_fastrtps/target__type_support.cpp.o[0m
[ 36%] [32mBuilding CXX object CMakeFiles/interfaces_ur5ik__rosidl_typesupport_c.dir/rosidl_typesupport_c/interfaces_ur5ik/msg/target__type_support.cpp.o[0m
[ 38%] [32mBuilding CXX object CMakeFiles/interfaces_ur5ik__rosidl_typesupport_c.dir/rosidl_typesupport_c/interfaces_ur5ik/srv/six_theta__type_support.cpp.o[0m
[ 40%] [32mBuilding CXX object CMakeFiles/interfaces_ur5ik__rosidl_typesupport_c.dir/rosidl_typesupport_c/interfaces_ur5ik/action/calc_theta__type_support.cpp.o[0m
[ 42%] [32mBuilding CXX object CMakeFiles/interfaces_ur5ik__rosidl_typesupport_introspection_cpp.dir/rosidl_typesupport_introspection_cpp/interfaces_ur5ik/msg/detail/target__type_support.cpp.o[0m
[ 44%] [32m[1mLinking CXX shared library libinterfaces_ur5ik__rosidl_typesupport_c.so[0m
[ 44%] Built target interfaces_ur5ik__rosidl_typesupport_c
[ 46%] [32mBuilding CXX object CMakeFiles/interfaces_ur5ik__rosidl_typesupport_introspection_cpp.dir/rosidl_typesupport_introspection_cpp/interfaces_ur5ik/srv/detail/six_theta__type_support.cpp.o[0m
[ 51%] [32mBuilding CXX object CMakeFiles/interfaces_ur5ik__rosidl_typesupport_cpp.dir/rosidl_typesupport_cpp/interfaces_ur5ik/srv/six_theta__type_support.cpp.o[0m
[ 51%] [32mBuilding CXX object CMakeFiles/interfaces_ur5ik__rosidl_typesupport_cpp.dir/rosidl_typesupport_cpp/interfaces_ur5ik/action/calc_theta__type_support.cpp.o[0m
[ 53%] [32mBuilding C object CMakeFiles/interfaces_ur5ik__rosidl_typesupport_introspection_c.dir/rosidl_typesupport_introspection_c/interfaces_ur5ik/msg/detail/target__type_support.c.o[0m
[ 55%] [32mBuilding C object CMakeFiles/interfaces_ur5ik__rosidl_typesupport_introspection_c.dir/rosidl_typesupport_introspection_c/interfaces_ur5ik/srv/detail/six_theta__type_support.c.o[0m
[ 57%] [32mBuilding C object CMakeFiles/interfaces_ur5ik__rosidl_typesupport_introspection_c.dir/rosidl_typesupport_introspection_c/interfaces_ur5ik/action/detail/calc_theta__type_support.c.o[0m
[ 59%] [32mBuilding CXX object CMakeFiles/interfaces_ur5ik__rosidl_typesupport_introspection_cpp.dir/rosidl_typesupport_introspection_cpp/interfaces_ur5ik/action/detail/calc_theta__type_support.cpp.o[0m
[ 61%] [32m[1mLinking CXX shared library libinterfaces_ur5ik__rosidl_typesupport_fastrtps_cpp.so[0m
[ 63%] [32m[1mLinking C shared library libinterfaces_ur5ik__rosidl_typesupport_introspection_c.so[0m
[ 63%] Built target interfaces_ur5ik__rosidl_typesupport_fastrtps_cpp
[ 65%] [32mBuilding CXX object CMakeFiles/interfaces_ur5ik__rosidl_typesupport_fastrtps_c.dir/rosidl_typesupport_fastrtps_c/interfaces_ur5ik/msg/detail/target__type_support_c.cpp.o[0m
[ 68%] [32mBuilding CXX object CMakeFiles/interfaces_ur5ik__rosidl_typesupport_fastrtps_c.dir/rosidl_typesupport_fastrtps_c/interfaces_ur5ik/srv/detail/six_theta__type_support_c.cpp.o[0m
[ 68%] Built target interfaces_ur5ik__rosidl_typesupport_introspection_c
[ 70%] [32mBuilding CXX object CMakeFiles/interfaces_ur5ik__rosidl_typesupport_fastrtps_c.dir/rosidl_typesupport_fastrtps_c/interfaces_ur5ik/action/detail/calc_theta__type_support_c.cpp.o[0m
[ 72%] [32m[1mLinking CXX shared library libinterfaces_ur5ik__rosidl_typesupport_cpp.so[0m
[ 72%] Built target interfaces_ur5ik__rosidl_typesupport_cpp
[ 74%] [32m[1mLinking CXX shared library libinterfaces_ur5ik__rosidl_typesupport_introspection_cpp.so[0m
[ 74%] Built target interfaces_ur5ik__rosidl_typesupport_introspection_cpp
[ 76%] [32m[1mLinking CXX shared library libinterfaces_ur5ik__rosidl_typesupport_fastrtps_c.so[0m
[ 76%] Built target interfaces_ur5ik__rosidl_typesupport_fastrtps_c
[ 76%] Built target interfaces_ur5ik
[ 78%] [34m[1mGenerating Python code for ROS interfaces[0m
[ 78%] Built target interfaces_ur5ik__py
[ 80%] [32mBuilding C object CMakeFiles/interfaces_ur5ik__rosidl_generator_py.dir/rosidl_generator_py/interfaces_ur5ik/msg/_target_s.c.o[0m
[ 82%] [32mBuilding C object CMakeFiles/interfaces_ur5ik__rosidl_generator_py.dir/rosidl_generator_py/interfaces_ur5ik/srv/_six_theta_s.c.o[0m
[ 85%] [32mBuilding C object CMakeFiles/interfaces_ur5ik__rosidl_generator_py.dir/rosidl_generator_py/interfaces_ur5ik/action/_calc_theta_s.c.o[0m
[ 87%] [32m[1mLinking C shared library rosidl_generator_py/interfaces_ur5ik/libinterfaces_ur5ik__rosidl_generator_py.so[0m
[ 87%] Built target interfaces_ur5ik__rosidl_generator_py
[ 91%] [32mBuilding C object CMakeFiles/interfaces_ur5ik__rosidl_typesupport_introspection_c__pyext.dir/rosidl_generator_py/interfaces_ur5ik/_interfaces_ur5ik_s.ep.rosidl_typesupport_introspection_c.c.o[0m
[ 91%] [32mBuilding C object CMakeFiles/interfaces_ur5ik__rosidl_typesupport_fastrtps_c__pyext.dir/rosidl_generator_py/interfaces_ur5ik/_interfaces_ur5ik_s.ep.rosidl_typesupport_fastrtps_c.c.o[0m
[ 93%] [32mBuilding C object CMakeFiles/interfaces_ur5ik__rosidl_typesupport_c__pyext.dir/rosidl_generator_py/interfaces_ur5ik/_interfaces_ur5ik_s.ep.rosidl_typesupport_c.c.o[0m
[ 95%] [32m[1mLinking C shared library rosidl_generator_py/interfaces_ur5ik/interfaces_ur5ik_s__rosidl_typesupport_fastrtps_c.cpython-310-x86_64-linux-gnu.so[0m
[ 97%] [32m[1mLinking C shared library rosidl_generator_py/interfaces_ur5ik/interfaces_ur5ik_s__rosidl_typesupport_c.cpython-310-x86_64-linux-gnu.so[0m
[ 97%] Built target interfaces_ur5ik__rosidl_typesupport_fastrtps_c__pyext
[ 97%] Built target interfaces_ur5ik__rosidl_typesupport_c__pyext
[100%] [32m[1mLinking C shared library rosidl_generator_py/interfaces_ur5ik/interfaces_ur5ik_s__rosidl_typesupport_introspection_c.cpython-310-x86_64-linux-gnu.so[0m
[100%] Built target interfaces_ur5ik__rosidl_typesupport_introspection_c__pyext
-- Install configuration: ""
-- Execute custom install script
-- Symlinking: /home/icrs/icrsUR/install/interfaces_ur5ik/share/ament_index/resource_index/rosidl_interfaces/interfaces_ur5ik
-- Symlinking: /home/icrs/icrsUR/install/interfaces_ur5ik/include/interfaces_ur5ik/interfaces_ur5ik/action/calc_theta.h
-- Symlinking: /home/icrs/icrsUR/install/interfaces_ur5ik/include/interfaces_ur5ik/interfaces_ur5ik/action/detail/calc_theta__functions.h
-- Symlinking: /home/icrs/icrsUR/install/interfaces_ur5ik/include/interfaces_ur5ik/interfaces_ur5ik/action/detail/calc_theta__struct.h
-- Symlinking: /home/icrs/icrsUR/install/interfaces_ur5ik/include/interfaces_ur5ik/interfaces_ur5ik/action/detail/calc_theta__type_support.h
-- Symlinking: /home/icrs/icrsUR/install/interfaces_ur5ik/include/interfaces_ur5ik/interfaces_ur5ik/msg/detail/target__functions.h
-- Symlinking: /home/icrs/icrsUR/install/interfaces_ur5ik/include/interfaces_ur5ik/interfaces_ur5ik/msg/detail/target__struct.h
-- Symlinking: /home/icrs/icrsUR/install/interfaces_ur5ik/include/interfaces_ur5ik/interfaces_ur5ik/msg/detail/target__type_support.h
-- Symlinking: /home/icrs/icrsUR/install/interfaces_ur5ik/include/interfaces_ur5ik/interfaces_ur5ik/msg/rosidl_generator_c__visibility_control.h
-- Symlinking: /home/icrs/icrsUR/install/interfaces_ur5ik/include/interfaces_ur5ik/interfaces_ur5ik/msg/target.h
-- Symlinking: /home/icrs/icrsUR/install/interfaces_ur5ik/include/interfaces_ur5ik/interfaces_ur5ik/srv/detail/six_theta__functions.h
-- Symlinking: /home/icrs/icrsUR/install/interfaces_ur5ik/include/interfaces_ur5ik/interfaces_ur5ik/srv/detail/six_theta__struct.h
-- Symlinking: /home/icrs/icrsUR/install/interfaces_ur5ik/include/interfaces_ur5ik/interfaces_ur5ik/srv/detail/six_theta__type_support.h
-- Symlinking: /home/icrs/icrsUR/install/interfaces_ur5ik/include/interfaces_ur5ik/interfaces_ur5ik/srv/six_theta.h
-- Symlinking: /home/icrs/icrsUR/install/interfaces_ur5ik/share/interfaces_ur5ik/environment/library_path.sh
-- Symlinking: /home/icrs/icrsUR/install/interfaces_ur5ik/share/interfaces_ur5ik/environment/library_path.dsv
-- Symlinking: /home/icrs/icrsUR/install/interfaces_ur5ik/include/interfaces_ur5ik/interfaces_ur5ik/action/detail/calc_theta__rosidl_typesupport_fastrtps_c.h
-- Symlinking: /home/icrs/icrsUR/install/interfaces_ur5ik/include/interfaces_ur5ik/interfaces_ur5ik/msg/detail/target__rosidl_typesupport_fastrtps_c.h
-- Symlinking: /home/icrs/icrsUR/install/interfaces_ur5ik/include/interfaces_ur5ik/interfaces_ur5ik/msg/rosidl_typesupport_fastrtps_c__visibility_control.h
-- Symlinking: /home/icrs/icrsUR/install/interfaces_ur5ik/include/interfaces_ur5ik/interfaces_ur5ik/srv/detail/six_theta__rosidl_typesupport_fastrtps_c.h
-- Symlinking: /home/icrs/icrsUR/install/interfaces_ur5ik/include/interfaces_ur5ik/interfaces_ur5ik/action/detail/calc_theta__rosidl_typesupport_introspection_c.h
-- Symlinking: /home/icrs/icrsUR/install/interfaces_ur5ik/include/interfaces_ur5ik/interfaces_ur5ik/msg/detail/target__rosidl_typesupport_introspection_c.h
-- Symlinking: /home/icrs/icrsUR/install/interfaces_ur5ik/include/interfaces_ur5ik/interfaces_ur5ik/msg/rosidl_typesupport_introspection_c__visibility_control.h
-- Symlinking: /home/icrs/icrsUR/install/interfaces_ur5ik/include/interfaces_ur5ik/interfaces_ur5ik/srv/detail/six_theta__rosidl_typesupport_introspection_c.h
-- Symlinking: /home/icrs/icrsUR/install/interfaces_ur5ik/include/interfaces_ur5ik/interfaces_ur5ik/action/calc_theta.hpp
-- Symlinking: /home/icrs/icrsUR/install/interfaces_ur5ik/include/interfaces_ur5ik/interfaces_ur5ik/action/detail/calc_theta__builder.hpp
-- Symlinking: /home/icrs/icrsUR/install/interfaces_ur5ik/include/interfaces_ur5ik/interfaces_ur5ik/action/detail/calc_theta__struct.hpp
-- Symlinking: /home/icrs/icrsUR/install/interfaces_ur5ik/include/interfaces_ur5ik/interfaces_ur5ik/action/detail/calc_theta__traits.hpp
-- Symlinking: /home/icrs/icrsUR/install/interfaces_ur5ik/include/interfaces_ur5ik/interfaces_ur5ik/msg/detail/target__builder.hpp
-- Symlinking: /home/icrs/icrsUR/install/interfaces_ur5ik/include/interfaces_ur5ik/interfaces_ur5ik/msg/detail/target__struct.hpp
-- Symlinking: /home/icrs/icrsUR/install/interfaces_ur5ik/include/interfaces_ur5ik/interfaces_ur5ik/msg/detail/target__traits.hpp
-- Symlinking: /home/icrs/icrsUR/install/interfaces_ur5ik/include/interfaces_ur5ik/interfaces_ur5ik/msg/target.hpp
-- Symlinking: /home/icrs/icrsUR/install/interfaces_ur5ik/include/interfaces_ur5ik/interfaces_ur5ik/srv/detail/six_theta__builder.hpp
-- Symlinking: /home/icrs/icrsUR/install/interfaces_ur5ik/include/interfaces_ur5ik/interfaces_ur5ik/srv/detail/six_theta__struct.hpp
-- Symlinking: /home/icrs/icrsUR/install/interfaces_ur5ik/include/interfaces_ur5ik/interfaces_ur5ik/srv/detail/six_theta__traits.hpp
-- Symlinking: /home/icrs/icrsUR/install/interfaces_ur5ik/include/interfaces_ur5ik/interfaces_ur5ik/srv/six_theta.hpp
-- Symlinking: /home/icrs/icrsUR/install/interfaces_ur5ik/include/interfaces_ur5ik/interfaces_ur5ik/action/detail/calc_theta__rosidl_typesupport_fastrtps_cpp.hpp
-- Symlinking: /home/icrs/icrsUR/install/interfaces_ur5ik/include/interfaces_ur5ik/interfaces_ur5ik/msg/detail/target__rosidl_typesupport_fastrtps_cpp.hpp
-- Symlinking: /home/icrs/icrsUR/install/interfaces_ur5ik/include/interfaces_ur5ik/interfaces_ur5ik/msg/rosidl_typesupport_fastrtps_cpp__visibility_control.h
-- Symlinking: /home/icrs/icrsUR/install/interfaces_ur5ik/include/interfaces_ur5ik/interfaces_ur5ik/srv/detail/six_theta__rosidl_typesupport_fastrtps_cpp.hpp
-- Symlinking: /home/icrs/icrsUR/install/interfaces_ur5ik/include/interfaces_ur5ik/interfaces_ur5ik/action/detail/calc_theta__rosidl_typesupport_introspection_cpp.hpp
-- Symlinking: /home/icrs/icrsUR/install/interfaces_ur5ik/include/interfaces_ur5ik/interfaces_ur5ik/msg/detail/target__rosidl_typesupport_introspection_cpp.hpp
-- Symlinking: /home/icrs/icrsUR/install/interfaces_ur5ik/include/interfaces_ur5ik/interfaces_ur5ik/srv/detail/six_theta__rosidl_typesupport_introspection_cpp.hpp
-- Symlinking: /home/icrs/icrsUR/install/interfaces_ur5ik/share/interfaces_ur5ik/environment/pythonpath.sh
-- Symlinking: /home/icrs/icrsUR/install/interfaces_ur5ik/share/interfaces_ur5ik/environment/pythonpath.dsv
-- Symlinking: /home/icrs/icrsUR/install/interfaces_ur5ik/local/lib/python3.10/dist-packages/interfaces_ur5ik-0.0.0-py3.10.egg-info/PKG-INFO
-- Symlinking: /home/icrs/icrsUR/install/interfaces_ur5ik/local/lib/python3.10/dist-packages/interfaces_ur5ik-0.0.0-py3.10.egg-info/SOURCES.txt
-- Symlinking: /home/icrs/icrsUR/install/interfaces_ur5ik/local/lib/python3.10/dist-packages/interfaces_ur5ik-0.0.0-py3.10.egg-info/dependency_links.txt
-- Symlinking: /home/icrs/icrsUR/install/interfaces_ur5ik/local/lib/python3.10/dist-packages/interfaces_ur5ik-0.0.0-py3.10.egg-info/top_level.txt
-- Symlinking: /home/icrs/icrsUR/install/interfaces_ur5ik/local/lib/python3.10/dist-packages/interfaces_ur5ik/__init__.py
-- Symlinking: /home/icrs/icrsUR/install/interfaces_ur5ik/local/lib/python3.10/dist-packages/interfaces_ur5ik/_interfaces_ur5ik_s.ep.rosidl_typesupport_c.c
-- Symlinking: /home/icrs/icrsUR/install/interfaces_ur5ik/local/lib/python3.10/dist-packages/interfaces_ur5ik/_interfaces_ur5ik_s.ep.rosidl_typesupport_fastrtps_c.c
-- Symlinking: /home/icrs/icrsUR/install/interfaces_ur5ik/local/lib/python3.10/dist-packages/interfaces_ur5ik/_interfaces_ur5ik_s.ep.rosidl_typesupport_introspection_c.c
-- Symlinking: /home/icrs/icrsUR/install/interfaces_ur5ik/local/lib/python3.10/dist-packages/interfaces_ur5ik/action/__init__.py
-- Symlinking: /home/icrs/icrsUR/install/interfaces_ur5ik/local/lib/python3.10/dist-packages/interfaces_ur5ik/action/_calc_theta.py
-- Symlinking: /home/icrs/icrsUR/install/interfaces_ur5ik/local/lib/python3.10/dist-packages/interfaces_ur5ik/action/_calc_theta_s.c
-- Symlinking: /home/icrs/icrsUR/install/interfaces_ur5ik/local/lib/python3.10/dist-packages/interfaces_ur5ik/interfaces_ur5ik_s__rosidl_typesupport_c.cpython-310-x86_64-linux-gnu.so
-- Symlinking: /home/icrs/icrsUR/install/interfaces_ur5ik/local/lib/python3.10/dist-packages/interfaces_ur5ik/interfaces_ur5ik_s__rosidl_typesupport_fastrtps_c.cpython-310-x86_64-linux-gnu.so
-- Symlinking: /home/icrs/icrsUR/install/interfaces_ur5ik/local/lib/python3.10/dist-packages/interfaces_ur5ik/interfaces_ur5ik_s__rosidl_typesupport_introspection_c.cpython-310-x86_64-linux-gnu.so
-- Symlinking: /home/icrs/icrsUR/install/interfaces_ur5ik/local/lib/python3.10/dist-packages/interfaces_ur5ik/libinterfaces_ur5ik__rosidl_generator_py.so
-- Symlinking: /home/icrs/icrsUR/install/interfaces_ur5ik/local/lib/python3.10/dist-packages/interfaces_ur5ik/msg/__init__.py
-- Symlinking: /home/icrs/icrsUR/install/interfaces_ur5ik/local/lib/python3.10/dist-packages/interfaces_ur5ik/msg/_target.py
-- Symlinking: /home/icrs/icrsUR/install/interfaces_ur5ik/local/lib/python3.10/dist-packages/interfaces_ur5ik/msg/_target_s.c
-- Symlinking: /home/icrs/icrsUR/install/interfaces_ur5ik/local/lib/python3.10/dist-packages/interfaces_ur5ik/srv/__init__.py
-- Symlinking: /home/icrs/icrsUR/install/interfaces_ur5ik/local/lib/python3.10/dist-packages/interfaces_ur5ik/srv/_six_theta.py
-- Symlinking: /home/icrs/icrsUR/install/interfaces_ur5ik/local/lib/python3.10/dist-packages/interfaces_ur5ik/srv/_six_theta_s.c
-- Up-to-date symlink: /home/icrs/icrsUR/install/interfaces_ur5ik/local/lib/python3.10/dist-packages/interfaces_ur5ik/interfaces_ur5ik_s__rosidl_typesupport_fastrtps_c.cpython-310-x86_64-linux-gnu.so
-- Up-to-date symlink: /home/icrs/icrsUR/install/interfaces_ur5ik/local/lib/python3.10/dist-packages/interfaces_ur5ik/interfaces_ur5ik_s__rosidl_typesupport_introspection_c.cpython-310-x86_64-linux-gnu.so
-- Up-to-date symlink: /home/icrs/icrsUR/install/interfaces_ur5ik/local/lib/python3.10/dist-packages/interfaces_ur5ik/interfaces_ur5ik_s__rosidl_typesupport_c.cpython-310-x86_64-linux-gnu.so
-- Symlinking: /home/icrs/icrsUR/install/interfaces_ur5ik/share/interfaces_ur5ik/msg/Target.idl
-- Symlinking: /home/icrs/icrsUR/install/interfaces_ur5ik/share/interfaces_ur5ik/srv/SixTheta.idl
-- Symlinking: /home/icrs/icrsUR/install/interfaces_ur5ik/share/interfaces_ur5ik/action/CalcTheta.idl
-- Symlinking: /home/icrs/icrsUR/install/interfaces_ur5ik/share/interfaces_ur5ik/msg/Target.msg
-- Symlinking: /home/icrs/icrsUR/install/interfaces_ur5ik/share/interfaces_ur5ik/srv/SixTheta.srv
-- Symlinking: /home/icrs/icrsUR/install/interfaces_ur5ik/share/interfaces_ur5ik/srv/SixTheta_Request.msg
-- Symlinking: /home/icrs/icrsUR/install/interfaces_ur5ik/share/interfaces_ur5ik/srv/SixTheta_Response.msg
-- Symlinking: /home/icrs/icrsUR/install/interfaces_ur5ik/share/interfaces_ur5ik/action/CalcTheta.action
-- Symlinking: /home/icrs/icrsUR/install/interfaces_ur5ik/share/ament_index/resource_index/package_run_dependencies/interfaces_ur5ik
-- Symlinking: /home/icrs/icrsUR/install/interfaces_ur5ik/share/ament_index/resource_index/parent_prefix_path/interfaces_ur5ik
-- Symlinking: /home/icrs/icrsUR/install/interfaces_ur5ik/share/interfaces_ur5ik/environment/ament_prefix_path.sh
-- Symlinking: /home/icrs/icrsUR/install/interfaces_ur5ik/share/interfaces_ur5ik/environment/ament_prefix_path.dsv
-- Symlinking: /home/icrs/icrsUR/install/interfaces_ur5ik/share/interfaces_ur5ik/environment/path.sh
-- Symlinking: /home/icrs/icrsUR/install/interfaces_ur5ik/share/interfaces_ur5ik/environment/path.dsv
-- Symlinking: /home/icrs/icrsUR/install/interfaces_ur5ik/share/interfaces_ur5ik/local_setup.bash
-- Symlinking: /home/icrs/icrsUR/install/interfaces_ur5ik/share/interfaces_ur5ik/local_setup.sh
-- Symlinking: /home/icrs/icrsUR/install/interfaces_ur5ik/share/interfaces_ur5ik/local_setup.zsh
-- Symlinking: /home/icrs/icrsUR/install/interfaces_ur5ik/share/interfaces_ur5ik/local_setup.dsv
-- Symlinking: /home/icrs/icrsUR/install/interfaces_ur5ik/share/interfaces_ur5ik/package.dsv
-- Symlinking: /home/icrs/icrsUR/install/interfaces_ur5ik/share/ament_index/resource_index/packages/interfaces_ur5ik
-- Symlinking: /home/icrs/icrsUR/install/interfaces_ur5ik/share/interfaces_ur5ik/cmake/rosidl_cmake-extras.cmake
-- Symlinking: /home/icrs/icrsUR/install/interfaces_ur5ik/share/interfaces_ur5ik/cmake/ament_cmake_export_dependencies-extras.cmake
-- Symlinking: /home/icrs/icrsUR/install/interfaces_ur5ik/share/interfaces_ur5ik/cmake/ament_cmake_export_include_directories-extras.cmake
-- Symlinking: /home/icrs/icrsUR/install/interfaces_ur5ik/share/interfaces_ur5ik/cmake/ament_cmake_export_libraries-extras.cmake
-- Symlinking: /home/icrs/icrsUR/install/interfaces_ur5ik/share/interfaces_ur5ik/cmake/ament_cmake_export_targets-extras.cmake
-- Symlinking: /home/icrs/icrsUR/install/interfaces_ur5ik/share/interfaces_ur5ik/cmake/rosidl_cmake_export_typesupport_targets-extras.cmake
-- Symlinking: /home/icrs/icrsUR/install/interfaces_ur5ik/share/interfaces_ur5ik/cmake/rosidl_cmake_export_typesupport_libraries-extras.cmake
-- Symlinking: /home/icrs/icrsUR/install/interfaces_ur5ik/share/interfaces_ur5ik/cmake/interfaces_ur5ikConfig.cmake
-- Symlinking: /home/icrs/icrsUR/install/interfaces_ur5ik/share/interfaces_ur5ik/cmake/interfaces_ur5ikConfig-version.cmake
-- Symlinking: /home/icrs/icrsUR/install/interfaces_ur5ik/share/interfaces_ur5ik/package.xml
-- Installing: /home/icrs/icrsUR/install/interfaces_ur5ik/lib/libinterfaces_ur5ik__rosidl_generator_c.so
-- Set runtime path of "/home/icrs/icrsUR/install/interfaces_ur5ik/lib/libinterfaces_ur5ik__rosidl_generator_c.so" to ""
-- Installing: /home/icrs/icrsUR/install/interfaces_ur5ik/lib/libinterfaces_ur5ik__rosidl_typesupport_fastrtps_c.so
-- Set runtime path of "/home/icrs/icrsUR/install/interfaces_ur5ik/lib/libinterfaces_ur5ik__rosidl_typesupport_fastrtps_c.so" to ""
-- Installing: /home/icrs/icrsUR/install/interfaces_ur5ik/lib/libinterfaces_ur5ik__rosidl_typesupport_introspection_c.so
-- Set runtime path of "/home/icrs/icrsUR/install/interfaces_ur5ik/lib/libinterfaces_ur5ik__rosidl_typesupport_introspection_c.so" to ""
-- Installing: /home/icrs/icrsUR/install/interfaces_ur5ik/lib/libinterfaces_ur5ik__rosidl_typesupport_c.so
-- Set runtime path of "/home/icrs/icrsUR/install/interfaces_ur5ik/lib/libinterfaces_ur5ik__rosidl_typesupport_c.so" to ""
-- Installing: /home/icrs/icrsUR/install/interfaces_ur5ik/lib/libinterfaces_ur5ik__rosidl_typesupport_fastrtps_cpp.so
-- Set runtime path of "/home/icrs/icrsUR/install/interfaces_ur5ik/lib/libinterfaces_ur5ik__rosidl_typesupport_fastrtps_cpp.so" to ""
-- Installing: /home/icrs/icrsUR/install/interfaces_ur5ik/lib/libinterfaces_ur5ik__rosidl_typesupport_introspection_cpp.so
-- Set runtime path of "/home/icrs/icrsUR/install/interfaces_ur5ik/lib/libinterfaces_ur5ik__rosidl_typesupport_introspection_cpp.so" to ""
-- Installing: /home/icrs/icrsUR/install/interfaces_ur5ik/lib/libinterfaces_ur5ik__rosidl_typesupport_cpp.so
-- Set runtime path of "/home/icrs/icrsUR/install/interfaces_ur5ik/lib/libinterfaces_ur5ik__rosidl_typesupport_cpp.so" to ""
Listing '/home/icrs/icrsUR/install/interfaces_ur5ik/local/lib/python3.10/dist-packages/interfaces_ur5ik'...
Compiling '/home/icrs/icrsUR/install/interfaces_ur5ik/local/lib/python3.10/dist-packages/interfaces_ur5ik/__init__.py'...
Listing '/home/icrs/icrsUR/install/interfaces_ur5ik/local/lib/python3.10/dist-packages/interfaces_ur5ik/action'...
Compiling '/home/icrs/icrsUR/install/interfaces_ur5ik/local/lib/python3.10/dist-packages/interfaces_ur5ik/action/__init__.py'...
Compiling '/home/icrs/icrsUR/install/interfaces_ur5ik/local/lib/python3.10/dist-packages/interfaces_ur5ik/action/_calc_theta.py'...
Listing '/home/icrs/icrsUR/install/interfaces_ur5ik/local/lib/python3.10/dist-packages/interfaces_ur5ik/msg'...
Compiling '/home/icrs/icrsUR/install/interfaces_ur5ik/local/lib/python3.10/dist-packages/interfaces_ur5ik/msg/__init__.py'...
Compiling '/home/icrs/icrsUR/install/interfaces_ur5ik/local/lib/python3.10/dist-packages/interfaces_ur5ik/msg/_target.py'...
Listing '/home/icrs/icrsUR/install/interfaces_ur5ik/local/lib/python3.10/dist-packages/interfaces_ur5ik/srv'...
Compiling '/home/icrs/icrsUR/install/interfaces_ur5ik/local/lib/python3.10/dist-packages/interfaces_ur5ik/srv/__init__.py'...
Compiling '/home/icrs/icrsUR/install/interfaces_ur5ik/local/lib/python3.10/dist-packages/interfaces_ur5ik/srv/_six_theta.py'...
-- Installing: /home/icrs/icrsUR/install/interfaces_ur5ik/lib/libinterfaces_ur5ik__rosidl_generator_py.so
-- Set runtime path of "/home/icrs/icrsUR/install/interfaces_ur5ik/lib/libinterfaces_ur5ik__rosidl_generator_py.so" to ""
-- Installing: /home/icrs/icrsUR/install/interfaces_ur5ik/share/interfaces_ur5ik/cmake/export_interfaces_ur5ik__rosidl_generator_cExport.cmake
-- Installing: /home/icrs/icrsUR/install/interfaces_ur5ik/share/interfaces_ur5ik/cmake/export_interfaces_ur5ik__rosidl_generator_cExport-noconfig.cmake
-- Installing: /home/icrs/icrsUR/install/interfaces_ur5ik/share/interfaces_ur5ik/cmake/export_interfaces_ur5ik__rosidl_typesupport_fastrtps_cExport.cmake
-- Installing: /home/icrs/icrsUR/install/interfaces_ur5ik/share/interfaces_ur5ik/cmake/export_interfaces_ur5ik__rosidl_typesupport_fastrtps_cExport-noconfig.cmake
-- Installing: /home/icrs/icrsUR/install/interfaces_ur5ik/share/interfaces_ur5ik/cmake/interfaces_ur5ik__rosidl_typesupport_introspection_cExport.cmake
-- Installing: /home/icrs/icrsUR/install/interfaces_ur5ik/share/interfaces_ur5ik/cmake/interfaces_ur5ik__rosidl_typesupport_introspection_cExport-noconfig.cmake
-- Installing: /home/icrs/icrsUR/install/interfaces_ur5ik/share/interfaces_ur5ik/cmake/interfaces_ur5ik__rosidl_typesupport_cExport.cmake
-- Installing: /home/icrs/icrsUR/install/interfaces_ur5ik/share/interfaces_ur5ik/cmake/interfaces_ur5ik__rosidl_typesupport_cExport-noconfig.cmake
-- Installing: /home/icrs/icrsUR/install/interfaces_ur5ik/share/interfaces_ur5ik/cmake/export_interfaces_ur5ik__rosidl_generator_cppExport.cmake
-- Installing: /home/icrs/icrsUR/install/interfaces_ur5ik/share/interfaces_ur5ik/cmake/export_interfaces_ur5ik__rosidl_typesupport_fastrtps_cppExport.cmake
-- Installing: /home/icrs/icrsUR/install/interfaces_ur5ik/share/interfaces_ur5ik/cmake/export_interfaces_ur5ik__rosidl_typesupport_fastrtps_cppExport-noconfig.cmake
-- Installing: /home/icrs/icrsUR/install/interfaces_ur5ik/share/interfaces_ur5ik/cmake/interfaces_ur5ik__rosidl_typesupport_introspection_cppExport.cmake
-- Installing: /home/icrs/icrsUR/install/interfaces_ur5ik/share/interfaces_ur5ik/cmake/interfaces_ur5ik__rosidl_typesupport_introspection_cppExport-noconfig.cmake
-- Installing: /home/icrs/icrsUR/install/interfaces_ur5ik/share/interfaces_ur5ik/cmake/interfaces_ur5ik__rosidl_typesupport_cppExport.cmake
-- Installing: /home/icrs/icrsUR/install/interfaces_ur5ik/share/interfaces_ur5ik/cmake/interfaces_ur5ik__rosidl_typesupport_cppExport-noconfig.cmake
-- Installing: /home/icrs/icrsUR/install/interfaces_ur5ik/share/interfaces_ur5ik/cmake/export_interfaces_ur5ik__rosidl_generator_pyExport.cmake
-- Installing: /home/icrs/icrsUR/install/interfaces_ur5ik/share/interfaces_ur5ik/cmake/export_interfaces_ur5ik__rosidl_generator_pyExport-noconfig.cmake
