[0.042s] Invoking command in '/home/icrs/icrsUR/build/ur_dashboard_msgs': CMAKE_PREFIX_PATH=${CMAKE_PREFIX_PATH}:/home/icrs/icrsUR/install/camera_control:/home/icrs/icrsUR/install/gripper_control:/opt/ros/humble /usr/bin/cmake /home/icrs/icrsUR/src/Universal_Robots_ROS2_Driver/ur_dashboard_msgs -DCMAKE_INSTALL_PREFIX=/home/icrs/icrsUR/install/ur_dashboard_msgs
[0.564s] -- Found ament_cmake: 1.3.10 (/opt/ros/humble/share/ament_cmake/cmake)
[0.564s] -- Override CMake install command with custom implementation using symlinks instead of copying resources
[0.564s] -- Found rosidl_default_generators: 1.2.0 (/opt/ros/humble/share/rosidl_default_generators/cmake)
[0.564s] -- Using all available rosidl_typesupport_c: rosidl_typesupport_fastrtps_c;rosidl_typesupport_introspection_c
[0.565s] -- Found rosidl_adapter: 3.1.5 (/opt/ros/humble/share/rosidl_adapter/cmake)
[0.565s] -- Using all available rosidl_typesupport_cpp: rosidl_typesupport_fastrtps_cpp;rosidl_typesupport_introspection_cpp
[0.565s] -- Found action_msgs: 1.2.1 (/opt/ros/humble/share/action_msgs/cmake)
[1.396s] -- Found ament_cmake_ros: 0.10.0 (/opt/ros/humble/share/ament_cmake_ros/cmake)
[1.784s] -- Using all available rosidl_typesupport_c: rosidl_typesupport_fastrtps_c;rosidl_typesupport_introspection_c
[2.295s] -- Using all available rosidl_typesupport_cpp: rosidl_typesupport_fastrtps_cpp;rosidl_typesupport_introspection_cpp
[2.369s] -- Found python_cmake_module: 0.10.0 (/opt/ros/humble/share/python_cmake_module/cmake)
[2.434s] -- Using PYTHON_EXECUTABLE: /usr/bin/python3
[2.434s] -- Using PYTHON_INCLUDE_DIRS: /usr/include/python3.10
[2.434s] -- Using PYTHON_LIBRARIES: /usr/lib/x86_64-linux-gnu/libpython3.10.so
[2.584s] -- Configuring done
[2.744s] -- Generating done
[2.751s] -- Build files have been written to: /home/icrs/icrsUR/build/ur_dashboard_msgs
[2.771s] Invoked command in '/home/icrs/icrsUR/build/ur_dashboard_msgs' returned '0': CMAKE_PREFIX_PATH=${CMAKE_PREFIX_PATH}:/home/icrs/icrsUR/install/camera_control:/home/icrs/icrsUR/install/gripper_control:/opt/ros/humble /usr/bin/cmake /home/icrs/icrsUR/src/Universal_Robots_ROS2_Driver/ur_dashboard_msgs -DCMAKE_INSTALL_PREFIX=/home/icrs/icrsUR/install/ur_dashboard_msgs
[2.775s] Invoking command in '/home/icrs/icrsUR/build/ur_dashboard_msgs': CMAKE_PREFIX_PATH=${CMAKE_PREFIX_PATH}:/home/icrs/icrsUR/install/camera_control:/home/icrs/icrsUR/install/gripper_control:/opt/ros/humble /usr/bin/cmake --build /home/icrs/icrsUR/build/ur_dashboard_msgs -- -j8 -l8
[2.874s] [35m[1mConsolidate compiler generated dependencies of target ur_dashboard_msgs__rosidl_generator_c[0m
[2.881s] [  0%] Built target ur_dashboard_msgs__cpp
[2.892s] [  0%] Built target ament_cmake_python_symlink_ur_dashboard_msgs
[2.906s] [ 12%] Built target ur_dashboard_msgs__rosidl_generator_c
[2.922s] [35m[1mConsolidate compiler generated dependencies of target ur_dashboard_msgs__rosidl_typesupport_cpp[0m
[2.931s] [35m[1mConsolidate compiler generated dependencies of target ur_dashboard_msgs__rosidl_typesupport_fastrtps_cpp[0m
[2.938s] [35m[1mConsolidate compiler generated dependencies of target ur_dashboard_msgs__rosidl_typesupport_introspection_cpp[0m
[2.958s] [35m[1mConsolidate compiler generated dependencies of target ur_dashboard_msgs__rosidl_typesupport_fastrtps_c[0m
[2.958s] [35m[1mConsolidate compiler generated dependencies of target ur_dashboard_msgs__rosidl_typesupport_introspection_c[0m
[2.965s] [ 24%] Built target ur_dashboard_msgs__rosidl_typesupport_cpp
[2.966s] [35m[1mConsolidate compiler generated dependencies of target ur_dashboard_msgs__rosidl_typesupport_c[0m
[2.999s] [ 36%] Built target ur_dashboard_msgs__rosidl_typesupport_introspection_c
[3.005s] [ 48%] Built target ur_dashboard_msgs__rosidl_typesupport_c
[3.015s] [ 60%] Built target ur_dashboard_msgs__rosidl_typesupport_introspection_cpp
[3.015s] [ 72%] Built target ur_dashboard_msgs__rosidl_typesupport_fastrtps_c
[3.016s] [ 84%] Built target ur_dashboard_msgs__rosidl_typesupport_fastrtps_cpp
[3.054s] [ 84%] Built target ur_dashboard_msgs
[3.088s] [ 85%] Built target ur_dashboard_msgs__py
[3.118s] [35m[1mConsolidate compiler generated dependencies of target ur_dashboard_msgs__rosidl_generator_py[0m
[3.160s] [ 96%] Built target ur_dashboard_msgs__rosidl_generator_py
[3.182s] [35m[1mConsolidate compiler generated dependencies of target ur_dashboard_msgs__rosidl_typesupport_introspection_c__pyext[0m
[3.183s] [35m[1mConsolidate compiler generated dependencies of target ur_dashboard_msgs__rosidl_typesupport_c__pyext[0m
[3.189s] [35m[1mConsolidate compiler generated dependencies of target ur_dashboard_msgs__rosidl_typesupport_fastrtps_c__pyext[0m
[3.212s] [ 97%] Built target ur_dashboard_msgs__rosidl_typesupport_c__pyext
[3.214s] [ 98%] Built target ur_dashboard_msgs__rosidl_typesupport_fastrtps_c__pyext
[3.220s] [100%] Built target ur_dashboard_msgs__rosidl_typesupport_introspection_c__pyext
[3.474s] running egg_info
[3.475s] writing ur_dashboard_msgs.egg-info/PKG-INFO
[3.476s] writing dependency_links to ur_dashboard_msgs.egg-info/dependency_links.txt
[3.476s] writing top-level names to ur_dashboard_msgs.egg-info/top_level.txt
[3.480s] reading manifest file 'ur_dashboard_msgs.egg-info/SOURCES.txt'
[3.481s] writing manifest file 'ur_dashboard_msgs.egg-info/SOURCES.txt'
[3.523s] [100%] Built target ament_cmake_python_build_ur_dashboard_msgs_egg
[3.780s] Invoked command in '/home/icrs/icrsUR/build/ur_dashboard_msgs' returned '0': CMAKE_PREFIX_PATH=${CMAKE_PREFIX_PATH}:/home/icrs/icrsUR/install/camera_control:/home/icrs/icrsUR/install/gripper_control:/opt/ros/humble /usr/bin/cmake --build /home/icrs/icrsUR/build/ur_dashboard_msgs -- -j8 -l8
[4.155s] Invoking command in '/home/icrs/icrsUR/build/ur_dashboard_msgs': CMAKE_PREFIX_PATH=${CMAKE_PREFIX_PATH}:/home/icrs/icrsUR/install/camera_control:/home/icrs/icrsUR/install/gripper_control:/opt/ros/humble /usr/bin/cmake --install /home/icrs/icrsUR/build/ur_dashboard_msgs
[4.170s] -- Install configuration: ""
[4.171s] -- Execute custom install script
[4.172s] -- Up-to-date symlink: /home/icrs/icrsUR/install/ur_dashboard_msgs/share/ament_index/resource_index/rosidl_interfaces/ur_dashboard_msgs
[4.173s] -- Up-to-date symlink: /home/icrs/icrsUR/install/ur_dashboard_msgs/include/ur_dashboard_msgs/ur_dashboard_msgs/action/detail/set_mode__functions.h
[4.173s] -- Up-to-date symlink: /home/icrs/icrsUR/install/ur_dashboard_msgs/include/ur_dashboard_msgs/ur_dashboard_msgs/action/detail/set_mode__struct.h
[4.174s] -- Up-to-date symlink: /home/icrs/icrsUR/install/ur_dashboard_msgs/include/ur_dashboard_msgs/ur_dashboard_msgs/action/detail/set_mode__type_support.h
[4.174s] -- Up-to-date symlink: /home/icrs/icrsUR/install/ur_dashboard_msgs/include/ur_dashboard_msgs/ur_dashboard_msgs/action/set_mode.h
[4.174s] -- Up-to-date symlink: /home/icrs/icrsUR/install/ur_dashboard_msgs/include/ur_dashboard_msgs/ur_dashboard_msgs/msg/detail/program_state__functions.h
[4.174s] -- Up-to-date symlink: /home/icrs/icrsUR/install/ur_dashboard_msgs/include/ur_dashboard_msgs/ur_dashboard_msgs/msg/detail/program_state__struct.h
[4.174s] -- Up-to-date symlink: /home/icrs/icrsUR/install/ur_dashboard_msgs/include/ur_dashboard_msgs/ur_dashboard_msgs/msg/detail/program_state__type_support.h
[4.176s] -- Up-to-date symlink: /home/icrs/icrsUR/install/ur_dashboard_msgs/include/ur_dashboard_msgs/ur_dashboard_msgs/msg/detail/robot_mode__functions.h
[4.177s] -- Up-to-date symlink: /home/icrs/icrsUR/install/ur_dashboard_msgs/include/ur_dashboard_msgs/ur_dashboard_msgs/msg/detail/robot_mode__struct.h
[4.177s] -- Up-to-date symlink: /home/icrs/icrsUR/install/ur_dashboard_msgs/include/ur_dashboard_msgs/ur_dashboard_msgs/msg/detail/robot_mode__type_support.h
[4.177s] -- Up-to-date symlink: /home/icrs/icrsUR/install/ur_dashboard_msgs/include/ur_dashboard_msgs/ur_dashboard_msgs/msg/detail/safety_mode__functions.h
[4.177s] -- Up-to-date symlink: /home/icrs/icrsUR/install/ur_dashboard_msgs/include/ur_dashboard_msgs/ur_dashboard_msgs/msg/detail/safety_mode__struct.h
[4.178s] -- Up-to-date symlink: /home/icrs/icrsUR/install/ur_dashboard_msgs/include/ur_dashboard_msgs/ur_dashboard_msgs/msg/detail/safety_mode__type_support.h
[4.178s] -- Up-to-date symlink: /home/icrs/icrsUR/install/ur_dashboard_msgs/include/ur_dashboard_msgs/ur_dashboard_msgs/msg/program_state.h
[4.178s] -- Up-to-date symlink: /home/icrs/icrsUR/install/ur_dashboard_msgs/include/ur_dashboard_msgs/ur_dashboard_msgs/msg/robot_mode.h
[4.178s] -- Up-to-date symlink: /home/icrs/icrsUR/install/ur_dashboard_msgs/include/ur_dashboard_msgs/ur_dashboard_msgs/msg/rosidl_generator_c__visibility_control.h
[4.178s] -- Up-to-date symlink: /home/icrs/icrsUR/install/ur_dashboard_msgs/include/ur_dashboard_msgs/ur_dashboard_msgs/msg/safety_mode.h
[4.179s] -- Up-to-date symlink: /home/icrs/icrsUR/install/ur_dashboard_msgs/include/ur_dashboard_msgs/ur_dashboard_msgs/srv/add_to_log.h
[4.179s] -- Up-to-date symlink: /home/icrs/icrsUR/install/ur_dashboard_msgs/include/ur_dashboard_msgs/ur_dashboard_msgs/srv/detail/add_to_log__functions.h
[4.179s] -- Up-to-date symlink: /home/icrs/icrsUR/install/ur_dashboard_msgs/include/ur_dashboard_msgs/ur_dashboard_msgs/srv/detail/add_to_log__struct.h
[4.179s] -- Up-to-date symlink: /home/icrs/icrsUR/install/ur_dashboard_msgs/include/ur_dashboard_msgs/ur_dashboard_msgs/srv/detail/add_to_log__type_support.h
[4.179s] -- Up-to-date symlink: /home/icrs/icrsUR/install/ur_dashboard_msgs/include/ur_dashboard_msgs/ur_dashboard_msgs/srv/detail/get_loaded_program__functions.h
[4.179s] -- Up-to-date symlink: /home/icrs/icrsUR/install/ur_dashboard_msgs/include/ur_dashboard_msgs/ur_dashboard_msgs/srv/detail/get_loaded_program__struct.h
[4.179s] -- Up-to-date symlink: /home/icrs/icrsUR/install/ur_dashboard_msgs/include/ur_dashboard_msgs/ur_dashboard_msgs/srv/detail/get_loaded_program__type_support.h
[4.180s] -- Up-to-date symlink: /home/icrs/icrsUR/install/ur_dashboard_msgs/include/ur_dashboard_msgs/ur_dashboard_msgs/srv/detail/get_program_state__functions.h
[4.180s] -- Up-to-date symlink: /home/icrs/icrsUR/install/ur_dashboard_msgs/include/ur_dashboard_msgs/ur_dashboard_msgs/srv/detail/get_program_state__struct.h
[4.180s] -- Up-to-date symlink: /home/icrs/icrsUR/install/ur_dashboard_msgs/include/ur_dashboard_msgs/ur_dashboard_msgs/srv/detail/get_program_state__type_support.h
[4.180s] -- Up-to-date symlink: /home/icrs/icrsUR/install/ur_dashboard_msgs/include/ur_dashboard_msgs/ur_dashboard_msgs/srv/detail/get_robot_mode__functions.h
[4.180s] -- Up-to-date symlink: /home/icrs/icrsUR/install/ur_dashboard_msgs/include/ur_dashboard_msgs/ur_dashboard_msgs/srv/detail/get_robot_mode__struct.h
[4.180s] -- Up-to-date symlink: /home/icrs/icrsUR/install/ur_dashboard_msgs/include/ur_dashboard_msgs/ur_dashboard_msgs/srv/detail/get_robot_mode__type_support.h
[4.181s] -- Up-to-date symlink: /home/icrs/icrsUR/install/ur_dashboard_msgs/include/ur_dashboard_msgs/ur_dashboard_msgs/srv/detail/get_safety_mode__functions.h
[4.181s] -- Up-to-date symlink: /home/icrs/icrsUR/install/ur_dashboard_msgs/include/ur_dashboard_msgs/ur_dashboard_msgs/srv/detail/get_safety_mode__struct.h
[4.181s] -- Up-to-date symlink: /home/icrs/icrsUR/install/ur_dashboard_msgs/include/ur_dashboard_msgs/ur_dashboard_msgs/srv/detail/get_safety_mode__type_support.h
[4.181s] -- Up-to-date symlink: /home/icrs/icrsUR/install/ur_dashboard_msgs/include/ur_dashboard_msgs/ur_dashboard_msgs/srv/detail/is_program_running__functions.h
[4.181s] -- Up-to-date symlink: /home/icrs/icrsUR/install/ur_dashboard_msgs/include/ur_dashboard_msgs/ur_dashboard_msgs/srv/detail/is_program_running__struct.h
[4.182s] -- Up-to-date symlink: /home/icrs/icrsUR/install/ur_dashboard_msgs/include/ur_dashboard_msgs/ur_dashboard_msgs/srv/detail/is_program_running__type_support.h
[4.182s] -- Up-to-date symlink: /home/icrs/icrsUR/install/ur_dashboard_msgs/include/ur_dashboard_msgs/ur_dashboard_msgs/srv/detail/is_program_saved__functions.h
[4.182s] -- Up-to-date symlink: /home/icrs/icrsUR/install/ur_dashboard_msgs/include/ur_dashboard_msgs/ur_dashboard_msgs/srv/detail/is_program_saved__struct.h
[4.182s] -- Up-to-date symlink: /home/icrs/icrsUR/install/ur_dashboard_msgs/include/ur_dashboard_msgs/ur_dashboard_msgs/srv/detail/is_program_saved__type_support.h
[4.182s] -- Up-to-date symlink: /home/icrs/icrsUR/install/ur_dashboard_msgs/include/ur_dashboard_msgs/ur_dashboard_msgs/srv/detail/load__functions.h
[4.182s] -- Up-to-date symlink: /home/icrs/icrsUR/install/ur_dashboard_msgs/include/ur_dashboard_msgs/ur_dashboard_msgs/srv/detail/load__struct.h
[4.182s] -- Up-to-date symlink: /home/icrs/icrsUR/install/ur_dashboard_msgs/include/ur_dashboard_msgs/ur_dashboard_msgs/srv/detail/load__type_support.h
[4.183s] -- Up-to-date symlink: /home/icrs/icrsUR/install/ur_dashboard_msgs/include/ur_dashboard_msgs/ur_dashboard_msgs/srv/detail/popup__functions.h
[4.183s] -- Up-to-date symlink: /home/icrs/icrsUR/install/ur_dashboard_msgs/include/ur_dashboard_msgs/ur_dashboard_msgs/srv/detail/popup__struct.h
[4.183s] -- Up-to-date symlink: /home/icrs/icrsUR/install/ur_dashboard_msgs/include/ur_dashboard_msgs/ur_dashboard_msgs/srv/detail/popup__type_support.h
[4.183s] -- Up-to-date symlink: /home/icrs/icrsUR/install/ur_dashboard_msgs/include/ur_dashboard_msgs/ur_dashboard_msgs/srv/detail/raw_request__functions.h
[4.183s] -- Up-to-date symlink: /home/icrs/icrsUR/install/ur_dashboard_msgs/include/ur_dashboard_msgs/ur_dashboard_msgs/srv/detail/raw_request__struct.h
[4.183s] -- Up-to-date symlink: /home/icrs/icrsUR/install/ur_dashboard_msgs/include/ur_dashboard_msgs/ur_dashboard_msgs/srv/detail/raw_request__type_support.h
[4.184s] -- Up-to-date symlink: /home/icrs/icrsUR/install/ur_dashboard_msgs/include/ur_dashboard_msgs/ur_dashboard_msgs/srv/get_loaded_program.h
[4.184s] -- Up-to-date symlink: /home/icrs/icrsUR/install/ur_dashboard_msgs/include/ur_dashboard_msgs/ur_dashboard_msgs/srv/get_program_state.h
[4.184s] -- Up-to-date symlink: /home/icrs/icrsUR/install/ur_dashboard_msgs/include/ur_dashboard_msgs/ur_dashboard_msgs/srv/get_robot_mode.h
[4.184s] -- Up-to-date symlink: /home/icrs/icrsUR/install/ur_dashboard_msgs/include/ur_dashboard_msgs/ur_dashboard_msgs/srv/get_safety_mode.h
[4.184s] -- Up-to-date symlink: /home/icrs/icrsUR/install/ur_dashboard_msgs/include/ur_dashboard_msgs/ur_dashboard_msgs/srv/is_program_running.h
[4.184s] -- Up-to-date symlink: /home/icrs/icrsUR/install/ur_dashboard_msgs/include/ur_dashboard_msgs/ur_dashboard_msgs/srv/is_program_saved.h
[4.185s] -- Up-to-date symlink: /home/icrs/icrsUR/install/ur_dashboard_msgs/include/ur_dashboard_msgs/ur_dashboard_msgs/srv/load.h
[4.185s] -- Up-to-date symlink: /home/icrs/icrsUR/install/ur_dashboard_msgs/include/ur_dashboard_msgs/ur_dashboard_msgs/srv/popup.h
[4.185s] -- Up-to-date symlink: /home/icrs/icrsUR/install/ur_dashboard_msgs/include/ur_dashboard_msgs/ur_dashboard_msgs/srv/raw_request.h
[4.185s] -- Up-to-date symlink: /home/icrs/icrsUR/install/ur_dashboard_msgs/share/ur_dashboard_msgs/environment/library_path.sh
[4.185s] -- Up-to-date symlink: /home/icrs/icrsUR/install/ur_dashboard_msgs/share/ur_dashboard_msgs/environment/library_path.dsv
[4.187s] -- Up-to-date symlink: /home/icrs/icrsUR/install/ur_dashboard_msgs/include/ur_dashboard_msgs/ur_dashboard_msgs/action/detail/set_mode__rosidl_typesupport_fastrtps_c.h
[4.187s] -- Up-to-date symlink: /home/icrs/icrsUR/install/ur_dashboard_msgs/include/ur_dashboard_msgs/ur_dashboard_msgs/msg/detail/program_state__rosidl_typesupport_fastrtps_c.h
[4.187s] -- Up-to-date symlink: /home/icrs/icrsUR/install/ur_dashboard_msgs/include/ur_dashboard_msgs/ur_dashboard_msgs/msg/detail/robot_mode__rosidl_typesupport_fastrtps_c.h
[4.187s] -- Up-to-date symlink: /home/icrs/icrsUR/install/ur_dashboard_msgs/include/ur_dashboard_msgs/ur_dashboard_msgs/msg/detail/safety_mode__rosidl_typesupport_fastrtps_c.h
[4.187s] -- Up-to-date symlink: /home/icrs/icrsUR/install/ur_dashboard_msgs/include/ur_dashboard_msgs/ur_dashboard_msgs/msg/rosidl_typesupport_fastrtps_c__visibility_control.h
[4.188s] -- Up-to-date symlink: /home/icrs/icrsUR/install/ur_dashboard_msgs/include/ur_dashboard_msgs/ur_dashboard_msgs/srv/detail/add_to_log__rosidl_typesupport_fastrtps_c.h
[4.189s] -- Up-to-date symlink: /home/icrs/icrsUR/install/ur_dashboard_msgs/include/ur_dashboard_msgs/ur_dashboard_msgs/srv/detail/get_loaded_program__rosidl_typesupport_fastrtps_c.h
[4.189s] -- Up-to-date symlink: /home/icrs/icrsUR/install/ur_dashboard_msgs/include/ur_dashboard_msgs/ur_dashboard_msgs/srv/detail/get_program_state__rosidl_typesupport_fastrtps_c.h
[4.189s] -- Up-to-date symlink: /home/icrs/icrsUR/install/ur_dashboard_msgs/include/ur_dashboard_msgs/ur_dashboard_msgs/srv/detail/get_robot_mode__rosidl_typesupport_fastrtps_c.h
[4.189s] -- Up-to-date symlink: /home/icrs/icrsUR/install/ur_dashboard_msgs/include/ur_dashboard_msgs/ur_dashboard_msgs/srv/detail/get_safety_mode__rosidl_typesupport_fastrtps_c.h
[4.189s] -- Up-to-date symlink: /home/icrs/icrsUR/install/ur_dashboard_msgs/include/ur_dashboard_msgs/ur_dashboard_msgs/srv/detail/is_program_running__rosidl_typesupport_fastrtps_c.h
[4.190s] -- Up-to-date symlink: /home/icrs/icrsUR/install/ur_dashboard_msgs/include/ur_dashboard_msgs/ur_dashboard_msgs/srv/detail/is_program_saved__rosidl_typesupport_fastrtps_c.h
[4.190s] -- Up-to-date symlink: /home/icrs/icrsUR/install/ur_dashboard_msgs/include/ur_dashboard_msgs/ur_dashboard_msgs/srv/detail/load__rosidl_typesupport_fastrtps_c.h
[4.191s] -- Up-to-date symlink: /home/icrs/icrsUR/install/ur_dashboard_msgs/include/ur_dashboard_msgs/ur_dashboard_msgs/srv/detail/popup__rosidl_typesupport_fastrtps_c.h
[4.191s] -- Up-to-date symlink: /home/icrs/icrsUR/install/ur_dashboard_msgs/include/ur_dashboard_msgs/ur_dashboard_msgs/srv/detail/raw_request__rosidl_typesupport_fastrtps_c.h
[4.191s] -- Up-to-date symlink: /home/icrs/icrsUR/install/ur_dashboard_msgs/include/ur_dashboard_msgs/ur_dashboard_msgs/action/detail/set_mode__rosidl_typesupport_introspection_c.h
[4.192s] -- Up-to-date symlink: /home/icrs/icrsUR/install/ur_dashboard_msgs/include/ur_dashboard_msgs/ur_dashboard_msgs/msg/detail/program_state__rosidl_typesupport_introspection_c.h
[4.192s] -- Up-to-date symlink: /home/icrs/icrsUR/install/ur_dashboard_msgs/include/ur_dashboard_msgs/ur_dashboard_msgs/msg/detail/robot_mode__rosidl_typesupport_introspection_c.h
[4.193s] -- Up-to-date symlink: /home/icrs/icrsUR/install/ur_dashboard_msgs/include/ur_dashboard_msgs/ur_dashboard_msgs/msg/detail/safety_mode__rosidl_typesupport_introspection_c.h
[4.193s] -- Up-to-date symlink: /home/icrs/icrsUR/install/ur_dashboard_msgs/include/ur_dashboard_msgs/ur_dashboard_msgs/msg/rosidl_typesupport_introspection_c__visibility_control.h
[4.193s] -- Up-to-date symlink: /home/icrs/icrsUR/install/ur_dashboard_msgs/include/ur_dashboard_msgs/ur_dashboard_msgs/srv/detail/add_to_log__rosidl_typesupport_introspection_c.h
[4.193s] -- Up-to-date symlink: /home/icrs/icrsUR/install/ur_dashboard_msgs/include/ur_dashboard_msgs/ur_dashboard_msgs/srv/detail/get_loaded_program__rosidl_typesupport_introspection_c.h
[4.194s] -- Up-to-date symlink: /home/icrs/icrsUR/install/ur_dashboard_msgs/include/ur_dashboard_msgs/ur_dashboard_msgs/srv/detail/get_program_state__rosidl_typesupport_introspection_c.h
[4.194s] -- Up-to-date symlink: /home/icrs/icrsUR/install/ur_dashboard_msgs/include/ur_dashboard_msgs/ur_dashboard_msgs/srv/detail/get_robot_mode__rosidl_typesupport_introspection_c.h
[4.194s] -- Up-to-date symlink: /home/icrs/icrsUR/install/ur_dashboard_msgs/include/ur_dashboard_msgs/ur_dashboard_msgs/srv/detail/get_safety_mode__rosidl_typesupport_introspection_c.h
[4.194s] -- Up-to-date symlink: /home/icrs/icrsUR/install/ur_dashboard_msgs/include/ur_dashboard_msgs/ur_dashboard_msgs/srv/detail/is_program_running__rosidl_typesupport_introspection_c.h
[4.195s] -- Up-to-date symlink: /home/icrs/icrsUR/install/ur_dashboard_msgs/include/ur_dashboard_msgs/ur_dashboard_msgs/srv/detail/is_program_saved__rosidl_typesupport_introspection_c.h
[4.195s] -- Up-to-date symlink: /home/icrs/icrsUR/install/ur_dashboard_msgs/include/ur_dashboard_msgs/ur_dashboard_msgs/srv/detail/load__rosidl_typesupport_introspection_c.h
[4.195s] -- Up-to-date symlink: /home/icrs/icrsUR/install/ur_dashboard_msgs/include/ur_dashboard_msgs/ur_dashboard_msgs/srv/detail/popup__rosidl_typesupport_introspection_c.h
[4.195s] -- Up-to-date symlink: /home/icrs/icrsUR/install/ur_dashboard_msgs/include/ur_dashboard_msgs/ur_dashboard_msgs/srv/detail/raw_request__rosidl_typesupport_introspection_c.h
[4.196s] -- Up-to-date symlink: /home/icrs/icrsUR/install/ur_dashboard_msgs/include/ur_dashboard_msgs/ur_dashboard_msgs/action/detail/set_mode__builder.hpp
[4.196s] -- Up-to-date symlink: /home/icrs/icrsUR/install/ur_dashboard_msgs/include/ur_dashboard_msgs/ur_dashboard_msgs/action/detail/set_mode__struct.hpp
[4.196s] -- Up-to-date symlink: /home/icrs/icrsUR/install/ur_dashboard_msgs/include/ur_dashboard_msgs/ur_dashboard_msgs/action/detail/set_mode__traits.hpp
[4.197s] -- Up-to-date symlink: /home/icrs/icrsUR/install/ur_dashboard_msgs/include/ur_dashboard_msgs/ur_dashboard_msgs/action/set_mode.hpp
[4.197s] -- Up-to-date symlink: /home/icrs/icrsUR/install/ur_dashboard_msgs/include/ur_dashboard_msgs/ur_dashboard_msgs/msg/detail/program_state__builder.hpp
[4.197s] -- Up-to-date symlink: /home/icrs/icrsUR/install/ur_dashboard_msgs/include/ur_dashboard_msgs/ur_dashboard_msgs/msg/detail/program_state__struct.hpp
[4.197s] -- Up-to-date symlink: /home/icrs/icrsUR/install/ur_dashboard_msgs/include/ur_dashboard_msgs/ur_dashboard_msgs/msg/detail/program_state__traits.hpp
[4.198s] -- Up-to-date symlink: /home/icrs/icrsUR/install/ur_dashboard_msgs/include/ur_dashboard_msgs/ur_dashboard_msgs/msg/detail/robot_mode__builder.hpp
[4.198s] -- Up-to-date symlink: /home/icrs/icrsUR/install/ur_dashboard_msgs/include/ur_dashboard_msgs/ur_dashboard_msgs/msg/detail/robot_mode__struct.hpp
[4.198s] -- Up-to-date symlink: /home/icrs/icrsUR/install/ur_dashboard_msgs/include/ur_dashboard_msgs/ur_dashboard_msgs/msg/detail/robot_mode__traits.hpp
[4.198s] -- Up-to-date symlink: /home/icrs/icrsUR/install/ur_dashboard_msgs/include/ur_dashboard_msgs/ur_dashboard_msgs/msg/detail/safety_mode__builder.hpp
[4.198s] -- Up-to-date symlink: /home/icrs/icrsUR/install/ur_dashboard_msgs/include/ur_dashboard_msgs/ur_dashboard_msgs/msg/detail/safety_mode__struct.hpp
[4.198s] -- Up-to-date symlink: /home/icrs/icrsUR/install/ur_dashboard_msgs/include/ur_dashboard_msgs/ur_dashboard_msgs/msg/detail/safety_mode__traits.hpp
[4.199s] -- Up-to-date symlink: /home/icrs/icrsUR/install/ur_dashboard_msgs/include/ur_dashboard_msgs/ur_dashboard_msgs/msg/program_state.hpp
[4.199s] -- Up-to-date symlink: /home/icrs/icrsUR/install/ur_dashboard_msgs/include/ur_dashboard_msgs/ur_dashboard_msgs/msg/robot_mode.hpp
[4.199s] -- Up-to-date symlink: /home/icrs/icrsUR/install/ur_dashboard_msgs/include/ur_dashboard_msgs/ur_dashboard_msgs/msg/safety_mode.hpp
[4.199s] -- Up-to-date symlink: /home/icrs/icrsUR/install/ur_dashboard_msgs/include/ur_dashboard_msgs/ur_dashboard_msgs/srv/add_to_log.hpp
[4.199s] -- Up-to-date symlink: /home/icrs/icrsUR/install/ur_dashboard_msgs/include/ur_dashboard_msgs/ur_dashboard_msgs/srv/detail/add_to_log__builder.hpp
[4.200s] -- Up-to-date symlink: /home/icrs/icrsUR/install/ur_dashboard_msgs/include/ur_dashboard_msgs/ur_dashboard_msgs/srv/detail/add_to_log__struct.hpp
[4.200s] -- Up-to-date symlink: /home/icrs/icrsUR/install/ur_dashboard_msgs/include/ur_dashboard_msgs/ur_dashboard_msgs/srv/detail/add_to_log__traits.hpp
[4.200s] -- Up-to-date symlink: /home/icrs/icrsUR/install/ur_dashboard_msgs/include/ur_dashboard_msgs/ur_dashboard_msgs/srv/detail/get_loaded_program__builder.hpp
[4.200s] -- Up-to-date symlink: /home/icrs/icrsUR/install/ur_dashboard_msgs/include/ur_dashboard_msgs/ur_dashboard_msgs/srv/detail/get_loaded_program__struct.hpp
[4.200s] -- Up-to-date symlink: /home/icrs/icrsUR/install/ur_dashboard_msgs/include/ur_dashboard_msgs/ur_dashboard_msgs/srv/detail/get_loaded_program__traits.hpp
[4.201s] -- Up-to-date symlink: /home/icrs/icrsUR/install/ur_dashboard_msgs/include/ur_dashboard_msgs/ur_dashboard_msgs/srv/detail/get_program_state__builder.hpp
[4.201s] -- Up-to-date symlink: /home/icrs/icrsUR/install/ur_dashboard_msgs/include/ur_dashboard_msgs/ur_dashboard_msgs/srv/detail/get_program_state__struct.hpp
[4.201s] -- Up-to-date symlink: /home/icrs/icrsUR/install/ur_dashboard_msgs/include/ur_dashboard_msgs/ur_dashboard_msgs/srv/detail/get_program_state__traits.hpp
[4.201s] -- Up-to-date symlink: /home/icrs/icrsUR/install/ur_dashboard_msgs/include/ur_dashboard_msgs/ur_dashboard_msgs/srv/detail/get_robot_mode__builder.hpp
[4.202s] -- Up-to-date symlink: /home/icrs/icrsUR/install/ur_dashboard_msgs/include/ur_dashboard_msgs/ur_dashboard_msgs/srv/detail/get_robot_mode__struct.hpp
[4.202s] -- Up-to-date symlink: /home/icrs/icrsUR/install/ur_dashboard_msgs/include/ur_dashboard_msgs/ur_dashboard_msgs/srv/detail/get_robot_mode__traits.hpp
[4.202s] -- Up-to-date symlink: /home/icrs/icrsUR/install/ur_dashboard_msgs/include/ur_dashboard_msgs/ur_dashboard_msgs/srv/detail/get_safety_mode__builder.hpp
[4.202s] -- Up-to-date symlink: /home/icrs/icrsUR/install/ur_dashboard_msgs/include/ur_dashboard_msgs/ur_dashboard_msgs/srv/detail/get_safety_mode__struct.hpp
[4.202s] -- Up-to-date symlink: /home/icrs/icrsUR/install/ur_dashboard_msgs/include/ur_dashboard_msgs/ur_dashboard_msgs/srv/detail/get_safety_mode__traits.hpp
[4.203s] -- Up-to-date symlink: /home/icrs/icrsUR/install/ur_dashboard_msgs/include/ur_dashboard_msgs/ur_dashboard_msgs/srv/detail/is_program_running__builder.hpp
[4.203s] -- Up-to-date symlink: /home/icrs/icrsUR/install/ur_dashboard_msgs/include/ur_dashboard_msgs/ur_dashboard_msgs/srv/detail/is_program_running__struct.hpp
[4.203s] -- Up-to-date symlink: /home/icrs/icrsUR/install/ur_dashboard_msgs/include/ur_dashboard_msgs/ur_dashboard_msgs/srv/detail/is_program_running__traits.hpp
[4.203s] -- Up-to-date symlink: /home/icrs/icrsUR/install/ur_dashboard_msgs/include/ur_dashboard_msgs/ur_dashboard_msgs/srv/detail/is_program_saved__builder.hpp
[4.203s] -- Up-to-date symlink: /home/icrs/icrsUR/install/ur_dashboard_msgs/include/ur_dashboard_msgs/ur_dashboard_msgs/srv/detail/is_program_saved__struct.hpp
[4.204s] -- Up-to-date symlink: /home/icrs/icrsUR/install/ur_dashboard_msgs/include/ur_dashboard_msgs/ur_dashboard_msgs/srv/detail/is_program_saved__traits.hpp
[4.204s] -- Up-to-date symlink: /home/icrs/icrsUR/install/ur_dashboard_msgs/include/ur_dashboard_msgs/ur_dashboard_msgs/srv/detail/load__builder.hpp
[4.204s] -- Up-to-date symlink: /home/icrs/icrsUR/install/ur_dashboard_msgs/include/ur_dashboard_msgs/ur_dashboard_msgs/srv/detail/load__struct.hpp
[4.204s] -- Up-to-date symlink: /home/icrs/icrsUR/install/ur_dashboard_msgs/include/ur_dashboard_msgs/ur_dashboard_msgs/srv/detail/load__traits.hpp
[4.204s] -- Up-to-date symlink: /home/icrs/icrsUR/install/ur_dashboard_msgs/include/ur_dashboard_msgs/ur_dashboard_msgs/srv/detail/popup__builder.hpp
[4.205s] -- Up-to-date symlink: /home/icrs/icrsUR/install/ur_dashboard_msgs/include/ur_dashboard_msgs/ur_dashboard_msgs/srv/detail/popup__struct.hpp
[4.205s] -- Up-to-date symlink: /home/icrs/icrsUR/install/ur_dashboard_msgs/include/ur_dashboard_msgs/ur_dashboard_msgs/srv/detail/popup__traits.hpp
[4.205s] -- Up-to-date symlink: /home/icrs/icrsUR/install/ur_dashboard_msgs/include/ur_dashboard_msgs/ur_dashboard_msgs/srv/detail/raw_request__builder.hpp
[4.205s] -- Up-to-date symlink: /home/icrs/icrsUR/install/ur_dashboard_msgs/include/ur_dashboard_msgs/ur_dashboard_msgs/srv/detail/raw_request__struct.hpp
[4.208s] -- Up-to-date symlink: /home/icrs/icrsUR/install/ur_dashboard_msgs/include/ur_dashboard_msgs/ur_dashboard_msgs/srv/detail/raw_request__traits.hpp
[4.209s] -- Up-to-date symlink: /home/icrs/icrsUR/install/ur_dashboard_msgs/include/ur_dashboard_msgs/ur_dashboard_msgs/srv/get_loaded_program.hpp
[4.209s] -- Up-to-date symlink: /home/icrs/icrsUR/install/ur_dashboard_msgs/include/ur_dashboard_msgs/ur_dashboard_msgs/srv/get_program_state.hpp
[4.209s] -- Up-to-date symlink: /home/icrs/icrsUR/install/ur_dashboard_msgs/include/ur_dashboard_msgs/ur_dashboard_msgs/srv/get_robot_mode.hpp
[4.209s] -- Up-to-date symlink: /home/icrs/icrsUR/install/ur_dashboard_msgs/include/ur_dashboard_msgs/ur_dashboard_msgs/srv/get_safety_mode.hpp
[4.209s] -- Up-to-date symlink: /home/icrs/icrsUR/install/ur_dashboard_msgs/include/ur_dashboard_msgs/ur_dashboard_msgs/srv/is_program_running.hpp
[4.210s] -- Up-to-date symlink: /home/icrs/icrsUR/install/ur_dashboard_msgs/include/ur_dashboard_msgs/ur_dashboard_msgs/srv/is_program_saved.hpp
[4.210s] -- Up-to-date symlink: /home/icrs/icrsUR/install/ur_dashboard_msgs/include/ur_dashboard_msgs/ur_dashboard_msgs/srv/load.hpp
[4.210s] -- Up-to-date symlink: /home/icrs/icrsUR/install/ur_dashboard_msgs/include/ur_dashboard_msgs/ur_dashboard_msgs/srv/popup.hpp
[4.210s] -- Up-to-date symlink: /home/icrs/icrsUR/install/ur_dashboard_msgs/include/ur_dashboard_msgs/ur_dashboard_msgs/srv/raw_request.hpp
[4.210s] -- Up-to-date symlink: /home/icrs/icrsUR/install/ur_dashboard_msgs/include/ur_dashboard_msgs/ur_dashboard_msgs/action/detail/set_mode__rosidl_typesupport_fastrtps_cpp.hpp
[4.210s] -- Up-to-date symlink: /home/icrs/icrsUR/install/ur_dashboard_msgs/include/ur_dashboard_msgs/ur_dashboard_msgs/msg/detail/program_state__rosidl_typesupport_fastrtps_cpp.hpp
[4.210s] -- Up-to-date symlink: /home/icrs/icrsUR/install/ur_dashboard_msgs/include/ur_dashboard_msgs/ur_dashboard_msgs/msg/detail/robot_mode__rosidl_typesupport_fastrtps_cpp.hpp
[4.211s] -- Up-to-date symlink: /home/icrs/icrsUR/install/ur_dashboard_msgs/include/ur_dashboard_msgs/ur_dashboard_msgs/msg/detail/safety_mode__rosidl_typesupport_fastrtps_cpp.hpp
[4.211s] -- Up-to-date symlink: /home/icrs/icrsUR/install/ur_dashboard_msgs/include/ur_dashboard_msgs/ur_dashboard_msgs/msg/rosidl_typesupport_fastrtps_cpp__visibility_control.h
[4.211s] -- Up-to-date symlink: /home/icrs/icrsUR/install/ur_dashboard_msgs/include/ur_dashboard_msgs/ur_dashboard_msgs/srv/detail/add_to_log__rosidl_typesupport_fastrtps_cpp.hpp
[4.211s] -- Up-to-date symlink: /home/icrs/icrsUR/install/ur_dashboard_msgs/include/ur_dashboard_msgs/ur_dashboard_msgs/srv/detail/get_loaded_program__rosidl_typesupport_fastrtps_cpp.hpp
[4.211s] -- Up-to-date symlink: /home/icrs/icrsUR/install/ur_dashboard_msgs/include/ur_dashboard_msgs/ur_dashboard_msgs/srv/detail/get_program_state__rosidl_typesupport_fastrtps_cpp.hpp
[4.212s] -- Up-to-date symlink: /home/icrs/icrsUR/install/ur_dashboard_msgs/include/ur_dashboard_msgs/ur_dashboard_msgs/srv/detail/get_robot_mode__rosidl_typesupport_fastrtps_cpp.hpp
[4.212s] -- Up-to-date symlink: /home/icrs/icrsUR/install/ur_dashboard_msgs/include/ur_dashboard_msgs/ur_dashboard_msgs/srv/detail/get_safety_mode__rosidl_typesupport_fastrtps_cpp.hpp
[4.212s] -- Up-to-date symlink: /home/icrs/icrsUR/install/ur_dashboard_msgs/include/ur_dashboard_msgs/ur_dashboard_msgs/srv/detail/is_program_running__rosidl_typesupport_fastrtps_cpp.hpp
[4.212s] -- Up-to-date symlink: /home/icrs/icrsUR/install/ur_dashboard_msgs/include/ur_dashboard_msgs/ur_dashboard_msgs/srv/detail/is_program_saved__rosidl_typesupport_fastrtps_cpp.hpp
[4.212s] -- Up-to-date symlink: /home/icrs/icrsUR/install/ur_dashboard_msgs/include/ur_dashboard_msgs/ur_dashboard_msgs/srv/detail/load__rosidl_typesupport_fastrtps_cpp.hpp
[4.212s] -- Up-to-date symlink: /home/icrs/icrsUR/install/ur_dashboard_msgs/include/ur_dashboard_msgs/ur_dashboard_msgs/srv/detail/popup__rosidl_typesupport_fastrtps_cpp.hpp
[4.213s] -- Up-to-date symlink: /home/icrs/icrsUR/install/ur_dashboard_msgs/include/ur_dashboard_msgs/ur_dashboard_msgs/srv/detail/raw_request__rosidl_typesupport_fastrtps_cpp.hpp
[4.213s] -- Up-to-date symlink: /home/icrs/icrsUR/install/ur_dashboard_msgs/include/ur_dashboard_msgs/ur_dashboard_msgs/action/detail/set_mode__rosidl_typesupport_introspection_cpp.hpp
[4.213s] -- Up-to-date symlink: /home/icrs/icrsUR/install/ur_dashboard_msgs/include/ur_dashboard_msgs/ur_dashboard_msgs/msg/detail/program_state__rosidl_typesupport_introspection_cpp.hpp
[4.213s] -- Up-to-date symlink: /home/icrs/icrsUR/install/ur_dashboard_msgs/include/ur_dashboard_msgs/ur_dashboard_msgs/msg/detail/robot_mode__rosidl_typesupport_introspection_cpp.hpp
[4.213s] -- Up-to-date symlink: /home/icrs/icrsUR/install/ur_dashboard_msgs/include/ur_dashboard_msgs/ur_dashboard_msgs/msg/detail/safety_mode__rosidl_typesupport_introspection_cpp.hpp
[4.213s] -- Up-to-date symlink: /home/icrs/icrsUR/install/ur_dashboard_msgs/include/ur_dashboard_msgs/ur_dashboard_msgs/srv/detail/add_to_log__rosidl_typesupport_introspection_cpp.hpp
[4.214s] -- Up-to-date symlink: /home/icrs/icrsUR/install/ur_dashboard_msgs/include/ur_dashboard_msgs/ur_dashboard_msgs/srv/detail/get_loaded_program__rosidl_typesupport_introspection_cpp.hpp
[4.214s] -- Up-to-date symlink: /home/icrs/icrsUR/install/ur_dashboard_msgs/include/ur_dashboard_msgs/ur_dashboard_msgs/srv/detail/get_program_state__rosidl_typesupport_introspection_cpp.hpp
[4.214s] -- Up-to-date symlink: /home/icrs/icrsUR/install/ur_dashboard_msgs/include/ur_dashboard_msgs/ur_dashboard_msgs/srv/detail/get_robot_mode__rosidl_typesupport_introspection_cpp.hpp
[4.214s] -- Up-to-date symlink: /home/icrs/icrsUR/install/ur_dashboard_msgs/include/ur_dashboard_msgs/ur_dashboard_msgs/srv/detail/get_safety_mode__rosidl_typesupport_introspection_cpp.hpp
[4.214s] -- Up-to-date symlink: /home/icrs/icrsUR/install/ur_dashboard_msgs/include/ur_dashboard_msgs/ur_dashboard_msgs/srv/detail/is_program_running__rosidl_typesupport_introspection_cpp.hpp
[4.215s] -- Up-to-date symlink: /home/icrs/icrsUR/install/ur_dashboard_msgs/include/ur_dashboard_msgs/ur_dashboard_msgs/srv/detail/is_program_saved__rosidl_typesupport_introspection_cpp.hpp
[4.215s] -- Up-to-date symlink: /home/icrs/icrsUR/install/ur_dashboard_msgs/include/ur_dashboard_msgs/ur_dashboard_msgs/srv/detail/load__rosidl_typesupport_introspection_cpp.hpp
[4.215s] -- Up-to-date symlink: /home/icrs/icrsUR/install/ur_dashboard_msgs/include/ur_dashboard_msgs/ur_dashboard_msgs/srv/detail/popup__rosidl_typesupport_introspection_cpp.hpp
[4.215s] -- Up-to-date symlink: /home/icrs/icrsUR/install/ur_dashboard_msgs/include/ur_dashboard_msgs/ur_dashboard_msgs/srv/detail/raw_request__rosidl_typesupport_introspection_cpp.hpp
[4.215s] -- Up-to-date symlink: /home/icrs/icrsUR/install/ur_dashboard_msgs/share/ur_dashboard_msgs/environment/pythonpath.sh
[4.216s] -- Up-to-date symlink: /home/icrs/icrsUR/install/ur_dashboard_msgs/share/ur_dashboard_msgs/environment/pythonpath.dsv
[4.216s] -- Up-to-date symlink: /home/icrs/icrsUR/install/ur_dashboard_msgs/local/lib/python3.10/dist-packages/ur_dashboard_msgs-2.2.10-py3.10.egg-info/PKG-INFO
[4.216s] -- Up-to-date symlink: /home/icrs/icrsUR/install/ur_dashboard_msgs/local/lib/python3.10/dist-packages/ur_dashboard_msgs-2.2.10-py3.10.egg-info/SOURCES.txt
[4.216s] -- Up-to-date symlink: /home/icrs/icrsUR/install/ur_dashboard_msgs/local/lib/python3.10/dist-packages/ur_dashboard_msgs-2.2.10-py3.10.egg-info/dependency_links.txt
[4.217s] -- Up-to-date symlink: /home/icrs/icrsUR/install/ur_dashboard_msgs/local/lib/python3.10/dist-packages/ur_dashboard_msgs-2.2.10-py3.10.egg-info/top_level.txt
[4.218s] -- Up-to-date symlink: /home/icrs/icrsUR/install/ur_dashboard_msgs/local/lib/python3.10/dist-packages/ur_dashboard_msgs/__init__.py
[4.218s] -- Up-to-date symlink: /home/icrs/icrsUR/install/ur_dashboard_msgs/local/lib/python3.10/dist-packages/ur_dashboard_msgs/_ur_dashboard_msgs_s.ep.rosidl_typesupport_c.c
[4.218s] -- Up-to-date symlink: /home/icrs/icrsUR/install/ur_dashboard_msgs/local/lib/python3.10/dist-packages/ur_dashboard_msgs/_ur_dashboard_msgs_s.ep.rosidl_typesupport_fastrtps_c.c
[4.219s] -- Up-to-date symlink: /home/icrs/icrsUR/install/ur_dashboard_msgs/local/lib/python3.10/dist-packages/ur_dashboard_msgs/_ur_dashboard_msgs_s.ep.rosidl_typesupport_introspection_c.c
[4.219s] -- Up-to-date symlink: /home/icrs/icrsUR/install/ur_dashboard_msgs/local/lib/python3.10/dist-packages/ur_dashboard_msgs/action/__init__.py
[4.219s] -- Up-to-date symlink: /home/icrs/icrsUR/install/ur_dashboard_msgs/local/lib/python3.10/dist-packages/ur_dashboard_msgs/action/_set_mode.py
[4.219s] -- Up-to-date symlink: /home/icrs/icrsUR/install/ur_dashboard_msgs/local/lib/python3.10/dist-packages/ur_dashboard_msgs/action/_set_mode_s.c
[4.220s] -- Up-to-date symlink: /home/icrs/icrsUR/install/ur_dashboard_msgs/local/lib/python3.10/dist-packages/ur_dashboard_msgs/libur_dashboard_msgs__rosidl_generator_py.so
[4.220s] -- Up-to-date symlink: /home/icrs/icrsUR/install/ur_dashboard_msgs/local/lib/python3.10/dist-packages/ur_dashboard_msgs/msg/__init__.py
[4.220s] -- Up-to-date symlink: /home/icrs/icrsUR/install/ur_dashboard_msgs/local/lib/python3.10/dist-packages/ur_dashboard_msgs/msg/_program_state.py
[4.220s] -- Up-to-date symlink: /home/icrs/icrsUR/install/ur_dashboard_msgs/local/lib/python3.10/dist-packages/ur_dashboard_msgs/msg/_program_state_s.c
[4.220s] -- Up-to-date symlink: /home/icrs/icrsUR/install/ur_dashboard_msgs/local/lib/python3.10/dist-packages/ur_dashboard_msgs/msg/_robot_mode.py
[4.221s] -- Up-to-date symlink: /home/icrs/icrsUR/install/ur_dashboard_msgs/local/lib/python3.10/dist-packages/ur_dashboard_msgs/msg/_robot_mode_s.c
[4.221s] -- Up-to-date symlink: /home/icrs/icrsUR/install/ur_dashboard_msgs/local/lib/python3.10/dist-packages/ur_dashboard_msgs/msg/_safety_mode.py
[4.222s] -- Up-to-date symlink: /home/icrs/icrsUR/install/ur_dashboard_msgs/local/lib/python3.10/dist-packages/ur_dashboard_msgs/msg/_safety_mode_s.c
[4.222s] -- Up-to-date symlink: /home/icrs/icrsUR/install/ur_dashboard_msgs/local/lib/python3.10/dist-packages/ur_dashboard_msgs/srv/__init__.py
[4.223s] -- Up-to-date symlink: /home/icrs/icrsUR/install/ur_dashboard_msgs/local/lib/python3.10/dist-packages/ur_dashboard_msgs/srv/_add_to_log.py
[4.223s] -- Up-to-date symlink: /home/icrs/icrsUR/install/ur_dashboard_msgs/local/lib/python3.10/dist-packages/ur_dashboard_msgs/srv/_add_to_log_s.c
[4.224s] -- Up-to-date symlink: /home/icrs/icrsUR/install/ur_dashboard_msgs/local/lib/python3.10/dist-packages/ur_dashboard_msgs/srv/_get_loaded_program.py
[4.228s] -- Up-to-date symlink: /home/icrs/icrsUR/install/ur_dashboard_msgs/local/lib/python3.10/dist-packages/ur_dashboard_msgs/srv/_get_loaded_program_s.c
[4.229s] -- Up-to-date symlink: /home/icrs/icrsUR/install/ur_dashboard_msgs/local/lib/python3.10/dist-packages/ur_dashboard_msgs/srv/_get_program_state.py
[4.229s] -- Up-to-date symlink: /home/icrs/icrsUR/install/ur_dashboard_msgs/local/lib/python3.10/dist-packages/ur_dashboard_msgs/srv/_get_program_state_s.c
[4.230s] -- Up-to-date symlink: /home/icrs/icrsUR/install/ur_dashboard_msgs/local/lib/python3.10/dist-packages/ur_dashboard_msgs/srv/_get_robot_mode.py
[4.230s] -- Up-to-date symlink: /home/icrs/icrsUR/install/ur_dashboard_msgs/local/lib/python3.10/dist-packages/ur_dashboard_msgs/srv/_get_robot_mode_s.c
[4.230s] -- Up-to-date symlink: /home/icrs/icrsUR/install/ur_dashboard_msgs/local/lib/python3.10/dist-packages/ur_dashboard_msgs/srv/_get_safety_mode.py
[4.230s] -- Up-to-date symlink: /home/icrs/icrsUR/install/ur_dashboard_msgs/local/lib/python3.10/dist-packages/ur_dashboard_msgs/srv/_get_safety_mode_s.c
[4.230s] -- Up-to-date symlink: /home/icrs/icrsUR/install/ur_dashboard_msgs/local/lib/python3.10/dist-packages/ur_dashboard_msgs/srv/_is_program_running.py
[4.230s] -- Up-to-date symlink: /home/icrs/icrsUR/install/ur_dashboard_msgs/local/lib/python3.10/dist-packages/ur_dashboard_msgs/srv/_is_program_running_s.c
[4.230s] -- Up-to-date symlink: /home/icrs/icrsUR/install/ur_dashboard_msgs/local/lib/python3.10/dist-packages/ur_dashboard_msgs/srv/_is_program_saved.py
[4.231s] -- Up-to-date symlink: /home/icrs/icrsUR/install/ur_dashboard_msgs/local/lib/python3.10/dist-packages/ur_dashboard_msgs/srv/_is_program_saved_s.c
[4.231s] -- Up-to-date symlink: /home/icrs/icrsUR/install/ur_dashboard_msgs/local/lib/python3.10/dist-packages/ur_dashboard_msgs/srv/_load.py
[4.231s] -- Up-to-date symlink: /home/icrs/icrsUR/install/ur_dashboard_msgs/local/lib/python3.10/dist-packages/ur_dashboard_msgs/srv/_load_s.c
[4.231s] -- Up-to-date symlink: /home/icrs/icrsUR/install/ur_dashboard_msgs/local/lib/python3.10/dist-packages/ur_dashboard_msgs/srv/_popup.py
[4.231s] -- Up-to-date symlink: /home/icrs/icrsUR/install/ur_dashboard_msgs/local/lib/python3.10/dist-packages/ur_dashboard_msgs/srv/_popup_s.c
[4.231s] -- Up-to-date symlink: /home/icrs/icrsUR/install/ur_dashboard_msgs/local/lib/python3.10/dist-packages/ur_dashboard_msgs/srv/_raw_request.py
[4.231s] -- Up-to-date symlink: /home/icrs/icrsUR/install/ur_dashboard_msgs/local/lib/python3.10/dist-packages/ur_dashboard_msgs/srv/_raw_request_s.c
[4.231s] -- Up-to-date symlink: /home/icrs/icrsUR/install/ur_dashboard_msgs/local/lib/python3.10/dist-packages/ur_dashboard_msgs/ur_dashboard_msgs_s__rosidl_typesupport_c.cpython-310-x86_64-linux-gnu.so
[4.232s] -- Up-to-date symlink: /home/icrs/icrsUR/install/ur_dashboard_msgs/local/lib/python3.10/dist-packages/ur_dashboard_msgs/ur_dashboard_msgs_s__rosidl_typesupport_fastrtps_c.cpython-310-x86_64-linux-gnu.so
[4.232s] -- Up-to-date symlink: /home/icrs/icrsUR/install/ur_dashboard_msgs/local/lib/python3.10/dist-packages/ur_dashboard_msgs/ur_dashboard_msgs_s__rosidl_typesupport_introspection_c.cpython-310-x86_64-linux-gnu.so
[4.232s] -- Up-to-date symlink: /home/icrs/icrsUR/install/ur_dashboard_msgs/local/lib/python3.10/dist-packages/ur_dashboard_msgs/ur_dashboard_msgs_s__rosidl_typesupport_fastrtps_c.cpython-310-x86_64-linux-gnu.so
[4.232s] -- Up-to-date symlink: /home/icrs/icrsUR/install/ur_dashboard_msgs/local/lib/python3.10/dist-packages/ur_dashboard_msgs/ur_dashboard_msgs_s__rosidl_typesupport_introspection_c.cpython-310-x86_64-linux-gnu.so
[4.233s] -- Up-to-date symlink: /home/icrs/icrsUR/install/ur_dashboard_msgs/local/lib/python3.10/dist-packages/ur_dashboard_msgs/ur_dashboard_msgs_s__rosidl_typesupport_c.cpython-310-x86_64-linux-gnu.so
[4.233s] -- Up-to-date symlink: /home/icrs/icrsUR/install/ur_dashboard_msgs/share/ur_dashboard_msgs/msg/ProgramState.idl
[4.233s] -- Up-to-date symlink: /home/icrs/icrsUR/install/ur_dashboard_msgs/share/ur_dashboard_msgs/msg/RobotMode.idl
[4.233s] -- Up-to-date symlink: /home/icrs/icrsUR/install/ur_dashboard_msgs/share/ur_dashboard_msgs/msg/SafetyMode.idl
[4.234s] -- Up-to-date symlink: /home/icrs/icrsUR/install/ur_dashboard_msgs/share/ur_dashboard_msgs/srv/AddToLog.idl
[4.234s] -- Up-to-date symlink: /home/icrs/icrsUR/install/ur_dashboard_msgs/share/ur_dashboard_msgs/srv/GetLoadedProgram.idl
[4.234s] -- Up-to-date symlink: /home/icrs/icrsUR/install/ur_dashboard_msgs/share/ur_dashboard_msgs/srv/GetProgramState.idl
[4.234s] -- Up-to-date symlink: /home/icrs/icrsUR/install/ur_dashboard_msgs/share/ur_dashboard_msgs/srv/GetRobotMode.idl
[4.234s] -- Up-to-date symlink: /home/icrs/icrsUR/install/ur_dashboard_msgs/share/ur_dashboard_msgs/srv/GetSafetyMode.idl
[4.234s] -- Up-to-date symlink: /home/icrs/icrsUR/install/ur_dashboard_msgs/share/ur_dashboard_msgs/srv/IsProgramRunning.idl
[4.235s] -- Up-to-date symlink: /home/icrs/icrsUR/install/ur_dashboard_msgs/share/ur_dashboard_msgs/srv/IsProgramSaved.idl
[4.235s] -- Up-to-date symlink: /home/icrs/icrsUR/install/ur_dashboard_msgs/share/ur_dashboard_msgs/srv/Load.idl
[4.235s] -- Up-to-date symlink: /home/icrs/icrsUR/install/ur_dashboard_msgs/share/ur_dashboard_msgs/srv/Popup.idl
[4.235s] -- Up-to-date symlink: /home/icrs/icrsUR/install/ur_dashboard_msgs/share/ur_dashboard_msgs/srv/RawRequest.idl
[4.235s] -- Up-to-date symlink: /home/icrs/icrsUR/install/ur_dashboard_msgs/share/ur_dashboard_msgs/action/SetMode.idl
[4.235s] -- Up-to-date symlink: /home/icrs/icrsUR/install/ur_dashboard_msgs/share/ur_dashboard_msgs/msg/ProgramState.msg
[4.236s] -- Up-to-date symlink: /home/icrs/icrsUR/install/ur_dashboard_msgs/share/ur_dashboard_msgs/msg/RobotMode.msg
[4.236s] -- Up-to-date symlink: /home/icrs/icrsUR/install/ur_dashboard_msgs/share/ur_dashboard_msgs/msg/SafetyMode.msg
[4.236s] -- Up-to-date symlink: /home/icrs/icrsUR/install/ur_dashboard_msgs/share/ur_dashboard_msgs/srv/AddToLog.srv
[4.236s] -- Up-to-date symlink: /home/icrs/icrsUR/install/ur_dashboard_msgs/share/ur_dashboard_msgs/srv/AddToLog_Request.msg
[4.236s] -- Up-to-date symlink: /home/icrs/icrsUR/install/ur_dashboard_msgs/share/ur_dashboard_msgs/srv/AddToLog_Response.msg
[4.236s] -- Up-to-date symlink: /home/icrs/icrsUR/install/ur_dashboard_msgs/share/ur_dashboard_msgs/srv/GetLoadedProgram.srv
[4.236s] -- Up-to-date symlink: /home/icrs/icrsUR/install/ur_dashboard_msgs/share/ur_dashboard_msgs/srv/GetLoadedProgram_Request.msg
[4.237s] -- Up-to-date symlink: /home/icrs/icrsUR/install/ur_dashboard_msgs/share/ur_dashboard_msgs/srv/GetLoadedProgram_Response.msg
[4.237s] -- Up-to-date symlink: /home/icrs/icrsUR/install/ur_dashboard_msgs/share/ur_dashboard_msgs/srv/GetProgramState.srv
[4.237s] -- Up-to-date symlink: /home/icrs/icrsUR/install/ur_dashboard_msgs/share/ur_dashboard_msgs/srv/GetProgramState_Request.msg
[4.237s] -- Up-to-date symlink: /home/icrs/icrsUR/install/ur_dashboard_msgs/share/ur_dashboard_msgs/srv/GetProgramState_Response.msg
[4.238s] -- Up-to-date symlink: /home/icrs/icrsUR/install/ur_dashboard_msgs/share/ur_dashboard_msgs/srv/GetRobotMode.srv
[4.238s] -- Up-to-date symlink: /home/icrs/icrsUR/install/ur_dashboard_msgs/share/ur_dashboard_msgs/srv/GetRobotMode_Request.msg
[4.238s] -- Up-to-date symlink: /home/icrs/icrsUR/install/ur_dashboard_msgs/share/ur_dashboard_msgs/srv/GetRobotMode_Response.msg
[4.238s] -- Up-to-date symlink: /home/icrs/icrsUR/install/ur_dashboard_msgs/share/ur_dashboard_msgs/srv/GetSafetyMode.srv
[4.238s] -- Up-to-date symlink: /home/icrs/icrsUR/install/ur_dashboard_msgs/share/ur_dashboard_msgs/srv/GetSafetyMode_Request.msg
[4.238s] -- Up-to-date symlink: /home/icrs/icrsUR/install/ur_dashboard_msgs/share/ur_dashboard_msgs/srv/GetSafetyMode_Response.msg
[4.239s] -- Up-to-date symlink: /home/icrs/icrsUR/install/ur_dashboard_msgs/share/ur_dashboard_msgs/srv/IsProgramRunning.srv
[4.239s] -- Up-to-date symlink: /home/icrs/icrsUR/install/ur_dashboard_msgs/share/ur_dashboard_msgs/srv/IsProgramRunning_Request.msg
[4.239s] -- Up-to-date symlink: /home/icrs/icrsUR/install/ur_dashboard_msgs/share/ur_dashboard_msgs/srv/IsProgramRunning_Response.msg
[4.239s] -- Up-to-date symlink: /home/icrs/icrsUR/install/ur_dashboard_msgs/share/ur_dashboard_msgs/srv/IsProgramSaved.srv
[4.239s] -- Up-to-date symlink: /home/icrs/icrsUR/install/ur_dashboard_msgs/share/ur_dashboard_msgs/srv/IsProgramSaved_Request.msg
[4.239s] -- Up-to-date symlink: /home/icrs/icrsUR/install/ur_dashboard_msgs/share/ur_dashboard_msgs/srv/IsProgramSaved_Response.msg
[4.239s] -- Up-to-date symlink: /home/icrs/icrsUR/install/ur_dashboard_msgs/share/ur_dashboard_msgs/srv/Load.srv
[4.240s] -- Up-to-date symlink: /home/icrs/icrsUR/install/ur_dashboard_msgs/share/ur_dashboard_msgs/srv/Load_Request.msg
[4.240s] -- Up-to-date symlink: /home/icrs/icrsUR/install/ur_dashboard_msgs/share/ur_dashboard_msgs/srv/Load_Response.msg
[4.240s] -- Up-to-date symlink: /home/icrs/icrsUR/install/ur_dashboard_msgs/share/ur_dashboard_msgs/srv/Popup.srv
[4.240s] -- Up-to-date symlink: /home/icrs/icrsUR/install/ur_dashboard_msgs/share/ur_dashboard_msgs/srv/Popup_Request.msg
[4.240s] -- Up-to-date symlink: /home/icrs/icrsUR/install/ur_dashboard_msgs/share/ur_dashboard_msgs/srv/Popup_Response.msg
[4.240s] -- Up-to-date symlink: /home/icrs/icrsUR/install/ur_dashboard_msgs/share/ur_dashboard_msgs/srv/RawRequest.srv
[4.240s] -- Up-to-date symlink: /home/icrs/icrsUR/install/ur_dashboard_msgs/share/ur_dashboard_msgs/srv/RawRequest_Request.msg
[4.240s] -- Up-to-date symlink: /home/icrs/icrsUR/install/ur_dashboard_msgs/share/ur_dashboard_msgs/srv/RawRequest_Response.msg
[4.241s] -- Up-to-date symlink: /home/icrs/icrsUR/install/ur_dashboard_msgs/share/ur_dashboard_msgs/action/SetMode.action
[4.241s] -- Up-to-date symlink: /home/icrs/icrsUR/install/ur_dashboard_msgs/share/ament_index/resource_index/package_run_dependencies/ur_dashboard_msgs
[4.241s] -- Up-to-date symlink: /home/icrs/icrsUR/install/ur_dashboard_msgs/share/ament_index/resource_index/parent_prefix_path/ur_dashboard_msgs
[4.241s] -- Up-to-date symlink: /home/icrs/icrsUR/install/ur_dashboard_msgs/share/ur_dashboard_msgs/environment/ament_prefix_path.sh
[4.242s] -- Up-to-date symlink: /home/icrs/icrsUR/install/ur_dashboard_msgs/share/ur_dashboard_msgs/environment/ament_prefix_path.dsv
[4.242s] -- Up-to-date symlink: /home/icrs/icrsUR/install/ur_dashboard_msgs/share/ur_dashboard_msgs/environment/path.sh
[4.242s] -- Up-to-date symlink: /home/icrs/icrsUR/install/ur_dashboard_msgs/share/ur_dashboard_msgs/environment/path.dsv
[4.242s] -- Up-to-date symlink: /home/icrs/icrsUR/install/ur_dashboard_msgs/share/ur_dashboard_msgs/local_setup.bash
[4.242s] -- Up-to-date symlink: /home/icrs/icrsUR/install/ur_dashboard_msgs/share/ur_dashboard_msgs/local_setup.sh
[4.242s] -- Up-to-date symlink: /home/icrs/icrsUR/install/ur_dashboard_msgs/share/ur_dashboard_msgs/local_setup.zsh
[4.242s] -- Up-to-date symlink: /home/icrs/icrsUR/install/ur_dashboard_msgs/share/ur_dashboard_msgs/local_setup.dsv
[4.242s] -- Symlinking: /home/icrs/icrsUR/install/ur_dashboard_msgs/share/ur_dashboard_msgs/package.dsv
[4.260s] -- Up-to-date symlink: /home/icrs/icrsUR/install/ur_dashboard_msgs/share/ament_index/resource_index/packages/ur_dashboard_msgs
[4.260s] -- Up-to-date symlink: /home/icrs/icrsUR/install/ur_dashboard_msgs/share/ur_dashboard_msgs/cmake/rosidl_cmake-extras.cmake
[4.261s] -- Up-to-date symlink: /home/icrs/icrsUR/install/ur_dashboard_msgs/share/ur_dashboard_msgs/cmake/ament_cmake_export_dependencies-extras.cmake
[4.261s] -- Up-to-date symlink: /home/icrs/icrsUR/install/ur_dashboard_msgs/share/ur_dashboard_msgs/cmake/ament_cmake_export_include_directories-extras.cmake
[4.261s] -- Up-to-date symlink: /home/icrs/icrsUR/install/ur_dashboard_msgs/share/ur_dashboard_msgs/cmake/ament_cmake_export_libraries-extras.cmake
[4.262s] -- Up-to-date symlink: /home/icrs/icrsUR/install/ur_dashboard_msgs/share/ur_dashboard_msgs/cmake/ament_cmake_export_targets-extras.cmake
[4.262s] -- Up-to-date symlink: /home/icrs/icrsUR/install/ur_dashboard_msgs/share/ur_dashboard_msgs/cmake/rosidl_cmake_export_typesupport_targets-extras.cmake
[4.262s] -- Up-to-date symlink: /home/icrs/icrsUR/install/ur_dashboard_msgs/share/ur_dashboard_msgs/cmake/rosidl_cmake_export_typesupport_libraries-extras.cmake
[4.262s] -- Up-to-date symlink: /home/icrs/icrsUR/install/ur_dashboard_msgs/share/ur_dashboard_msgs/cmake/ur_dashboard_msgsConfig.cmake
[4.263s] -- Up-to-date symlink: /home/icrs/icrsUR/install/ur_dashboard_msgs/share/ur_dashboard_msgs/cmake/ur_dashboard_msgsConfig-version.cmake
[4.263s] -- Up-to-date symlink: /home/icrs/icrsUR/install/ur_dashboard_msgs/share/ur_dashboard_msgs/package.xml
[4.263s] -- Up-to-date: /home/icrs/icrsUR/install/ur_dashboard_msgs/lib/libur_dashboard_msgs__rosidl_generator_c.so
[4.264s] -- Up-to-date: /home/icrs/icrsUR/install/ur_dashboard_msgs/lib/libur_dashboard_msgs__rosidl_typesupport_fastrtps_c.so
[4.264s] -- Up-to-date: /home/icrs/icrsUR/install/ur_dashboard_msgs/lib/libur_dashboard_msgs__rosidl_typesupport_introspection_c.so
[4.264s] -- Up-to-date: /home/icrs/icrsUR/install/ur_dashboard_msgs/lib/libur_dashboard_msgs__rosidl_typesupport_c.so
[4.265s] -- Up-to-date: /home/icrs/icrsUR/install/ur_dashboard_msgs/lib/libur_dashboard_msgs__rosidl_typesupport_fastrtps_cpp.so
[4.265s] -- Up-to-date: /home/icrs/icrsUR/install/ur_dashboard_msgs/lib/libur_dashboard_msgs__rosidl_typesupport_introspection_cpp.so
[4.265s] -- Up-to-date: /home/icrs/icrsUR/install/ur_dashboard_msgs/lib/libur_dashboard_msgs__rosidl_typesupport_cpp.so
[4.322s] Listing '/home/icrs/icrsUR/install/ur_dashboard_msgs/local/lib/python3.10/dist-packages/ur_dashboard_msgs'...
[4.322s] Compiling '/home/icrs/icrsUR/install/ur_dashboard_msgs/local/lib/python3.10/dist-packages/ur_dashboard_msgs/__init__.py'...
[4.323s] Listing '/home/icrs/icrsUR/install/ur_dashboard_msgs/local/lib/python3.10/dist-packages/ur_dashboard_msgs/action'...
[4.323s] Listing '/home/icrs/icrsUR/install/ur_dashboard_msgs/local/lib/python3.10/dist-packages/ur_dashboard_msgs/msg'...
[4.323s] Listing '/home/icrs/icrsUR/install/ur_dashboard_msgs/local/lib/python3.10/dist-packages/ur_dashboard_msgs/srv'...
[4.333s] -- Up-to-date: /home/icrs/icrsUR/install/ur_dashboard_msgs/lib/libur_dashboard_msgs__rosidl_generator_py.so
[4.334s] -- Up-to-date: /home/icrs/icrsUR/install/ur_dashboard_msgs/share/ur_dashboard_msgs/cmake/export_ur_dashboard_msgs__rosidl_generator_cExport.cmake
[4.334s] -- Up-to-date: /home/icrs/icrsUR/install/ur_dashboard_msgs/share/ur_dashboard_msgs/cmake/export_ur_dashboard_msgs__rosidl_generator_cExport-noconfig.cmake
[4.334s] -- Up-to-date: /home/icrs/icrsUR/install/ur_dashboard_msgs/share/ur_dashboard_msgs/cmake/export_ur_dashboard_msgs__rosidl_typesupport_fastrtps_cExport.cmake
[4.334s] -- Up-to-date: /home/icrs/icrsUR/install/ur_dashboard_msgs/share/ur_dashboard_msgs/cmake/export_ur_dashboard_msgs__rosidl_typesupport_fastrtps_cExport-noconfig.cmake
[4.335s] -- Up-to-date: /home/icrs/icrsUR/install/ur_dashboard_msgs/share/ur_dashboard_msgs/cmake/ur_dashboard_msgs__rosidl_typesupport_introspection_cExport.cmake
[4.335s] -- Up-to-date: /home/icrs/icrsUR/install/ur_dashboard_msgs/share/ur_dashboard_msgs/cmake/ur_dashboard_msgs__rosidl_typesupport_introspection_cExport-noconfig.cmake
[4.335s] -- Up-to-date: /home/icrs/icrsUR/install/ur_dashboard_msgs/share/ur_dashboard_msgs/cmake/ur_dashboard_msgs__rosidl_typesupport_cExport.cmake
[4.335s] -- Up-to-date: /home/icrs/icrsUR/install/ur_dashboard_msgs/share/ur_dashboard_msgs/cmake/ur_dashboard_msgs__rosidl_typesupport_cExport-noconfig.cmake
[4.335s] -- Up-to-date: /home/icrs/icrsUR/install/ur_dashboard_msgs/share/ur_dashboard_msgs/cmake/export_ur_dashboard_msgs__rosidl_generator_cppExport.cmake
[4.335s] -- Up-to-date: /home/icrs/icrsUR/install/ur_dashboard_msgs/share/ur_dashboard_msgs/cmake/export_ur_dashboard_msgs__rosidl_typesupport_fastrtps_cppExport.cmake
[4.336s] -- Up-to-date: /home/icrs/icrsUR/install/ur_dashboard_msgs/share/ur_dashboard_msgs/cmake/export_ur_dashboard_msgs__rosidl_typesupport_fastrtps_cppExport-noconfig.cmake
[4.336s] -- Up-to-date: /home/icrs/icrsUR/install/ur_dashboard_msgs/share/ur_dashboard_msgs/cmake/ur_dashboard_msgs__rosidl_typesupport_introspection_cppExport.cmake
[4.336s] -- Up-to-date: /home/icrs/icrsUR/install/ur_dashboard_msgs/share/ur_dashboard_msgs/cmake/ur_dashboard_msgs__rosidl_typesupport_introspection_cppExport-noconfig.cmake
[4.336s] -- Up-to-date: /home/icrs/icrsUR/install/ur_dashboard_msgs/share/ur_dashboard_msgs/cmake/ur_dashboard_msgs__rosidl_typesupport_cppExport.cmake
[4.336s] -- Up-to-date: /home/icrs/icrsUR/install/ur_dashboard_msgs/share/ur_dashboard_msgs/cmake/ur_dashboard_msgs__rosidl_typesupport_cppExport-noconfig.cmake
[4.336s] -- Up-to-date: /home/icrs/icrsUR/install/ur_dashboard_msgs/share/ur_dashboard_msgs/cmake/export_ur_dashboard_msgs__rosidl_generator_pyExport.cmake
[4.336s] -- Up-to-date: /home/icrs/icrsUR/install/ur_dashboard_msgs/share/ur_dashboard_msgs/cmake/export_ur_dashboard_msgs__rosidl_generator_pyExport-noconfig.cmake
[4.339s] Invoked command in '/home/icrs/icrsUR/build/ur_dashboard_msgs' returned '0': CMAKE_PREFIX_PATH=${CMAKE_PREFIX_PATH}:/home/icrs/icrsUR/install/camera_control:/home/icrs/icrsUR/install/gripper_control:/opt/ros/humble /usr/bin/cmake --install /home/icrs/icrsUR/build/ur_dashboard_msgs
