[0.546s] Invoking command in '/home/icrs/icrsUR/build/module_5_assignment': CMAKE_PREFIX_PATH=${CMAKE_PREFIX_PATH}:/home/icrs/icrsUR/install/camera_control:/home/icrs/icrsUR/install/gripper_control:/opt/ros/humble /usr/bin/cmake --build /home/icrs/icrsUR/build/module_5_assignment -- -j8 -l8
[0.651s] [ 11%] Built target lqr_lib
[0.671s] [ 23%] Built target pid_lib
[0.676s] [ 41%] Built target arm_path_planner
[0.677s] [ 52%] Built target waypoints_lib
[0.726s] [ 64%] Built target lqr_node
[0.730s] [ 82%] Built target line_follower_pid
[0.735s] [100%] Built target goal_planner_node
[0.769s] Invoked command in '/home/icrs/icrsUR/build/module_5_assignment' returned '0': CMAKE_PREFIX_PATH=${CMAKE_PREFIX_PATH}:/home/icrs/icrsUR/install/camera_control:/home/icrs/icrsUR/install/gripper_control:/opt/ros/humble /usr/bin/cmake --build /home/icrs/icrsUR/build/module_5_assignment -- -j8 -l8
[0.839s] Invoking command in '/home/icrs/icrsUR/build/module_5_assignment': CMAKE_PREFIX_PATH=${CMAKE_PREFIX_PATH}:/home/icrs/icrsUR/install/camera_control:/home/icrs/icrsUR/install/gripper_control:/opt/ros/humble /usr/bin/cmake --install /home/icrs/icrsUR/build/module_5_assignment
[0.850s] -- Install configuration: ""
[0.850s] -- Up-to-date: /home/icrs/icrsUR/install/module_5_assignment/lib/module_5_assignment/libpid_lib.a
[0.850s] -- Up-to-date: /home/icrs/icrsUR/install/module_5_assignment/lib/module_5_assignment/liblqr_lib.a
[0.851s] -- Up-to-date: /home/icrs/icrsUR/install/module_5_assignment/lib/module_5_assignment/lqr_node
[0.851s] -- Up-to-date: /home/icrs/icrsUR/install/module_5_assignment/lib/module_5_assignment/line_follower_pid
[0.851s] -- Up-to-date: /home/icrs/icrsUR/install/module_5_assignment/lib/module_5_assignment/libwaypoints_lib.a
[0.851s] -- Up-to-date: /home/icrs/icrsUR/install/module_5_assignment/lib/module_5_assignment/goal_planner_node
[0.852s] -- Up-to-date: /home/icrs/icrsUR/install/module_5_assignment/lib/module_5_assignment/arm_path_planner
[0.852s] -- Up-to-date: /home/icrs/icrsUR/install/module_5_assignment/share/module_5_assignment/config
[0.852s] -- Up-to-date: /home/icrs/icrsUR/install/module_5_assignment/share/module_5_assignment/config/arm_waypoints.yaml
[0.853s] -- Up-to-date: /home/icrs/icrsUR/install/module_5_assignment/share/module_5_assignment/config/routes.yaml
[0.853s] -- Up-to-date: /home/icrs/icrsUR/install/module_5_assignment/share/module_5_assignment/config/robotic_arm_controllers.yaml
[0.853s] -- Up-to-date: /home/icrs/icrsUR/install/module_5_assignment/share/module_5_assignment/launch
[0.853s] -- Up-to-date: /home/icrs/icrsUR/install/module_5_assignment/share/module_5_assignment/launch/tb3_line_world.launch.py
[0.853s] -- Up-to-date: /home/icrs/icrsUR/install/module_5_assignment/share/module_5_assignment/launch/main_tb3_lqr.launch.py
[0.854s] -- Up-to-date: /home/icrs/icrsUR/install/module_5_assignment/share/module_5_assignment/launch/gazebo_ros.launch.py
[0.854s] -- Up-to-date: /home/icrs/icrsUR/install/module_5_assignment/share/module_5_assignment/launch/main_tb3_line_world.launch.py
[0.854s] -- Up-to-date: /home/icrs/icrsUR/install/module_5_assignment/share/module_5_assignment/launch/robotic_arm_controllers.launch.py
[0.854s] -- Up-to-date: /home/icrs/icrsUR/install/module_5_assignment/share/module_5_assignment/launch/main_tb3_goal_planner.launch.py
[0.854s] -- Up-to-date: /home/icrs/icrsUR/install/module_5_assignment/share/module_5_assignment/launch/main_robotic_arm.launch.py
[0.854s] -- Up-to-date: /home/icrs/icrsUR/install/module_5_assignment/share/module_5_assignment/launch/line_follower_pid.launch.py
[0.855s] -- Up-to-date: /home/icrs/icrsUR/install/module_5_assignment/share/module_5_assignment/launch/rviz.launch.py
[0.855s] -- Up-to-date: /home/icrs/icrsUR/install/module_5_assignment/share/module_5_assignment/launch/main.launch.py
[0.855s] -- Up-to-date: /home/icrs/icrsUR/install/module_5_assignment/share/module_5_assignment/rviz
[0.855s] -- Up-to-date: /home/icrs/icrsUR/install/module_5_assignment/share/module_5_assignment/rviz/lqr.rviz
[0.855s] -- Up-to-date: /home/icrs/icrsUR/install/module_5_assignment/share/module_5_assignment/rviz/config.rviz
[0.855s] -- Up-to-date: /home/icrs/icrsUR/install/module_5_assignment/share/module_5_assignment/urdf
[0.856s] -- Up-to-date: /home/icrs/icrsUR/install/module_5_assignment/share/module_5_assignment/urdf/robotic_arm.urdf
[0.856s] -- Up-to-date: /home/icrs/icrsUR/install/module_5_assignment/share/ament_index/resource_index/package_run_dependencies/module_5_assignment
[0.856s] -- Up-to-date: /home/icrs/icrsUR/install/module_5_assignment/share/ament_index/resource_index/parent_prefix_path/module_5_assignment
[0.857s] -- Up-to-date: /home/icrs/icrsUR/install/module_5_assignment/share/module_5_assignment/environment/ament_prefix_path.sh
[0.859s] -- Up-to-date: /home/icrs/icrsUR/install/module_5_assignment/share/module_5_assignment/environment/ament_prefix_path.dsv
[0.859s] -- Up-to-date: /home/icrs/icrsUR/install/module_5_assignment/share/module_5_assignment/environment/path.sh
[0.860s] -- Up-to-date: /home/icrs/icrsUR/install/module_5_assignment/share/module_5_assignment/environment/path.dsv
[0.860s] -- Up-to-date: /home/icrs/icrsUR/install/module_5_assignment/share/module_5_assignment/local_setup.bash
[0.860s] -- Up-to-date: /home/icrs/icrsUR/install/module_5_assignment/share/module_5_assignment/local_setup.sh
[0.860s] -- Up-to-date: /home/icrs/icrsUR/install/module_5_assignment/share/module_5_assignment/local_setup.zsh
[0.860s] -- Up-to-date: /home/icrs/icrsUR/install/module_5_assignment/share/module_5_assignment/local_setup.dsv
[0.861s] -- Installing: /home/icrs/icrsUR/install/module_5_assignment/share/module_5_assignment/package.dsv
[0.861s] -- Up-to-date: /home/icrs/icrsUR/install/module_5_assignment/share/ament_index/resource_index/packages/module_5_assignment
[0.861s] -- Up-to-date: /home/icrs/icrsUR/install/module_5_assignment/share/module_5_assignment/cmake/module_5_assignmentConfig.cmake
[0.861s] -- Up-to-date: /home/icrs/icrsUR/install/module_5_assignment/share/module_5_assignment/cmake/module_5_assignmentConfig-version.cmake
[0.862s] -- Up-to-date: /home/icrs/icrsUR/install/module_5_assignment/share/module_5_assignment/package.xml
[0.865s] Invoked command in '/home/icrs/icrsUR/build/module_5_assignment' returned '0': CMAKE_PREFIX_PATH=${CMAKE_PREFIX_PATH}:/home/icrs/icrsUR/install/camera_control:/home/icrs/icrsUR/install/gripper_control:/opt/ros/humble /usr/bin/cmake --install /home/icrs/icrsUR/build/module_5_assignment
