[0.027s] Invoking command in '/home/icrs/icrsUR/build/ur_custom_interfaces': CMAKE_PREFIX_PATH=${CMAKE_PREFIX_PATH}:/opt/ros/humble /usr/bin/cmake --build /home/icrs/icrsUR/build/ur_custom_interfaces -- -j8 -l8
[0.645s] [  9%] Built target ur_custom_interfaces__rosidl_generator_c
[0.646s] [ 12%] Built target ur_custom_interfaces__cpp
[0.646s] [ 12%] Built target ament_cmake_python_symlink_ur_custom_interfaces
[0.646s] [ 22%] Built target ur_custom_interfaces__rosidl_typesupport_fastrtps_c
[0.646s] [ 32%] Built target ur_custom_interfaces__rosidl_typesupport_introspection_c
[0.647s] [ 41%] Built target ur_custom_interfaces__rosidl_typesupport_introspection_cpp
[0.647s] [ 54%] Built target ur_custom_interfaces__rosidl_typesupport_fastrtps_cpp
[0.647s] [ 61%] Built target ur_custom_interfaces__rosidl_typesupport_c
[0.648s] [ 70%] Built target ur_custom_interfaces__rosidl_typesupport_cpp
[0.648s] [ 70%] Built target ur_custom_interfaces
[0.648s] [ 74%] Built target ur_custom_interfaces__py
[0.649s] [ 80%] Built target ur_custom_interfaces__rosidl_generator_py
[0.649s] [ 87%] Built target ur_custom_interfaces__rosidl_typesupport_c__pyext
[0.649s] [ 93%] Built target ur_custom_interfaces__rosidl_typesupport_fastrtps_c__pyext
[0.649s] [100%] Built target ur_custom_interfaces__rosidl_typesupport_introspection_c__pyext
[0.649s] running egg_info
[0.649s] writing ur_custom_interfaces.egg-info/PKG-INFO
[0.650s] writing dependency_links to ur_custom_interfaces.egg-info/dependency_links.txt
[0.650s] writing top-level names to ur_custom_interfaces.egg-info/top_level.txt
[0.650s] reading manifest file 'ur_custom_interfaces.egg-info/SOURCES.txt'
[0.650s] writing manifest file 'ur_custom_interfaces.egg-info/SOURCES.txt'
[0.650s] [100%] Built target ament_cmake_python_build_ur_custom_interfaces_egg
[0.659s] Invoked command in '/home/icrs/icrsUR/build/ur_custom_interfaces' returned '0': CMAKE_PREFIX_PATH=${CMAKE_PREFIX_PATH}:/opt/ros/humble /usr/bin/cmake --build /home/icrs/icrsUR/build/ur_custom_interfaces -- -j8 -l8
