[ 10%] Built target interfaces_ur5ik__rosidl_generator_c
[ 12%] Built target interfaces_ur5ik__cpp
[ 12%] Built target ament_cmake_python_symlink_interfaces_ur5ik
[ 23%] Built target interfaces_ur5ik__rosidl_typesupport_introspection_c
[ 34%] Built target interfaces_ur5ik__rosidl_typesupport_cpp
[ 44%] Built target interfaces_ur5ik__rosidl_typesupport_introspection_cpp
[ 55%] Built target interfaces_ur5ik__rosidl_typesupport_c
[ 65%] Built target interfaces_ur5ik__rosidl_typesupport_fastrtps_c
[ 76%] Built target interfaces_ur5ik__rosidl_typesupport_fastrtps_cpp
[ 76%] Built target interfaces_ur5ik
[ 78%] Built target interfaces_ur5ik__py
[ 87%] Built target interfaces_ur5ik__rosidl_generator_py
[ 91%] Built target interfaces_ur5ik__rosidl_typesupport_introspection_c__pyext
[ 95%] Built target interfaces_ur5ik__rosidl_typesupport_c__pyext
[100%] Built target interfaces_ur5ik__rosidl_typesupport_fastrtps_c__pyext
Traceback (most recent call last):
  File "/home/icrs/icrsUR/build/interfaces_ur5ik/ament_cmake_python/interfaces_ur5ik/setup.py", line 1, in <module>
    from setuptools import find_packages
  File "/usr/lib/python3/dist-packages/setuptools/__init__.py", line 16, in <module>
    import setuptools.version
  File "/usr/lib/python3/dist-packages/setuptools/version.py", line 1, in <module>
    import pkg_resources
  File "/usr/lib/python3/dist-packages/pkg_resources/__init__.py", line 3267, in <module>
    def _initialize_master_working_set():
  File "/usr/lib/python3/dist-packages/pkg_resources/__init__.py", line 3241, in _call_aside
    f(*args, **kwargs)
  File "/usr/lib/python3/dist-packages/pkg_resources/__init__.py", line 3279, in _initialize_master_working_set
    working_set = WorkingSet._build_master()
  File "/usr/lib/python3/dist-packages/pkg_resources/__init__.py", line 564, in _build_master
    ws = cls()
  File "/usr/lib/python3/dist-packages/pkg_resources/__init__.py", line 557, in __init__
    self.add_entry(entry)
  File "/usr/lib/python3/dist-packages/pkg_resources/__init__.py", line 613, in add_entry
    for dist in find_distributions(entry, True):
  File "/usr/lib/python3/dist-packages/pkg_resources/__init__.py", line 2073, in find_on_path
    path_item_entries = _by_version_descending(filtered)
  File "/usr/lib/python3/dist-packages/pkg_resources/__init__.py", line 2043, in _by_version_descending
    return sorted(names, key=_by_version, reverse=True)
  File "/usr/lib/python3/dist-packages/pkg_resources/__init__.py", line 2066, in <genexpr>
    filtered = (
KeyboardInterrupt
gmake[2]: *** [CMakeFiles/ament_cmake_python_build_interfaces_ur5ik_egg.dir/build.make:70: CMakeFiles/ament_cmake_python_build_interfaces_ur5ik_egg] Interrupt
gmake[1]: *** [CMakeFiles/Makefile2:447: CMakeFiles/ament_cmake_python_build_interfaces_ur5ik_egg.dir/all] Interrupt
gmake: *** [Makefile:146: all] Interrupt
