[0.018s] Invoking command in '/home/icrs/icrsUR/build/ur_moveit_config': AMENT_PREFIX_PATH=/home/icrs/icrsUR/install/ur_description:${AMENT_PREFIX_PATH} CMAKE_PREFIX_PATH=/home/icrs/icrsUR/install/ur_description:/opt/ros/humble /usr/bin/cmake --build /home/icrs/icrsUR/build/ur_moveit_config -- -j8 -l8
[0.085s] Built target ament_cmake_python_symlink_ur_moveit_config
[0.457s] running egg_info
[0.458s] writing ur_moveit_config.egg-info/PKG-INFO
[0.458s] writing dependency_links to ur_moveit_config.egg-info/dependency_links.txt
[0.459s] writing top-level names to ur_moveit_config.egg-info/top_level.txt
[0.461s] reading manifest file 'ur_moveit_config.egg-info/SOURCES.txt'
[0.462s] writing manifest file 'ur_moveit_config.egg-info/SOURCES.txt'
[0.494s] Built target ament_cmake_python_build_ur_moveit_config_egg
[0.604s] Invoked command in '/home/icrs/icrsUR/build/ur_moveit_config' returned '0': AMENT_PREFIX_PATH=/home/icrs/icrsUR/install/ur_description:${AMENT_PREFIX_PATH} CMAKE_PREFIX_PATH=/home/icrs/icrsUR/install/ur_description:/opt/ros/humble /usr/bin/cmake --build /home/icrs/icrsUR/build/ur_moveit_config -- -j8 -l8
[0.630s] Invoking command in '/home/icrs/icrsUR/build/ur_moveit_config': AMENT_PREFIX_PATH=/home/icrs/icrsUR/install/ur_description:${AMENT_PREFIX_PATH} CMAKE_PREFIX_PATH=/home/icrs/icrsUR/install/ur_description:/opt/ros/humble /usr/bin/cmake --install /home/icrs/icrsUR/build/ur_moveit_config
[0.639s] -- Install configuration: ""
[0.640s] -- Execute custom install script
[0.641s] -- Up-to-date symlink: /home/icrs/icrsUR/install/ur_moveit_config/share/ur_moveit_config/config/controllers.yaml
[0.642s] -- Up-to-date symlink: /home/icrs/icrsUR/install/ur_moveit_config/share/ur_moveit_config/config/kinematics.yaml
[0.642s] -- Up-to-date symlink: /home/icrs/icrsUR/install/ur_moveit_config/share/ur_moveit_config/config/ompl_planning.yaml
[0.642s] -- Up-to-date symlink: /home/icrs/icrsUR/install/ur_moveit_config/share/ur_moveit_config/config/ur_servo.yaml
[0.642s] -- Up-to-date symlink: /home/icrs/icrsUR/install/ur_moveit_config/share/ur_moveit_config/launch/ur_moveit.launch.py
[0.642s] -- Up-to-date symlink: /home/icrs/icrsUR/install/ur_moveit_config/share/ur_moveit_config/rviz/view_robot.rviz
[0.643s] -- Up-to-date symlink: /home/icrs/icrsUR/install/ur_moveit_config/share/ur_moveit_config/srdf/ur.srdf.xacro
[0.643s] -- Up-to-date symlink: /home/icrs/icrsUR/install/ur_moveit_config/share/ur_moveit_config/srdf/ur_macro.srdf.xacro
[0.643s] -- Up-to-date symlink: /home/icrs/icrsUR/install/ur_moveit_config/share/ur_moveit_config/environment/pythonpath.sh
[0.643s] -- Up-to-date symlink: /home/icrs/icrsUR/install/ur_moveit_config/share/ur_moveit_config/environment/pythonpath.dsv
[0.644s] -- Up-to-date symlink: /home/icrs/icrsUR/install/ur_moveit_config/local/lib/python3.10/dist-packages/ur_moveit_config-2.2.10-py3.10.egg-info/PKG-INFO
[0.644s] -- Up-to-date symlink: /home/icrs/icrsUR/install/ur_moveit_config/local/lib/python3.10/dist-packages/ur_moveit_config-2.2.10-py3.10.egg-info/SOURCES.txt
[0.644s] -- Up-to-date symlink: /home/icrs/icrsUR/install/ur_moveit_config/local/lib/python3.10/dist-packages/ur_moveit_config-2.2.10-py3.10.egg-info/dependency_links.txt
[0.645s] -- Up-to-date symlink: /home/icrs/icrsUR/install/ur_moveit_config/local/lib/python3.10/dist-packages/ur_moveit_config-2.2.10-py3.10.egg-info/top_level.txt
[0.645s] -- Up-to-date symlink: /home/icrs/icrsUR/install/ur_moveit_config/local/lib/python3.10/dist-packages/ur_moveit_config/__init__.py
[0.645s] -- Up-to-date symlink: /home/icrs/icrsUR/install/ur_moveit_config/local/lib/python3.10/dist-packages/ur_moveit_config/launch_common.py
[0.645s] -- Up-to-date symlink: /home/icrs/icrsUR/install/ur_moveit_config/local/lib/python3.10/dist-packages/launch_common.py
[0.645s] -- Up-to-date symlink: /home/icrs/icrsUR/install/ur_moveit_config/share/ament_index/resource_index/package_run_dependencies/ur_moveit_config
[0.646s] -- Up-to-date symlink: /home/icrs/icrsUR/install/ur_moveit_config/share/ament_index/resource_index/parent_prefix_path/ur_moveit_config
[0.646s] -- Up-to-date symlink: /home/icrs/icrsUR/install/ur_moveit_config/share/ur_moveit_config/environment/ament_prefix_path.sh
[0.646s] -- Up-to-date symlink: /home/icrs/icrsUR/install/ur_moveit_config/share/ur_moveit_config/environment/ament_prefix_path.dsv
[0.646s] -- Up-to-date symlink: /home/icrs/icrsUR/install/ur_moveit_config/share/ur_moveit_config/environment/path.sh
[0.647s] -- Up-to-date symlink: /home/icrs/icrsUR/install/ur_moveit_config/share/ur_moveit_config/environment/path.dsv
[0.647s] -- Up-to-date symlink: /home/icrs/icrsUR/install/ur_moveit_config/share/ur_moveit_config/local_setup.bash
[0.647s] -- Up-to-date symlink: /home/icrs/icrsUR/install/ur_moveit_config/share/ur_moveit_config/local_setup.sh
[0.647s] -- Up-to-date symlink: /home/icrs/icrsUR/install/ur_moveit_config/share/ur_moveit_config/local_setup.zsh
[0.647s] -- Up-to-date symlink: /home/icrs/icrsUR/install/ur_moveit_config/share/ur_moveit_config/local_setup.dsv
[0.648s] -- Symlinking: /home/icrs/icrsUR/install/ur_moveit_config/share/ur_moveit_config/package.dsv
[0.659s] -- Up-to-date symlink: /home/icrs/icrsUR/install/ur_moveit_config/share/ament_index/resource_index/packages/ur_moveit_config
[0.659s] -- Up-to-date symlink: /home/icrs/icrsUR/install/ur_moveit_config/share/ur_moveit_config/cmake/ur_moveit_configConfig.cmake
[0.659s] -- Up-to-date symlink: /home/icrs/icrsUR/install/ur_moveit_config/share/ur_moveit_config/cmake/ur_moveit_configConfig-version.cmake
[0.659s] -- Up-to-date symlink: /home/icrs/icrsUR/install/ur_moveit_config/share/ur_moveit_config/package.xml
[0.719s] Listing '/home/icrs/icrsUR/install/ur_moveit_config/local/lib/python3.10/dist-packages/ur_moveit_config'...
[0.776s] Invoked command in '/home/icrs/icrsUR/build/ur_moveit_config' returned '0': AMENT_PREFIX_PATH=/home/icrs/icrsUR/install/ur_description:${AMENT_PREFIX_PATH} CMAKE_PREFIX_PATH=/home/icrs/icrsUR/install/ur_description:/opt/ros/humble /usr/bin/cmake --install /home/icrs/icrsUR/build/ur_moveit_config
