[ 20%] Built target controller_stopper_node
[ 33%] Built target ur_ros2_control_node
[ 60%] Built target dashboard_client
[ 73%] Built target urscript_interface
[ 73%] Built target ament_cmake_python_symlink_ur_robot_driver
[100%] Built target ur_robot_driver_plugin
Traceback (most recent call last):
  File "/home/icrs/icrsUR/build/ur_robot_driver/ament_cmake_python/ur_robot_driver/setup.py", line 1, in <module>
    from setuptools import find_packages
  File "/usr/lib/python3/dist-packages/setuptools/__init__.py", line 16, in <module>
    import setuptools.version
  File "/usr/lib/python3/dist-packages/setuptools/version.py", line 1, in <module>
    import pkg_resources
  File "/usr/lib/python3/dist-packages/pkg_resources/__init__.py", line 3267, in <module>
    def _initialize_master_working_set():
  File "/usr/lib/python3/dist-packages/pkg_resources/__init__.py", line 3241, in _call_aside
    f(*args, **kwargs)
  File "/usr/lib/python3/dist-packages/pkg_resources/__init__.py", line 3279, in _initialize_master_working_set
    working_set = WorkingSet._build_master()
  File "/usr/lib/python3/dist-packages/pkg_resources/__init__.py", line 564, in _build_master
    ws = cls()
  File "/usr/lib/python3/dist-packages/pkg_resources/__init__.py", line 557, in __init__
    self.add_entry(entry)
  File "/usr/lib/python3/dist-packages/pkg_resources/__init__.py", line 613, in add_entry
    for dist in find_distributions(entry, True):
  File "/usr/lib/python3/dist-packages/pkg_resources/__init__.py", line 2077, in find_on_path
    for dist in factory(fullpath):
  File "/usr/lib/python3/dist-packages/pkg_resources/__init__.py", line 2142, in distributions_from_metadata
    yield Distribution.from_location(
  File "/usr/lib/python3/dist-packages/pkg_resources/__init__.py", line 2600, in from_location
    project_name, version, py_version, platform = match.group(
KeyboardInterrupt
gmake[2]: *** [CMakeFiles/ament_cmake_python_build_ur_robot_driver_egg.dir/build.make:70: CMakeFiles/ament_cmake_python_build_ur_robot_driver_egg] Interrupt
gmake[1]: *** [CMakeFiles/Makefile2:304: CMakeFiles/ament_cmake_python_build_ur_robot_driver_egg.dir/all] Interrupt
gmake: *** [Makefile:146: all] Interrupt
