[0.033s] Invoking command in '/home/icrs/icrsUR/build/ur_bringup': AMENT_PREFIX_PATH=/home/icrs/icrsUR/install/ur_controllers:/home/icrs/icrsUR/install/ur_description:/home/icrs/icrsUR/install/ur_dashboard_msgs:${AMENT_PREFIX_PATH} CMAKE_PREFIX_PATH=/home/icrs/icrsUR/install/ur_controllers:/home/icrs/icrsUR/install/ur_description:/home/icrs/icrsUR/install/ur_dashboard_msgs:/home/icrs/isac/install/iw_hub_navigation:/home/icrs/isac/install/isaacsim:/home/icrs/isac/install/isaac_tutorials:/home/icrs/isac/install/isaac_ros2_messages:/home/icrs/isac/install/custom_message:/home/icrs/isac/install/carter_navigation:/home/icrs/isac/install/isaac_ros_navigation_goal:/opt/ros/humble LD_LIBRARY_PATH=/home/icrs/icrsUR/install/ur_controllers/lib:/home/icrs/icrsUR/install/ur_dashboard_msgs/lib:${LD_LIBRARY_PATH} PYTHONPATH=/home/icrs/icrsUR/install/ur_dashboard_msgs/local/lib/python3.10/dist-packages:${PYTHONPATH} /usr/bin/cmake --build /home/icrs/icrsUR/build/ur_bringup -- -j8 -l8
[0.079s] Invoked command in '/home/icrs/icrsUR/build/ur_bringup' returned '0': AMENT_PREFIX_PATH=/home/icrs/icrsUR/install/ur_controllers:/home/icrs/icrsUR/install/ur_description:/home/icrs/icrsUR/install/ur_dashboard_msgs:${AMENT_PREFIX_PATH} CMAKE_PREFIX_PATH=/home/icrs/icrsUR/install/ur_controllers:/home/icrs/icrsUR/install/ur_description:/home/icrs/icrsUR/install/ur_dashboard_msgs:/home/icrs/isac/install/iw_hub_navigation:/home/icrs/isac/install/isaacsim:/home/icrs/isac/install/isaac_tutorials:/home/icrs/isac/install/isaac_ros2_messages:/home/icrs/isac/install/custom_message:/home/icrs/isac/install/carter_navigation:/home/icrs/isac/install/isaac_ros_navigation_goal:/opt/ros/humble LD_LIBRARY_PATH=/home/icrs/icrsUR/install/ur_controllers/lib:/home/icrs/icrsUR/install/ur_dashboard_msgs/lib:${LD_LIBRARY_PATH} PYTHONPATH=/home/icrs/icrsUR/install/ur_dashboard_msgs/local/lib/python3.10/dist-packages:${PYTHONPATH} /usr/bin/cmake --build /home/icrs/icrsUR/build/ur_bringup -- -j8 -l8
[0.120s] Invoking command in '/home/icrs/icrsUR/build/ur_bringup': AMENT_PREFIX_PATH=/home/icrs/icrsUR/install/ur_controllers:/home/icrs/icrsUR/install/ur_description:/home/icrs/icrsUR/install/ur_dashboard_msgs:${AMENT_PREFIX_PATH} CMAKE_PREFIX_PATH=/home/icrs/icrsUR/install/ur_controllers:/home/icrs/icrsUR/install/ur_description:/home/icrs/icrsUR/install/ur_dashboard_msgs:/home/icrs/isac/install/iw_hub_navigation:/home/icrs/isac/install/isaacsim:/home/icrs/isac/install/isaac_tutorials:/home/icrs/isac/install/isaac_ros2_messages:/home/icrs/isac/install/custom_message:/home/icrs/isac/install/carter_navigation:/home/icrs/isac/install/isaac_ros_navigation_goal:/opt/ros/humble LD_LIBRARY_PATH=/home/icrs/icrsUR/install/ur_controllers/lib:/home/icrs/icrsUR/install/ur_dashboard_msgs/lib:${LD_LIBRARY_PATH} PYTHONPATH=/home/icrs/icrsUR/install/ur_dashboard_msgs/local/lib/python3.10/dist-packages:${PYTHONPATH} /usr/bin/cmake --install /home/icrs/icrsUR/build/ur_bringup
[0.132s] -- Install configuration: ""
[0.135s] -- Execute custom install script
[0.135s] -- Up-to-date symlink: /home/icrs/icrsUR/install/ur_bringup/share/ur_bringup/config/test_goal_publishers_config.yaml
[0.136s] -- Up-to-date symlink: /home/icrs/icrsUR/install/ur_bringup/share/ur_bringup/config/test_velocity_goal_publishers_config.yaml
[0.136s] -- Up-to-date symlink: /home/icrs/icrsUR/install/ur_bringup/share/ur_bringup/config/ur10_update_rate.yaml
[0.136s] -- Up-to-date symlink: /home/icrs/icrsUR/install/ur_bringup/share/ur_bringup/config/ur10e_update_rate.yaml
[0.136s] -- Up-to-date symlink: /home/icrs/icrsUR/install/ur_bringup/share/ur_bringup/config/ur16e_update_rate.yaml
[0.136s] -- Up-to-date symlink: /home/icrs/icrsUR/install/ur_bringup/share/ur_bringup/config/ur3_update_rate.yaml
[0.136s] -- Up-to-date symlink: /home/icrs/icrsUR/install/ur_bringup/share/ur_bringup/config/ur3e_update_rate.yaml
[0.136s] -- Up-to-date symlink: /home/icrs/icrsUR/install/ur_bringup/share/ur_bringup/config/ur5_update_rate.yaml
[0.137s] -- Up-to-date symlink: /home/icrs/icrsUR/install/ur_bringup/share/ur_bringup/config/ur5e_update_rate.yaml
[0.137s] -- Up-to-date symlink: /home/icrs/icrsUR/install/ur_bringup/share/ur_bringup/config/ur_controllers.yaml
[0.137s] -- Up-to-date symlink: /home/icrs/icrsUR/install/ur_bringup/share/ur_bringup/launch/test_forward_velocity_controller.launch.py
[0.138s] -- Up-to-date symlink: /home/icrs/icrsUR/install/ur_bringup/share/ur_bringup/launch/test_joint_trajectory_controller.launch.py
[0.138s] -- Up-to-date symlink: /home/icrs/icrsUR/install/ur_bringup/share/ur_bringup/launch/test_scaled_joint_trajectory_controller.launch.py
[0.138s] -- Up-to-date symlink: /home/icrs/icrsUR/install/ur_bringup/share/ur_bringup/launch/ur10.launch.py
[0.138s] -- Up-to-date symlink: /home/icrs/icrsUR/install/ur_bringup/share/ur_bringup/launch/ur10e.launch.py
[0.139s] -- Up-to-date symlink: /home/icrs/icrsUR/install/ur_bringup/share/ur_bringup/launch/ur16e.launch.py
[0.139s] -- Up-to-date symlink: /home/icrs/icrsUR/install/ur_bringup/share/ur_bringup/launch/ur3.launch.py
[0.139s] -- Up-to-date symlink: /home/icrs/icrsUR/install/ur_bringup/share/ur_bringup/launch/ur3e.launch.py
[0.139s] -- Up-to-date symlink: /home/icrs/icrsUR/install/ur_bringup/share/ur_bringup/launch/ur5.launch.py
[0.140s] -- Up-to-date symlink: /home/icrs/icrsUR/install/ur_bringup/share/ur_bringup/launch/ur5e.launch.py
[0.140s] -- Up-to-date symlink: /home/icrs/icrsUR/install/ur_bringup/share/ur_bringup/launch/ur_control.launch.py
[0.140s] -- Up-to-date symlink: /home/icrs/icrsUR/install/ur_bringup/share/ur_bringup/launch/ur_dashboard_client.launch.py
[0.141s] -- Up-to-date symlink: /home/icrs/icrsUR/install/ur_bringup/lib/ur_bringup/start_ursim.sh
[0.142s] -- Up-to-date symlink: /home/icrs/icrsUR/install/ur_bringup/share/ament_index/resource_index/package_run_dependencies/ur_bringup
[0.143s] -- Up-to-date symlink: /home/icrs/icrsUR/install/ur_bringup/share/ament_index/resource_index/parent_prefix_path/ur_bringup
[0.143s] -- Up-to-date symlink: /home/icrs/icrsUR/install/ur_bringup/share/ur_bringup/environment/ament_prefix_path.sh
[0.144s] -- Up-to-date symlink: /home/icrs/icrsUR/install/ur_bringup/share/ur_bringup/environment/ament_prefix_path.dsv
[0.144s] -- Up-to-date symlink: /home/icrs/icrsUR/install/ur_bringup/share/ur_bringup/environment/path.sh
[0.144s] -- Up-to-date symlink: /home/icrs/icrsUR/install/ur_bringup/share/ur_bringup/environment/path.dsv
[0.145s] -- Up-to-date symlink: /home/icrs/icrsUR/install/ur_bringup/share/ur_bringup/local_setup.bash
[0.145s] -- Up-to-date symlink: /home/icrs/icrsUR/install/ur_bringup/share/ur_bringup/local_setup.sh
[0.145s] -- Up-to-date symlink: /home/icrs/icrsUR/install/ur_bringup/share/ur_bringup/local_setup.zsh
[0.146s] -- Up-to-date symlink: /home/icrs/icrsUR/install/ur_bringup/share/ur_bringup/local_setup.dsv
[0.146s] -- Symlinking: /home/icrs/icrsUR/install/ur_bringup/share/ur_bringup/package.dsv
[0.156s] -- Up-to-date symlink: /home/icrs/icrsUR/install/ur_bringup/share/ament_index/resource_index/packages/ur_bringup
[0.157s] -- Up-to-date symlink: /home/icrs/icrsUR/install/ur_bringup/share/ur_bringup/cmake/ur_bringupConfig.cmake
[0.157s] -- Up-to-date symlink: /home/icrs/icrsUR/install/ur_bringup/share/ur_bringup/cmake/ur_bringupConfig-version.cmake
[0.157s] -- Up-to-date symlink: /home/icrs/icrsUR/install/ur_bringup/share/ur_bringup/package.xml
[0.160s] Invoked command in '/home/icrs/icrsUR/build/ur_bringup' returned '0': AMENT_PREFIX_PATH=/home/icrs/icrsUR/install/ur_controllers:/home/icrs/icrsUR/install/ur_description:/home/icrs/icrsUR/install/ur_dashboard_msgs:${AMENT_PREFIX_PATH} CMAKE_PREFIX_PATH=/home/icrs/icrsUR/install/ur_controllers:/home/icrs/icrsUR/install/ur_description:/home/icrs/icrsUR/install/ur_dashboard_msgs:/home/icrs/isac/install/iw_hub_navigation:/home/icrs/isac/install/isaacsim:/home/icrs/isac/install/isaac_tutorials:/home/icrs/isac/install/isaac_ros2_messages:/home/icrs/isac/install/custom_message:/home/icrs/isac/install/carter_navigation:/home/icrs/isac/install/isaac_ros_navigation_goal:/opt/ros/humble LD_LIBRARY_PATH=/home/icrs/icrsUR/install/ur_controllers/lib:/home/icrs/icrsUR/install/ur_dashboard_msgs/lib:${LD_LIBRARY_PATH} PYTHONPATH=/home/icrs/icrsUR/install/ur_dashboard_msgs/local/lib/python3.10/dist-packages:${PYTHONPATH} /usr/bin/cmake --install /home/icrs/icrsUR/build/ur_bringup
