[0.142s] Invoking command in '/home/icrs/icrsUR/build/ur_description': CMAKE_PREFIX_PATH=${CMAKE_PREFIX_PATH}:/home/icrs/icrsUR/install/camera_control:/home/icrs/icrsUR/install/gripper_control:/opt/ros/humble /usr/bin/cmake --build /home/icrs/icrsUR/build/ur_description -- -j8 -l8
[2.258s] Invoked command in '/home/icrs/icrsUR/build/ur_description' returned '0': CMAKE_PREFIX_PATH=${CMAKE_PREFIX_PATH}:/home/icrs/icrsUR/install/camera_control:/home/icrs/icrsUR/install/gripper_control:/opt/ros/humble /usr/bin/cmake --build /home/icrs/icrsUR/build/ur_description -- -j8 -l8
[2.417s] Invoking command in '/home/icrs/icrsUR/build/ur_description': CMAKE_PREFIX_PATH=${CMAKE_PREFIX_PATH}:/home/icrs/icrsUR/install/camera_control:/home/icrs/icrsUR/install/gripper_control:/opt/ros/humble /usr/bin/cmake --install /home/icrs/icrsUR/build/ur_description
[2.451s] -- Install configuration: ""
[2.455s] -- Execute custom install script
[2.463s] -- Up-to-date symlink: /home/icrs/icrsUR/install/ur_description/share/ur_description/config/initial_positions.yaml
[2.464s] -- Up-to-date symlink: /home/icrs/icrsUR/install/ur_description/share/ur_description/config/ur10/default_kinematics.yaml
[2.465s] -- Up-to-date symlink: /home/icrs/icrsUR/install/ur_description/share/ur_description/config/ur10/joint_limits.yaml
[2.470s] -- Up-to-date symlink: /home/icrs/icrsUR/install/ur_description/share/ur_description/config/ur10/physical_parameters.yaml
[2.471s] -- Up-to-date symlink: /home/icrs/icrsUR/install/ur_description/share/ur_description/config/ur10/visual_parameters.yaml
[2.472s] -- Up-to-date symlink: /home/icrs/icrsUR/install/ur_description/share/ur_description/config/ur10e/default_kinematics.yaml
[2.473s] -- Up-to-date symlink: /home/icrs/icrsUR/install/ur_description/share/ur_description/config/ur10e/joint_limits.yaml
[2.477s] -- Up-to-date symlink: /home/icrs/icrsUR/install/ur_description/share/ur_description/config/ur10e/physical_parameters.yaml
[2.478s] -- Up-to-date symlink: /home/icrs/icrsUR/install/ur_description/share/ur_description/config/ur10e/visual_parameters.yaml
[2.479s] -- Up-to-date symlink: /home/icrs/icrsUR/install/ur_description/share/ur_description/config/ur16e/default_kinematics.yaml
[2.480s] -- Up-to-date symlink: /home/icrs/icrsUR/install/ur_description/share/ur_description/config/ur16e/joint_limits.yaml
[2.481s] -- Up-to-date symlink: /home/icrs/icrsUR/install/ur_description/share/ur_description/config/ur16e/physical_parameters.yaml
[2.482s] -- Up-to-date symlink: /home/icrs/icrsUR/install/ur_description/share/ur_description/config/ur16e/visual_parameters.yaml
[2.487s] -- Up-to-date symlink: /home/icrs/icrsUR/install/ur_description/share/ur_description/config/ur20/default_kinematics.yaml
[2.488s] -- Up-to-date symlink: /home/icrs/icrsUR/install/ur_description/share/ur_description/config/ur20/joint_limits.yaml
[2.489s] -- Up-to-date symlink: /home/icrs/icrsUR/install/ur_description/share/ur_description/config/ur20/physical_parameters.yaml
[2.492s] -- Up-to-date symlink: /home/icrs/icrsUR/install/ur_description/share/ur_description/config/ur20/visual_parameters.yaml
[2.493s] -- Up-to-date symlink: /home/icrs/icrsUR/install/ur_description/share/ur_description/config/ur3/default_kinematics.yaml
[2.494s] -- Up-to-date symlink: /home/icrs/icrsUR/install/ur_description/share/ur_description/config/ur3/joint_limits.yaml
[2.495s] -- Up-to-date symlink: /home/icrs/icrsUR/install/ur_description/share/ur_description/config/ur3/physical_parameters.yaml
[2.495s] -- Up-to-date symlink: /home/icrs/icrsUR/install/ur_description/share/ur_description/config/ur3/visual_parameters.yaml
[2.496s] -- Up-to-date symlink: /home/icrs/icrsUR/install/ur_description/share/ur_description/config/ur30/default_kinematics.yaml
[2.496s] -- Up-to-date symlink: /home/icrs/icrsUR/install/ur_description/share/ur_description/config/ur30/joint_limits.yaml
[2.497s] -- Up-to-date symlink: /home/icrs/icrsUR/install/ur_description/share/ur_description/config/ur30/physical_parameters.yaml
[2.498s] -- Up-to-date symlink: /home/icrs/icrsUR/install/ur_description/share/ur_description/config/ur30/visual_parameters.yaml
[2.499s] -- Up-to-date symlink: /home/icrs/icrsUR/install/ur_description/share/ur_description/config/ur3e/default_kinematics.yaml
[2.499s] -- Up-to-date symlink: /home/icrs/icrsUR/install/ur_description/share/ur_description/config/ur3e/joint_limits.yaml
[2.500s] -- Up-to-date symlink: /home/icrs/icrsUR/install/ur_description/share/ur_description/config/ur3e/physical_parameters.yaml
[2.500s] -- Up-to-date symlink: /home/icrs/icrsUR/install/ur_description/share/ur_description/config/ur3e/visual_parameters.yaml
[2.501s] -- Up-to-date symlink: /home/icrs/icrsUR/install/ur_description/share/ur_description/config/ur5/default_kinematics.yaml
[2.501s] -- Up-to-date symlink: /home/icrs/icrsUR/install/ur_description/share/ur_description/config/ur5/joint_limits.yaml
[2.502s] -- Up-to-date symlink: /home/icrs/icrsUR/install/ur_description/share/ur_description/config/ur5/physical_parameters.yaml
[2.502s] -- Up-to-date symlink: /home/icrs/icrsUR/install/ur_description/share/ur_description/config/ur5/visual_parameters.yaml
[2.503s] -- Up-to-date symlink: /home/icrs/icrsUR/install/ur_description/share/ur_description/config/ur5e/default_kinematics.yaml
[2.504s] -- Up-to-date symlink: /home/icrs/icrsUR/install/ur_description/share/ur_description/config/ur5e/joint_limits.yaml
[2.505s] -- Up-to-date symlink: /home/icrs/icrsUR/install/ur_description/share/ur_description/config/ur5e/physical_parameters.yaml
[2.506s] -- Up-to-date symlink: /home/icrs/icrsUR/install/ur_description/share/ur_description/config/ur5e/visual_parameters.yaml
[2.507s] -- Up-to-date symlink: /home/icrs/icrsUR/install/ur_description/share/ur_description/launch/view_ur.launch.py
[2.525s] -- Up-to-date symlink: /home/icrs/icrsUR/install/ur_description/share/ur_description/meshes/ur10/collision/base.stl
[2.527s] -- Up-to-date symlink: /home/icrs/icrsUR/install/ur_description/share/ur_description/meshes/ur10/collision/forearm.stl
[2.528s] -- Up-to-date symlink: /home/icrs/icrsUR/install/ur_description/share/ur_description/meshes/ur10/collision/shoulder.stl
[2.529s] -- Up-to-date symlink: /home/icrs/icrsUR/install/ur_description/share/ur_description/meshes/ur10/collision/upperarm.stl
[2.531s] -- Up-to-date symlink: /home/icrs/icrsUR/install/ur_description/share/ur_description/meshes/ur10/collision/wrist1.stl
[2.531s] -- Up-to-date symlink: /home/icrs/icrsUR/install/ur_description/share/ur_description/meshes/ur10/collision/wrist2.stl
[2.533s] -- Up-to-date symlink: /home/icrs/icrsUR/install/ur_description/share/ur_description/meshes/ur10/collision/wrist3.stl
[2.535s] -- Up-to-date symlink: /home/icrs/icrsUR/install/ur_description/share/ur_description/meshes/ur10/visual/base.dae
[2.536s] -- Up-to-date symlink: /home/icrs/icrsUR/install/ur_description/share/ur_description/meshes/ur10/visual/forearm.dae
[2.537s] -- Up-to-date symlink: /home/icrs/icrsUR/install/ur_description/share/ur_description/meshes/ur10/visual/shoulder.dae
[2.538s] -- Up-to-date symlink: /home/icrs/icrsUR/install/ur_description/share/ur_description/meshes/ur10/visual/upperarm.dae
[2.539s] -- Up-to-date symlink: /home/icrs/icrsUR/install/ur_description/share/ur_description/meshes/ur10/visual/wrist1.dae
[2.541s] -- Up-to-date symlink: /home/icrs/icrsUR/install/ur_description/share/ur_description/meshes/ur10/visual/wrist2.dae
[2.543s] -- Up-to-date symlink: /home/icrs/icrsUR/install/ur_description/share/ur_description/meshes/ur10/visual/wrist3.dae
[2.545s] -- Up-to-date symlink: /home/icrs/icrsUR/install/ur_description/share/ur_description/meshes/ur10e/collision/base.stl
[2.548s] -- Up-to-date symlink: /home/icrs/icrsUR/install/ur_description/share/ur_description/meshes/ur10e/collision/forearm.stl
[2.551s] -- Up-to-date symlink: /home/icrs/icrsUR/install/ur_description/share/ur_description/meshes/ur10e/collision/shoulder.stl
[2.552s] -- Up-to-date symlink: /home/icrs/icrsUR/install/ur_description/share/ur_description/meshes/ur10e/collision/upperarm.stl
[2.557s] -- Up-to-date symlink: /home/icrs/icrsUR/install/ur_description/share/ur_description/meshes/ur10e/collision/wrist1.stl
[2.562s] -- Up-to-date symlink: /home/icrs/icrsUR/install/ur_description/share/ur_description/meshes/ur10e/collision/wrist2.stl
[2.563s] -- Up-to-date symlink: /home/icrs/icrsUR/install/ur_description/share/ur_description/meshes/ur10e/collision/wrist3.stl
[2.563s] -- Up-to-date symlink: /home/icrs/icrsUR/install/ur_description/share/ur_description/meshes/ur10e/visual/base.dae
[2.564s] -- Up-to-date symlink: /home/icrs/icrsUR/install/ur_description/share/ur_description/meshes/ur10e/visual/forearm.dae
[2.569s] -- Up-to-date symlink: /home/icrs/icrsUR/install/ur_description/share/ur_description/meshes/ur10e/visual/shoulder.dae
[2.570s] -- Up-to-date symlink: /home/icrs/icrsUR/install/ur_description/share/ur_description/meshes/ur10e/visual/upperarm.dae
[2.570s] -- Up-to-date symlink: /home/icrs/icrsUR/install/ur_description/share/ur_description/meshes/ur10e/visual/wrist1.dae
[2.571s] -- Up-to-date symlink: /home/icrs/icrsUR/install/ur_description/share/ur_description/meshes/ur10e/visual/wrist2.dae
[2.571s] -- Up-to-date symlink: /home/icrs/icrsUR/install/ur_description/share/ur_description/meshes/ur10e/visual/wrist3.dae
[2.572s] -- Up-to-date symlink: /home/icrs/icrsUR/install/ur_description/share/ur_description/meshes/ur16e/collision/forearm.stl
[2.573s] -- Up-to-date symlink: /home/icrs/icrsUR/install/ur_description/share/ur_description/meshes/ur16e/collision/upperarm.stl
[2.574s] -- Up-to-date symlink: /home/icrs/icrsUR/install/ur_description/share/ur_description/meshes/ur16e/visual/forearm.dae
[2.574s] -- Up-to-date symlink: /home/icrs/icrsUR/install/ur_description/share/ur_description/meshes/ur16e/visual/upperarm.dae
[2.575s] -- Up-to-date symlink: /home/icrs/icrsUR/install/ur_description/share/ur_description/meshes/ur20/LICENSE.txt
[2.576s] -- Up-to-date symlink: /home/icrs/icrsUR/install/ur_description/share/ur_description/meshes/ur20/collision/base.stl
[2.576s] -- Up-to-date symlink: /home/icrs/icrsUR/install/ur_description/share/ur_description/meshes/ur20/collision/forearm.stl
[2.577s] -- Up-to-date symlink: /home/icrs/icrsUR/install/ur_description/share/ur_description/meshes/ur20/collision/shoulder.stl
[2.578s] -- Up-to-date symlink: /home/icrs/icrsUR/install/ur_description/share/ur_description/meshes/ur20/collision/upperarm.stl
[2.579s] -- Up-to-date symlink: /home/icrs/icrsUR/install/ur_description/share/ur_description/meshes/ur20/collision/wrist1.stl
[2.581s] -- Up-to-date symlink: /home/icrs/icrsUR/install/ur_description/share/ur_description/meshes/ur20/collision/wrist2.stl
[2.584s] -- Up-to-date symlink: /home/icrs/icrsUR/install/ur_description/share/ur_description/meshes/ur20/collision/wrist3.stl
[2.585s] -- Up-to-date symlink: /home/icrs/icrsUR/install/ur_description/share/ur_description/meshes/ur20/visual/UR20_DIFF_8bit_2K.png
[2.586s] -- Up-to-date symlink: /home/icrs/icrsUR/install/ur_description/share/ur_description/meshes/ur20/visual/base.dae
[2.588s] -- Up-to-date symlink: /home/icrs/icrsUR/install/ur_description/share/ur_description/meshes/ur20/visual/forearm.dae
[2.591s] -- Up-to-date symlink: /home/icrs/icrsUR/install/ur_description/share/ur_description/meshes/ur20/visual/shoulder.dae
[2.593s] -- Up-to-date symlink: /home/icrs/icrsUR/install/ur_description/share/ur_description/meshes/ur20/visual/upperarm.dae
[2.595s] -- Up-to-date symlink: /home/icrs/icrsUR/install/ur_description/share/ur_description/meshes/ur20/visual/wrist1.dae
[2.596s] -- Up-to-date symlink: /home/icrs/icrsUR/install/ur_description/share/ur_description/meshes/ur20/visual/wrist2.dae
[2.597s] -- Up-to-date symlink: /home/icrs/icrsUR/install/ur_description/share/ur_description/meshes/ur20/visual/wrist3.dae
[2.598s] -- Up-to-date symlink: /home/icrs/icrsUR/install/ur_description/share/ur_description/meshes/ur3/collision/base.stl
[2.598s] -- Up-to-date symlink: /home/icrs/icrsUR/install/ur_description/share/ur_description/meshes/ur3/collision/forearm.stl
[2.599s] -- Up-to-date symlink: /home/icrs/icrsUR/install/ur_description/share/ur_description/meshes/ur3/collision/shoulder.stl
[2.601s] -- Up-to-date symlink: /home/icrs/icrsUR/install/ur_description/share/ur_description/meshes/ur3/collision/upperarm.stl
[2.602s] -- Up-to-date symlink: /home/icrs/icrsUR/install/ur_description/share/ur_description/meshes/ur3/collision/wrist1.stl
[2.602s] -- Up-to-date symlink: /home/icrs/icrsUR/install/ur_description/share/ur_description/meshes/ur3/collision/wrist2.stl
[2.604s] -- Up-to-date symlink: /home/icrs/icrsUR/install/ur_description/share/ur_description/meshes/ur3/collision/wrist3.stl
[2.605s] -- Up-to-date symlink: /home/icrs/icrsUR/install/ur_description/share/ur_description/meshes/ur3/visual/base.dae
[2.606s] -- Up-to-date symlink: /home/icrs/icrsUR/install/ur_description/share/ur_description/meshes/ur3/visual/forearm.dae
[2.607s] -- Up-to-date symlink: /home/icrs/icrsUR/install/ur_description/share/ur_description/meshes/ur3/visual/shoulder.dae
[2.607s] -- Up-to-date symlink: /home/icrs/icrsUR/install/ur_description/share/ur_description/meshes/ur3/visual/upperarm.dae
[2.609s] -- Up-to-date symlink: /home/icrs/icrsUR/install/ur_description/share/ur_description/meshes/ur3/visual/wrist1.dae
[2.609s] -- Up-to-date symlink: /home/icrs/icrsUR/install/ur_description/share/ur_description/meshes/ur3/visual/wrist2.dae
[2.612s] -- Up-to-date symlink: /home/icrs/icrsUR/install/ur_description/share/ur_description/meshes/ur3/visual/wrist3.dae
[2.613s] -- Up-to-date symlink: /home/icrs/icrsUR/install/ur_description/share/ur_description/meshes/ur30/LICENSE.txt
[2.613s] -- Up-to-date symlink: /home/icrs/icrsUR/install/ur_description/share/ur_description/meshes/ur30/collision/forearm.stl
[2.614s] -- Up-to-date symlink: /home/icrs/icrsUR/install/ur_description/share/ur_description/meshes/ur30/collision/upperarm.stl
[2.615s] -- Up-to-date symlink: /home/icrs/icrsUR/install/ur_description/share/ur_description/meshes/ur30/visual/UR30_DIFF_8bit_2K.png
[2.616s] -- Up-to-date symlink: /home/icrs/icrsUR/install/ur_description/share/ur_description/meshes/ur30/visual/forearm.dae
[2.618s] -- Up-to-date symlink: /home/icrs/icrsUR/install/ur_description/share/ur_description/meshes/ur30/visual/upperarm.dae
[2.621s] -- Up-to-date symlink: /home/icrs/icrsUR/install/ur_description/share/ur_description/meshes/ur3e/collision/base.stl
[2.622s] -- Up-to-date symlink: /home/icrs/icrsUR/install/ur_description/share/ur_description/meshes/ur3e/collision/forearm.stl
[2.622s] -- Up-to-date symlink: /home/icrs/icrsUR/install/ur_description/share/ur_description/meshes/ur3e/collision/shoulder.stl
[2.624s] -- Up-to-date symlink: /home/icrs/icrsUR/install/ur_description/share/ur_description/meshes/ur3e/collision/upperarm.stl
[2.627s] -- Up-to-date symlink: /home/icrs/icrsUR/install/ur_description/share/ur_description/meshes/ur3e/collision/wrist1.stl
[2.628s] -- Up-to-date symlink: /home/icrs/icrsUR/install/ur_description/share/ur_description/meshes/ur3e/collision/wrist2.stl
[2.628s] -- Up-to-date symlink: /home/icrs/icrsUR/install/ur_description/share/ur_description/meshes/ur3e/collision/wrist3.stl
[2.632s] -- Up-to-date symlink: /home/icrs/icrsUR/install/ur_description/share/ur_description/meshes/ur3e/visual/base.dae
[2.633s] -- Up-to-date symlink: /home/icrs/icrsUR/install/ur_description/share/ur_description/meshes/ur3e/visual/forearm.dae
[2.634s] -- Up-to-date symlink: /home/icrs/icrsUR/install/ur_description/share/ur_description/meshes/ur3e/visual/shoulder.dae
[2.635s] -- Up-to-date symlink: /home/icrs/icrsUR/install/ur_description/share/ur_description/meshes/ur3e/visual/upperarm.dae
[2.637s] -- Up-to-date symlink: /home/icrs/icrsUR/install/ur_description/share/ur_description/meshes/ur3e/visual/wrist1.dae
[2.637s] -- Up-to-date symlink: /home/icrs/icrsUR/install/ur_description/share/ur_description/meshes/ur3e/visual/wrist2.dae
[2.639s] -- Up-to-date symlink: /home/icrs/icrsUR/install/ur_description/share/ur_description/meshes/ur3e/visual/wrist3.dae
[2.641s] -- Up-to-date symlink: /home/icrs/icrsUR/install/ur_description/share/ur_description/meshes/ur5/collision/base.stl
[2.641s] -- Up-to-date symlink: /home/icrs/icrsUR/install/ur_description/share/ur_description/meshes/ur5/collision/forearm.stl
[2.653s] -- Up-to-date symlink: /home/icrs/icrsUR/install/ur_description/share/ur_description/meshes/ur5/collision/shoulder.stl
[2.655s] -- Up-to-date symlink: /home/icrs/icrsUR/install/ur_description/share/ur_description/meshes/ur5/collision/upperarm.stl
[2.656s] -- Up-to-date symlink: /home/icrs/icrsUR/install/ur_description/share/ur_description/meshes/ur5/collision/wrist1.stl
[2.662s] -- Up-to-date symlink: /home/icrs/icrsUR/install/ur_description/share/ur_description/meshes/ur5/collision/wrist2.stl
[2.663s] -- Up-to-date symlink: /home/icrs/icrsUR/install/ur_description/share/ur_description/meshes/ur5/collision/wrist3.stl
[2.663s] -- Up-to-date symlink: /home/icrs/icrsUR/install/ur_description/share/ur_description/meshes/ur5/visual/base.dae
[2.664s] -- Up-to-date symlink: /home/icrs/icrsUR/install/ur_description/share/ur_description/meshes/ur5/visual/forearm.dae
[2.665s] -- Up-to-date symlink: /home/icrs/icrsUR/install/ur_description/share/ur_description/meshes/ur5/visual/shoulder.dae
[2.665s] -- Up-to-date symlink: /home/icrs/icrsUR/install/ur_description/share/ur_description/meshes/ur5/visual/upperarm.dae
[2.666s] -- Up-to-date symlink: /home/icrs/icrsUR/install/ur_description/share/ur_description/meshes/ur5/visual/wrist1.dae
[2.670s] -- Up-to-date symlink: /home/icrs/icrsUR/install/ur_description/share/ur_description/meshes/ur5/visual/wrist2.dae
[2.671s] -- Up-to-date symlink: /home/icrs/icrsUR/install/ur_description/share/ur_description/meshes/ur5/visual/wrist3.dae
[2.671s] -- Up-to-date symlink: /home/icrs/icrsUR/install/ur_description/share/ur_description/meshes/ur5e/collision/base.stl
[2.674s] -- Up-to-date symlink: /home/icrs/icrsUR/install/ur_description/share/ur_description/meshes/ur5e/collision/forearm.stl
[2.674s] -- Up-to-date symlink: /home/icrs/icrsUR/install/ur_description/share/ur_description/meshes/ur5e/collision/shoulder.stl
[2.675s] -- Up-to-date symlink: /home/icrs/icrsUR/install/ur_description/share/ur_description/meshes/ur5e/collision/upperarm.stl
[2.675s] -- Up-to-date symlink: /home/icrs/icrsUR/install/ur_description/share/ur_description/meshes/ur5e/collision/wrist1.stl
[2.676s] -- Up-to-date symlink: /home/icrs/icrsUR/install/ur_description/share/ur_description/meshes/ur5e/collision/wrist2.stl
[2.681s] -- Up-to-date symlink: /home/icrs/icrsUR/install/ur_description/share/ur_description/meshes/ur5e/collision/wrist3.stl
[2.683s] -- Up-to-date symlink: /home/icrs/icrsUR/install/ur_description/share/ur_description/meshes/ur5e/visual/base.dae
[2.684s] -- Up-to-date symlink: /home/icrs/icrsUR/install/ur_description/share/ur_description/meshes/ur5e/visual/forearm.dae
[2.684s] -- Up-to-date symlink: /home/icrs/icrsUR/install/ur_description/share/ur_description/meshes/ur5e/visual/shoulder.dae
[2.688s] -- Up-to-date symlink: /home/icrs/icrsUR/install/ur_description/share/ur_description/meshes/ur5e/visual/upperarm.dae
[2.692s] -- Up-to-date symlink: /home/icrs/icrsUR/install/ur_description/share/ur_description/meshes/ur5e/visual/wrist1.dae
[2.694s] -- Up-to-date symlink: /home/icrs/icrsUR/install/ur_description/share/ur_description/meshes/ur5e/visual/wrist2.dae
[2.696s] -- Up-to-date symlink: /home/icrs/icrsUR/install/ur_description/share/ur_description/meshes/ur5e/visual/wrist3.dae
[2.697s] -- Up-to-date symlink: /home/icrs/icrsUR/install/ur_description/share/ur_description/rviz/view_robot.rviz
[2.699s] -- Up-to-date symlink: /home/icrs/icrsUR/install/ur_description/share/ur_description/urdf/inc/ur_common.xacro
[2.700s] -- Up-to-date symlink: /home/icrs/icrsUR/install/ur_description/share/ur_description/urdf/inc/ur_transmissions.xacro
[2.701s] -- Up-to-date symlink: /home/icrs/icrsUR/install/ur_description/share/ur_description/urdf/ur.ros2_control.xacro
[2.702s] -- Up-to-date symlink: /home/icrs/icrsUR/install/ur_description/share/ur_description/urdf/ur.urdf.xacro
[2.702s] -- Up-to-date symlink: /home/icrs/icrsUR/install/ur_description/share/ur_description/urdf/ur_macro.xacro
[2.705s] -- Up-to-date symlink: /home/icrs/icrsUR/install/ur_description/share/ur_description/test/test_ur_urdf_xacro.py
[2.706s] -- Up-to-date symlink: /home/icrs/icrsUR/install/ur_description/share/ur_description/test/test_view_ur_launch.py
[2.707s] -- Up-to-date symlink: /home/icrs/icrsUR/install/ur_description/share/ament_index/resource_index/package_run_dependencies/ur_description
[2.708s] -- Up-to-date symlink: /home/icrs/icrsUR/install/ur_description/share/ament_index/resource_index/parent_prefix_path/ur_description
[2.709s] -- Up-to-date symlink: /home/icrs/icrsUR/install/ur_description/share/ur_description/environment/ament_prefix_path.sh
[2.712s] -- Up-to-date symlink: /home/icrs/icrsUR/install/ur_description/share/ur_description/environment/ament_prefix_path.dsv
[2.715s] -- Up-to-date symlink: /home/icrs/icrsUR/install/ur_description/share/ur_description/environment/path.sh
[2.716s] -- Up-to-date symlink: /home/icrs/icrsUR/install/ur_description/share/ur_description/environment/path.dsv
[2.717s] -- Up-to-date symlink: /home/icrs/icrsUR/install/ur_description/share/ur_description/local_setup.bash
[2.717s] -- Up-to-date symlink: /home/icrs/icrsUR/install/ur_description/share/ur_description/local_setup.sh
[2.718s] -- Up-to-date symlink: /home/icrs/icrsUR/install/ur_description/share/ur_description/local_setup.zsh
[2.720s] -- Up-to-date symlink: /home/icrs/icrsUR/install/ur_description/share/ur_description/local_setup.dsv
[2.721s] -- Symlinking: /home/icrs/icrsUR/install/ur_description/share/ur_description/package.dsv
[2.740s] -- Up-to-date symlink: /home/icrs/icrsUR/install/ur_description/share/ament_index/resource_index/packages/ur_description
[2.747s] -- Up-to-date symlink: /home/icrs/icrsUR/install/ur_description/share/ur_description/cmake/ur_descriptionConfig.cmake
[2.750s] -- Up-to-date symlink: /home/icrs/icrsUR/install/ur_description/share/ur_description/cmake/ur_descriptionConfig-version.cmake
[2.750s] -- Up-to-date symlink: /home/icrs/icrsUR/install/ur_description/share/ur_description/package.xml
[2.831s] Invoked command in '/home/icrs/icrsUR/build/ur_description' returned '0': CMAKE_PREFIX_PATH=${CMAKE_PREFIX_PATH}:/home/icrs/icrsUR/install/camera_control:/home/icrs/icrsUR/install/gripper_control:/opt/ros/humble /usr/bin/cmake --install /home/icrs/icrsUR/build/ur_description
