[1.141s] Invoking command in '/home/icrs/icrsUR/build/gripper_control': PYTHONPATH=/home/icrs/icrsUR/build/gripper_control/prefix_override:/usr/lib/python3/dist-packages/colcon_core/task/python/colcon_distutils_commands:/home/icrs/icrsUR/install/gripper_control/lib/python3.10/site-packages:${PYTHONPATH} /usr/bin/python3 -W ignore:setup.py install is deprecated setup.py develop --editable --build-directory /home/icrs/icrsUR/build/gripper_control/build --no-deps symlink_data
[1.603s] running develop
[1.604s] /usr/lib/python3/dist-packages/setuptools/command/easy_install.py:158: EasyInstallDeprecationWarning: easy_install command is deprecated. Use build and pip and other standards-based tools.
[1.604s]   warnings.warn(
[1.927s] running egg_info
[1.927s] creating gripper_control.egg-info
[1.928s] writing gripper_control.egg-info/PKG-INFO
[1.929s] writing dependency_links to gripper_control.egg-info/dependency_links.txt
[1.929s] writing entry points to gripper_control.egg-info/entry_points.txt
[1.929s] writing requirements to gripper_control.egg-info/requires.txt
[1.929s] writing top-level names to gripper_control.egg-info/top_level.txt
[1.929s] writing manifest file 'gripper_control.egg-info/SOURCES.txt'
[1.931s] reading manifest file 'gripper_control.egg-info/SOURCES.txt'
[1.932s] writing manifest file 'gripper_control.egg-info/SOURCES.txt'
[2.023s] running build_ext
[2.025s] Creating /home/icrs/icrsUR/install/gripper_control/lib/python3.10/site-packages/gripper-control.egg-link (link to .)
[2.026s] Installing gripper_control_node script to /home/icrs/icrsUR/install/gripper_control/lib/gripper_control
[2.027s] 
[2.027s] Installed /home/icrs/icrsUR/build/gripper_control
[2.027s] running symlink_data
[2.027s] symbolically linking /home/icrs/icrsUR/build/gripper_control/package.xml -> /home/icrs/icrsUR/install/gripper_control/share/gripper_control
[2.090s] Invoked command in '/home/icrs/icrsUR/build/gripper_control' returned '0': PYTHONPATH=/home/icrs/icrsUR/build/gripper_control/prefix_override:/usr/lib/python3/dist-packages/colcon_core/task/python/colcon_distutils_commands:/home/icrs/icrsUR/install/gripper_control/lib/python3.10/site-packages:${PYTHONPATH} /usr/bin/python3 -W ignore:setup.py install is deprecated setup.py develop --editable --build-directory /home/icrs/icrsUR/build/gripper_control/build --no-deps symlink_data
