[0.034s] Invoking command in '/home/icrs/icrsUR/build/ur_custom_interfaces': CMAKE_PREFIX_PATH=${CMAKE_PREFIX_PATH}:/home/icrs/icrsUR/install/camera_control:/home/icrs/icrsUR/install/gripper_control:/opt/ros/humble /usr/bin/cmake --build /home/icrs/icrsUR/build/ur_custom_interfaces -- -j8 -l8
[0.342s] [  3%] Built target ur_custom_interfaces__cpp
[0.343s] [ 12%] Built target ur_custom_interfaces__rosidl_generator_c
[0.343s] [ 12%] Built target ament_cmake_python_symlink_ur_custom_interfaces
[0.343s] [ 22%] Built target ur_custom_interfaces__rosidl_typesupport_cpp
[0.343s] [ 32%] Built target ur_custom_interfaces__rosidl_typesupport_introspection_cpp
[0.344s] [ 41%] Built target ur_custom_interfaces__rosidl_typesupport_fastrtps_cpp
[0.344s] [ 51%] Built target ur_custom_interfaces__rosidl_typesupport_introspection_c
[0.344s] [ 61%] Built target ur_custom_interfaces__rosidl_typesupport_c
[0.344s] [ 70%] Built target ur_custom_interfaces__rosidl_typesupport_fastrtps_c
[0.344s] [ 70%] Built target ur_custom_interfaces
[0.344s] Traceback (most recent call last):
[0.344s]   File "/home/icrs/icrsUR/build/ur_custom_interfaces/ament_cmake_python/ur_custom_interfaces/setup.py", line 1, in <module>
[0.344s]     from setuptools import find_packages
[0.344s]   File "/usr/lib/python3/dist-packages/setuptools/__init__.py", line 10, in <module>
[0.345s] gmake[1]: *** [CMakeFiles/Makefile2:591: ur_custom_interfaces__py/CMakeFiles/ur_custom_interfaces__py.dir/all] Interrupt
[0.346s]     import distutils.core
[0.347s]   File "/usr/lib/python3.10/distutils/core.py", line 17, in <module>
[0.347s]     from distutils.cmd import Command
[0.347s]   File "/usr/lib/python3.10/distutils/cmd.py", line 9, in <module>
[0.348s]     from distutils import util, dir_util, file_util, archive_util, dep_util
[0.348s]   File "/usr/lib/python3.10/distutils/archive_util.py", line 11, in <module>
[0.348s]     import zipfile
[0.348s]   File "/usr/lib/python3.10/zipfile.py", line 15, in <module>
[0.349s]     import struct
[0.349s]   File "<frozen importlib._bootstrap>", line 1027, in _find_and_load
[0.350s]   File "<frozen importlib._bootstrap>", line 1006, in _find_and_load_unlocked
[0.350s]   File "<frozen importlib._bootstrap>", line 674, in _load_unlocked
[0.351s]   File "<frozen importlib._bootstrap>", line 576, in module_from_spec
[0.351s]   File "<frozen importlib._bootstrap>", line 48, in _new_module
[0.351s] KeyboardInterrupt
[0.352s] gmake[2]: *** [CMakeFiles/ament_cmake_python_build_ur_custom_interfaces_egg.dir/build.make:70: CMakeFiles/ament_cmake_python_build_ur_custom_interfaces_egg] Interrupt
[0.352s] gmake[1]: *** [CMakeFiles/Makefile2:447: CMakeFiles/ament_cmake_python_build_ur_custom_interfaces_egg.dir/all] Interrupt
[0.352s] gmake: *** [Makefile:146: all] Interrupt
