[0.032s] Invoking command in '/home/icrs/icrsUR/build/interfaces_ur5ik': CMAKE_PREFIX_PATH=${CMAKE_PREFIX_PATH}:/home/icrs/icrsUR/install/camera_control:/home/icrs/icrsUR/install/gripper_control:/opt/ros/humble /usr/bin/cmake --build /home/icrs/icrsUR/build/interfaces_ur5ik -- -j8 -l8
[0.415s] [ 10%] Built target interfaces_ur5ik__rosidl_generator_c
[0.415s] [ 10%] Built target ament_cmake_python_symlink_interfaces_ur5ik
[0.415s] [ 12%] Built target interfaces_ur5ik__cpp
[0.415s] [ 23%] Built target interfaces_ur5ik__rosidl_typesupport_introspection_c
[0.415s] [ 34%] Built target interfaces_ur5ik__rosidl_typesupport_fastrtps_c
[0.415s] [ 44%] Built target interfaces_ur5ik__rosidl_typesupport_c
[0.415s] [ 55%] Built target interfaces_ur5ik__rosidl_typesupport_cpp
[0.415s] [ 65%] Built target interfaces_ur5ik__rosidl_typesupport_fastrtps_cpp
[0.416s] [ 76%] Built target interfaces_ur5ik__rosidl_typesupport_introspection_cpp
[0.416s] [ 76%] Built target interfaces_ur5ik
[0.416s] [ 78%] Built target interfaces_ur5ik__py
[0.416s] [ 87%] Built target interfaces_ur5ik__rosidl_generator_py
[0.416s] Traceback (most recent call last):
[0.416s]   File "/home/icrs/icrsUR/build/interfaces_ur5ik/ament_cmake_python/interfaces_ur5ik/setup.py", line 1, in <module>
[0.416s]     from setuptools import find_packages
[0.416s]   File "/usr/lib/python3/dist-packages/setuptools/__init__.py", line 16, in <module>
[0.416s]     import setuptools.version
[0.416s]   File "/usr/lib/python3/dist-packages/setuptools/version.py", line 1, in <module>
[0.416s]     import pkg_resources
[0.416s]   File "/usr/lib/python3/dist-packages/pkg_resources/__init__.py", line 78, in <module>
[0.417s]     __import__('pkg_resources.extern.packaging.requirements')
[0.417s]   File "/usr/lib/python3/dist-packages/pkg_resources/_vendor/packaging/requirements.py", line 10, in <module>
[0.417s] gmake[1]: *** [CMakeFiles/Makefile2:564: CMakeFiles/interfaces_ur5ik__rosidl_typesupport_c__pyext.dir/all] Interrupt
[0.417s] gmake[1]: *** [CMakeFiles/Makefile2:536: CMakeFiles/interfaces_ur5ik__rosidl_typesupport_introspection_c__pyext.dir/all] Interrupt
[0.417s] gmake[1]: *** [CMakeFiles/Makefile2:506: CMakeFiles/interfaces_ur5ik__rosidl_typesupport_fastrtps_c__pyext.dir/all] Interrupt
[0.420s]     from pkg_resources.extern.pyparsing import (  # noqa
[0.420s]   File "<frozen importlib._bootstrap>", line 1027, in _find_and_load
[0.420s]   File "<frozen importlib._bootstrap>", line 1006, in _find_and_load_unlocked
[0.420s]   File "<frozen importlib._bootstrap>", line 674, in _load_unlocked
[0.420s]   File "<frozen importlib._bootstrap>", line 571, in module_from_spec
[0.420s]   File "/usr/lib/python3/dist-packages/pkg_resources/extern/__init__.py", line 52, in create_module
[0.421s]     return self.load_module(spec.name)
[0.421s]   File "/usr/lib/python3/dist-packages/pkg_resources/extern/__init__.py", line 37, in load_module
[0.421s]     __import__(extant)
[0.421s]   File "/usr/lib/python3/dist-packages/pkg_resources/_vendor/pyparsing.py", line 5364, in <module>
[0.423s]     anyOpenTag,anyCloseTag = makeHTMLTags(Word(alphas,alphanums+"_:").setName('any tag'))
[0.423s]   File "/usr/lib/python3/dist-packages/pkg_resources/_vendor/pyparsing.py", line 2703, in __init__
[0.424s]     self.re = re.compile( self.reString )
[0.424s]   File "/usr/lib/python3.10/re.py", line 249, in compile
[0.424s]     def compile(pattern, flags=0):
[0.424s] KeyboardInterrupt
[0.441s] gmake[2]: *** [CMakeFiles/ament_cmake_python_build_interfaces_ur5ik_egg.dir/build.make:70: CMakeFiles/ament_cmake_python_build_interfaces_ur5ik_egg] Interrupt
[0.441s] gmake[1]: *** [CMakeFiles/Makefile2:447: CMakeFiles/ament_cmake_python_build_interfaces_ur5ik_egg.dir/all] Interrupt
[0.442s] gmake: *** [Makefile:146: all] Interrupt
