[0.038s] Invoking command in '/home/icrs/icrsUR/build/interfaces_ur5ik': CMAKE_PREFIX_PATH=${CMAKE_PREFIX_PATH}:/home/icrs/icrsUR/install/camera_control:/home/icrs/icrsUR/install/gripper_control:/opt/ros/humble /usr/bin/cmake --build /home/icrs/icrsUR/build/interfaces_ur5ik -- -j8 -l8
[0.676s] [  2%] Built target interfaces_ur5ik__cpp
[0.676s] [ 12%] Built target interfaces_ur5ik__rosidl_generator_c
[0.677s] [ 12%] Built target ament_cmake_python_symlink_interfaces_ur5ik
[0.677s] [ 23%] Built target interfaces_ur5ik__rosidl_typesupport_introspection_cpp
[0.677s] [ 34%] Built target interfaces_ur5ik__rosidl_typesupport_fastrtps_cpp
[0.677s] [ 44%] Built target interfaces_ur5ik__rosidl_typesupport_cpp
[0.677s] [ 55%] Built target interfaces_ur5ik__rosidl_typesupport_c
[0.677s] [ 65%] Built target interfaces_ur5ik__rosidl_typesupport_introspection_c
[0.677s] [ 76%] Built target interfaces_ur5ik__rosidl_typesupport_fastrtps_c
[0.678s] [ 76%] Built target interfaces_ur5ik
[0.678s] [ 78%] Built target interfaces_ur5ik__py
[0.678s] [ 87%] Built target interfaces_ur5ik__rosidl_generator_py
[0.679s] [ 91%] Built target interfaces_ur5ik__rosidl_typesupport_introspection_c__pyext
[0.679s] [ 95%] Built target interfaces_ur5ik__rosidl_typesupport_c__pyext
[0.679s] [100%] Built target interfaces_ur5ik__rosidl_typesupport_fastrtps_c__pyext
[0.737s] running egg_info
[0.739s] writing interfaces_ur5ik.egg-info/PKG-INFO
[0.740s] writing dependency_links to interfaces_ur5ik.egg-info/dependency_links.txt
[0.741s] writing top-level names to interfaces_ur5ik.egg-info/top_level.txt
[0.748s] reading manifest file 'interfaces_ur5ik.egg-info/SOURCES.txt'
[0.749s] writing manifest file 'interfaces_ur5ik.egg-info/SOURCES.txt'
[0.841s] [100%] Built target ament_cmake_python_build_interfaces_ur5ik_egg
[0.861s] Invoked command in '/home/icrs/icrsUR/build/interfaces_ur5ik' returned '0': CMAKE_PREFIX_PATH=${CMAKE_PREFIX_PATH}:/home/icrs/icrsUR/install/camera_control:/home/icrs/icrsUR/install/gripper_control:/opt/ros/humble /usr/bin/cmake --build /home/icrs/icrsUR/build/interfaces_ur5ik -- -j8 -l8
[1.019s] Invoking command in '/home/icrs/icrsUR/build/interfaces_ur5ik': CMAKE_PREFIX_PATH=${CMAKE_PREFIX_PATH}:/home/icrs/icrsUR/install/camera_control:/home/icrs/icrsUR/install/gripper_control:/opt/ros/humble /usr/bin/cmake --install /home/icrs/icrsUR/build/interfaces_ur5ik
[1.036s] -- Install configuration: ""
[1.037s] -- Execute custom install script
[1.037s] -- Up-to-date symlink: /home/icrs/icrsUR/install/interfaces_ur5ik/share/ament_index/resource_index/rosidl_interfaces/interfaces_ur5ik
[1.038s] -- Up-to-date symlink: /home/icrs/icrsUR/install/interfaces_ur5ik/include/interfaces_ur5ik/interfaces_ur5ik/action/calc_theta.h
[1.038s] -- Up-to-date symlink: /home/icrs/icrsUR/install/interfaces_ur5ik/include/interfaces_ur5ik/interfaces_ur5ik/action/detail/calc_theta__functions.h
[1.038s] -- Up-to-date symlink: /home/icrs/icrsUR/install/interfaces_ur5ik/include/interfaces_ur5ik/interfaces_ur5ik/action/detail/calc_theta__struct.h
[1.038s] -- Up-to-date symlink: /home/icrs/icrsUR/install/interfaces_ur5ik/include/interfaces_ur5ik/interfaces_ur5ik/action/detail/calc_theta__type_support.h
[1.039s] -- Up-to-date symlink: /home/icrs/icrsUR/install/interfaces_ur5ik/include/interfaces_ur5ik/interfaces_ur5ik/msg/detail/target__functions.h
[1.039s] -- Up-to-date symlink: /home/icrs/icrsUR/install/interfaces_ur5ik/include/interfaces_ur5ik/interfaces_ur5ik/msg/detail/target__struct.h
[1.039s] -- Up-to-date symlink: /home/icrs/icrsUR/install/interfaces_ur5ik/include/interfaces_ur5ik/interfaces_ur5ik/msg/detail/target__type_support.h
[1.040s] -- Up-to-date symlink: /home/icrs/icrsUR/install/interfaces_ur5ik/include/interfaces_ur5ik/interfaces_ur5ik/msg/rosidl_generator_c__visibility_control.h
[1.040s] -- Up-to-date symlink: /home/icrs/icrsUR/install/interfaces_ur5ik/include/interfaces_ur5ik/interfaces_ur5ik/msg/target.h
[1.040s] -- Up-to-date symlink: /home/icrs/icrsUR/install/interfaces_ur5ik/include/interfaces_ur5ik/interfaces_ur5ik/srv/detail/six_theta__functions.h
[1.040s] -- Up-to-date symlink: /home/icrs/icrsUR/install/interfaces_ur5ik/include/interfaces_ur5ik/interfaces_ur5ik/srv/detail/six_theta__struct.h
[1.040s] -- Up-to-date symlink: /home/icrs/icrsUR/install/interfaces_ur5ik/include/interfaces_ur5ik/interfaces_ur5ik/srv/detail/six_theta__type_support.h
[1.041s] -- Up-to-date symlink: /home/icrs/icrsUR/install/interfaces_ur5ik/include/interfaces_ur5ik/interfaces_ur5ik/srv/six_theta.h
[1.041s] -- Up-to-date symlink: /home/icrs/icrsUR/install/interfaces_ur5ik/share/interfaces_ur5ik/environment/library_path.sh
[1.041s] -- Up-to-date symlink: /home/icrs/icrsUR/install/interfaces_ur5ik/share/interfaces_ur5ik/environment/library_path.dsv
[1.043s] -- Up-to-date symlink: /home/icrs/icrsUR/install/interfaces_ur5ik/include/interfaces_ur5ik/interfaces_ur5ik/action/detail/calc_theta__rosidl_typesupport_fastrtps_c.h
[1.043s] -- Up-to-date symlink: /home/icrs/icrsUR/install/interfaces_ur5ik/include/interfaces_ur5ik/interfaces_ur5ik/msg/detail/target__rosidl_typesupport_fastrtps_c.h
[1.043s] -- Up-to-date symlink: /home/icrs/icrsUR/install/interfaces_ur5ik/include/interfaces_ur5ik/interfaces_ur5ik/msg/rosidl_typesupport_fastrtps_c__visibility_control.h
[1.044s] -- Up-to-date symlink: /home/icrs/icrsUR/install/interfaces_ur5ik/include/interfaces_ur5ik/interfaces_ur5ik/srv/detail/six_theta__rosidl_typesupport_fastrtps_c.h
[1.044s] -- Up-to-date symlink: /home/icrs/icrsUR/install/interfaces_ur5ik/include/interfaces_ur5ik/interfaces_ur5ik/action/detail/calc_theta__rosidl_typesupport_introspection_c.h
[1.044s] -- Up-to-date symlink: /home/icrs/icrsUR/install/interfaces_ur5ik/include/interfaces_ur5ik/interfaces_ur5ik/msg/detail/target__rosidl_typesupport_introspection_c.h
[1.044s] -- Up-to-date symlink: /home/icrs/icrsUR/install/interfaces_ur5ik/include/interfaces_ur5ik/interfaces_ur5ik/msg/rosidl_typesupport_introspection_c__visibility_control.h
[1.045s] -- Up-to-date symlink: /home/icrs/icrsUR/install/interfaces_ur5ik/include/interfaces_ur5ik/interfaces_ur5ik/srv/detail/six_theta__rosidl_typesupport_introspection_c.h
[1.045s] -- Up-to-date symlink: /home/icrs/icrsUR/install/interfaces_ur5ik/include/interfaces_ur5ik/interfaces_ur5ik/action/calc_theta.hpp
[1.045s] -- Up-to-date symlink: /home/icrs/icrsUR/install/interfaces_ur5ik/include/interfaces_ur5ik/interfaces_ur5ik/action/detail/calc_theta__builder.hpp
[1.045s] -- Up-to-date symlink: /home/icrs/icrsUR/install/interfaces_ur5ik/include/interfaces_ur5ik/interfaces_ur5ik/action/detail/calc_theta__struct.hpp
[1.046s] -- Up-to-date symlink: /home/icrs/icrsUR/install/interfaces_ur5ik/include/interfaces_ur5ik/interfaces_ur5ik/action/detail/calc_theta__traits.hpp
[1.046s] -- Up-to-date symlink: /home/icrs/icrsUR/install/interfaces_ur5ik/include/interfaces_ur5ik/interfaces_ur5ik/msg/detail/target__builder.hpp
[1.046s] -- Up-to-date symlink: /home/icrs/icrsUR/install/interfaces_ur5ik/include/interfaces_ur5ik/interfaces_ur5ik/msg/detail/target__struct.hpp
[1.047s] -- Up-to-date symlink: /home/icrs/icrsUR/install/interfaces_ur5ik/include/interfaces_ur5ik/interfaces_ur5ik/msg/detail/target__traits.hpp
[1.047s] -- Up-to-date symlink: /home/icrs/icrsUR/install/interfaces_ur5ik/include/interfaces_ur5ik/interfaces_ur5ik/msg/target.hpp
[1.047s] -- Up-to-date symlink: /home/icrs/icrsUR/install/interfaces_ur5ik/include/interfaces_ur5ik/interfaces_ur5ik/srv/detail/six_theta__builder.hpp
[1.047s] -- Up-to-date symlink: /home/icrs/icrsUR/install/interfaces_ur5ik/include/interfaces_ur5ik/interfaces_ur5ik/srv/detail/six_theta__struct.hpp
[1.047s] -- Up-to-date symlink: /home/icrs/icrsUR/install/interfaces_ur5ik/include/interfaces_ur5ik/interfaces_ur5ik/srv/detail/six_theta__traits.hpp
[1.048s] -- Up-to-date symlink: /home/icrs/icrsUR/install/interfaces_ur5ik/include/interfaces_ur5ik/interfaces_ur5ik/srv/six_theta.hpp
[1.049s] -- Up-to-date symlink: /home/icrs/icrsUR/install/interfaces_ur5ik/include/interfaces_ur5ik/interfaces_ur5ik/action/detail/calc_theta__rosidl_typesupport_fastrtps_cpp.hpp
[1.049s] -- Up-to-date symlink: /home/icrs/icrsUR/install/interfaces_ur5ik/include/interfaces_ur5ik/interfaces_ur5ik/msg/detail/target__rosidl_typesupport_fastrtps_cpp.hpp
[1.049s] -- Up-to-date symlink: /home/icrs/icrsUR/install/interfaces_ur5ik/include/interfaces_ur5ik/interfaces_ur5ik/msg/rosidl_typesupport_fastrtps_cpp__visibility_control.h
[1.049s] -- Up-to-date symlink: /home/icrs/icrsUR/install/interfaces_ur5ik/include/interfaces_ur5ik/interfaces_ur5ik/srv/detail/six_theta__rosidl_typesupport_fastrtps_cpp.hpp
[1.050s] -- Up-to-date symlink: /home/icrs/icrsUR/install/interfaces_ur5ik/include/interfaces_ur5ik/interfaces_ur5ik/action/detail/calc_theta__rosidl_typesupport_introspection_cpp.hpp
[1.050s] -- Up-to-date symlink: /home/icrs/icrsUR/install/interfaces_ur5ik/include/interfaces_ur5ik/interfaces_ur5ik/msg/detail/target__rosidl_typesupport_introspection_cpp.hpp
[1.050s] -- Up-to-date symlink: /home/icrs/icrsUR/install/interfaces_ur5ik/include/interfaces_ur5ik/interfaces_ur5ik/srv/detail/six_theta__rosidl_typesupport_introspection_cpp.hpp
[1.050s] -- Up-to-date symlink: /home/icrs/icrsUR/install/interfaces_ur5ik/share/interfaces_ur5ik/environment/pythonpath.sh
[1.050s] -- Up-to-date symlink: /home/icrs/icrsUR/install/interfaces_ur5ik/share/interfaces_ur5ik/environment/pythonpath.dsv
[1.050s] -- Up-to-date symlink: /home/icrs/icrsUR/install/interfaces_ur5ik/local/lib/python3.10/dist-packages/interfaces_ur5ik-0.0.0-py3.10.egg-info/PKG-INFO
[1.051s] -- Up-to-date symlink: /home/icrs/icrsUR/install/interfaces_ur5ik/local/lib/python3.10/dist-packages/interfaces_ur5ik-0.0.0-py3.10.egg-info/SOURCES.txt
[1.051s] -- Up-to-date symlink: /home/icrs/icrsUR/install/interfaces_ur5ik/local/lib/python3.10/dist-packages/interfaces_ur5ik-0.0.0-py3.10.egg-info/dependency_links.txt
[1.051s] -- Up-to-date symlink: /home/icrs/icrsUR/install/interfaces_ur5ik/local/lib/python3.10/dist-packages/interfaces_ur5ik-0.0.0-py3.10.egg-info/top_level.txt
[1.052s] -- Up-to-date symlink: /home/icrs/icrsUR/install/interfaces_ur5ik/local/lib/python3.10/dist-packages/interfaces_ur5ik/__init__.py
[1.052s] -- Up-to-date symlink: /home/icrs/icrsUR/install/interfaces_ur5ik/local/lib/python3.10/dist-packages/interfaces_ur5ik/_interfaces_ur5ik_s.ep.rosidl_typesupport_c.c
[1.052s] -- Up-to-date symlink: /home/icrs/icrsUR/install/interfaces_ur5ik/local/lib/python3.10/dist-packages/interfaces_ur5ik/_interfaces_ur5ik_s.ep.rosidl_typesupport_fastrtps_c.c
[1.052s] -- Up-to-date symlink: /home/icrs/icrsUR/install/interfaces_ur5ik/local/lib/python3.10/dist-packages/interfaces_ur5ik/_interfaces_ur5ik_s.ep.rosidl_typesupport_introspection_c.c
[1.053s] -- Up-to-date symlink: /home/icrs/icrsUR/install/interfaces_ur5ik/local/lib/python3.10/dist-packages/interfaces_ur5ik/action/__init__.py
[1.053s] -- Up-to-date symlink: /home/icrs/icrsUR/install/interfaces_ur5ik/local/lib/python3.10/dist-packages/interfaces_ur5ik/action/_calc_theta.py
[1.053s] -- Up-to-date symlink: /home/icrs/icrsUR/install/interfaces_ur5ik/local/lib/python3.10/dist-packages/interfaces_ur5ik/action/_calc_theta_s.c
[1.054s] -- Up-to-date symlink: /home/icrs/icrsUR/install/interfaces_ur5ik/local/lib/python3.10/dist-packages/interfaces_ur5ik/interfaces_ur5ik_s__rosidl_typesupport_c.cpython-310-x86_64-linux-gnu.so
[1.054s] -- Up-to-date symlink: /home/icrs/icrsUR/install/interfaces_ur5ik/local/lib/python3.10/dist-packages/interfaces_ur5ik/interfaces_ur5ik_s__rosidl_typesupport_fastrtps_c.cpython-310-x86_64-linux-gnu.so
[1.054s] -- Up-to-date symlink: /home/icrs/icrsUR/install/interfaces_ur5ik/local/lib/python3.10/dist-packages/interfaces_ur5ik/interfaces_ur5ik_s__rosidl_typesupport_introspection_c.cpython-310-x86_64-linux-gnu.so
[1.054s] -- Up-to-date symlink: /home/icrs/icrsUR/install/interfaces_ur5ik/local/lib/python3.10/dist-packages/interfaces_ur5ik/libinterfaces_ur5ik__rosidl_generator_py.so
[1.054s] -- Up-to-date symlink: /home/icrs/icrsUR/install/interfaces_ur5ik/local/lib/python3.10/dist-packages/interfaces_ur5ik/msg/__init__.py
[1.054s] -- Up-to-date symlink: /home/icrs/icrsUR/install/interfaces_ur5ik/local/lib/python3.10/dist-packages/interfaces_ur5ik/msg/_target.py
[1.054s] -- Up-to-date symlink: /home/icrs/icrsUR/install/interfaces_ur5ik/local/lib/python3.10/dist-packages/interfaces_ur5ik/msg/_target_s.c
[1.055s] -- Up-to-date symlink: /home/icrs/icrsUR/install/interfaces_ur5ik/local/lib/python3.10/dist-packages/interfaces_ur5ik/srv/__init__.py
[1.055s] -- Up-to-date symlink: /home/icrs/icrsUR/install/interfaces_ur5ik/local/lib/python3.10/dist-packages/interfaces_ur5ik/srv/_six_theta.py
[1.056s] -- Up-to-date symlink: /home/icrs/icrsUR/install/interfaces_ur5ik/local/lib/python3.10/dist-packages/interfaces_ur5ik/srv/_six_theta_s.c
[1.056s] -- Up-to-date symlink: /home/icrs/icrsUR/install/interfaces_ur5ik/local/lib/python3.10/dist-packages/interfaces_ur5ik/interfaces_ur5ik_s__rosidl_typesupport_fastrtps_c.cpython-310-x86_64-linux-gnu.so
[1.056s] -- Up-to-date symlink: /home/icrs/icrsUR/install/interfaces_ur5ik/local/lib/python3.10/dist-packages/interfaces_ur5ik/interfaces_ur5ik_s__rosidl_typesupport_introspection_c.cpython-310-x86_64-linux-gnu.so
[1.057s] -- Up-to-date symlink: /home/icrs/icrsUR/install/interfaces_ur5ik/local/lib/python3.10/dist-packages/interfaces_ur5ik/interfaces_ur5ik_s__rosidl_typesupport_c.cpython-310-x86_64-linux-gnu.so
[1.057s] -- Up-to-date symlink: /home/icrs/icrsUR/install/interfaces_ur5ik/share/interfaces_ur5ik/msg/Target.idl
[1.058s] -- Up-to-date symlink: /home/icrs/icrsUR/install/interfaces_ur5ik/share/interfaces_ur5ik/srv/SixTheta.idl
[1.058s] -- Up-to-date symlink: /home/icrs/icrsUR/install/interfaces_ur5ik/share/interfaces_ur5ik/action/CalcTheta.idl
[1.059s] -- Up-to-date symlink: /home/icrs/icrsUR/install/interfaces_ur5ik/share/interfaces_ur5ik/msg/Target.msg
[1.059s] -- Up-to-date symlink: /home/icrs/icrsUR/install/interfaces_ur5ik/share/interfaces_ur5ik/srv/SixTheta.srv
[1.059s] -- Up-to-date symlink: /home/icrs/icrsUR/install/interfaces_ur5ik/share/interfaces_ur5ik/srv/SixTheta_Request.msg
[1.059s] -- Up-to-date symlink: /home/icrs/icrsUR/install/interfaces_ur5ik/share/interfaces_ur5ik/srv/SixTheta_Response.msg
[1.060s] -- Up-to-date symlink: /home/icrs/icrsUR/install/interfaces_ur5ik/share/interfaces_ur5ik/action/CalcTheta.action
[1.060s] -- Up-to-date symlink: /home/icrs/icrsUR/install/interfaces_ur5ik/share/ament_index/resource_index/package_run_dependencies/interfaces_ur5ik
[1.060s] -- Up-to-date symlink: /home/icrs/icrsUR/install/interfaces_ur5ik/share/ament_index/resource_index/parent_prefix_path/interfaces_ur5ik
[1.061s] -- Up-to-date symlink: /home/icrs/icrsUR/install/interfaces_ur5ik/share/interfaces_ur5ik/environment/ament_prefix_path.sh
[1.061s] -- Up-to-date symlink: /home/icrs/icrsUR/install/interfaces_ur5ik/share/interfaces_ur5ik/environment/ament_prefix_path.dsv
[1.061s] -- Up-to-date symlink: /home/icrs/icrsUR/install/interfaces_ur5ik/share/interfaces_ur5ik/environment/path.sh
[1.063s] -- Up-to-date symlink: /home/icrs/icrsUR/install/interfaces_ur5ik/share/interfaces_ur5ik/environment/path.dsv
[1.063s] -- Up-to-date symlink: /home/icrs/icrsUR/install/interfaces_ur5ik/share/interfaces_ur5ik/local_setup.bash
[1.063s] -- Up-to-date symlink: /home/icrs/icrsUR/install/interfaces_ur5ik/share/interfaces_ur5ik/local_setup.sh
[1.063s] -- Up-to-date symlink: /home/icrs/icrsUR/install/interfaces_ur5ik/share/interfaces_ur5ik/local_setup.zsh
[1.063s] -- Up-to-date symlink: /home/icrs/icrsUR/install/interfaces_ur5ik/share/interfaces_ur5ik/local_setup.dsv
[1.064s] -- Symlinking: /home/icrs/icrsUR/install/interfaces_ur5ik/share/interfaces_ur5ik/package.dsv
[1.075s] -- Up-to-date symlink: /home/icrs/icrsUR/install/interfaces_ur5ik/share/ament_index/resource_index/packages/interfaces_ur5ik
[1.075s] -- Up-to-date symlink: /home/icrs/icrsUR/install/interfaces_ur5ik/share/interfaces_ur5ik/cmake/rosidl_cmake-extras.cmake
[1.075s] -- Up-to-date symlink: /home/icrs/icrsUR/install/interfaces_ur5ik/share/interfaces_ur5ik/cmake/ament_cmake_export_dependencies-extras.cmake
[1.076s] -- Up-to-date symlink: /home/icrs/icrsUR/install/interfaces_ur5ik/share/interfaces_ur5ik/cmake/ament_cmake_export_include_directories-extras.cmake
[1.076s] -- Up-to-date symlink: /home/icrs/icrsUR/install/interfaces_ur5ik/share/interfaces_ur5ik/cmake/ament_cmake_export_libraries-extras.cmake
[1.077s] -- Up-to-date symlink: /home/icrs/icrsUR/install/interfaces_ur5ik/share/interfaces_ur5ik/cmake/ament_cmake_export_targets-extras.cmake
[1.077s] -- Up-to-date symlink: /home/icrs/icrsUR/install/interfaces_ur5ik/share/interfaces_ur5ik/cmake/rosidl_cmake_export_typesupport_targets-extras.cmake
[1.078s] -- Up-to-date symlink: /home/icrs/icrsUR/install/interfaces_ur5ik/share/interfaces_ur5ik/cmake/rosidl_cmake_export_typesupport_libraries-extras.cmake
[1.078s] -- Up-to-date symlink: /home/icrs/icrsUR/install/interfaces_ur5ik/share/interfaces_ur5ik/cmake/interfaces_ur5ikConfig.cmake
[1.079s] -- Up-to-date symlink: /home/icrs/icrsUR/install/interfaces_ur5ik/share/interfaces_ur5ik/cmake/interfaces_ur5ikConfig-version.cmake
[1.079s] -- Up-to-date symlink: /home/icrs/icrsUR/install/interfaces_ur5ik/share/interfaces_ur5ik/package.xml
[1.079s] -- Up-to-date: /home/icrs/icrsUR/install/interfaces_ur5ik/lib/libinterfaces_ur5ik__rosidl_generator_c.so
[1.079s] -- Up-to-date: /home/icrs/icrsUR/install/interfaces_ur5ik/lib/libinterfaces_ur5ik__rosidl_typesupport_fastrtps_c.so
[1.080s] -- Up-to-date: /home/icrs/icrsUR/install/interfaces_ur5ik/lib/libinterfaces_ur5ik__rosidl_typesupport_introspection_c.so
[1.080s] -- Up-to-date: /home/icrs/icrsUR/install/interfaces_ur5ik/lib/libinterfaces_ur5ik__rosidl_typesupport_c.so
[1.080s] -- Up-to-date: /home/icrs/icrsUR/install/interfaces_ur5ik/lib/libinterfaces_ur5ik__rosidl_typesupport_fastrtps_cpp.so
[1.080s] -- Up-to-date: /home/icrs/icrsUR/install/interfaces_ur5ik/lib/libinterfaces_ur5ik__rosidl_typesupport_introspection_cpp.so
[1.081s] -- Up-to-date: /home/icrs/icrsUR/install/interfaces_ur5ik/lib/libinterfaces_ur5ik__rosidl_typesupport_cpp.so
[1.140s] Listing '/home/icrs/icrsUR/install/interfaces_ur5ik/local/lib/python3.10/dist-packages/interfaces_ur5ik'...
[1.140s] Listing '/home/icrs/icrsUR/install/interfaces_ur5ik/local/lib/python3.10/dist-packages/interfaces_ur5ik/action'...
[1.141s] Listing '/home/icrs/icrsUR/install/interfaces_ur5ik/local/lib/python3.10/dist-packages/interfaces_ur5ik/msg'...
[1.142s] Listing '/home/icrs/icrsUR/install/interfaces_ur5ik/local/lib/python3.10/dist-packages/interfaces_ur5ik/srv'...
[1.148s] -- Up-to-date: /home/icrs/icrsUR/install/interfaces_ur5ik/lib/libinterfaces_ur5ik__rosidl_generator_py.so
[1.148s] -- Up-to-date: /home/icrs/icrsUR/install/interfaces_ur5ik/share/interfaces_ur5ik/cmake/export_interfaces_ur5ik__rosidl_generator_cExport.cmake
[1.148s] -- Up-to-date: /home/icrs/icrsUR/install/interfaces_ur5ik/share/interfaces_ur5ik/cmake/export_interfaces_ur5ik__rosidl_generator_cExport-noconfig.cmake
[1.149s] -- Up-to-date: /home/icrs/icrsUR/install/interfaces_ur5ik/share/interfaces_ur5ik/cmake/export_interfaces_ur5ik__rosidl_typesupport_fastrtps_cExport.cmake
[1.149s] -- Up-to-date: /home/icrs/icrsUR/install/interfaces_ur5ik/share/interfaces_ur5ik/cmake/export_interfaces_ur5ik__rosidl_typesupport_fastrtps_cExport-noconfig.cmake
[1.149s] -- Up-to-date: /home/icrs/icrsUR/install/interfaces_ur5ik/share/interfaces_ur5ik/cmake/interfaces_ur5ik__rosidl_typesupport_introspection_cExport.cmake
[1.149s] -- Up-to-date: /home/icrs/icrsUR/install/interfaces_ur5ik/share/interfaces_ur5ik/cmake/interfaces_ur5ik__rosidl_typesupport_introspection_cExport-noconfig.cmake
[1.149s] -- Up-to-date: /home/icrs/icrsUR/install/interfaces_ur5ik/share/interfaces_ur5ik/cmake/interfaces_ur5ik__rosidl_typesupport_cExport.cmake
[1.150s] -- Up-to-date: /home/icrs/icrsUR/install/interfaces_ur5ik/share/interfaces_ur5ik/cmake/interfaces_ur5ik__rosidl_typesupport_cExport-noconfig.cmake
[1.150s] -- Up-to-date: /home/icrs/icrsUR/install/interfaces_ur5ik/share/interfaces_ur5ik/cmake/export_interfaces_ur5ik__rosidl_generator_cppExport.cmake
[1.150s] -- Up-to-date: /home/icrs/icrsUR/install/interfaces_ur5ik/share/interfaces_ur5ik/cmake/export_interfaces_ur5ik__rosidl_typesupport_fastrtps_cppExport.cmake
[1.150s] -- Up-to-date: /home/icrs/icrsUR/install/interfaces_ur5ik/share/interfaces_ur5ik/cmake/export_interfaces_ur5ik__rosidl_typesupport_fastrtps_cppExport-noconfig.cmake
[1.150s] -- Up-to-date: /home/icrs/icrsUR/install/interfaces_ur5ik/share/interfaces_ur5ik/cmake/interfaces_ur5ik__rosidl_typesupport_introspection_cppExport.cmake
[1.151s] -- Up-to-date: /home/icrs/icrsUR/install/interfaces_ur5ik/share/interfaces_ur5ik/cmake/interfaces_ur5ik__rosidl_typesupport_introspection_cppExport-noconfig.cmake
[1.151s] -- Up-to-date: /home/icrs/icrsUR/install/interfaces_ur5ik/share/interfaces_ur5ik/cmake/interfaces_ur5ik__rosidl_typesupport_cppExport.cmake
[1.151s] -- Up-to-date: /home/icrs/icrsUR/install/interfaces_ur5ik/share/interfaces_ur5ik/cmake/interfaces_ur5ik__rosidl_typesupport_cppExport-noconfig.cmake
[1.151s] -- Up-to-date: /home/icrs/icrsUR/install/interfaces_ur5ik/share/interfaces_ur5ik/cmake/export_interfaces_ur5ik__rosidl_generator_pyExport.cmake
[1.151s] -- Up-to-date: /home/icrs/icrsUR/install/interfaces_ur5ik/share/interfaces_ur5ik/cmake/export_interfaces_ur5ik__rosidl_generator_pyExport-noconfig.cmake
[1.167s] Invoked command in '/home/icrs/icrsUR/build/interfaces_ur5ik' returned '0': CMAKE_PREFIX_PATH=${CMAKE_PREFIX_PATH}:/home/icrs/icrsUR/install/camera_control:/home/icrs/icrsUR/install/gripper_control:/opt/ros/humble /usr/bin/cmake --install /home/icrs/icrsUR/build/interfaces_ur5ik
