[  3%] Built target ur_custom_interfaces__cpp
[ 12%] Built target ur_custom_interfaces__rosidl_generator_c
[ 12%] Built target ament_cmake_python_symlink_ur_custom_interfaces
[ 22%] Built target ur_custom_interfaces__rosidl_typesupport_introspection_cpp
[ 32%] Built target ur_custom_interfaces__rosidl_typesupport_cpp
[ 41%] Built target ur_custom_interfaces__rosidl_typesupport_c
[ 51%] Built target ur_custom_interfaces__rosidl_typesupport_introspection_c
[ 61%] Built target ur_custom_interfaces__rosidl_typesupport_fastrtps_cpp
[ 70%] Built target ur_custom_interfaces__rosidl_typesupport_fastrtps_c
[ 70%] Built target ur_custom_interfaces
[ 74%] Built target ur_custom_interfaces__py
[ 80%] Built target ur_custom_interfaces__rosidl_generator_py
Traceback (most recent call last):
  File "/home/icrs/icrsUR/build/ur_custom_interfaces/ament_cmake_python/ur_custom_interfaces/setup.py", line 1, in <module>
    from setuptools import find_packages
  File "/usr/lib/python3/dist-packages/setuptools/__init__.py", line 16, in <module>
    import setuptools.version
  File "/usr/lib/python3/dist-packages/setuptools/version.py", line 1, in <module>
gmake[2]: *** [CMakeFiles/ur_custom_interfaces__rosidl_typesupport_c__pyext.dir/build.make:116: CMakeFiles/ur_custom_interfaces__rosidl_typesupport_c__pyext.dir/depend] Interrupt
    import pkg_resources
  File "/usr/lib/python3/dist-packages/pkg_resources/__init__.py", line 78, in <module>
    __import__('pkg_resources.extern.packaging.requirements')
  File "/usr/lib/python3/dist-packages/pkg_resources/_vendor/packaging/requirements.py", line 10, in <module>
gmake[2]: *** [CMakeFiles/ur_custom_interfaces__rosidl_typesupport_fastrtps_c__pyext.dir/build.make:121: CMakeFiles/ur_custom_interfaces__rosidl_typesupport_fastrtps_c__pyext.dir/depend] Interrupt
gmake[1]: *** [CMakeFiles/Makefile2:563: CMakeFiles/ur_custom_interfaces__rosidl_typesupport_c__pyext.dir/all] Interrupt
gmake[1]: *** [CMakeFiles/Makefile2:504: CMakeFiles/ur_custom_interfaces__rosidl_typesupport_fastrtps_c__pyext.dir/all] Interrupt
gmake[2]: *** [CMakeFiles/ur_custom_interfaces__rosidl_typesupport_introspection_c__pyext.dir/build.make:118: CMakeFiles/ur_custom_interfaces__rosidl_typesupport_introspection_c__pyext.dir/depend] Interrupt
gmake[1]: *** [CMakeFiles/Makefile2:534: CMakeFiles/ur_custom_interfaces__rosidl_typesupport_introspection_c__pyext.dir/all] Interrupt
    from pkg_resources.extern.pyparsing import (  # noqa
  File "<frozen importlib._bootstrap>", line 1027, in _find_and_load
  File "<frozen importlib._bootstrap>", line 1006, in _find_and_load_unlocked
  File "<frozen importlib._bootstrap>", line 674, in _load_unlocked
  File "<frozen importlib._bootstrap>", line 571, in module_from_spec
  File "/usr/lib/python3/dist-packages/pkg_resources/extern/__init__.py", line 52, in create_module
    return self.load_module(spec.name)
  File "/usr/lib/python3/dist-packages/pkg_resources/extern/__init__.py", line 37, in load_module
    __import__(extant)
  File "/usr/lib/python3/dist-packages/pkg_resources/_vendor/pyparsing.py", line 5153, in <module>
    quotedString = Combine(Regex(r'"(?:[^"\n\r\\]|(?:"")|(?:\\(?:[^x]|x[0-9a-fA-F]+)))*')+'"'|
  File "/usr/lib/python3/dist-packages/pkg_resources/_vendor/pyparsing.py", line 4255, in __init__
    self.leaveWhitespace()
  File "/usr/lib/python3/dist-packages/pkg_resources/_vendor/pyparsing.py", line 3745, in leaveWhitespace
    self.expr = self.expr.copy()
  File "/usr/lib/python3/dist-packages/pkg_resources/_vendor/pyparsing.py", line 3365, in copy
    ret.exprs = [e.copy() for e in self.exprs]
  File "/usr/lib/python3/dist-packages/pkg_resources/_vendor/pyparsing.py", line 3365, in <listcomp>
    ret.exprs = [e.copy() for e in self.exprs]
  File "/usr/lib/python3/dist-packages/pkg_resources/_vendor/pyparsing.py", line 3364, in copy
    ret = super(ParseExpression,self).copy()
  File "/usr/lib/python3/dist-packages/pkg_resources/_vendor/pyparsing.py", line 1183, in copy
    cpy = copy.copy( self )
  File "/usr/lib/python3.10/copy.py", line 102, in copy
    return _reconstruct(x, None, *rv)
  File "/usr/lib/python3.10/copy.py", line 265, in _reconstruct
    y = func(*args)
  File "/usr/lib/python3.10/copyreg.py", line 101, in __newobj__
    return cls.__new__(cls, *args)
KeyboardInterrupt
gmake[2]: *** [CMakeFiles/ament_cmake_python_build_ur_custom_interfaces_egg.dir/build.make:70: CMakeFiles/ament_cmake_python_build_ur_custom_interfaces_egg] Interrupt
gmake[1]: *** [CMakeFiles/Makefile2:447: CMakeFiles/ament_cmake_python_build_ur_custom_interfaces_egg.dir/all] Interrupt
gmake: *** [Makefile:146: all] Interrupt
