[0.031s] Invoking command in '/home/icrs/icrsUR/build/ur_custom_interfaces': CMAKE_PREFIX_PATH=${CMAKE_PREFIX_PATH}:/home/icrs/icrsUR/install/camera_control:/home/icrs/icrsUR/install/gripper_control:/opt/ros/humble /usr/bin/cmake --build /home/icrs/icrsUR/build/ur_custom_interfaces -- -j8 -l8
[0.413s] [  3%] Built target ur_custom_interfaces__cpp
[0.413s] [ 12%] Built target ur_custom_interfaces__rosidl_generator_c
[0.413s] [ 12%] Built target ament_cmake_python_symlink_ur_custom_interfaces
[0.413s] [ 22%] Built target ur_custom_interfaces__rosidl_typesupport_introspection_cpp
[0.413s] [ 32%] Built target ur_custom_interfaces__rosidl_typesupport_cpp
[0.413s] [ 41%] Built target ur_custom_interfaces__rosidl_typesupport_c
[0.413s] [ 51%] Built target ur_custom_interfaces__rosidl_typesupport_introspection_c
[0.414s] [ 61%] Built target ur_custom_interfaces__rosidl_typesupport_fastrtps_cpp
[0.414s] [ 70%] Built target ur_custom_interfaces__rosidl_typesupport_fastrtps_c
[0.414s] [ 70%] Built target ur_custom_interfaces
[0.414s] [ 74%] Built target ur_custom_interfaces__py
[0.414s] [ 80%] Built target ur_custom_interfaces__rosidl_generator_py
[0.414s] Traceback (most recent call last):
[0.414s]   File "/home/icrs/icrsUR/build/ur_custom_interfaces/ament_cmake_python/ur_custom_interfaces/setup.py", line 1, in <module>
[0.414s]     from setuptools import find_packages
[0.414s]   File "/usr/lib/python3/dist-packages/setuptools/__init__.py", line 16, in <module>
[0.414s]     import setuptools.version
[0.414s]   File "/usr/lib/python3/dist-packages/setuptools/version.py", line 1, in <module>
[0.414s] gmake[2]: *** [CMakeFiles/ur_custom_interfaces__rosidl_typesupport_c__pyext.dir/build.make:116: CMakeFiles/ur_custom_interfaces__rosidl_typesupport_c__pyext.dir/depend] Interrupt
[0.414s]     import pkg_resources
[0.415s]   File "/usr/lib/python3/dist-packages/pkg_resources/__init__.py", line 78, in <module>
[0.415s]     __import__('pkg_resources.extern.packaging.requirements')
[0.415s]   File "/usr/lib/python3/dist-packages/pkg_resources/_vendor/packaging/requirements.py", line 10, in <module>
[0.415s] gmake[2]: *** [CMakeFiles/ur_custom_interfaces__rosidl_typesupport_fastrtps_c__pyext.dir/build.make:121: CMakeFiles/ur_custom_interfaces__rosidl_typesupport_fastrtps_c__pyext.dir/depend] Interrupt
[0.415s] gmake[1]: *** [CMakeFiles/Makefile2:563: CMakeFiles/ur_custom_interfaces__rosidl_typesupport_c__pyext.dir/all] Interrupt
[0.415s] gmake[1]: *** [CMakeFiles/Makefile2:504: CMakeFiles/ur_custom_interfaces__rosidl_typesupport_fastrtps_c__pyext.dir/all] Interrupt
[0.415s] gmake[2]: *** [CMakeFiles/ur_custom_interfaces__rosidl_typesupport_introspection_c__pyext.dir/build.make:118: CMakeFiles/ur_custom_interfaces__rosidl_typesupport_introspection_c__pyext.dir/depend] Interrupt
[0.415s] gmake[1]: *** [CMakeFiles/Makefile2:534: CMakeFiles/ur_custom_interfaces__rosidl_typesupport_introspection_c__pyext.dir/all] Interrupt
[0.416s]     from pkg_resources.extern.pyparsing import (  # noqa
[0.416s]   File "<frozen importlib._bootstrap>", line 1027, in _find_and_load
[0.417s]   File "<frozen importlib._bootstrap>", line 1006, in _find_and_load_unlocked
[0.417s]   File "<frozen importlib._bootstrap>", line 674, in _load_unlocked
[0.418s]   File "<frozen importlib._bootstrap>", line 571, in module_from_spec
[0.418s]   File "/usr/lib/python3/dist-packages/pkg_resources/extern/__init__.py", line 52, in create_module
[0.418s]     return self.load_module(spec.name)
[0.418s]   File "/usr/lib/python3/dist-packages/pkg_resources/extern/__init__.py", line 37, in load_module
[0.418s]     __import__(extant)
[0.418s]   File "/usr/lib/python3/dist-packages/pkg_resources/_vendor/pyparsing.py", line 5153, in <module>
[0.419s]     quotedString = Combine(Regex(r'"(?:[^"\n\r\\]|(?:"")|(?:\\(?:[^x]|x[0-9a-fA-F]+)))*')+'"'|
[0.419s]   File "/usr/lib/python3/dist-packages/pkg_resources/_vendor/pyparsing.py", line 4255, in __init__
[0.420s]     self.leaveWhitespace()
[0.420s]   File "/usr/lib/python3/dist-packages/pkg_resources/_vendor/pyparsing.py", line 3745, in leaveWhitespace
[0.420s]     self.expr = self.expr.copy()
[0.420s]   File "/usr/lib/python3/dist-packages/pkg_resources/_vendor/pyparsing.py", line 3365, in copy
[0.420s]     ret.exprs = [e.copy() for e in self.exprs]
[0.420s]   File "/usr/lib/python3/dist-packages/pkg_resources/_vendor/pyparsing.py", line 3365, in <listcomp>
[0.420s]     ret.exprs = [e.copy() for e in self.exprs]
[0.420s]   File "/usr/lib/python3/dist-packages/pkg_resources/_vendor/pyparsing.py", line 3364, in copy
[0.421s]     ret = super(ParseExpression,self).copy()
[0.421s]   File "/usr/lib/python3/dist-packages/pkg_resources/_vendor/pyparsing.py", line 1183, in copy
[0.421s]     cpy = copy.copy( self )
[0.421s]   File "/usr/lib/python3.10/copy.py", line 102, in copy
[0.421s]     return _reconstruct(x, None, *rv)
[0.421s]   File "/usr/lib/python3.10/copy.py", line 265, in _reconstruct
[0.421s]     y = func(*args)
[0.421s]   File "/usr/lib/python3.10/copyreg.py", line 101, in __newobj__
[0.422s]     return cls.__new__(cls, *args)
[0.422s] KeyboardInterrupt
[0.440s] gmake[2]: *** [CMakeFiles/ament_cmake_python_build_ur_custom_interfaces_egg.dir/build.make:70: CMakeFiles/ament_cmake_python_build_ur_custom_interfaces_egg] Interrupt
[0.440s] gmake[1]: *** [CMakeFiles/Makefile2:447: CMakeFiles/ament_cmake_python_build_ur_custom_interfaces_egg.dir/all] Interrupt
[0.440s] gmake: *** [Makefile:146: all] Interrupt
