[0.570s] Invoking command in '/home/icrs/icrsUR/build/robotiq_description': CMAKE_PREFIX_PATH=${CMAKE_PREFIX_PATH}:/home/icrs/icrsUR/install/camera_control:/home/icrs/icrsUR/install/gripper_control:/opt/ros/humble /usr/bin/cmake --build /home/icrs/icrsUR/build/robotiq_description -- -j8 -l8
[0.614s] Invoked command in '/home/icrs/icrsUR/build/robotiq_description' returned '0': CMAKE_PREFIX_PATH=${CMAKE_PREFIX_PATH}:/home/icrs/icrsUR/install/camera_control:/home/icrs/icrsUR/install/gripper_control:/opt/ros/humble /usr/bin/cmake --build /home/icrs/icrsUR/build/robotiq_description -- -j8 -l8
[0.661s] Invoking command in '/home/icrs/icrsUR/build/robotiq_description': CMAKE_PREFIX_PATH=${CMAKE_PREFIX_PATH}:/home/icrs/icrsUR/install/camera_control:/home/icrs/icrsUR/install/gripper_control:/opt/ros/humble /usr/bin/cmake --install /home/icrs/icrsUR/build/robotiq_description
[0.666s] -- Install configuration: ""
[0.667s] -- Execute custom install script
[0.667s] -- Up-to-date symlink: /home/icrs/icrsUR/install/robotiq_description/share/robotiq_description/config/robotiq_controllers.yaml
[0.667s] -- Up-to-date symlink: /home/icrs/icrsUR/install/robotiq_description/share/robotiq_description/launch/robotiq_control.launch.py
[0.668s] -- Up-to-date symlink: /home/icrs/icrsUR/install/robotiq_description/share/robotiq_description/launch/view_gripper.launch.py
[0.668s] -- Up-to-date symlink: /home/icrs/icrsUR/install/robotiq_description/share/robotiq_description/meshes/collision/2f_140/robotiq_2f_140_base_link.stl
[0.669s] -- Up-to-date symlink: /home/icrs/icrsUR/install/robotiq_description/share/robotiq_description/meshes/collision/2f_140/robotiq_2f_140_coupling.stl
[0.669s] -- Up-to-date symlink: /home/icrs/icrsUR/install/robotiq_description/share/robotiq_description/meshes/collision/2f_140/robotiq_2f_140_inner_finger.stl
[0.669s] -- Up-to-date symlink: /home/icrs/icrsUR/install/robotiq_description/share/robotiq_description/meshes/collision/2f_140/robotiq_2f_140_inner_knuckle.stl
[0.669s] -- Up-to-date symlink: /home/icrs/icrsUR/install/robotiq_description/share/robotiq_description/meshes/collision/2f_140/robotiq_2f_140_outer_finger.stl
[0.669s] -- Up-to-date symlink: /home/icrs/icrsUR/install/robotiq_description/share/robotiq_description/meshes/collision/2f_140/robotiq_2f_140_outer_knuckle.stl
[0.669s] -- Up-to-date symlink: /home/icrs/icrsUR/install/robotiq_description/share/robotiq_description/meshes/collision/2f_85/left_finger.stl
[0.670s] -- Up-to-date symlink: /home/icrs/icrsUR/install/robotiq_description/share/robotiq_description/meshes/collision/2f_85/left_finger_tip.stl
[0.670s] -- Up-to-date symlink: /home/icrs/icrsUR/install/robotiq_description/share/robotiq_description/meshes/collision/2f_85/left_inner_knuckle.stl
[0.670s] -- Up-to-date symlink: /home/icrs/icrsUR/install/robotiq_description/share/robotiq_description/meshes/collision/2f_85/left_knuckle.stl
[0.670s] -- Up-to-date symlink: /home/icrs/icrsUR/install/robotiq_description/share/robotiq_description/meshes/collision/2f_85/right_finger.stl
[0.670s] -- Up-to-date symlink: /home/icrs/icrsUR/install/robotiq_description/share/robotiq_description/meshes/collision/2f_85/right_finger_tip.stl
[0.671s] -- Up-to-date symlink: /home/icrs/icrsUR/install/robotiq_description/share/robotiq_description/meshes/collision/2f_85/right_inner_knuckle.stl
[0.671s] -- Up-to-date symlink: /home/icrs/icrsUR/install/robotiq_description/share/robotiq_description/meshes/collision/2f_85/right_knuckle.stl
[0.671s] -- Up-to-date symlink: /home/icrs/icrsUR/install/robotiq_description/share/robotiq_description/meshes/collision/2f_85/robotiq_base.stl
[0.672s] -- Up-to-date symlink: /home/icrs/icrsUR/install/robotiq_description/share/robotiq_description/meshes/collision/2f_85/ur_to_robotiq_adapter.stl
[0.672s] -- Up-to-date symlink: /home/icrs/icrsUR/install/robotiq_description/share/robotiq_description/meshes/visual/2f_140/robotiq_2f_140_base_link.stl
[0.672s] -- Up-to-date symlink: /home/icrs/icrsUR/install/robotiq_description/share/robotiq_description/meshes/visual/2f_140/robotiq_2f_140_coupling.stl
[0.672s] -- Up-to-date symlink: /home/icrs/icrsUR/install/robotiq_description/share/robotiq_description/meshes/visual/2f_140/robotiq_2f_140_inner_finger.stl
[0.673s] -- Up-to-date symlink: /home/icrs/icrsUR/install/robotiq_description/share/robotiq_description/meshes/visual/2f_140/robotiq_2f_140_inner_knuckle.stl
[0.673s] -- Up-to-date symlink: /home/icrs/icrsUR/install/robotiq_description/share/robotiq_description/meshes/visual/2f_140/robotiq_2f_140_outer_finger.stl
[0.673s] -- Up-to-date symlink: /home/icrs/icrsUR/install/robotiq_description/share/robotiq_description/meshes/visual/2f_140/robotiq_2f_140_outer_knuckle.stl
[0.673s] -- Up-to-date symlink: /home/icrs/icrsUR/install/robotiq_description/share/robotiq_description/meshes/visual/2f_85/left_finger.dae
[0.673s] -- Up-to-date symlink: /home/icrs/icrsUR/install/robotiq_description/share/robotiq_description/meshes/visual/2f_85/left_finger_tip.dae
[0.673s] -- Up-to-date symlink: /home/icrs/icrsUR/install/robotiq_description/share/robotiq_description/meshes/visual/2f_85/left_inner_knuckle.dae
[0.674s] -- Up-to-date symlink: /home/icrs/icrsUR/install/robotiq_description/share/robotiq_description/meshes/visual/2f_85/left_knuckle.dae
[0.674s] -- Up-to-date symlink: /home/icrs/icrsUR/install/robotiq_description/share/robotiq_description/meshes/visual/2f_85/right_finger.dae
[0.674s] -- Up-to-date symlink: /home/icrs/icrsUR/install/robotiq_description/share/robotiq_description/meshes/visual/2f_85/right_finger_tip.dae
[0.675s] -- Up-to-date symlink: /home/icrs/icrsUR/install/robotiq_description/share/robotiq_description/meshes/visual/2f_85/right_inner_knuckle.dae
[0.675s] -- Up-to-date symlink: /home/icrs/icrsUR/install/robotiq_description/share/robotiq_description/meshes/visual/2f_85/right_knuckle.dae
[0.675s] -- Up-to-date symlink: /home/icrs/icrsUR/install/robotiq_description/share/robotiq_description/meshes/visual/2f_85/robotiq_base.dae
[0.675s] -- Up-to-date symlink: /home/icrs/icrsUR/install/robotiq_description/share/robotiq_description/meshes/visual/2f_85/ur_to_robotiq_adapter.dae
[0.676s] -- Up-to-date symlink: /home/icrs/icrsUR/install/robotiq_description/share/robotiq_description/rviz/view_urdf.rviz
[0.677s] -- Up-to-date symlink: /home/icrs/icrsUR/install/robotiq_description/share/robotiq_description/urdf/2f_140.ros2_control.xacro
[0.677s] -- Up-to-date symlink: /home/icrs/icrsUR/install/robotiq_description/share/robotiq_description/urdf/2f_85.ros2_control.xacro
[0.677s] -- Up-to-date symlink: /home/icrs/icrsUR/install/robotiq_description/share/robotiq_description/urdf/robotiq_2f_140.xacro
[0.677s] -- Up-to-date symlink: /home/icrs/icrsUR/install/robotiq_description/share/robotiq_description/urdf/robotiq_2f_140_gripper.urdf.xacro
[0.677s] -- Up-to-date symlink: /home/icrs/icrsUR/install/robotiq_description/share/robotiq_description/urdf/robotiq_2f_140_macro.urdf.xacro
[0.677s] -- Up-to-date symlink: /home/icrs/icrsUR/install/robotiq_description/share/robotiq_description/urdf/robotiq_2f_85_gripper.urdf.xacro
[0.678s] -- Up-to-date symlink: /home/icrs/icrsUR/install/robotiq_description/share/robotiq_description/urdf/robotiq_2f_85_macro.urdf.xacro
[0.678s] -- Up-to-date symlink: /home/icrs/icrsUR/install/robotiq_description/share/robotiq_description/urdf/ur_to_robotiq_adapter.urdf.xacro
[0.678s] -- Up-to-date symlink: /home/icrs/icrsUR/install/robotiq_description/share/ament_index/resource_index/package_run_dependencies/robotiq_description
[0.679s] -- Up-to-date symlink: /home/icrs/icrsUR/install/robotiq_description/share/ament_index/resource_index/parent_prefix_path/robotiq_description
[0.679s] -- Up-to-date symlink: /home/icrs/icrsUR/install/robotiq_description/share/robotiq_description/environment/ament_prefix_path.sh
[0.679s] -- Up-to-date symlink: /home/icrs/icrsUR/install/robotiq_description/share/robotiq_description/environment/ament_prefix_path.dsv
[0.679s] -- Up-to-date symlink: /home/icrs/icrsUR/install/robotiq_description/share/robotiq_description/environment/path.sh
[0.680s] -- Up-to-date symlink: /home/icrs/icrsUR/install/robotiq_description/share/robotiq_description/environment/path.dsv
[0.681s] -- Up-to-date symlink: /home/icrs/icrsUR/install/robotiq_description/share/robotiq_description/local_setup.bash
[0.681s] -- Up-to-date symlink: /home/icrs/icrsUR/install/robotiq_description/share/robotiq_description/local_setup.sh
[0.681s] -- Up-to-date symlink: /home/icrs/icrsUR/install/robotiq_description/share/robotiq_description/local_setup.zsh
[0.681s] -- Up-to-date symlink: /home/icrs/icrsUR/install/robotiq_description/share/robotiq_description/local_setup.dsv
[0.681s] -- Symlinking: /home/icrs/icrsUR/install/robotiq_description/share/robotiq_description/package.dsv
[0.690s] -- Up-to-date symlink: /home/icrs/icrsUR/install/robotiq_description/share/ament_index/resource_index/packages/robotiq_description
[0.690s] -- Up-to-date symlink: /home/icrs/icrsUR/install/robotiq_description/share/robotiq_description/cmake/robotiq_descriptionConfig.cmake
[0.690s] -- Up-to-date symlink: /home/icrs/icrsUR/install/robotiq_description/share/robotiq_description/cmake/robotiq_descriptionConfig-version.cmake
[0.691s] -- Up-to-date symlink: /home/icrs/icrsUR/install/robotiq_description/share/robotiq_description/package.xml
[0.699s] Invoked command in '/home/icrs/icrsUR/build/robotiq_description' returned '0': CMAKE_PREFIX_PATH=${CMAKE_PREFIX_PATH}:/home/icrs/icrsUR/install/camera_control:/home/icrs/icrsUR/install/gripper_control:/opt/ros/humble /usr/bin/cmake --install /home/icrs/icrsUR/build/robotiq_description
