[0.038s] Invoking command in '/home/icrs/icrsUR/build/ur_mover': AMENT_PREFIX_PATH=/home/icrs/icrsUR/install/ur_custom_interfaces:/home/icrs/icrsUR/install/interfaces_ur5ik:${AMENT_PREFIX_PATH} CMAKE_PREFIX_PATH=/home/icrs/icrsUR/install/ur_custom_interfaces:/home/icrs/icrsUR/install/interfaces_ur5ik:/opt/ros/humble LD_LIBRARY_PATH=/home/icrs/icrsUR/install/ur_custom_interfaces/lib:/home/icrs/icrsUR/install/interfaces_ur5ik/lib:${LD_LIBRARY_PATH} PYTHONPATH=/home/icrs/icrsUR/install/ur_custom_interfaces/local/lib/python3.10/dist-packages:/home/icrs/icrsUR/install/interfaces_ur5ik/local/lib/python3.10/dist-packages:${PYTHONPATH} /usr/bin/cmake --build /home/icrs/icrsUR/build/ur_mover -- -j8 -l8
[0.144s] [35m[1mConsolidate compiler generated dependencies of target master_node[0m
[0.212s] [ 50%] Built target master_node
[0.212s] [100%] Built target master_node2
[0.228s] Invoked command in '/home/icrs/icrsUR/build/ur_mover' returned '0': AMENT_PREFIX_PATH=/home/icrs/icrsUR/install/ur_custom_interfaces:/home/icrs/icrsUR/install/interfaces_ur5ik:${AMENT_PREFIX_PATH} CMAKE_PREFIX_PATH=/home/icrs/icrsUR/install/ur_custom_interfaces:/home/icrs/icrsUR/install/interfaces_ur5ik:/opt/ros/humble LD_LIBRARY_PATH=/home/icrs/icrsUR/install/ur_custom_interfaces/lib:/home/icrs/icrsUR/install/interfaces_ur5ik/lib:${LD_LIBRARY_PATH} PYTHONPATH=/home/icrs/icrsUR/install/ur_custom_interfaces/local/lib/python3.10/dist-packages:/home/icrs/icrsUR/install/interfaces_ur5ik/local/lib/python3.10/dist-packages:${PYTHONPATH} /usr/bin/cmake --build /home/icrs/icrsUR/build/ur_mover -- -j8 -l8
[0.267s] Invoking command in '/home/icrs/icrsUR/build/ur_mover': AMENT_PREFIX_PATH=/home/icrs/icrsUR/install/ur_custom_interfaces:/home/icrs/icrsUR/install/interfaces_ur5ik:${AMENT_PREFIX_PATH} CMAKE_PREFIX_PATH=/home/icrs/icrsUR/install/ur_custom_interfaces:/home/icrs/icrsUR/install/interfaces_ur5ik:/opt/ros/humble LD_LIBRARY_PATH=/home/icrs/icrsUR/install/ur_custom_interfaces/lib:/home/icrs/icrsUR/install/interfaces_ur5ik/lib:${LD_LIBRARY_PATH} PYTHONPATH=/home/icrs/icrsUR/install/ur_custom_interfaces/local/lib/python3.10/dist-packages:/home/icrs/icrsUR/install/interfaces_ur5ik/local/lib/python3.10/dist-packages:${PYTHONPATH} /usr/bin/cmake --install /home/icrs/icrsUR/build/ur_mover
[0.279s] -- Install configuration: ""
[0.279s] -- Execute custom install script
[0.279s] -- Up-to-date symlink: /home/icrs/icrsUR/install/ur_mover/lib/ur_mover/master_node
[0.280s] -- Up-to-date symlink: /home/icrs/icrsUR/install/ur_mover/lib/ur_mover/master_node2
[0.281s] -- Up-to-date symlink: /home/icrs/icrsUR/install/ur_mover/share/ur_mover/launch/master_node.launch.py
[0.282s] -- Up-to-date symlink: /home/icrs/icrsUR/install/ur_mover/share/ament_index/resource_index/package_run_dependencies/ur_mover
[0.283s] -- Up-to-date symlink: /home/icrs/icrsUR/install/ur_mover/share/ament_index/resource_index/parent_prefix_path/ur_mover
[0.283s] -- Up-to-date symlink: /home/icrs/icrsUR/install/ur_mover/share/ur_mover/environment/ament_prefix_path.sh
[0.283s] -- Up-to-date symlink: /home/icrs/icrsUR/install/ur_mover/share/ur_mover/environment/ament_prefix_path.dsv
[0.284s] -- Up-to-date symlink: /home/icrs/icrsUR/install/ur_mover/share/ur_mover/environment/path.sh
[0.284s] -- Up-to-date symlink: /home/icrs/icrsUR/install/ur_mover/share/ur_mover/environment/path.dsv
[0.284s] -- Up-to-date symlink: /home/icrs/icrsUR/install/ur_mover/share/ur_mover/local_setup.bash
[0.284s] -- Up-to-date symlink: /home/icrs/icrsUR/install/ur_mover/share/ur_mover/local_setup.sh
[0.285s] -- Up-to-date symlink: /home/icrs/icrsUR/install/ur_mover/share/ur_mover/local_setup.zsh
[0.285s] -- Up-to-date symlink: /home/icrs/icrsUR/install/ur_mover/share/ur_mover/local_setup.dsv
[0.286s] -- Symlinking: /home/icrs/icrsUR/install/ur_mover/share/ur_mover/package.dsv
[0.299s] -- Up-to-date symlink: /home/icrs/icrsUR/install/ur_mover/share/ament_index/resource_index/packages/ur_mover
[0.299s] -- Up-to-date symlink: /home/icrs/icrsUR/install/ur_mover/share/ur_mover/cmake/ur_moverConfig.cmake
[0.299s] -- Up-to-date symlink: /home/icrs/icrsUR/install/ur_mover/share/ur_mover/cmake/ur_moverConfig-version.cmake
[0.300s] -- Up-to-date symlink: /home/icrs/icrsUR/install/ur_mover/share/ur_mover/package.xml
[0.303s] Invoked command in '/home/icrs/icrsUR/build/ur_mover' returned '0': AMENT_PREFIX_PATH=/home/icrs/icrsUR/install/ur_custom_interfaces:/home/icrs/icrsUR/install/interfaces_ur5ik:${AMENT_PREFIX_PATH} CMAKE_PREFIX_PATH=/home/icrs/icrsUR/install/ur_custom_interfaces:/home/icrs/icrsUR/install/interfaces_ur5ik:/opt/ros/humble LD_LIBRARY_PATH=/home/icrs/icrsUR/install/ur_custom_interfaces/lib:/home/icrs/icrsUR/install/interfaces_ur5ik/lib:${LD_LIBRARY_PATH} PYTHONPATH=/home/icrs/icrsUR/install/ur_custom_interfaces/local/lib/python3.10/dist-packages:/home/icrs/icrsUR/install/interfaces_ur5ik/local/lib/python3.10/dist-packages:${PYTHONPATH} /usr/bin/cmake --install /home/icrs/icrsUR/build/ur_mover
