[ 20%] Built target controller_stopper_node
[ 33%] Built target urscript_interface
[ 93%] Built target ur_ros2_control_node
[100%] Built target ur_robot_driver_plugin
[100%] Built target dashboard_client
[100%] Built target ament_cmake_python_symlink_ur_robot_driver
running egg_info
writing ur_robot_driver.egg-info/PKG-INFO
writing dependency_links to ur_robot_driver.egg-info/dependency_links.txt
writing top-level names to ur_robot_driver.egg-info/top_level.txt
reading manifest file 'ur_robot_driver.egg-info/SOURCES.txt'
writing manifest file 'ur_robot_driver.egg-info/SOURCES.txt'
[100%] Built target ament_cmake_python_build_ur_robot_driver_egg
-- Install configuration: "RelWithDebInfo"
-- Execute custom install script
-- Up-to-date symlink: /home/icrs/icrsUR/install/ur_robot_driver/share/ur_robot_driver//hardware_interface_plugin.xml
-- Up-to-date symlink: /home/icrs/icrsUR/install/ur_robot_driver/lib/ur_robot_driver/dashboard_client
-- Up-to-date symlink: /home/icrs/icrsUR/install/ur_robot_driver/lib/ur_robot_driver/ur_ros2_control_node
-- Up-to-date symlink: /home/icrs/icrsUR/install/ur_robot_driver/lib/ur_robot_driver/controller_stopper_node
-- Up-to-date symlink: /home/icrs/icrsUR/install/ur_robot_driver/lib/ur_robot_driver/urscript_interface
-- Up-to-date symlink: /home/icrs/icrsUR/install/ur_robot_driver/lib/libur_robot_driver_plugin.so
-- Up-to-date symlink: /home/icrs/icrsUR/install/ur_robot_driver/include/ur_robot_driver/controller_stopper.hpp
-- Up-to-date symlink: /home/icrs/icrsUR/install/ur_robot_driver/include/ur_robot_driver/dashboard_client_ros.hpp
-- Up-to-date symlink: /home/icrs/icrsUR/install/ur_robot_driver/include/ur_robot_driver/hardware_interface.hpp
-- Up-to-date symlink: /home/icrs/icrsUR/install/ur_robot_driver/include/ur_robot_driver/urcl_log_handler.hpp
-- Up-to-date symlink: /home/icrs/icrsUR/install/ur_robot_driver/share/ur_robot_driver/environment/library_path.sh
-- Up-to-date symlink: /home/icrs/icrsUR/install/ur_robot_driver/share/ur_robot_driver/environment/library_path.dsv
-- Up-to-date symlink: /home/icrs/icrsUR/install/ur_robot_driver/include/ur_robot_driver/controller_stopper.hpp
-- Up-to-date symlink: /home/icrs/icrsUR/install/ur_robot_driver/include/ur_robot_driver/dashboard_client_ros.hpp
-- Up-to-date symlink: /home/icrs/icrsUR/install/ur_robot_driver/include/ur_robot_driver/hardware_interface.hpp
-- Up-to-date symlink: /home/icrs/icrsUR/install/ur_robot_driver/include/ur_robot_driver/urcl_log_handler.hpp
-- Up-to-date symlink: /home/icrs/icrsUR/install/ur_robot_driver/share/ur_robot_driver/environment/pythonpath.sh
-- Up-to-date symlink: /home/icrs/icrsUR/install/ur_robot_driver/share/ur_robot_driver/environment/pythonpath.dsv
-- Up-to-date symlink: /home/icrs/icrsUR/install/ur_robot_driver/local/lib/python3.10/dist-packages/ur_robot_driver-2.2.10-py3.10.egg-info/PKG-INFO
-- Up-to-date symlink: /home/icrs/icrsUR/install/ur_robot_driver/local/lib/python3.10/dist-packages/ur_robot_driver-2.2.10-py3.10.egg-info/SOURCES.txt
-- Up-to-date symlink: /home/icrs/icrsUR/install/ur_robot_driver/local/lib/python3.10/dist-packages/ur_robot_driver-2.2.10-py3.10.egg-info/dependency_links.txt
-- Up-to-date symlink: /home/icrs/icrsUR/install/ur_robot_driver/local/lib/python3.10/dist-packages/ur_robot_driver-2.2.10-py3.10.egg-info/top_level.txt
-- Up-to-date symlink: /home/icrs/icrsUR/install/ur_robot_driver/local/lib/python3.10/dist-packages/ur_robot_driver/__init__.py
-- Up-to-date symlink: /home/icrs/icrsUR/install/ur_robot_driver/lib/ur_robot_driver/tool_communication.py
-- Up-to-date symlink: /home/icrs/icrsUR/install/ur_robot_driver/bin/wait_dashboard_server.sh
-- Up-to-date symlink: /home/icrs/icrsUR/install/ur_robot_driver/lib/ur_robot_driver/start_ursim.sh
-- Up-to-date symlink: /home/icrs/icrsUR/install/ur_robot_driver/share/ur_robot_driver/config/test_goal_publishers_config.yaml
-- Up-to-date symlink: /home/icrs/icrsUR/install/ur_robot_driver/share/ur_robot_driver/config/test_velocity_goal_publishers_config.yaml
-- Up-to-date symlink: /home/icrs/icrsUR/install/ur_robot_driver/share/ur_robot_driver/config/ur10_update_rate.yaml
-- Up-to-date symlink: /home/icrs/icrsUR/install/ur_robot_driver/share/ur_robot_driver/config/ur10e_update_rate.yaml
-- Up-to-date symlink: /home/icrs/icrsUR/install/ur_robot_driver/share/ur_robot_driver/config/ur16e_update_rate.yaml
-- Up-to-date symlink: /home/icrs/icrsUR/install/ur_robot_driver/share/ur_robot_driver/config/ur20_update_rate.yaml
-- Up-to-date symlink: /home/icrs/icrsUR/install/ur_robot_driver/share/ur_robot_driver/config/ur3_update_rate.yaml
-- Up-to-date symlink: /home/icrs/icrsUR/install/ur_robot_driver/share/ur_robot_driver/config/ur3e_update_rate.yaml
-- Up-to-date symlink: /home/icrs/icrsUR/install/ur_robot_driver/share/ur_robot_driver/config/ur5_update_rate.yaml
-- Up-to-date symlink: /home/icrs/icrsUR/install/ur_robot_driver/share/ur_robot_driver/config/ur5e_update_rate.yaml
-- Up-to-date symlink: /home/icrs/icrsUR/install/ur_robot_driver/share/ur_robot_driver/config/ur_controllers.yaml
-- Up-to-date symlink: /home/icrs/icrsUR/install/ur_robot_driver/share/ur_robot_driver/launch/test_forward_velocity_controller.launch.py
-- Up-to-date symlink: /home/icrs/icrsUR/install/ur_robot_driver/share/ur_robot_driver/launch/test_joint_trajectory_controller.launch.py
-- Up-to-date symlink: /home/icrs/icrsUR/install/ur_robot_driver/share/ur_robot_driver/launch/test_scaled_joint_trajectory_controller.launch.py
-- Up-to-date symlink: /home/icrs/icrsUR/install/ur_robot_driver/share/ur_robot_driver/launch/ur10.launch.py
-- Up-to-date symlink: /home/icrs/icrsUR/install/ur_robot_driver/share/ur_robot_driver/launch/ur10e.launch.py
-- Up-to-date symlink: /home/icrs/icrsUR/install/ur_robot_driver/share/ur_robot_driver/launch/ur16e.launch.py
-- Up-to-date symlink: /home/icrs/icrsUR/install/ur_robot_driver/share/ur_robot_driver/launch/ur20.launch.py
-- Up-to-date symlink: /home/icrs/icrsUR/install/ur_robot_driver/share/ur_robot_driver/launch/ur3.launch.py
-- Up-to-date symlink: /home/icrs/icrsUR/install/ur_robot_driver/share/ur_robot_driver/launch/ur3e.launch.py
-- Up-to-date symlink: /home/icrs/icrsUR/install/ur_robot_driver/share/ur_robot_driver/launch/ur5.launch.py
-- Up-to-date symlink: /home/icrs/icrsUR/install/ur_robot_driver/share/ur_robot_driver/launch/ur5e.launch.py
-- Up-to-date symlink: /home/icrs/icrsUR/install/ur_robot_driver/share/ur_robot_driver/launch/ur_control.launch.py
-- Up-to-date symlink: /home/icrs/icrsUR/install/ur_robot_driver/share/ur_robot_driver/launch/ur_dashboard_client.launch.py
-- Up-to-date symlink: /home/icrs/icrsUR/install/ur_robot_driver/share/ament_index/resource_index/package_run_dependencies/ur_robot_driver
-- Up-to-date symlink: /home/icrs/icrsUR/install/ur_robot_driver/share/ament_index/resource_index/parent_prefix_path/ur_robot_driver
-- Up-to-date symlink: /home/icrs/icrsUR/install/ur_robot_driver/share/ur_robot_driver/environment/ament_prefix_path.sh
-- Up-to-date symlink: /home/icrs/icrsUR/install/ur_robot_driver/share/ur_robot_driver/environment/ament_prefix_path.dsv
-- Up-to-date symlink: /home/icrs/icrsUR/install/ur_robot_driver/share/ur_robot_driver/environment/path.sh
-- Up-to-date symlink: /home/icrs/icrsUR/install/ur_robot_driver/share/ur_robot_driver/environment/path.dsv
-- Up-to-date symlink: /home/icrs/icrsUR/install/ur_robot_driver/share/ur_robot_driver/local_setup.bash
-- Up-to-date symlink: /home/icrs/icrsUR/install/ur_robot_driver/share/ur_robot_driver/local_setup.sh
-- Up-to-date symlink: /home/icrs/icrsUR/install/ur_robot_driver/share/ur_robot_driver/local_setup.zsh
-- Up-to-date symlink: /home/icrs/icrsUR/install/ur_robot_driver/share/ur_robot_driver/local_setup.dsv
-- Symlinking: /home/icrs/icrsUR/install/ur_robot_driver/share/ur_robot_driver/package.dsv
-- Up-to-date symlink: /home/icrs/icrsUR/install/ur_robot_driver/share/ament_index/resource_index/packages/ur_robot_driver
-- Up-to-date symlink: /home/icrs/icrsUR/install/ur_robot_driver/share/ament_index/resource_index/hardware_interface__pluginlib__plugin/ur_robot_driver
-- Up-to-date symlink: /home/icrs/icrsUR/install/ur_robot_driver/share/ur_robot_driver/cmake/ament_cmake_export_include_directories-extras.cmake
-- Up-to-date symlink: /home/icrs/icrsUR/install/ur_robot_driver/share/ur_robot_driver/cmake/ament_cmake_export_libraries-extras.cmake
-- Up-to-date symlink: /home/icrs/icrsUR/install/ur_robot_driver/share/ur_robot_driver/cmake/ament_cmake_export_dependencies-extras.cmake
-- Up-to-date symlink: /home/icrs/icrsUR/install/ur_robot_driver/share/ur_robot_driver/cmake/ur_robot_driverConfig.cmake
-- Up-to-date symlink: /home/icrs/icrsUR/install/ur_robot_driver/share/ur_robot_driver/cmake/ur_robot_driverConfig-version.cmake
-- Up-to-date symlink: /home/icrs/icrsUR/install/ur_robot_driver/share/ur_robot_driver/package.xml
-- Up-to-date: /home/icrs/icrsUR/install/ur_robot_driver/share/ur_robot_driver/resources
-- Up-to-date: /home/icrs/icrsUR/install/ur_robot_driver/share/ur_robot_driver/resources/rtde_input_recipe.txt
-- Up-to-date: /home/icrs/icrsUR/install/ur_robot_driver/share/ur_robot_driver/resources/rs485-1.0.urcap
-- Up-to-date: /home/icrs/icrsUR/install/ur_robot_driver/share/ur_robot_driver/resources/externalcontrol-1.0.5.urcap
-- Up-to-date: /home/icrs/icrsUR/install/ur_robot_driver/share/ur_robot_driver/resources/rtde_output_recipe.txt
-- Up-to-date: /home/icrs/icrsUR/install/ur_robot_driver/share/ur_robot_driver/resources/ros_control.urscript
Listing '/home/icrs/icrsUR/install/ur_robot_driver/local/lib/python3.10/dist-packages/ur_robot_driver'...
Traceback (most recent call last):
  File "/usr/lib/python3/dist-packages/colcon_parallel_executor/executor/parallel.py", line 75, in execute
    loop.run_until_complete(future)
  File "/usr/lib/python3.10/asyncio/base_events.py", line 636, in run_until_complete
    self.run_forever()
  File "/usr/lib/python3.10/asyncio/base_events.py", line 603, in run_forever
    self._run_once()
  File "/usr/lib/python3.10/asyncio/base_events.py", line 1871, in _run_once
    event_list = self._selector.select(timeout)
  File "/usr/lib/python3.10/selectors.py", line 469, in select
    fd_event_list = self._selector.poll(timeout, max_ev)
KeyboardInterrupt

During handling of the above exception, another exception occurred:

Traceback (most recent call last):
  File "/usr/lib/python3/dist-packages/colcon_core/executor/__init__.py", line 91, in __call__
    rc = await self.task(*args, **kwargs)
  File "/usr/lib/python3/dist-packages/colcon_core/task/__init__.py", line 93, in __call__
    return await task_method(*args, **kwargs)
  File "/usr/lib/python3/dist-packages/colcon_ros/task/ament_cmake/build.py", line 65, in build
    has_install_target = await has_target(args.build_base, 'install')
  File "/usr/lib/python3/dist-packages/colcon_cmake/task/cmake/__init__.py", line 57, in has_target
    return target in await get_makefile_targets(path)
  File "/usr/lib/python3/dist-packages/colcon_cmake/task/cmake/__init__.py", line 77, in get_makefile_targets
    output = await check_output([
  File "/usr/lib/python3/dist-packages/colcon_core/subprocess.py", line 129, in check_output
    assert not rc, f'Expected {args} to pass: {stderr_data}'
AssertionError: Expected ['/usr/bin/cmake', '--build', '/home/icrs/icrsUR/build/ur_robot_driver', '--target', 'help'] to pass: gmake: *** [Makefile:512: help] Interrupt

