[0.042s] Invoking command in '/home/icrs/icrsUR/build/ur_description': CMAKE_PREFIX_PATH=${CMAKE_PREFIX_PATH}:/home/icrs/icrsUR/install/camera_control:/home/icrs/icrsUR/install/gripper_control:/opt/ros/humble /usr/bin/cmake --build /home/icrs/icrsUR/build/ur_description -- -j8 -l8
[1.089s] Invoked command in '/home/icrs/icrsUR/build/ur_description' returned '0': CMAKE_PREFIX_PATH=${CMAKE_PREFIX_PATH}:/home/icrs/icrsUR/install/camera_control:/home/icrs/icrsUR/install/gripper_control:/opt/ros/humble /usr/bin/cmake --build /home/icrs/icrsUR/build/ur_description -- -j8 -l8
[1.202s] Invoking command in '/home/icrs/icrsUR/build/ur_description': CMAKE_PREFIX_PATH=${CMAKE_PREFIX_PATH}:/home/icrs/icrsUR/install/camera_control:/home/icrs/icrsUR/install/gripper_control:/opt/ros/humble /usr/bin/cmake --install /home/icrs/icrsUR/build/ur_description
[1.238s] -- Install configuration: ""
[1.241s] -- Execute custom install script
[1.247s] -- Up-to-date symlink: /home/icrs/icrsUR/install/ur_description/share/ur_description/config/initial_positions.yaml
[1.250s] -- Up-to-date symlink: /home/icrs/icrsUR/install/ur_description/share/ur_description/config/ur10/default_kinematics.yaml
[1.251s] -- Up-to-date symlink: /home/icrs/icrsUR/install/ur_description/share/ur_description/config/ur10/joint_limits.yaml
[1.251s] -- Up-to-date symlink: /home/icrs/icrsUR/install/ur_description/share/ur_description/config/ur10/physical_parameters.yaml
[1.251s] -- Up-to-date symlink: /home/icrs/icrsUR/install/ur_description/share/ur_description/config/ur10/visual_parameters.yaml
[1.253s] -- Up-to-date symlink: /home/icrs/icrsUR/install/ur_description/share/ur_description/config/ur10e/default_kinematics.yaml
[1.254s] -- Up-to-date symlink: /home/icrs/icrsUR/install/ur_description/share/ur_description/config/ur10e/joint_limits.yaml
[1.255s] -- Up-to-date symlink: /home/icrs/icrsUR/install/ur_description/share/ur_description/config/ur10e/physical_parameters.yaml
[1.256s] -- Up-to-date symlink: /home/icrs/icrsUR/install/ur_description/share/ur_description/config/ur10e/visual_parameters.yaml
[1.260s] -- Up-to-date symlink: /home/icrs/icrsUR/install/ur_description/share/ur_description/config/ur16e/default_kinematics.yaml
[1.260s] -- Up-to-date symlink: /home/icrs/icrsUR/install/ur_description/share/ur_description/config/ur16e/joint_limits.yaml
[1.265s] -- Up-to-date symlink: /home/icrs/icrsUR/install/ur_description/share/ur_description/config/ur16e/physical_parameters.yaml
[1.266s] -- Up-to-date symlink: /home/icrs/icrsUR/install/ur_description/share/ur_description/config/ur16e/visual_parameters.yaml
[1.266s] -- Up-to-date symlink: /home/icrs/icrsUR/install/ur_description/share/ur_description/config/ur20/default_kinematics.yaml
[1.270s] -- Up-to-date symlink: /home/icrs/icrsUR/install/ur_description/share/ur_description/config/ur20/joint_limits.yaml
[1.274s] -- Up-to-date symlink: /home/icrs/icrsUR/install/ur_description/share/ur_description/config/ur20/physical_parameters.yaml
[1.274s] -- Up-to-date symlink: /home/icrs/icrsUR/install/ur_description/share/ur_description/config/ur20/visual_parameters.yaml
[1.275s] -- Up-to-date symlink: /home/icrs/icrsUR/install/ur_description/share/ur_description/config/ur3/default_kinematics.yaml
[1.275s] -- Up-to-date symlink: /home/icrs/icrsUR/install/ur_description/share/ur_description/config/ur3/joint_limits.yaml
[1.276s] -- Up-to-date symlink: /home/icrs/icrsUR/install/ur_description/share/ur_description/config/ur3/physical_parameters.yaml
[1.276s] -- Up-to-date symlink: /home/icrs/icrsUR/install/ur_description/share/ur_description/config/ur3/visual_parameters.yaml
[1.279s] -- Up-to-date symlink: /home/icrs/icrsUR/install/ur_description/share/ur_description/config/ur30/default_kinematics.yaml
[1.279s] -- Up-to-date symlink: /home/icrs/icrsUR/install/ur_description/share/ur_description/config/ur30/joint_limits.yaml
[1.280s] -- Up-to-date symlink: /home/icrs/icrsUR/install/ur_description/share/ur_description/config/ur30/physical_parameters.yaml
[1.280s] -- Up-to-date symlink: /home/icrs/icrsUR/install/ur_description/share/ur_description/config/ur30/visual_parameters.yaml
[1.284s] -- Up-to-date symlink: /home/icrs/icrsUR/install/ur_description/share/ur_description/config/ur3e/default_kinematics.yaml
[1.284s] -- Up-to-date symlink: /home/icrs/icrsUR/install/ur_description/share/ur_description/config/ur3e/joint_limits.yaml
[1.287s] -- Up-to-date symlink: /home/icrs/icrsUR/install/ur_description/share/ur_description/config/ur3e/physical_parameters.yaml
[1.288s] -- Up-to-date symlink: /home/icrs/icrsUR/install/ur_description/share/ur_description/config/ur3e/visual_parameters.yaml
[1.288s] -- Up-to-date symlink: /home/icrs/icrsUR/install/ur_description/share/ur_description/config/ur5/default_kinematics.yaml
[1.288s] -- Up-to-date symlink: /home/icrs/icrsUR/install/ur_description/share/ur_description/config/ur5/joint_limits.yaml
[1.288s] -- Up-to-date symlink: /home/icrs/icrsUR/install/ur_description/share/ur_description/config/ur5/physical_parameters.yaml
[1.288s] -- Up-to-date symlink: /home/icrs/icrsUR/install/ur_description/share/ur_description/config/ur5/visual_parameters.yaml
[1.288s] -- Up-to-date symlink: /home/icrs/icrsUR/install/ur_description/share/ur_description/config/ur5e/default_kinematics.yaml
[1.288s] -- Up-to-date symlink: /home/icrs/icrsUR/install/ur_description/share/ur_description/config/ur5e/joint_limits.yaml
[1.289s] -- Up-to-date symlink: /home/icrs/icrsUR/install/ur_description/share/ur_description/config/ur5e/physical_parameters.yaml
[1.290s] -- Up-to-date symlink: /home/icrs/icrsUR/install/ur_description/share/ur_description/config/ur5e/visual_parameters.yaml
[1.291s] -- Up-to-date symlink: /home/icrs/icrsUR/install/ur_description/share/ur_description/launch/view_ur.launch.py
[1.302s] -- Up-to-date symlink: /home/icrs/icrsUR/install/ur_description/share/ur_description/meshes/ur10/collision/base.stl
[1.303s] -- Up-to-date symlink: /home/icrs/icrsUR/install/ur_description/share/ur_description/meshes/ur10/collision/forearm.stl
[1.307s] -- Up-to-date symlink: /home/icrs/icrsUR/install/ur_description/share/ur_description/meshes/ur10/collision/shoulder.stl
[1.307s] -- Up-to-date symlink: /home/icrs/icrsUR/install/ur_description/share/ur_description/meshes/ur10/collision/upperarm.stl
[1.309s] -- Up-to-date symlink: /home/icrs/icrsUR/install/ur_description/share/ur_description/meshes/ur10/collision/wrist1.stl
[1.310s] -- Up-to-date symlink: /home/icrs/icrsUR/install/ur_description/share/ur_description/meshes/ur10/collision/wrist2.stl
[1.310s] -- Up-to-date symlink: /home/icrs/icrsUR/install/ur_description/share/ur_description/meshes/ur10/collision/wrist3.stl
[1.312s] -- Up-to-date symlink: /home/icrs/icrsUR/install/ur_description/share/ur_description/meshes/ur10/visual/base.dae
[1.312s] -- Up-to-date symlink: /home/icrs/icrsUR/install/ur_description/share/ur_description/meshes/ur10/visual/forearm.dae
[1.312s] -- Up-to-date symlink: /home/icrs/icrsUR/install/ur_description/share/ur_description/meshes/ur10/visual/shoulder.dae
[1.313s] -- Up-to-date symlink: /home/icrs/icrsUR/install/ur_description/share/ur_description/meshes/ur10/visual/upperarm.dae
[1.313s] -- Up-to-date symlink: /home/icrs/icrsUR/install/ur_description/share/ur_description/meshes/ur10/visual/wrist1.dae
[1.314s] -- Up-to-date symlink: /home/icrs/icrsUR/install/ur_description/share/ur_description/meshes/ur10/visual/wrist2.dae
[1.314s] -- Up-to-date symlink: /home/icrs/icrsUR/install/ur_description/share/ur_description/meshes/ur10/visual/wrist3.dae
[1.315s] -- Up-to-date symlink: /home/icrs/icrsUR/install/ur_description/share/ur_description/meshes/ur10e/collision/base.stl
[1.315s] -- Up-to-date symlink: /home/icrs/icrsUR/install/ur_description/share/ur_description/meshes/ur10e/collision/forearm.stl
[1.315s] -- Up-to-date symlink: /home/icrs/icrsUR/install/ur_description/share/ur_description/meshes/ur10e/collision/shoulder.stl
[1.316s] -- Up-to-date symlink: /home/icrs/icrsUR/install/ur_description/share/ur_description/meshes/ur10e/collision/upperarm.stl
[1.316s] -- Up-to-date symlink: /home/icrs/icrsUR/install/ur_description/share/ur_description/meshes/ur10e/collision/wrist1.stl
[1.316s] -- Up-to-date symlink: /home/icrs/icrsUR/install/ur_description/share/ur_description/meshes/ur10e/collision/wrist2.stl
[1.316s] -- Up-to-date symlink: /home/icrs/icrsUR/install/ur_description/share/ur_description/meshes/ur10e/collision/wrist3.stl
[1.317s] -- Up-to-date symlink: /home/icrs/icrsUR/install/ur_description/share/ur_description/meshes/ur10e/visual/base.dae
[1.317s] -- Up-to-date symlink: /home/icrs/icrsUR/install/ur_description/share/ur_description/meshes/ur10e/visual/forearm.dae
[1.318s] -- Up-to-date symlink: /home/icrs/icrsUR/install/ur_description/share/ur_description/meshes/ur10e/visual/shoulder.dae
[1.319s] -- Up-to-date symlink: /home/icrs/icrsUR/install/ur_description/share/ur_description/meshes/ur10e/visual/upperarm.dae
[1.321s] -- Up-to-date symlink: /home/icrs/icrsUR/install/ur_description/share/ur_description/meshes/ur10e/visual/wrist1.dae
[1.321s] -- Up-to-date symlink: /home/icrs/icrsUR/install/ur_description/share/ur_description/meshes/ur10e/visual/wrist2.dae
[1.322s] -- Up-to-date symlink: /home/icrs/icrsUR/install/ur_description/share/ur_description/meshes/ur10e/visual/wrist3.dae
[1.322s] -- Up-to-date symlink: /home/icrs/icrsUR/install/ur_description/share/ur_description/meshes/ur16e/collision/forearm.stl
[1.322s] -- Up-to-date symlink: /home/icrs/icrsUR/install/ur_description/share/ur_description/meshes/ur16e/collision/upperarm.stl
[1.326s] -- Up-to-date symlink: /home/icrs/icrsUR/install/ur_description/share/ur_description/meshes/ur16e/visual/forearm.dae
[1.326s] -- Up-to-date symlink: /home/icrs/icrsUR/install/ur_description/share/ur_description/meshes/ur16e/visual/upperarm.dae
[1.327s] -- Up-to-date symlink: /home/icrs/icrsUR/install/ur_description/share/ur_description/meshes/ur20/LICENSE.txt
[1.328s] -- Up-to-date symlink: /home/icrs/icrsUR/install/ur_description/share/ur_description/meshes/ur20/collision/base.stl
[1.328s] -- Up-to-date symlink: /home/icrs/icrsUR/install/ur_description/share/ur_description/meshes/ur20/collision/forearm.stl
[1.329s] -- Up-to-date symlink: /home/icrs/icrsUR/install/ur_description/share/ur_description/meshes/ur20/collision/shoulder.stl
[1.329s] -- Up-to-date symlink: /home/icrs/icrsUR/install/ur_description/share/ur_description/meshes/ur20/collision/upperarm.stl
[1.330s] -- Up-to-date symlink: /home/icrs/icrsUR/install/ur_description/share/ur_description/meshes/ur20/collision/wrist1.stl
[1.332s] -- Up-to-date symlink: /home/icrs/icrsUR/install/ur_description/share/ur_description/meshes/ur20/collision/wrist2.stl
[1.333s] -- Up-to-date symlink: /home/icrs/icrsUR/install/ur_description/share/ur_description/meshes/ur20/collision/wrist3.stl
[1.333s] -- Up-to-date symlink: /home/icrs/icrsUR/install/ur_description/share/ur_description/meshes/ur20/visual/UR20_DIFF_8bit_2K.png
[1.337s] -- Up-to-date symlink: /home/icrs/icrsUR/install/ur_description/share/ur_description/meshes/ur20/visual/base.dae
[1.339s] -- Up-to-date symlink: /home/icrs/icrsUR/install/ur_description/share/ur_description/meshes/ur20/visual/forearm.dae
[1.340s] -- Up-to-date symlink: /home/icrs/icrsUR/install/ur_description/share/ur_description/meshes/ur20/visual/shoulder.dae
[1.340s] -- Up-to-date symlink: /home/icrs/icrsUR/install/ur_description/share/ur_description/meshes/ur20/visual/upperarm.dae
[1.340s] -- Up-to-date symlink: /home/icrs/icrsUR/install/ur_description/share/ur_description/meshes/ur20/visual/wrist1.dae
[1.341s] -- Up-to-date symlink: /home/icrs/icrsUR/install/ur_description/share/ur_description/meshes/ur20/visual/wrist2.dae
[1.341s] -- Up-to-date symlink: /home/icrs/icrsUR/install/ur_description/share/ur_description/meshes/ur20/visual/wrist3.dae
[1.341s] -- Up-to-date symlink: /home/icrs/icrsUR/install/ur_description/share/ur_description/meshes/ur3/collision/base.stl
[1.342s] -- Up-to-date symlink: /home/icrs/icrsUR/install/ur_description/share/ur_description/meshes/ur3/collision/forearm.stl
[1.342s] -- Up-to-date symlink: /home/icrs/icrsUR/install/ur_description/share/ur_description/meshes/ur3/collision/shoulder.stl
[1.343s] -- Up-to-date symlink: /home/icrs/icrsUR/install/ur_description/share/ur_description/meshes/ur3/collision/upperarm.stl
[1.343s] -- Up-to-date symlink: /home/icrs/icrsUR/install/ur_description/share/ur_description/meshes/ur3/collision/wrist1.stl
[1.343s] -- Up-to-date symlink: /home/icrs/icrsUR/install/ur_description/share/ur_description/meshes/ur3/collision/wrist2.stl
[1.343s] -- Up-to-date symlink: /home/icrs/icrsUR/install/ur_description/share/ur_description/meshes/ur3/collision/wrist3.stl
[1.343s] -- Up-to-date symlink: /home/icrs/icrsUR/install/ur_description/share/ur_description/meshes/ur3/visual/base.dae
[1.343s] -- Up-to-date symlink: /home/icrs/icrsUR/install/ur_description/share/ur_description/meshes/ur3/visual/forearm.dae
[1.343s] -- Up-to-date symlink: /home/icrs/icrsUR/install/ur_description/share/ur_description/meshes/ur3/visual/shoulder.dae
[1.344s] -- Up-to-date symlink: /home/icrs/icrsUR/install/ur_description/share/ur_description/meshes/ur3/visual/upperarm.dae
[1.344s] -- Up-to-date symlink: /home/icrs/icrsUR/install/ur_description/share/ur_description/meshes/ur3/visual/wrist1.dae
[1.344s] -- Up-to-date symlink: /home/icrs/icrsUR/install/ur_description/share/ur_description/meshes/ur3/visual/wrist2.dae
[1.344s] -- Up-to-date symlink: /home/icrs/icrsUR/install/ur_description/share/ur_description/meshes/ur3/visual/wrist3.dae
[1.344s] -- Up-to-date symlink: /home/icrs/icrsUR/install/ur_description/share/ur_description/meshes/ur30/LICENSE.txt
[1.344s] -- Up-to-date symlink: /home/icrs/icrsUR/install/ur_description/share/ur_description/meshes/ur30/collision/forearm.stl
[1.347s] -- Up-to-date symlink: /home/icrs/icrsUR/install/ur_description/share/ur_description/meshes/ur30/collision/upperarm.stl
[1.348s] -- Up-to-date symlink: /home/icrs/icrsUR/install/ur_description/share/ur_description/meshes/ur30/visual/UR30_DIFF_8bit_2K.png
[1.348s] -- Up-to-date symlink: /home/icrs/icrsUR/install/ur_description/share/ur_description/meshes/ur30/visual/forearm.dae
[1.348s] -- Up-to-date symlink: /home/icrs/icrsUR/install/ur_description/share/ur_description/meshes/ur30/visual/upperarm.dae
[1.348s] -- Up-to-date symlink: /home/icrs/icrsUR/install/ur_description/share/ur_description/meshes/ur3e/collision/base.stl
[1.348s] -- Up-to-date symlink: /home/icrs/icrsUR/install/ur_description/share/ur_description/meshes/ur3e/collision/forearm.stl
[1.348s] -- Up-to-date symlink: /home/icrs/icrsUR/install/ur_description/share/ur_description/meshes/ur3e/collision/shoulder.stl
[1.349s] -- Up-to-date symlink: /home/icrs/icrsUR/install/ur_description/share/ur_description/meshes/ur3e/collision/upperarm.stl
[1.349s] -- Up-to-date symlink: /home/icrs/icrsUR/install/ur_description/share/ur_description/meshes/ur3e/collision/wrist1.stl
[1.353s] -- Up-to-date symlink: /home/icrs/icrsUR/install/ur_description/share/ur_description/meshes/ur3e/collision/wrist2.stl
[1.354s] -- Up-to-date symlink: /home/icrs/icrsUR/install/ur_description/share/ur_description/meshes/ur3e/collision/wrist3.stl
[1.355s] -- Up-to-date symlink: /home/icrs/icrsUR/install/ur_description/share/ur_description/meshes/ur3e/visual/base.dae
[1.355s] -- Up-to-date symlink: /home/icrs/icrsUR/install/ur_description/share/ur_description/meshes/ur3e/visual/forearm.dae
[1.355s] -- Up-to-date symlink: /home/icrs/icrsUR/install/ur_description/share/ur_description/meshes/ur3e/visual/shoulder.dae
[1.356s] -- Up-to-date symlink: /home/icrs/icrsUR/install/ur_description/share/ur_description/meshes/ur3e/visual/upperarm.dae
[1.357s] -- Up-to-date symlink: /home/icrs/icrsUR/install/ur_description/share/ur_description/meshes/ur3e/visual/wrist1.dae
[1.357s] -- Up-to-date symlink: /home/icrs/icrsUR/install/ur_description/share/ur_description/meshes/ur3e/visual/wrist2.dae
[1.357s] -- Up-to-date symlink: /home/icrs/icrsUR/install/ur_description/share/ur_description/meshes/ur3e/visual/wrist3.dae
[1.358s] -- Up-to-date symlink: /home/icrs/icrsUR/install/ur_description/share/ur_description/meshes/ur5/collision/base.stl
[1.358s] -- Up-to-date symlink: /home/icrs/icrsUR/install/ur_description/share/ur_description/meshes/ur5/collision/forearm.stl
[1.358s] -- Up-to-date symlink: /home/icrs/icrsUR/install/ur_description/share/ur_description/meshes/ur5/collision/shoulder.stl
[1.359s] -- Up-to-date symlink: /home/icrs/icrsUR/install/ur_description/share/ur_description/meshes/ur5/collision/upperarm.stl
[1.359s] -- Up-to-date symlink: /home/icrs/icrsUR/install/ur_description/share/ur_description/meshes/ur5/collision/wrist1.stl
[1.359s] -- Up-to-date symlink: /home/icrs/icrsUR/install/ur_description/share/ur_description/meshes/ur5/collision/wrist2.stl
[1.359s] -- Up-to-date symlink: /home/icrs/icrsUR/install/ur_description/share/ur_description/meshes/ur5/collision/wrist3.stl
[1.360s] -- Up-to-date symlink: /home/icrs/icrsUR/install/ur_description/share/ur_description/meshes/ur5/visual/base.dae
[1.360s] -- Up-to-date symlink: /home/icrs/icrsUR/install/ur_description/share/ur_description/meshes/ur5/visual/forearm.dae
[1.361s] -- Up-to-date symlink: /home/icrs/icrsUR/install/ur_description/share/ur_description/meshes/ur5/visual/shoulder.dae
[1.363s] -- Up-to-date symlink: /home/icrs/icrsUR/install/ur_description/share/ur_description/meshes/ur5/visual/upperarm.dae
[1.364s] -- Up-to-date symlink: /home/icrs/icrsUR/install/ur_description/share/ur_description/meshes/ur5/visual/wrist1.dae
[1.364s] -- Up-to-date symlink: /home/icrs/icrsUR/install/ur_description/share/ur_description/meshes/ur5/visual/wrist2.dae
[1.366s] -- Up-to-date symlink: /home/icrs/icrsUR/install/ur_description/share/ur_description/meshes/ur5/visual/wrist3.dae
[1.366s] -- Up-to-date symlink: /home/icrs/icrsUR/install/ur_description/share/ur_description/meshes/ur5e/collision/base.stl
[1.367s] -- Up-to-date symlink: /home/icrs/icrsUR/install/ur_description/share/ur_description/meshes/ur5e/collision/forearm.stl
[1.370s] -- Up-to-date symlink: /home/icrs/icrsUR/install/ur_description/share/ur_description/meshes/ur5e/collision/shoulder.stl
[1.371s] -- Up-to-date symlink: /home/icrs/icrsUR/install/ur_description/share/ur_description/meshes/ur5e/collision/upperarm.stl
[1.372s] -- Up-to-date symlink: /home/icrs/icrsUR/install/ur_description/share/ur_description/meshes/ur5e/collision/wrist1.stl
[1.373s] -- Up-to-date symlink: /home/icrs/icrsUR/install/ur_description/share/ur_description/meshes/ur5e/collision/wrist2.stl
[1.374s] -- Up-to-date symlink: /home/icrs/icrsUR/install/ur_description/share/ur_description/meshes/ur5e/collision/wrist3.stl
[1.374s] -- Up-to-date symlink: /home/icrs/icrsUR/install/ur_description/share/ur_description/meshes/ur5e/visual/base.dae
[1.375s] -- Up-to-date symlink: /home/icrs/icrsUR/install/ur_description/share/ur_description/meshes/ur5e/visual/forearm.dae
[1.378s] -- Up-to-date symlink: /home/icrs/icrsUR/install/ur_description/share/ur_description/meshes/ur5e/visual/shoulder.dae
[1.381s] -- Up-to-date symlink: /home/icrs/icrsUR/install/ur_description/share/ur_description/meshes/ur5e/visual/upperarm.dae
[1.381s] -- Up-to-date symlink: /home/icrs/icrsUR/install/ur_description/share/ur_description/meshes/ur5e/visual/wrist1.dae
[1.382s] -- Up-to-date symlink: /home/icrs/icrsUR/install/ur_description/share/ur_description/meshes/ur5e/visual/wrist2.dae
[1.384s] -- Up-to-date symlink: /home/icrs/icrsUR/install/ur_description/share/ur_description/meshes/ur5e/visual/wrist3.dae
[1.388s] -- Up-to-date symlink: /home/icrs/icrsUR/install/ur_description/share/ur_description/rviz/view_robot.rviz
[1.388s] -- Up-to-date symlink: /home/icrs/icrsUR/install/ur_description/share/ur_description/urdf/inc/ur_common.xacro
[1.388s] -- Up-to-date symlink: /home/icrs/icrsUR/install/ur_description/share/ur_description/urdf/inc/ur_transmissions.xacro
[1.389s] -- Up-to-date symlink: /home/icrs/icrsUR/install/ur_description/share/ur_description/urdf/ur.ros2_control.xacro
[1.393s] -- Up-to-date symlink: /home/icrs/icrsUR/install/ur_description/share/ur_description/urdf/ur.urdf.xacro
[1.393s] -- Up-to-date symlink: /home/icrs/icrsUR/install/ur_description/share/ur_description/urdf/ur_macro.xacro
[1.393s] -- Up-to-date symlink: /home/icrs/icrsUR/install/ur_description/share/ur_description/test/test_ur_urdf_xacro.py
[1.394s] -- Up-to-date symlink: /home/icrs/icrsUR/install/ur_description/share/ur_description/test/test_view_ur_launch.py
[1.396s] -- Up-to-date symlink: /home/icrs/icrsUR/install/ur_description/share/ament_index/resource_index/package_run_dependencies/ur_description
[1.397s] -- Up-to-date symlink: /home/icrs/icrsUR/install/ur_description/share/ament_index/resource_index/parent_prefix_path/ur_description
[1.397s] -- Up-to-date symlink: /home/icrs/icrsUR/install/ur_description/share/ur_description/environment/ament_prefix_path.sh
[1.398s] -- Up-to-date symlink: /home/icrs/icrsUR/install/ur_description/share/ur_description/environment/ament_prefix_path.dsv
[1.405s] -- Up-to-date symlink: /home/icrs/icrsUR/install/ur_description/share/ur_description/environment/path.sh
[1.405s] -- Up-to-date symlink: /home/icrs/icrsUR/install/ur_description/share/ur_description/environment/path.dsv
[1.405s] -- Up-to-date symlink: /home/icrs/icrsUR/install/ur_description/share/ur_description/local_setup.bash
[1.405s] -- Up-to-date symlink: /home/icrs/icrsUR/install/ur_description/share/ur_description/local_setup.sh
[1.405s] -- Up-to-date symlink: /home/icrs/icrsUR/install/ur_description/share/ur_description/local_setup.zsh
[1.405s] -- Up-to-date symlink: /home/icrs/icrsUR/install/ur_description/share/ur_description/local_setup.dsv
[1.405s] -- Symlinking: /home/icrs/icrsUR/install/ur_description/share/ur_description/package.dsv
[1.433s] -- Up-to-date symlink: /home/icrs/icrsUR/install/ur_description/share/ament_index/resource_index/packages/ur_description
[1.434s] -- Up-to-date symlink: /home/icrs/icrsUR/install/ur_description/share/ur_description/cmake/ur_descriptionConfig.cmake
[1.436s] -- Up-to-date symlink: /home/icrs/icrsUR/install/ur_description/share/ur_description/cmake/ur_descriptionConfig-version.cmake
[1.436s] -- Up-to-date symlink: /home/icrs/icrsUR/install/ur_description/share/ur_description/package.xml
[1.448s] Invoked command in '/home/icrs/icrsUR/build/ur_description' returned '0': CMAKE_PREFIX_PATH=${CMAKE_PREFIX_PATH}:/home/icrs/icrsUR/install/camera_control:/home/icrs/icrsUR/install/gripper_control:/opt/ros/humble /usr/bin/cmake --install /home/icrs/icrsUR/build/ur_description
