[0.025s] Invoking command in '/home/icrs/icrsUR/build/interfaces_ur5ik': CMAKE_PREFIX_PATH=/opt/ros/humble /usr/bin/cmake --build /home/icrs/icrsUR/build/interfaces_ur5ik -- -j8 -l8
[0.567s] [  2%] Built target interfaces_ur5ik__cpp
[0.568s] [  2%] Built target ament_cmake_python_symlink_interfaces_ur5ik
[0.568s] [ 12%] Built target interfaces_ur5ik__rosidl_generator_c
[0.568s] [ 23%] Built target interfaces_ur5ik__rosidl_typesupport_introspection_cpp
[0.568s] [ 44%] Built target interfaces_ur5ik__rosidl_typesupport_fastrtps_cpp
[0.568s] [ 44%] Built target interfaces_ur5ik__rosidl_typesupport_cpp
[0.568s] [ 55%] Built target interfaces_ur5ik__rosidl_typesupport_c
[0.568s] [ 65%] Built target interfaces_ur5ik__rosidl_typesupport_introspection_c
[0.568s] [ 76%] Built target interfaces_ur5ik__rosidl_typesupport_fastrtps_c
[0.569s] [ 76%] Built target interfaces_ur5ik
[0.569s] [ 78%] Built target interfaces_ur5ik__py
[0.569s] [ 87%] Built target interfaces_ur5ik__rosidl_generator_py
[0.569s] [ 91%] Built target interfaces_ur5ik__rosidl_typesupport_introspection_c__pyext
[0.569s] [ 95%] Built target interfaces_ur5ik__rosidl_typesupport_c__pyext
[0.569s] [100%] Built target interfaces_ur5ik__rosidl_typesupport_fastrtps_c__pyext
[0.587s] running egg_info
[0.588s] writing interfaces_ur5ik.egg-info/PKG-INFO
[0.588s] writing dependency_links to interfaces_ur5ik.egg-info/dependency_links.txt
[0.589s] writing top-level names to interfaces_ur5ik.egg-info/top_level.txt
[0.594s] reading manifest file 'interfaces_ur5ik.egg-info/SOURCES.txt'
[0.599s] writing manifest file 'interfaces_ur5ik.egg-info/SOURCES.txt'
[0.655s] [100%] Built target ament_cmake_python_build_interfaces_ur5ik_egg
[0.676s] Invoked command in '/home/icrs/icrsUR/build/interfaces_ur5ik' returned '0': CMAKE_PREFIX_PATH=/opt/ros/humble /usr/bin/cmake --build /home/icrs/icrsUR/build/interfaces_ur5ik -- -j8 -l8
[0.781s] Invoking command in '/home/icrs/icrsUR/build/interfaces_ur5ik': CMAKE_PREFIX_PATH=/opt/ros/humble /usr/bin/cmake --install /home/icrs/icrsUR/build/interfaces_ur5ik
[0.790s] -- Install configuration: ""
[0.791s] -- Execute custom install script
[0.792s] -- Up-to-date symlink: /home/icrs/icrsUR/install/interfaces_ur5ik/share/ament_index/resource_index/rosidl_interfaces/interfaces_ur5ik
[0.793s] -- Up-to-date symlink: /home/icrs/icrsUR/install/interfaces_ur5ik/include/interfaces_ur5ik/interfaces_ur5ik/action/calc_theta.h
[0.793s] -- Up-to-date symlink: /home/icrs/icrsUR/install/interfaces_ur5ik/include/interfaces_ur5ik/interfaces_ur5ik/action/detail/calc_theta__functions.h
[0.794s] -- Up-to-date symlink: /home/icrs/icrsUR/install/interfaces_ur5ik/include/interfaces_ur5ik/interfaces_ur5ik/action/detail/calc_theta__struct.h
[0.794s] -- Up-to-date symlink: /home/icrs/icrsUR/install/interfaces_ur5ik/include/interfaces_ur5ik/interfaces_ur5ik/action/detail/calc_theta__type_support.h
[0.794s] -- Up-to-date symlink: /home/icrs/icrsUR/install/interfaces_ur5ik/include/interfaces_ur5ik/interfaces_ur5ik/msg/detail/target__functions.h
[0.795s] -- Up-to-date symlink: /home/icrs/icrsUR/install/interfaces_ur5ik/include/interfaces_ur5ik/interfaces_ur5ik/msg/detail/target__struct.h
[0.795s] -- Up-to-date symlink: /home/icrs/icrsUR/install/interfaces_ur5ik/include/interfaces_ur5ik/interfaces_ur5ik/msg/detail/target__type_support.h
[0.795s] -- Up-to-date symlink: /home/icrs/icrsUR/install/interfaces_ur5ik/include/interfaces_ur5ik/interfaces_ur5ik/msg/rosidl_generator_c__visibility_control.h
[0.795s] -- Up-to-date symlink: /home/icrs/icrsUR/install/interfaces_ur5ik/include/interfaces_ur5ik/interfaces_ur5ik/msg/target.h
[0.797s] -- Up-to-date symlink: /home/icrs/icrsUR/install/interfaces_ur5ik/include/interfaces_ur5ik/interfaces_ur5ik/srv/detail/six_theta__functions.h
[0.799s] -- Up-to-date symlink: /home/icrs/icrsUR/install/interfaces_ur5ik/include/interfaces_ur5ik/interfaces_ur5ik/srv/detail/six_theta__struct.h
[0.799s] -- Up-to-date symlink: /home/icrs/icrsUR/install/interfaces_ur5ik/include/interfaces_ur5ik/interfaces_ur5ik/srv/detail/six_theta__type_support.h
[0.799s] -- Up-to-date symlink: /home/icrs/icrsUR/install/interfaces_ur5ik/include/interfaces_ur5ik/interfaces_ur5ik/srv/six_theta.h
[0.799s] -- Up-to-date symlink: /home/icrs/icrsUR/install/interfaces_ur5ik/share/interfaces_ur5ik/environment/library_path.sh
[0.800s] -- Up-to-date symlink: /home/icrs/icrsUR/install/interfaces_ur5ik/share/interfaces_ur5ik/environment/library_path.dsv
[0.800s] -- Up-to-date symlink: /home/icrs/icrsUR/install/interfaces_ur5ik/include/interfaces_ur5ik/interfaces_ur5ik/action/detail/calc_theta__rosidl_typesupport_fastrtps_c.h
[0.801s] -- Up-to-date symlink: /home/icrs/icrsUR/install/interfaces_ur5ik/include/interfaces_ur5ik/interfaces_ur5ik/msg/detail/target__rosidl_typesupport_fastrtps_c.h
[0.801s] -- Up-to-date symlink: /home/icrs/icrsUR/install/interfaces_ur5ik/include/interfaces_ur5ik/interfaces_ur5ik/msg/rosidl_typesupport_fastrtps_c__visibility_control.h
[0.801s] -- Up-to-date symlink: /home/icrs/icrsUR/install/interfaces_ur5ik/include/interfaces_ur5ik/interfaces_ur5ik/srv/detail/six_theta__rosidl_typesupport_fastrtps_c.h
[0.801s] -- Up-to-date symlink: /home/icrs/icrsUR/install/interfaces_ur5ik/include/interfaces_ur5ik/interfaces_ur5ik/action/detail/calc_theta__rosidl_typesupport_introspection_c.h
[0.801s] -- Up-to-date symlink: /home/icrs/icrsUR/install/interfaces_ur5ik/include/interfaces_ur5ik/interfaces_ur5ik/msg/detail/target__rosidl_typesupport_introspection_c.h
[0.802s] -- Up-to-date symlink: /home/icrs/icrsUR/install/interfaces_ur5ik/include/interfaces_ur5ik/interfaces_ur5ik/msg/rosidl_typesupport_introspection_c__visibility_control.h
[0.802s] -- Up-to-date symlink: /home/icrs/icrsUR/install/interfaces_ur5ik/include/interfaces_ur5ik/interfaces_ur5ik/srv/detail/six_theta__rosidl_typesupport_introspection_c.h
[0.802s] -- Up-to-date symlink: /home/icrs/icrsUR/install/interfaces_ur5ik/include/interfaces_ur5ik/interfaces_ur5ik/action/calc_theta.hpp
[0.802s] -- Up-to-date symlink: /home/icrs/icrsUR/install/interfaces_ur5ik/include/interfaces_ur5ik/interfaces_ur5ik/action/detail/calc_theta__builder.hpp
[0.802s] -- Up-to-date symlink: /home/icrs/icrsUR/install/interfaces_ur5ik/include/interfaces_ur5ik/interfaces_ur5ik/action/detail/calc_theta__struct.hpp
[0.802s] -- Up-to-date symlink: /home/icrs/icrsUR/install/interfaces_ur5ik/include/interfaces_ur5ik/interfaces_ur5ik/action/detail/calc_theta__traits.hpp
[0.803s] -- Up-to-date symlink: /home/icrs/icrsUR/install/interfaces_ur5ik/include/interfaces_ur5ik/interfaces_ur5ik/msg/detail/target__builder.hpp
[0.803s] -- Up-to-date symlink: /home/icrs/icrsUR/install/interfaces_ur5ik/include/interfaces_ur5ik/interfaces_ur5ik/msg/detail/target__struct.hpp
[0.803s] -- Up-to-date symlink: /home/icrs/icrsUR/install/interfaces_ur5ik/include/interfaces_ur5ik/interfaces_ur5ik/msg/detail/target__traits.hpp
[0.803s] -- Up-to-date symlink: /home/icrs/icrsUR/install/interfaces_ur5ik/include/interfaces_ur5ik/interfaces_ur5ik/msg/target.hpp
[0.804s] -- Up-to-date symlink: /home/icrs/icrsUR/install/interfaces_ur5ik/include/interfaces_ur5ik/interfaces_ur5ik/srv/detail/six_theta__builder.hpp
[0.804s] -- Up-to-date symlink: /home/icrs/icrsUR/install/interfaces_ur5ik/include/interfaces_ur5ik/interfaces_ur5ik/srv/detail/six_theta__struct.hpp
[0.804s] -- Up-to-date symlink: /home/icrs/icrsUR/install/interfaces_ur5ik/include/interfaces_ur5ik/interfaces_ur5ik/srv/detail/six_theta__traits.hpp
[0.804s] -- Up-to-date symlink: /home/icrs/icrsUR/install/interfaces_ur5ik/include/interfaces_ur5ik/interfaces_ur5ik/srv/six_theta.hpp
[0.806s] -- Up-to-date symlink: /home/icrs/icrsUR/install/interfaces_ur5ik/include/interfaces_ur5ik/interfaces_ur5ik/action/detail/calc_theta__rosidl_typesupport_fastrtps_cpp.hpp
[0.806s] -- Up-to-date symlink: /home/icrs/icrsUR/install/interfaces_ur5ik/include/interfaces_ur5ik/interfaces_ur5ik/msg/detail/target__rosidl_typesupport_fastrtps_cpp.hpp
[0.806s] -- Up-to-date symlink: /home/icrs/icrsUR/install/interfaces_ur5ik/include/interfaces_ur5ik/interfaces_ur5ik/msg/rosidl_typesupport_fastrtps_cpp__visibility_control.h
[0.806s] -- Up-to-date symlink: /home/icrs/icrsUR/install/interfaces_ur5ik/include/interfaces_ur5ik/interfaces_ur5ik/srv/detail/six_theta__rosidl_typesupport_fastrtps_cpp.hpp
[0.807s] -- Up-to-date symlink: /home/icrs/icrsUR/install/interfaces_ur5ik/include/interfaces_ur5ik/interfaces_ur5ik/action/detail/calc_theta__rosidl_typesupport_introspection_cpp.hpp
[0.808s] -- Up-to-date symlink: /home/icrs/icrsUR/install/interfaces_ur5ik/include/interfaces_ur5ik/interfaces_ur5ik/msg/detail/target__rosidl_typesupport_introspection_cpp.hpp
[0.808s] -- Up-to-date symlink: /home/icrs/icrsUR/install/interfaces_ur5ik/include/interfaces_ur5ik/interfaces_ur5ik/srv/detail/six_theta__rosidl_typesupport_introspection_cpp.hpp
[0.808s] -- Up-to-date symlink: /home/icrs/icrsUR/install/interfaces_ur5ik/share/interfaces_ur5ik/environment/pythonpath.sh
[0.808s] -- Up-to-date symlink: /home/icrs/icrsUR/install/interfaces_ur5ik/share/interfaces_ur5ik/environment/pythonpath.dsv
[0.809s] -- Up-to-date symlink: /home/icrs/icrsUR/install/interfaces_ur5ik/local/lib/python3.10/dist-packages/interfaces_ur5ik-0.0.0-py3.10.egg-info/PKG-INFO
[0.809s] -- Up-to-date symlink: /home/icrs/icrsUR/install/interfaces_ur5ik/local/lib/python3.10/dist-packages/interfaces_ur5ik-0.0.0-py3.10.egg-info/SOURCES.txt
[0.809s] -- Up-to-date symlink: /home/icrs/icrsUR/install/interfaces_ur5ik/local/lib/python3.10/dist-packages/interfaces_ur5ik-0.0.0-py3.10.egg-info/dependency_links.txt
[0.810s] -- Up-to-date symlink: /home/icrs/icrsUR/install/interfaces_ur5ik/local/lib/python3.10/dist-packages/interfaces_ur5ik-0.0.0-py3.10.egg-info/top_level.txt
[0.811s] -- Up-to-date symlink: /home/icrs/icrsUR/install/interfaces_ur5ik/local/lib/python3.10/dist-packages/interfaces_ur5ik/__init__.py
[0.811s] -- Up-to-date symlink: /home/icrs/icrsUR/install/interfaces_ur5ik/local/lib/python3.10/dist-packages/interfaces_ur5ik/_interfaces_ur5ik_s.ep.rosidl_typesupport_c.c
[0.812s] -- Up-to-date symlink: /home/icrs/icrsUR/install/interfaces_ur5ik/local/lib/python3.10/dist-packages/interfaces_ur5ik/_interfaces_ur5ik_s.ep.rosidl_typesupport_fastrtps_c.c
[0.812s] -- Up-to-date symlink: /home/icrs/icrsUR/install/interfaces_ur5ik/local/lib/python3.10/dist-packages/interfaces_ur5ik/_interfaces_ur5ik_s.ep.rosidl_typesupport_introspection_c.c
[0.813s] -- Up-to-date symlink: /home/icrs/icrsUR/install/interfaces_ur5ik/local/lib/python3.10/dist-packages/interfaces_ur5ik/action/__init__.py
[0.813s] -- Up-to-date symlink: /home/icrs/icrsUR/install/interfaces_ur5ik/local/lib/python3.10/dist-packages/interfaces_ur5ik/action/_calc_theta.py
[0.813s] -- Up-to-date symlink: /home/icrs/icrsUR/install/interfaces_ur5ik/local/lib/python3.10/dist-packages/interfaces_ur5ik/action/_calc_theta_s.c
[0.814s] -- Up-to-date symlink: /home/icrs/icrsUR/install/interfaces_ur5ik/local/lib/python3.10/dist-packages/interfaces_ur5ik/interfaces_ur5ik_s__rosidl_typesupport_c.cpython-310-x86_64-linux-gnu.so
[0.814s] -- Up-to-date symlink: /home/icrs/icrsUR/install/interfaces_ur5ik/local/lib/python3.10/dist-packages/interfaces_ur5ik/interfaces_ur5ik_s__rosidl_typesupport_fastrtps_c.cpython-310-x86_64-linux-gnu.so
[0.814s] -- Up-to-date symlink: /home/icrs/icrsUR/install/interfaces_ur5ik/local/lib/python3.10/dist-packages/interfaces_ur5ik/interfaces_ur5ik_s__rosidl_typesupport_introspection_c.cpython-310-x86_64-linux-gnu.so
[0.815s] -- Up-to-date symlink: /home/icrs/icrsUR/install/interfaces_ur5ik/local/lib/python3.10/dist-packages/interfaces_ur5ik/libinterfaces_ur5ik__rosidl_generator_py.so
[0.815s] -- Up-to-date symlink: /home/icrs/icrsUR/install/interfaces_ur5ik/local/lib/python3.10/dist-packages/interfaces_ur5ik/msg/__init__.py
[0.815s] -- Up-to-date symlink: /home/icrs/icrsUR/install/interfaces_ur5ik/local/lib/python3.10/dist-packages/interfaces_ur5ik/msg/_target.py
[0.816s] -- Up-to-date symlink: /home/icrs/icrsUR/install/interfaces_ur5ik/local/lib/python3.10/dist-packages/interfaces_ur5ik/msg/_target_s.c
[0.816s] -- Up-to-date symlink: /home/icrs/icrsUR/install/interfaces_ur5ik/local/lib/python3.10/dist-packages/interfaces_ur5ik/srv/__init__.py
[0.817s] -- Up-to-date symlink: /home/icrs/icrsUR/install/interfaces_ur5ik/local/lib/python3.10/dist-packages/interfaces_ur5ik/srv/_six_theta.py
[0.817s] -- Up-to-date symlink: /home/icrs/icrsUR/install/interfaces_ur5ik/local/lib/python3.10/dist-packages/interfaces_ur5ik/srv/_six_theta_s.c
[0.818s] -- Up-to-date symlink: /home/icrs/icrsUR/install/interfaces_ur5ik/local/lib/python3.10/dist-packages/interfaces_ur5ik/interfaces_ur5ik_s__rosidl_typesupport_fastrtps_c.cpython-310-x86_64-linux-gnu.so
[0.818s] -- Up-to-date symlink: /home/icrs/icrsUR/install/interfaces_ur5ik/local/lib/python3.10/dist-packages/interfaces_ur5ik/interfaces_ur5ik_s__rosidl_typesupport_introspection_c.cpython-310-x86_64-linux-gnu.so
[0.819s] -- Up-to-date symlink: /home/icrs/icrsUR/install/interfaces_ur5ik/local/lib/python3.10/dist-packages/interfaces_ur5ik/interfaces_ur5ik_s__rosidl_typesupport_c.cpython-310-x86_64-linux-gnu.so
[0.819s] -- Up-to-date symlink: /home/icrs/icrsUR/install/interfaces_ur5ik/share/interfaces_ur5ik/msg/Target.idl
[0.820s] -- Up-to-date symlink: /home/icrs/icrsUR/install/interfaces_ur5ik/share/interfaces_ur5ik/srv/SixTheta.idl
[0.820s] -- Up-to-date symlink: /home/icrs/icrsUR/install/interfaces_ur5ik/share/interfaces_ur5ik/action/CalcTheta.idl
[0.820s] -- Up-to-date symlink: /home/icrs/icrsUR/install/interfaces_ur5ik/share/interfaces_ur5ik/msg/Target.msg
[0.821s] -- Up-to-date symlink: /home/icrs/icrsUR/install/interfaces_ur5ik/share/interfaces_ur5ik/srv/SixTheta.srv
[0.821s] -- Up-to-date symlink: /home/icrs/icrsUR/install/interfaces_ur5ik/share/interfaces_ur5ik/srv/SixTheta_Request.msg
[0.821s] -- Up-to-date symlink: /home/icrs/icrsUR/install/interfaces_ur5ik/share/interfaces_ur5ik/srv/SixTheta_Response.msg
[0.822s] -- Up-to-date symlink: /home/icrs/icrsUR/install/interfaces_ur5ik/share/interfaces_ur5ik/action/CalcTheta.action
[0.822s] -- Up-to-date symlink: /home/icrs/icrsUR/install/interfaces_ur5ik/share/ament_index/resource_index/package_run_dependencies/interfaces_ur5ik
[0.822s] -- Up-to-date symlink: /home/icrs/icrsUR/install/interfaces_ur5ik/share/ament_index/resource_index/parent_prefix_path/interfaces_ur5ik
[0.822s] -- Up-to-date symlink: /home/icrs/icrsUR/install/interfaces_ur5ik/share/interfaces_ur5ik/environment/ament_prefix_path.sh
[0.823s] -- Up-to-date symlink: /home/icrs/icrsUR/install/interfaces_ur5ik/share/interfaces_ur5ik/environment/ament_prefix_path.dsv
[0.823s] -- Up-to-date symlink: /home/icrs/icrsUR/install/interfaces_ur5ik/share/interfaces_ur5ik/environment/path.sh
[0.823s] -- Up-to-date symlink: /home/icrs/icrsUR/install/interfaces_ur5ik/share/interfaces_ur5ik/environment/path.dsv
[0.824s] -- Up-to-date symlink: /home/icrs/icrsUR/install/interfaces_ur5ik/share/interfaces_ur5ik/local_setup.bash
[0.824s] -- Up-to-date symlink: /home/icrs/icrsUR/install/interfaces_ur5ik/share/interfaces_ur5ik/local_setup.sh
[0.825s] -- Up-to-date symlink: /home/icrs/icrsUR/install/interfaces_ur5ik/share/interfaces_ur5ik/local_setup.zsh
[0.825s] -- Up-to-date symlink: /home/icrs/icrsUR/install/interfaces_ur5ik/share/interfaces_ur5ik/local_setup.dsv
[0.825s] -- Symlinking: /home/icrs/icrsUR/install/interfaces_ur5ik/share/interfaces_ur5ik/package.dsv
[0.838s] -- Up-to-date symlink: /home/icrs/icrsUR/install/interfaces_ur5ik/share/ament_index/resource_index/packages/interfaces_ur5ik
[0.839s] -- Up-to-date symlink: /home/icrs/icrsUR/install/interfaces_ur5ik/share/interfaces_ur5ik/cmake/rosidl_cmake-extras.cmake
[0.839s] -- Up-to-date symlink: /home/icrs/icrsUR/install/interfaces_ur5ik/share/interfaces_ur5ik/cmake/ament_cmake_export_dependencies-extras.cmake
[0.840s] -- Up-to-date symlink: /home/icrs/icrsUR/install/interfaces_ur5ik/share/interfaces_ur5ik/cmake/ament_cmake_export_include_directories-extras.cmake
[0.840s] -- Up-to-date symlink: /home/icrs/icrsUR/install/interfaces_ur5ik/share/interfaces_ur5ik/cmake/ament_cmake_export_libraries-extras.cmake
[0.840s] -- Up-to-date symlink: /home/icrs/icrsUR/install/interfaces_ur5ik/share/interfaces_ur5ik/cmake/ament_cmake_export_targets-extras.cmake
[0.841s] -- Up-to-date symlink: /home/icrs/icrsUR/install/interfaces_ur5ik/share/interfaces_ur5ik/cmake/rosidl_cmake_export_typesupport_targets-extras.cmake
[0.841s] -- Up-to-date symlink: /home/icrs/icrsUR/install/interfaces_ur5ik/share/interfaces_ur5ik/cmake/rosidl_cmake_export_typesupport_libraries-extras.cmake
[0.842s] -- Up-to-date symlink: /home/icrs/icrsUR/install/interfaces_ur5ik/share/interfaces_ur5ik/cmake/interfaces_ur5ikConfig.cmake
[0.842s] -- Up-to-date symlink: /home/icrs/icrsUR/install/interfaces_ur5ik/share/interfaces_ur5ik/cmake/interfaces_ur5ikConfig-version.cmake
[0.842s] -- Up-to-date symlink: /home/icrs/icrsUR/install/interfaces_ur5ik/share/interfaces_ur5ik/package.xml
[0.843s] -- Up-to-date: /home/icrs/icrsUR/install/interfaces_ur5ik/lib/libinterfaces_ur5ik__rosidl_generator_c.so
[0.844s] -- Up-to-date: /home/icrs/icrsUR/install/interfaces_ur5ik/lib/libinterfaces_ur5ik__rosidl_typesupport_fastrtps_c.so
[0.844s] -- Up-to-date: /home/icrs/icrsUR/install/interfaces_ur5ik/lib/libinterfaces_ur5ik__rosidl_typesupport_introspection_c.so
[0.846s] -- Up-to-date: /home/icrs/icrsUR/install/interfaces_ur5ik/lib/libinterfaces_ur5ik__rosidl_typesupport_c.so
[0.847s] -- Up-to-date: /home/icrs/icrsUR/install/interfaces_ur5ik/lib/libinterfaces_ur5ik__rosidl_typesupport_fastrtps_cpp.so
[0.848s] -- Up-to-date: /home/icrs/icrsUR/install/interfaces_ur5ik/lib/libinterfaces_ur5ik__rosidl_typesupport_introspection_cpp.so
[0.848s] -- Up-to-date: /home/icrs/icrsUR/install/interfaces_ur5ik/lib/libinterfaces_ur5ik__rosidl_typesupport_cpp.so
[0.890s] Listing '/home/icrs/icrsUR/install/interfaces_ur5ik/local/lib/python3.10/dist-packages/interfaces_ur5ik'...
[0.890s] Listing '/home/icrs/icrsUR/install/interfaces_ur5ik/local/lib/python3.10/dist-packages/interfaces_ur5ik/action'...
[0.890s] Listing '/home/icrs/icrsUR/install/interfaces_ur5ik/local/lib/python3.10/dist-packages/interfaces_ur5ik/msg'...
[0.890s] Listing '/home/icrs/icrsUR/install/interfaces_ur5ik/local/lib/python3.10/dist-packages/interfaces_ur5ik/srv'...
[0.896s] -- Up-to-date: /home/icrs/icrsUR/install/interfaces_ur5ik/lib/libinterfaces_ur5ik__rosidl_generator_py.so
[0.897s] -- Up-to-date: /home/icrs/icrsUR/install/interfaces_ur5ik/share/interfaces_ur5ik/cmake/export_interfaces_ur5ik__rosidl_generator_cExport.cmake
[0.898s] -- Up-to-date: /home/icrs/icrsUR/install/interfaces_ur5ik/share/interfaces_ur5ik/cmake/export_interfaces_ur5ik__rosidl_generator_cExport-noconfig.cmake
[0.898s] -- Up-to-date: /home/icrs/icrsUR/install/interfaces_ur5ik/share/interfaces_ur5ik/cmake/export_interfaces_ur5ik__rosidl_typesupport_fastrtps_cExport.cmake
[0.898s] -- Up-to-date: /home/icrs/icrsUR/install/interfaces_ur5ik/share/interfaces_ur5ik/cmake/export_interfaces_ur5ik__rosidl_typesupport_fastrtps_cExport-noconfig.cmake
[0.898s] -- Up-to-date: /home/icrs/icrsUR/install/interfaces_ur5ik/share/interfaces_ur5ik/cmake/interfaces_ur5ik__rosidl_typesupport_introspection_cExport.cmake
[0.899s] -- Up-to-date: /home/icrs/icrsUR/install/interfaces_ur5ik/share/interfaces_ur5ik/cmake/interfaces_ur5ik__rosidl_typesupport_introspection_cExport-noconfig.cmake
[0.899s] -- Up-to-date: /home/icrs/icrsUR/install/interfaces_ur5ik/share/interfaces_ur5ik/cmake/interfaces_ur5ik__rosidl_typesupport_cExport.cmake
[0.899s] -- Up-to-date: /home/icrs/icrsUR/install/interfaces_ur5ik/share/interfaces_ur5ik/cmake/interfaces_ur5ik__rosidl_typesupport_cExport-noconfig.cmake
[0.899s] -- Up-to-date: /home/icrs/icrsUR/install/interfaces_ur5ik/share/interfaces_ur5ik/cmake/export_interfaces_ur5ik__rosidl_generator_cppExport.cmake
[0.900s] -- Up-to-date: /home/icrs/icrsUR/install/interfaces_ur5ik/share/interfaces_ur5ik/cmake/export_interfaces_ur5ik__rosidl_typesupport_fastrtps_cppExport.cmake
[0.900s] -- Up-to-date: /home/icrs/icrsUR/install/interfaces_ur5ik/share/interfaces_ur5ik/cmake/export_interfaces_ur5ik__rosidl_typesupport_fastrtps_cppExport-noconfig.cmake
[0.900s] -- Up-to-date: /home/icrs/icrsUR/install/interfaces_ur5ik/share/interfaces_ur5ik/cmake/interfaces_ur5ik__rosidl_typesupport_introspection_cppExport.cmake
[0.901s] -- Up-to-date: /home/icrs/icrsUR/install/interfaces_ur5ik/share/interfaces_ur5ik/cmake/interfaces_ur5ik__rosidl_typesupport_introspection_cppExport-noconfig.cmake
[0.901s] -- Up-to-date: /home/icrs/icrsUR/install/interfaces_ur5ik/share/interfaces_ur5ik/cmake/interfaces_ur5ik__rosidl_typesupport_cppExport.cmake
[0.901s] -- Up-to-date: /home/icrs/icrsUR/install/interfaces_ur5ik/share/interfaces_ur5ik/cmake/interfaces_ur5ik__rosidl_typesupport_cppExport-noconfig.cmake
[0.902s] -- Up-to-date: /home/icrs/icrsUR/install/interfaces_ur5ik/share/interfaces_ur5ik/cmake/export_interfaces_ur5ik__rosidl_generator_pyExport.cmake
[0.902s] -- Up-to-date: /home/icrs/icrsUR/install/interfaces_ur5ik/share/interfaces_ur5ik/cmake/export_interfaces_ur5ik__rosidl_generator_pyExport-noconfig.cmake
[0.905s] Invoked command in '/home/icrs/icrsUR/build/interfaces_ur5ik' returned '0': CMAKE_PREFIX_PATH=/opt/ros/humble /usr/bin/cmake --install /home/icrs/icrsUR/build/interfaces_ur5ik
