[0.916s] Invoking command in '/home/icrs/icrsUR/build/robotiq_description': CMAKE_PREFIX_PATH=${CMAKE_PREFIX_PATH}:/home/icrs/icrsUR/install/camera_control:/home/icrs/icrsUR/install/gripper_control:/opt/ros/humble /usr/bin/cmake --build /home/icrs/icrsUR/build/robotiq_description -- -j8 -l8
[0.980s] Invoked command in '/home/icrs/icrsUR/build/robotiq_description' returned '0': CMAKE_PREFIX_PATH=${CMAKE_PREFIX_PATH}:/home/icrs/icrsUR/install/camera_control:/home/icrs/icrsUR/install/gripper_control:/opt/ros/humble /usr/bin/cmake --build /home/icrs/icrsUR/build/robotiq_description -- -j8 -l8
[1.025s] Invoking command in '/home/icrs/icrsUR/build/robotiq_description': CMAKE_PREFIX_PATH=${CMAKE_PREFIX_PATH}:/home/icrs/icrsUR/install/camera_control:/home/icrs/icrsUR/install/gripper_control:/opt/ros/humble /usr/bin/cmake --install /home/icrs/icrsUR/build/robotiq_description
[1.040s] -- Install configuration: ""
[1.041s] -- Execute custom install script
[1.041s] -- Up-to-date symlink: /home/icrs/icrsUR/install/robotiq_description/share/robotiq_description/config/robotiq_controllers.yaml
[1.041s] -- Up-to-date symlink: /home/icrs/icrsUR/install/robotiq_description/share/robotiq_description/launch/robotiq_control.launch.py
[1.041s] -- Up-to-date symlink: /home/icrs/icrsUR/install/robotiq_description/share/robotiq_description/launch/view_gripper.launch.py
[1.042s] -- Up-to-date symlink: /home/icrs/icrsUR/install/robotiq_description/share/robotiq_description/meshes/collision/2f_140/robotiq_2f_140_base_link.stl
[1.043s] -- Up-to-date symlink: /home/icrs/icrsUR/install/robotiq_description/share/robotiq_description/meshes/collision/2f_140/robotiq_2f_140_coupling.stl
[1.043s] -- Up-to-date symlink: /home/icrs/icrsUR/install/robotiq_description/share/robotiq_description/meshes/collision/2f_140/robotiq_2f_140_inner_finger.stl
[1.043s] -- Up-to-date symlink: /home/icrs/icrsUR/install/robotiq_description/share/robotiq_description/meshes/collision/2f_140/robotiq_2f_140_inner_knuckle.stl
[1.043s] -- Up-to-date symlink: /home/icrs/icrsUR/install/robotiq_description/share/robotiq_description/meshes/collision/2f_140/robotiq_2f_140_outer_finger.stl
[1.044s] -- Up-to-date symlink: /home/icrs/icrsUR/install/robotiq_description/share/robotiq_description/meshes/collision/2f_140/robotiq_2f_140_outer_knuckle.stl
[1.044s] -- Up-to-date symlink: /home/icrs/icrsUR/install/robotiq_description/share/robotiq_description/meshes/collision/2f_85/left_finger.stl
[1.044s] -- Up-to-date symlink: /home/icrs/icrsUR/install/robotiq_description/share/robotiq_description/meshes/collision/2f_85/left_finger_tip.stl
[1.045s] -- Up-to-date symlink: /home/icrs/icrsUR/install/robotiq_description/share/robotiq_description/meshes/collision/2f_85/left_inner_knuckle.stl
[1.045s] -- Up-to-date symlink: /home/icrs/icrsUR/install/robotiq_description/share/robotiq_description/meshes/collision/2f_85/left_knuckle.stl
[1.045s] -- Up-to-date symlink: /home/icrs/icrsUR/install/robotiq_description/share/robotiq_description/meshes/collision/2f_85/right_finger.stl
[1.045s] -- Up-to-date symlink: /home/icrs/icrsUR/install/robotiq_description/share/robotiq_description/meshes/collision/2f_85/right_finger_tip.stl
[1.045s] -- Up-to-date symlink: /home/icrs/icrsUR/install/robotiq_description/share/robotiq_description/meshes/collision/2f_85/right_inner_knuckle.stl
[1.046s] -- Up-to-date symlink: /home/icrs/icrsUR/install/robotiq_description/share/robotiq_description/meshes/collision/2f_85/right_knuckle.stl
[1.046s] -- Up-to-date symlink: /home/icrs/icrsUR/install/robotiq_description/share/robotiq_description/meshes/collision/2f_85/robotiq_base.stl
[1.046s] -- Up-to-date symlink: /home/icrs/icrsUR/install/robotiq_description/share/robotiq_description/meshes/collision/2f_85/ur_to_robotiq_adapter.stl
[1.046s] -- Up-to-date symlink: /home/icrs/icrsUR/install/robotiq_description/share/robotiq_description/meshes/visual/2f_140/robotiq_2f_140_base_link.stl
[1.046s] -- Up-to-date symlink: /home/icrs/icrsUR/install/robotiq_description/share/robotiq_description/meshes/visual/2f_140/robotiq_2f_140_coupling.stl
[1.046s] -- Up-to-date symlink: /home/icrs/icrsUR/install/robotiq_description/share/robotiq_description/meshes/visual/2f_140/robotiq_2f_140_inner_finger.stl
[1.047s] -- Up-to-date symlink: /home/icrs/icrsUR/install/robotiq_description/share/robotiq_description/meshes/visual/2f_140/robotiq_2f_140_inner_knuckle.stl
[1.047s] -- Up-to-date symlink: /home/icrs/icrsUR/install/robotiq_description/share/robotiq_description/meshes/visual/2f_140/robotiq_2f_140_outer_finger.stl
[1.047s] -- Up-to-date symlink: /home/icrs/icrsUR/install/robotiq_description/share/robotiq_description/meshes/visual/2f_140/robotiq_2f_140_outer_knuckle.stl
[1.047s] -- Up-to-date symlink: /home/icrs/icrsUR/install/robotiq_description/share/robotiq_description/meshes/visual/2f_85/left_finger.dae
[1.048s] -- Up-to-date symlink: /home/icrs/icrsUR/install/robotiq_description/share/robotiq_description/meshes/visual/2f_85/left_finger_tip.dae
[1.048s] -- Up-to-date symlink: /home/icrs/icrsUR/install/robotiq_description/share/robotiq_description/meshes/visual/2f_85/left_inner_knuckle.dae
[1.048s] -- Up-to-date symlink: /home/icrs/icrsUR/install/robotiq_description/share/robotiq_description/meshes/visual/2f_85/left_knuckle.dae
[1.049s] -- Up-to-date symlink: /home/icrs/icrsUR/install/robotiq_description/share/robotiq_description/meshes/visual/2f_85/right_finger.dae
[1.049s] -- Up-to-date symlink: /home/icrs/icrsUR/install/robotiq_description/share/robotiq_description/meshes/visual/2f_85/right_finger_tip.dae
[1.049s] -- Up-to-date symlink: /home/icrs/icrsUR/install/robotiq_description/share/robotiq_description/meshes/visual/2f_85/right_inner_knuckle.dae
[1.049s] -- Up-to-date symlink: /home/icrs/icrsUR/install/robotiq_description/share/robotiq_description/meshes/visual/2f_85/right_knuckle.dae
[1.049s] -- Up-to-date symlink: /home/icrs/icrsUR/install/robotiq_description/share/robotiq_description/meshes/visual/2f_85/robotiq_base.dae
[1.049s] -- Up-to-date symlink: /home/icrs/icrsUR/install/robotiq_description/share/robotiq_description/meshes/visual/2f_85/ur_to_robotiq_adapter.dae
[1.050s] -- Up-to-date symlink: /home/icrs/icrsUR/install/robotiq_description/share/robotiq_description/rviz/view_urdf.rviz
[1.050s] -- Up-to-date symlink: /home/icrs/icrsUR/install/robotiq_description/share/robotiq_description/urdf/2f_140.ros2_control.xacro
[1.051s] -- Up-to-date symlink: /home/icrs/icrsUR/install/robotiq_description/share/robotiq_description/urdf/2f_85.ros2_control.xacro
[1.051s] -- Up-to-date symlink: /home/icrs/icrsUR/install/robotiq_description/share/robotiq_description/urdf/robotiq_2f_140.xacro
[1.051s] -- Up-to-date symlink: /home/icrs/icrsUR/install/robotiq_description/share/robotiq_description/urdf/robotiq_2f_140_gripper.urdf.xacro
[1.051s] -- Up-to-date symlink: /home/icrs/icrsUR/install/robotiq_description/share/robotiq_description/urdf/robotiq_2f_140_macro.urdf.xacro
[1.051s] -- Up-to-date symlink: /home/icrs/icrsUR/install/robotiq_description/share/robotiq_description/urdf/robotiq_2f_85_gripper.urdf.xacro
[1.051s] -- Up-to-date symlink: /home/icrs/icrsUR/install/robotiq_description/share/robotiq_description/urdf/robotiq_2f_85_macro.urdf.xacro
[1.051s] -- Up-to-date symlink: /home/icrs/icrsUR/install/robotiq_description/share/robotiq_description/urdf/ur_to_robotiq_adapter.urdf.xacro
[1.052s] -- Up-to-date symlink: /home/icrs/icrsUR/install/robotiq_description/share/ament_index/resource_index/package_run_dependencies/robotiq_description
[1.052s] -- Up-to-date symlink: /home/icrs/icrsUR/install/robotiq_description/share/ament_index/resource_index/parent_prefix_path/robotiq_description
[1.052s] -- Up-to-date symlink: /home/icrs/icrsUR/install/robotiq_description/share/robotiq_description/environment/ament_prefix_path.sh
[1.052s] -- Up-to-date symlink: /home/icrs/icrsUR/install/robotiq_description/share/robotiq_description/environment/ament_prefix_path.dsv
[1.052s] -- Up-to-date symlink: /home/icrs/icrsUR/install/robotiq_description/share/robotiq_description/environment/path.sh
[1.053s] -- Up-to-date symlink: /home/icrs/icrsUR/install/robotiq_description/share/robotiq_description/environment/path.dsv
[1.054s] -- Up-to-date symlink: /home/icrs/icrsUR/install/robotiq_description/share/robotiq_description/local_setup.bash
[1.054s] -- Up-to-date symlink: /home/icrs/icrsUR/install/robotiq_description/share/robotiq_description/local_setup.sh
[1.054s] -- Up-to-date symlink: /home/icrs/icrsUR/install/robotiq_description/share/robotiq_description/local_setup.zsh
[1.054s] -- Up-to-date symlink: /home/icrs/icrsUR/install/robotiq_description/share/robotiq_description/local_setup.dsv
[1.054s] -- Symlinking: /home/icrs/icrsUR/install/robotiq_description/share/robotiq_description/package.dsv
[1.058s] -- Up-to-date symlink: /home/icrs/icrsUR/install/robotiq_description/share/ament_index/resource_index/packages/robotiq_description
[1.059s] -- Up-to-date symlink: /home/icrs/icrsUR/install/robotiq_description/share/robotiq_description/cmake/robotiq_descriptionConfig.cmake
[1.059s] -- Up-to-date symlink: /home/icrs/icrsUR/install/robotiq_description/share/robotiq_description/cmake/robotiq_descriptionConfig-version.cmake
[1.059s] -- Up-to-date symlink: /home/icrs/icrsUR/install/robotiq_description/share/robotiq_description/package.xml
[1.080s] Invoked command in '/home/icrs/icrsUR/build/robotiq_description' returned '0': CMAKE_PREFIX_PATH=${CMAKE_PREFIX_PATH}:/home/icrs/icrsUR/install/camera_control:/home/icrs/icrsUR/install/gripper_control:/opt/ros/humble /usr/bin/cmake --install /home/icrs/icrsUR/build/robotiq_description
