[0.545s] Invoking command in '/home/icrs/icrsUR/build/robotiq_description': CMAKE_PREFIX_PATH=${CMAKE_PREFIX_PATH}:/home/icrs/icrsUR/install/camera_control:/home/icrs/icrsUR/install/gripper_control:/opt/ros/humble /usr/bin/cmake /home/icrs/icrsUR/src/robotiq_description -DCMAKE_INSTALL_PREFIX=/home/icrs/icrsUR/install/robotiq_description
[0.567s] -- Found ament_cmake: 1.3.10 (/opt/ros/humble/share/ament_cmake/cmake)
[0.839s] -- Override CMake install command with custom implementation using symlinks instead of copying resources
[1.040s] -- Configuring done
[1.052s] -- Generating done
[1.053s] -- Build files have been written to: /home/icrs/icrsUR/build/robotiq_description
[1.066s] Invoked command in '/home/icrs/icrsUR/build/robotiq_description' returned '0': CMAKE_PREFIX_PATH=${CMAKE_PREFIX_PATH}:/home/icrs/icrsUR/install/camera_control:/home/icrs/icrsUR/install/gripper_control:/opt/ros/humble /usr/bin/cmake /home/icrs/icrsUR/src/robotiq_description -DCMAKE_INSTALL_PREFIX=/home/icrs/icrsUR/install/robotiq_description
[1.073s] Invoking command in '/home/icrs/icrsUR/build/robotiq_description': CMAKE_PREFIX_PATH=${CMAKE_PREFIX_PATH}:/home/icrs/icrsUR/install/camera_control:/home/icrs/icrsUR/install/gripper_control:/opt/ros/humble /usr/bin/cmake --build /home/icrs/icrsUR/build/robotiq_description -- -j8 -l8
[1.165s] Invoked command in '/home/icrs/icrsUR/build/robotiq_description' returned '0': CMAKE_PREFIX_PATH=${CMAKE_PREFIX_PATH}:/home/icrs/icrsUR/install/camera_control:/home/icrs/icrsUR/install/gripper_control:/opt/ros/humble /usr/bin/cmake --build /home/icrs/icrsUR/build/robotiq_description -- -j8 -l8
[1.230s] Invoking command in '/home/icrs/icrsUR/build/robotiq_description': CMAKE_PREFIX_PATH=${CMAKE_PREFIX_PATH}:/home/icrs/icrsUR/install/camera_control:/home/icrs/icrsUR/install/gripper_control:/opt/ros/humble /usr/bin/cmake --install /home/icrs/icrsUR/build/robotiq_description
[1.242s] -- Install configuration: ""
[1.243s] -- Execute custom install script
[1.243s] -- Up-to-date symlink: /home/icrs/icrsUR/install/robotiq_description/share/robotiq_description/config/robotiq_controllers.yaml
[1.244s] -- Up-to-date symlink: /home/icrs/icrsUR/install/robotiq_description/share/robotiq_description/launch/robotiq_control.launch.py
[1.244s] -- Up-to-date symlink: /home/icrs/icrsUR/install/robotiq_description/share/robotiq_description/launch/view_gripper.launch.py
[1.245s] -- Up-to-date symlink: /home/icrs/icrsUR/install/robotiq_description/share/robotiq_description/meshes/collision/2f_140/robotiq_2f_140_base_link.stl
[1.246s] -- Up-to-date symlink: /home/icrs/icrsUR/install/robotiq_description/share/robotiq_description/meshes/collision/2f_140/robotiq_2f_140_coupling.stl
[1.247s] -- Up-to-date symlink: /home/icrs/icrsUR/install/robotiq_description/share/robotiq_description/meshes/collision/2f_140/robotiq_2f_140_inner_finger.stl
[1.247s] -- Up-to-date symlink: /home/icrs/icrsUR/install/robotiq_description/share/robotiq_description/meshes/collision/2f_140/robotiq_2f_140_inner_knuckle.stl
[1.247s] -- Up-to-date symlink: /home/icrs/icrsUR/install/robotiq_description/share/robotiq_description/meshes/collision/2f_140/robotiq_2f_140_outer_finger.stl
[1.247s] -- Up-to-date symlink: /home/icrs/icrsUR/install/robotiq_description/share/robotiq_description/meshes/collision/2f_140/robotiq_2f_140_outer_knuckle.stl
[1.248s] -- Up-to-date symlink: /home/icrs/icrsUR/install/robotiq_description/share/robotiq_description/meshes/collision/2f_85/left_finger.stl
[1.248s] -- Up-to-date symlink: /home/icrs/icrsUR/install/robotiq_description/share/robotiq_description/meshes/collision/2f_85/left_finger_tip.stl
[1.248s] -- Up-to-date symlink: /home/icrs/icrsUR/install/robotiq_description/share/robotiq_description/meshes/collision/2f_85/left_inner_knuckle.stl
[1.249s] -- Up-to-date symlink: /home/icrs/icrsUR/install/robotiq_description/share/robotiq_description/meshes/collision/2f_85/left_knuckle.stl
[1.249s] -- Up-to-date symlink: /home/icrs/icrsUR/install/robotiq_description/share/robotiq_description/meshes/collision/2f_85/right_finger.stl
[1.249s] -- Up-to-date symlink: /home/icrs/icrsUR/install/robotiq_description/share/robotiq_description/meshes/collision/2f_85/right_finger_tip.stl
[1.249s] -- Up-to-date symlink: /home/icrs/icrsUR/install/robotiq_description/share/robotiq_description/meshes/collision/2f_85/right_inner_knuckle.stl
[1.249s] -- Up-to-date symlink: /home/icrs/icrsUR/install/robotiq_description/share/robotiq_description/meshes/collision/2f_85/right_knuckle.stl
[1.250s] -- Up-to-date symlink: /home/icrs/icrsUR/install/robotiq_description/share/robotiq_description/meshes/collision/2f_85/robotiq_base.stl
[1.250s] -- Up-to-date symlink: /home/icrs/icrsUR/install/robotiq_description/share/robotiq_description/meshes/collision/2f_85/ur_to_robotiq_adapter.stl
[1.250s] -- Up-to-date symlink: /home/icrs/icrsUR/install/robotiq_description/share/robotiq_description/meshes/visual/2f_140/robotiq_2f_140_base_link.stl
[1.250s] -- Up-to-date symlink: /home/icrs/icrsUR/install/robotiq_description/share/robotiq_description/meshes/visual/2f_140/robotiq_2f_140_coupling.stl
[1.251s] -- Up-to-date symlink: /home/icrs/icrsUR/install/robotiq_description/share/robotiq_description/meshes/visual/2f_140/robotiq_2f_140_inner_finger.stl
[1.251s] -- Up-to-date symlink: /home/icrs/icrsUR/install/robotiq_description/share/robotiq_description/meshes/visual/2f_140/robotiq_2f_140_inner_knuckle.stl
[1.251s] -- Up-to-date symlink: /home/icrs/icrsUR/install/robotiq_description/share/robotiq_description/meshes/visual/2f_140/robotiq_2f_140_outer_finger.stl
[1.251s] -- Up-to-date symlink: /home/icrs/icrsUR/install/robotiq_description/share/robotiq_description/meshes/visual/2f_140/robotiq_2f_140_outer_knuckle.stl
[1.251s] -- Up-to-date symlink: /home/icrs/icrsUR/install/robotiq_description/share/robotiq_description/meshes/visual/2f_85/left_finger.dae
[1.252s] -- Up-to-date symlink: /home/icrs/icrsUR/install/robotiq_description/share/robotiq_description/meshes/visual/2f_85/left_finger_tip.dae
[1.252s] -- Up-to-date symlink: /home/icrs/icrsUR/install/robotiq_description/share/robotiq_description/meshes/visual/2f_85/left_inner_knuckle.dae
[1.252s] -- Up-to-date symlink: /home/icrs/icrsUR/install/robotiq_description/share/robotiq_description/meshes/visual/2f_85/left_knuckle.dae
[1.252s] -- Up-to-date symlink: /home/icrs/icrsUR/install/robotiq_description/share/robotiq_description/meshes/visual/2f_85/right_finger.dae
[1.252s] -- Up-to-date symlink: /home/icrs/icrsUR/install/robotiq_description/share/robotiq_description/meshes/visual/2f_85/right_finger_tip.dae
[1.252s] -- Up-to-date symlink: /home/icrs/icrsUR/install/robotiq_description/share/robotiq_description/meshes/visual/2f_85/right_inner_knuckle.dae
[1.253s] -- Up-to-date symlink: /home/icrs/icrsUR/install/robotiq_description/share/robotiq_description/meshes/visual/2f_85/right_knuckle.dae
[1.253s] -- Up-to-date symlink: /home/icrs/icrsUR/install/robotiq_description/share/robotiq_description/meshes/visual/2f_85/robotiq_base.dae
[1.253s] -- Up-to-date symlink: /home/icrs/icrsUR/install/robotiq_description/share/robotiq_description/meshes/visual/2f_85/ur_to_robotiq_adapter.dae
[1.254s] -- Up-to-date symlink: /home/icrs/icrsUR/install/robotiq_description/share/robotiq_description/rviz/view_urdf.rviz
[1.254s] -- Up-to-date symlink: /home/icrs/icrsUR/install/robotiq_description/share/robotiq_description/urdf/2f_140.ros2_control.xacro
[1.254s] -- Up-to-date symlink: /home/icrs/icrsUR/install/robotiq_description/share/robotiq_description/urdf/2f_85.ros2_control.xacro
[1.254s] -- Up-to-date symlink: /home/icrs/icrsUR/install/robotiq_description/share/robotiq_description/urdf/robotiq_2f_140.xacro
[1.255s] -- Up-to-date symlink: /home/icrs/icrsUR/install/robotiq_description/share/robotiq_description/urdf/robotiq_2f_140_gripper.urdf.xacro
[1.255s] -- Up-to-date symlink: /home/icrs/icrsUR/install/robotiq_description/share/robotiq_description/urdf/robotiq_2f_140_macro.urdf.xacro
[1.255s] -- Up-to-date symlink: /home/icrs/icrsUR/install/robotiq_description/share/robotiq_description/urdf/robotiq_2f_85_gripper.urdf.xacro
[1.255s] -- Up-to-date symlink: /home/icrs/icrsUR/install/robotiq_description/share/robotiq_description/urdf/robotiq_2f_85_macro.urdf.xacro
[1.256s] -- Up-to-date symlink: /home/icrs/icrsUR/install/robotiq_description/share/robotiq_description/urdf/ur_to_robotiq_adapter.urdf.xacro
[1.256s] -- Up-to-date symlink: /home/icrs/icrsUR/install/robotiq_description/share/ament_index/resource_index/package_run_dependencies/robotiq_description
[1.256s] -- Up-to-date symlink: /home/icrs/icrsUR/install/robotiq_description/share/ament_index/resource_index/parent_prefix_path/robotiq_description
[1.257s] -- Up-to-date symlink: /home/icrs/icrsUR/install/robotiq_description/share/robotiq_description/environment/ament_prefix_path.sh
[1.257s] -- Up-to-date symlink: /home/icrs/icrsUR/install/robotiq_description/share/robotiq_description/environment/ament_prefix_path.dsv
[1.257s] -- Up-to-date symlink: /home/icrs/icrsUR/install/robotiq_description/share/robotiq_description/environment/path.sh
[1.258s] -- Up-to-date symlink: /home/icrs/icrsUR/install/robotiq_description/share/robotiq_description/environment/path.dsv
[1.258s] -- Up-to-date symlink: /home/icrs/icrsUR/install/robotiq_description/share/robotiq_description/local_setup.bash
[1.258s] -- Up-to-date symlink: /home/icrs/icrsUR/install/robotiq_description/share/robotiq_description/local_setup.sh
[1.259s] -- Up-to-date symlink: /home/icrs/icrsUR/install/robotiq_description/share/robotiq_description/local_setup.zsh
[1.259s] -- Up-to-date symlink: /home/icrs/icrsUR/install/robotiq_description/share/robotiq_description/local_setup.dsv
[1.259s] -- Symlinking: /home/icrs/icrsUR/install/robotiq_description/share/robotiq_description/package.dsv
[1.272s] -- Up-to-date symlink: /home/icrs/icrsUR/install/robotiq_description/share/ament_index/resource_index/packages/robotiq_description
[1.275s] -- Up-to-date symlink: /home/icrs/icrsUR/install/robotiq_description/share/robotiq_description/cmake/robotiq_descriptionConfig.cmake
[1.275s] -- Up-to-date symlink: /home/icrs/icrsUR/install/robotiq_description/share/robotiq_description/cmake/robotiq_descriptionConfig-version.cmake
[1.275s] -- Up-to-date symlink: /home/icrs/icrsUR/install/robotiq_description/share/robotiq_description/package.xml
[1.279s] Invoked command in '/home/icrs/icrsUR/build/robotiq_description' returned '0': CMAKE_PREFIX_PATH=${CMAKE_PREFIX_PATH}:/home/icrs/icrsUR/install/camera_control:/home/icrs/icrsUR/install/gripper_control:/opt/ros/humble /usr/bin/cmake --install /home/icrs/icrsUR/build/robotiq_description
