[1.032s] Invoking command in '/home/icrs/icrsUR/src/camera_control': AMENT_PREFIX_PATH=/home/icrs/icrsUR/install/ur_custom_interfaces:${AMENT_PREFIX_PATH} CMAKE_PREFIX_PATH=/home/icrs/icrsUR/install/ur_custom_interfaces LD_LIBRARY_PATH=/home/icrs/icrsUR/install/ur_custom_interfaces/lib:${LD_LIBRARY_PATH} PYTHONPATH=/home/icrs/icrsUR/build/camera_control/prefix_override:/usr/lib/python3/dist-packages/colcon_core/task/python/colcon_distutils_commands:/home/icrs/icrsUR/install/camera_control/lib/python3.10/site-packages:/home/icrs/icrsUR/install/ur_custom_interfaces/local/lib/python3.10/dist-packages:${PYTHONPATH} /usr/bin/python3 -W ignore:setup.py install is deprecated setup.py egg_info --egg-base ../../build/camera_control build --build-base /home/icrs/icrsUR/build/camera_control/build install --record /home/icrs/icrsUR/build/camera_control/install.log --single-version-externally-managed install_data
[1.388s] running egg_info
[1.389s] writing ../../build/camera_control/camera_control.egg-info/PKG-INFO
[1.389s] writing dependency_links to ../../build/camera_control/camera_control.egg-info/dependency_links.txt
[1.389s] writing entry points to ../../build/camera_control/camera_control.egg-info/entry_points.txt
[1.390s] writing requirements to ../../build/camera_control/camera_control.egg-info/requires.txt
[1.390s] writing top-level names to ../../build/camera_control/camera_control.egg-info/top_level.txt
[1.392s] reading manifest file '../../build/camera_control/camera_control.egg-info/SOURCES.txt'
[1.392s] writing manifest file '../../build/camera_control/camera_control.egg-info/SOURCES.txt'
[1.393s] running build
[1.393s] running build_py
[1.393s] running install
[1.393s] running install_lib
[1.395s] running install_data
[1.395s] running install_egg_info
[1.397s] removing '/home/icrs/icrsUR/install/camera_control/lib/python3.10/site-packages/camera_control-0.0.0-py3.10.egg-info' (and everything under it)
[1.397s] Copying ../../build/camera_control/camera_control.egg-info to /home/icrs/icrsUR/install/camera_control/lib/python3.10/site-packages/camera_control-0.0.0-py3.10.egg-info
[1.398s] running install_scripts
[1.419s] Installing camera_control_node script to /home/icrs/icrsUR/install/camera_control/lib/camera_control
[1.420s] writing list of installed files to '/home/icrs/icrsUR/build/camera_control/install.log'
[1.447s] Invoked command in '/home/icrs/icrsUR/src/camera_control' returned '0': AMENT_PREFIX_PATH=/home/icrs/icrsUR/install/ur_custom_interfaces:${AMENT_PREFIX_PATH} CMAKE_PREFIX_PATH=/home/icrs/icrsUR/install/ur_custom_interfaces LD_LIBRARY_PATH=/home/icrs/icrsUR/install/ur_custom_interfaces/lib:${LD_LIBRARY_PATH} PYTHONPATH=/home/icrs/icrsUR/build/camera_control/prefix_override:/usr/lib/python3/dist-packages/colcon_core/task/python/colcon_distutils_commands:/home/icrs/icrsUR/install/camera_control/lib/python3.10/site-packages:/home/icrs/icrsUR/install/ur_custom_interfaces/local/lib/python3.10/dist-packages:${PYTHONPATH} /usr/bin/python3 -W ignore:setup.py install is deprecated setup.py egg_info --egg-base ../../build/camera_control build --build-base /home/icrs/icrsUR/build/camera_control/build install --record /home/icrs/icrsUR/build/camera_control/install.log --single-version-externally-managed install_data
