[0.147s] Invoking command in '/home/icrs/icrsUR/build/ur_dashboard_msgs': CMAKE_PREFIX_PATH=${CMAKE_PREFIX_PATH}:/home/icrs/icrsUR/install/camera_control:/home/icrs/icrsUR/install/gripper_control:/opt/ros/humble /usr/bin/cmake --build /home/icrs/icrsUR/build/ur_dashboard_msgs -- -j8 -l8
[2.192s] [  0%] Built target ur_dashboard_msgs__cpp
[2.196s] [ 12%] Built target ur_dashboard_msgs__rosidl_generator_c
[2.199s] [ 12%] Built target ament_cmake_python_symlink_ur_dashboard_msgs
[2.201s] [ 24%] Built target ur_dashboard_msgs__rosidl_typesupport_introspection_c
[2.203s] [ 36%] Built target ur_dashboard_msgs__rosidl_typesupport_c
[2.204s] [ 48%] Built target ur_dashboard_msgs__rosidl_typesupport_cpp
[2.205s] [ 60%] Built target ur_dashboard_msgs__rosidl_typesupport_fastrtps_c
[2.206s] [ 72%] Built target ur_dashboard_msgs__rosidl_typesupport_introspection_cpp
[2.208s] [ 84%] Built target ur_dashboard_msgs__rosidl_typesupport_fastrtps_cpp
[2.212s] [ 84%] Built target ur_dashboard_msgs
[2.217s] [ 85%] Built target ur_dashboard_msgs__py
[2.220s] [ 96%] Built target ur_dashboard_msgs__rosidl_generator_py
[2.220s] [ 97%] Built target ur_dashboard_msgs__rosidl_typesupport_fastrtps_c__pyext
[2.221s] [100%] Built target ur_dashboard_msgs__rosidl_typesupport_introspection_c__pyext
[2.222s] [100%] Built target ur_dashboard_msgs__rosidl_typesupport_c__pyext
[2.785s] running egg_info
[2.785s] writing ur_dashboard_msgs.egg-info/PKG-INFO
[2.788s] writing dependency_links to ur_dashboard_msgs.egg-info/dependency_links.txt
[2.788s] writing top-level names to ur_dashboard_msgs.egg-info/top_level.txt
[2.805s] reading manifest file 'ur_dashboard_msgs.egg-info/SOURCES.txt'
[2.805s] writing manifest file 'ur_dashboard_msgs.egg-info/SOURCES.txt'
[2.942s] [100%] Built target ament_cmake_python_build_ur_dashboard_msgs_egg
[3.042s] Invoked command in '/home/icrs/icrsUR/build/ur_dashboard_msgs' returned '0': CMAKE_PREFIX_PATH=${CMAKE_PREFIX_PATH}:/home/icrs/icrsUR/install/camera_control:/home/icrs/icrsUR/install/gripper_control:/opt/ros/humble /usr/bin/cmake --build /home/icrs/icrsUR/build/ur_dashboard_msgs -- -j8 -l8
[5.063s] Invoking command in '/home/icrs/icrsUR/build/ur_dashboard_msgs': CMAKE_PREFIX_PATH=${CMAKE_PREFIX_PATH}:/home/icrs/icrsUR/install/camera_control:/home/icrs/icrsUR/install/gripper_control:/opt/ros/humble /usr/bin/cmake --install /home/icrs/icrsUR/build/ur_dashboard_msgs
[5.112s] -- Install configuration: ""
[5.113s] -- Execute custom install script
[5.114s] -- Up-to-date symlink: /home/icrs/icrsUR/install/ur_dashboard_msgs/share/ament_index/resource_index/rosidl_interfaces/ur_dashboard_msgs
[5.115s] -- Up-to-date symlink: /home/icrs/icrsUR/install/ur_dashboard_msgs/include/ur_dashboard_msgs/ur_dashboard_msgs/action/detail/set_mode__functions.h
[5.116s] -- Up-to-date symlink: /home/icrs/icrsUR/install/ur_dashboard_msgs/include/ur_dashboard_msgs/ur_dashboard_msgs/action/detail/set_mode__struct.h
[5.117s] -- Up-to-date symlink: /home/icrs/icrsUR/install/ur_dashboard_msgs/include/ur_dashboard_msgs/ur_dashboard_msgs/action/detail/set_mode__type_support.h
[5.118s] -- Up-to-date symlink: /home/icrs/icrsUR/install/ur_dashboard_msgs/include/ur_dashboard_msgs/ur_dashboard_msgs/action/set_mode.h
[5.118s] -- Up-to-date symlink: /home/icrs/icrsUR/install/ur_dashboard_msgs/include/ur_dashboard_msgs/ur_dashboard_msgs/msg/detail/program_state__functions.h
[5.119s] -- Up-to-date symlink: /home/icrs/icrsUR/install/ur_dashboard_msgs/include/ur_dashboard_msgs/ur_dashboard_msgs/msg/detail/program_state__struct.h
[5.119s] -- Up-to-date symlink: /home/icrs/icrsUR/install/ur_dashboard_msgs/include/ur_dashboard_msgs/ur_dashboard_msgs/msg/detail/program_state__type_support.h
[5.120s] -- Up-to-date symlink: /home/icrs/icrsUR/install/ur_dashboard_msgs/include/ur_dashboard_msgs/ur_dashboard_msgs/msg/detail/robot_mode__functions.h
[5.121s] -- Up-to-date symlink: /home/icrs/icrsUR/install/ur_dashboard_msgs/include/ur_dashboard_msgs/ur_dashboard_msgs/msg/detail/robot_mode__struct.h
[5.122s] -- Up-to-date symlink: /home/icrs/icrsUR/install/ur_dashboard_msgs/include/ur_dashboard_msgs/ur_dashboard_msgs/msg/detail/robot_mode__type_support.h
[5.122s] -- Up-to-date symlink: /home/icrs/icrsUR/install/ur_dashboard_msgs/include/ur_dashboard_msgs/ur_dashboard_msgs/msg/detail/safety_mode__functions.h
[5.123s] -- Up-to-date symlink: /home/icrs/icrsUR/install/ur_dashboard_msgs/include/ur_dashboard_msgs/ur_dashboard_msgs/msg/detail/safety_mode__struct.h
[5.123s] -- Up-to-date symlink: /home/icrs/icrsUR/install/ur_dashboard_msgs/include/ur_dashboard_msgs/ur_dashboard_msgs/msg/detail/safety_mode__type_support.h
[5.124s] -- Up-to-date symlink: /home/icrs/icrsUR/install/ur_dashboard_msgs/include/ur_dashboard_msgs/ur_dashboard_msgs/msg/program_state.h
[5.124s] -- Up-to-date symlink: /home/icrs/icrsUR/install/ur_dashboard_msgs/include/ur_dashboard_msgs/ur_dashboard_msgs/msg/robot_mode.h
[5.125s] -- Up-to-date symlink: /home/icrs/icrsUR/install/ur_dashboard_msgs/include/ur_dashboard_msgs/ur_dashboard_msgs/msg/rosidl_generator_c__visibility_control.h
[5.126s] -- Up-to-date symlink: /home/icrs/icrsUR/install/ur_dashboard_msgs/include/ur_dashboard_msgs/ur_dashboard_msgs/msg/safety_mode.h
[5.127s] -- Up-to-date symlink: /home/icrs/icrsUR/install/ur_dashboard_msgs/include/ur_dashboard_msgs/ur_dashboard_msgs/srv/add_to_log.h
[5.127s] -- Up-to-date symlink: /home/icrs/icrsUR/install/ur_dashboard_msgs/include/ur_dashboard_msgs/ur_dashboard_msgs/srv/detail/add_to_log__functions.h
[5.128s] -- Up-to-date symlink: /home/icrs/icrsUR/install/ur_dashboard_msgs/include/ur_dashboard_msgs/ur_dashboard_msgs/srv/detail/add_to_log__struct.h
[5.129s] -- Up-to-date symlink: /home/icrs/icrsUR/install/ur_dashboard_msgs/include/ur_dashboard_msgs/ur_dashboard_msgs/srv/detail/add_to_log__type_support.h
[5.129s] -- Up-to-date symlink: /home/icrs/icrsUR/install/ur_dashboard_msgs/include/ur_dashboard_msgs/ur_dashboard_msgs/srv/detail/get_loaded_program__functions.h
[5.130s] -- Up-to-date symlink: /home/icrs/icrsUR/install/ur_dashboard_msgs/include/ur_dashboard_msgs/ur_dashboard_msgs/srv/detail/get_loaded_program__struct.h
[5.131s] -- Up-to-date symlink: /home/icrs/icrsUR/install/ur_dashboard_msgs/include/ur_dashboard_msgs/ur_dashboard_msgs/srv/detail/get_loaded_program__type_support.h
[5.132s] -- Up-to-date symlink: /home/icrs/icrsUR/install/ur_dashboard_msgs/include/ur_dashboard_msgs/ur_dashboard_msgs/srv/detail/get_program_state__functions.h
[5.132s] -- Up-to-date symlink: /home/icrs/icrsUR/install/ur_dashboard_msgs/include/ur_dashboard_msgs/ur_dashboard_msgs/srv/detail/get_program_state__struct.h
[5.133s] -- Up-to-date symlink: /home/icrs/icrsUR/install/ur_dashboard_msgs/include/ur_dashboard_msgs/ur_dashboard_msgs/srv/detail/get_program_state__type_support.h
[5.133s] -- Up-to-date symlink: /home/icrs/icrsUR/install/ur_dashboard_msgs/include/ur_dashboard_msgs/ur_dashboard_msgs/srv/detail/get_robot_mode__functions.h
[5.134s] -- Up-to-date symlink: /home/icrs/icrsUR/install/ur_dashboard_msgs/include/ur_dashboard_msgs/ur_dashboard_msgs/srv/detail/get_robot_mode__struct.h
[5.134s] -- Up-to-date symlink: /home/icrs/icrsUR/install/ur_dashboard_msgs/include/ur_dashboard_msgs/ur_dashboard_msgs/srv/detail/get_robot_mode__type_support.h
[5.135s] -- Up-to-date symlink: /home/icrs/icrsUR/install/ur_dashboard_msgs/include/ur_dashboard_msgs/ur_dashboard_msgs/srv/detail/get_safety_mode__functions.h
[5.135s] -- Up-to-date symlink: /home/icrs/icrsUR/install/ur_dashboard_msgs/include/ur_dashboard_msgs/ur_dashboard_msgs/srv/detail/get_safety_mode__struct.h
[5.136s] -- Up-to-date symlink: /home/icrs/icrsUR/install/ur_dashboard_msgs/include/ur_dashboard_msgs/ur_dashboard_msgs/srv/detail/get_safety_mode__type_support.h
[5.136s] -- Up-to-date symlink: /home/icrs/icrsUR/install/ur_dashboard_msgs/include/ur_dashboard_msgs/ur_dashboard_msgs/srv/detail/is_program_running__functions.h
[5.137s] -- Up-to-date symlink: /home/icrs/icrsUR/install/ur_dashboard_msgs/include/ur_dashboard_msgs/ur_dashboard_msgs/srv/detail/is_program_running__struct.h
[5.138s] -- Up-to-date symlink: /home/icrs/icrsUR/install/ur_dashboard_msgs/include/ur_dashboard_msgs/ur_dashboard_msgs/srv/detail/is_program_running__type_support.h
[5.139s] -- Up-to-date symlink: /home/icrs/icrsUR/install/ur_dashboard_msgs/include/ur_dashboard_msgs/ur_dashboard_msgs/srv/detail/is_program_saved__functions.h
[5.140s] -- Up-to-date symlink: /home/icrs/icrsUR/install/ur_dashboard_msgs/include/ur_dashboard_msgs/ur_dashboard_msgs/srv/detail/is_program_saved__struct.h
[5.142s] -- Up-to-date symlink: /home/icrs/icrsUR/install/ur_dashboard_msgs/include/ur_dashboard_msgs/ur_dashboard_msgs/srv/detail/is_program_saved__type_support.h
[5.143s] -- Up-to-date symlink: /home/icrs/icrsUR/install/ur_dashboard_msgs/include/ur_dashboard_msgs/ur_dashboard_msgs/srv/detail/load__functions.h
[5.143s] -- Up-to-date symlink: /home/icrs/icrsUR/install/ur_dashboard_msgs/include/ur_dashboard_msgs/ur_dashboard_msgs/srv/detail/load__struct.h
[5.143s] -- Up-to-date symlink: /home/icrs/icrsUR/install/ur_dashboard_msgs/include/ur_dashboard_msgs/ur_dashboard_msgs/srv/detail/load__type_support.h
[5.144s] -- Up-to-date symlink: /home/icrs/icrsUR/install/ur_dashboard_msgs/include/ur_dashboard_msgs/ur_dashboard_msgs/srv/detail/popup__functions.h
[5.144s] -- Up-to-date symlink: /home/icrs/icrsUR/install/ur_dashboard_msgs/include/ur_dashboard_msgs/ur_dashboard_msgs/srv/detail/popup__struct.h
[5.145s] -- Up-to-date symlink: /home/icrs/icrsUR/install/ur_dashboard_msgs/include/ur_dashboard_msgs/ur_dashboard_msgs/srv/detail/popup__type_support.h
[5.146s] -- Up-to-date symlink: /home/icrs/icrsUR/install/ur_dashboard_msgs/include/ur_dashboard_msgs/ur_dashboard_msgs/srv/detail/raw_request__functions.h
[5.149s] -- Up-to-date symlink: /home/icrs/icrsUR/install/ur_dashboard_msgs/include/ur_dashboard_msgs/ur_dashboard_msgs/srv/detail/raw_request__struct.h
[5.150s] -- Up-to-date symlink: /home/icrs/icrsUR/install/ur_dashboard_msgs/include/ur_dashboard_msgs/ur_dashboard_msgs/srv/detail/raw_request__type_support.h
[5.150s] -- Up-to-date symlink: /home/icrs/icrsUR/install/ur_dashboard_msgs/include/ur_dashboard_msgs/ur_dashboard_msgs/srv/get_loaded_program.h
[5.151s] -- Up-to-date symlink: /home/icrs/icrsUR/install/ur_dashboard_msgs/include/ur_dashboard_msgs/ur_dashboard_msgs/srv/get_program_state.h
[5.152s] -- Up-to-date symlink: /home/icrs/icrsUR/install/ur_dashboard_msgs/include/ur_dashboard_msgs/ur_dashboard_msgs/srv/get_robot_mode.h
[5.152s] -- Up-to-date symlink: /home/icrs/icrsUR/install/ur_dashboard_msgs/include/ur_dashboard_msgs/ur_dashboard_msgs/srv/get_safety_mode.h
[5.153s] -- Up-to-date symlink: /home/icrs/icrsUR/install/ur_dashboard_msgs/include/ur_dashboard_msgs/ur_dashboard_msgs/srv/is_program_running.h
[5.153s] -- Up-to-date symlink: /home/icrs/icrsUR/install/ur_dashboard_msgs/include/ur_dashboard_msgs/ur_dashboard_msgs/srv/is_program_saved.h
[5.154s] -- Up-to-date symlink: /home/icrs/icrsUR/install/ur_dashboard_msgs/include/ur_dashboard_msgs/ur_dashboard_msgs/srv/load.h
[5.154s] -- Up-to-date symlink: /home/icrs/icrsUR/install/ur_dashboard_msgs/include/ur_dashboard_msgs/ur_dashboard_msgs/srv/popup.h
[5.155s] -- Up-to-date symlink: /home/icrs/icrsUR/install/ur_dashboard_msgs/include/ur_dashboard_msgs/ur_dashboard_msgs/srv/raw_request.h
[5.155s] -- Up-to-date symlink: /home/icrs/icrsUR/install/ur_dashboard_msgs/share/ur_dashboard_msgs/environment/library_path.sh
[5.156s] -- Up-to-date symlink: /home/icrs/icrsUR/install/ur_dashboard_msgs/share/ur_dashboard_msgs/environment/library_path.dsv
[5.156s] -- Up-to-date symlink: /home/icrs/icrsUR/install/ur_dashboard_msgs/include/ur_dashboard_msgs/ur_dashboard_msgs/action/detail/set_mode__rosidl_typesupport_fastrtps_c.h
[5.157s] -- Up-to-date symlink: /home/icrs/icrsUR/install/ur_dashboard_msgs/include/ur_dashboard_msgs/ur_dashboard_msgs/msg/detail/program_state__rosidl_typesupport_fastrtps_c.h
[5.157s] -- Up-to-date symlink: /home/icrs/icrsUR/install/ur_dashboard_msgs/include/ur_dashboard_msgs/ur_dashboard_msgs/msg/detail/robot_mode__rosidl_typesupport_fastrtps_c.h
[5.158s] -- Up-to-date symlink: /home/icrs/icrsUR/install/ur_dashboard_msgs/include/ur_dashboard_msgs/ur_dashboard_msgs/msg/detail/safety_mode__rosidl_typesupport_fastrtps_c.h
[5.160s] -- Up-to-date symlink: /home/icrs/icrsUR/install/ur_dashboard_msgs/include/ur_dashboard_msgs/ur_dashboard_msgs/msg/rosidl_typesupport_fastrtps_c__visibility_control.h
[5.160s] -- Up-to-date symlink: /home/icrs/icrsUR/install/ur_dashboard_msgs/include/ur_dashboard_msgs/ur_dashboard_msgs/srv/detail/add_to_log__rosidl_typesupport_fastrtps_c.h
[5.161s] -- Up-to-date symlink: /home/icrs/icrsUR/install/ur_dashboard_msgs/include/ur_dashboard_msgs/ur_dashboard_msgs/srv/detail/get_loaded_program__rosidl_typesupport_fastrtps_c.h
[5.162s] -- Up-to-date symlink: /home/icrs/icrsUR/install/ur_dashboard_msgs/include/ur_dashboard_msgs/ur_dashboard_msgs/srv/detail/get_program_state__rosidl_typesupport_fastrtps_c.h
[5.163s] -- Up-to-date symlink: /home/icrs/icrsUR/install/ur_dashboard_msgs/include/ur_dashboard_msgs/ur_dashboard_msgs/srv/detail/get_robot_mode__rosidl_typesupport_fastrtps_c.h
[5.164s] -- Up-to-date symlink: /home/icrs/icrsUR/install/ur_dashboard_msgs/include/ur_dashboard_msgs/ur_dashboard_msgs/srv/detail/get_safety_mode__rosidl_typesupport_fastrtps_c.h
[5.164s] -- Up-to-date symlink: /home/icrs/icrsUR/install/ur_dashboard_msgs/include/ur_dashboard_msgs/ur_dashboard_msgs/srv/detail/is_program_running__rosidl_typesupport_fastrtps_c.h
[5.165s] -- Up-to-date symlink: /home/icrs/icrsUR/install/ur_dashboard_msgs/include/ur_dashboard_msgs/ur_dashboard_msgs/srv/detail/is_program_saved__rosidl_typesupport_fastrtps_c.h
[5.166s] -- Up-to-date symlink: /home/icrs/icrsUR/install/ur_dashboard_msgs/include/ur_dashboard_msgs/ur_dashboard_msgs/srv/detail/load__rosidl_typesupport_fastrtps_c.h
[5.168s] -- Up-to-date symlink: /home/icrs/icrsUR/install/ur_dashboard_msgs/include/ur_dashboard_msgs/ur_dashboard_msgs/srv/detail/popup__rosidl_typesupport_fastrtps_c.h
[5.168s] -- Up-to-date symlink: /home/icrs/icrsUR/install/ur_dashboard_msgs/include/ur_dashboard_msgs/ur_dashboard_msgs/srv/detail/raw_request__rosidl_typesupport_fastrtps_c.h
[5.169s] -- Up-to-date symlink: /home/icrs/icrsUR/install/ur_dashboard_msgs/include/ur_dashboard_msgs/ur_dashboard_msgs/action/detail/set_mode__rosidl_typesupport_introspection_c.h
[5.170s] -- Up-to-date symlink: /home/icrs/icrsUR/install/ur_dashboard_msgs/include/ur_dashboard_msgs/ur_dashboard_msgs/msg/detail/program_state__rosidl_typesupport_introspection_c.h
[5.170s] -- Up-to-date symlink: /home/icrs/icrsUR/install/ur_dashboard_msgs/include/ur_dashboard_msgs/ur_dashboard_msgs/msg/detail/robot_mode__rosidl_typesupport_introspection_c.h
[5.171s] -- Up-to-date symlink: /home/icrs/icrsUR/install/ur_dashboard_msgs/include/ur_dashboard_msgs/ur_dashboard_msgs/msg/detail/safety_mode__rosidl_typesupport_introspection_c.h
[5.172s] -- Up-to-date symlink: /home/icrs/icrsUR/install/ur_dashboard_msgs/include/ur_dashboard_msgs/ur_dashboard_msgs/msg/rosidl_typesupport_introspection_c__visibility_control.h
[5.172s] -- Up-to-date symlink: /home/icrs/icrsUR/install/ur_dashboard_msgs/include/ur_dashboard_msgs/ur_dashboard_msgs/srv/detail/add_to_log__rosidl_typesupport_introspection_c.h
[5.173s] -- Up-to-date symlink: /home/icrs/icrsUR/install/ur_dashboard_msgs/include/ur_dashboard_msgs/ur_dashboard_msgs/srv/detail/get_loaded_program__rosidl_typesupport_introspection_c.h
[5.173s] -- Up-to-date symlink: /home/icrs/icrsUR/install/ur_dashboard_msgs/include/ur_dashboard_msgs/ur_dashboard_msgs/srv/detail/get_program_state__rosidl_typesupport_introspection_c.h
[5.174s] -- Up-to-date symlink: /home/icrs/icrsUR/install/ur_dashboard_msgs/include/ur_dashboard_msgs/ur_dashboard_msgs/srv/detail/get_robot_mode__rosidl_typesupport_introspection_c.h
[5.175s] -- Up-to-date symlink: /home/icrs/icrsUR/install/ur_dashboard_msgs/include/ur_dashboard_msgs/ur_dashboard_msgs/srv/detail/get_safety_mode__rosidl_typesupport_introspection_c.h
[5.175s] -- Up-to-date symlink: /home/icrs/icrsUR/install/ur_dashboard_msgs/include/ur_dashboard_msgs/ur_dashboard_msgs/srv/detail/is_program_running__rosidl_typesupport_introspection_c.h
[5.176s] -- Up-to-date symlink: /home/icrs/icrsUR/install/ur_dashboard_msgs/include/ur_dashboard_msgs/ur_dashboard_msgs/srv/detail/is_program_saved__rosidl_typesupport_introspection_c.h
[5.177s] -- Up-to-date symlink: /home/icrs/icrsUR/install/ur_dashboard_msgs/include/ur_dashboard_msgs/ur_dashboard_msgs/srv/detail/load__rosidl_typesupport_introspection_c.h
[5.178s] -- Up-to-date symlink: /home/icrs/icrsUR/install/ur_dashboard_msgs/include/ur_dashboard_msgs/ur_dashboard_msgs/srv/detail/popup__rosidl_typesupport_introspection_c.h
[5.179s] -- Up-to-date symlink: /home/icrs/icrsUR/install/ur_dashboard_msgs/include/ur_dashboard_msgs/ur_dashboard_msgs/srv/detail/raw_request__rosidl_typesupport_introspection_c.h
[5.179s] -- Up-to-date symlink: /home/icrs/icrsUR/install/ur_dashboard_msgs/include/ur_dashboard_msgs/ur_dashboard_msgs/action/detail/set_mode__builder.hpp
[5.180s] -- Up-to-date symlink: /home/icrs/icrsUR/install/ur_dashboard_msgs/include/ur_dashboard_msgs/ur_dashboard_msgs/action/detail/set_mode__struct.hpp
[5.181s] -- Up-to-date symlink: /home/icrs/icrsUR/install/ur_dashboard_msgs/include/ur_dashboard_msgs/ur_dashboard_msgs/action/detail/set_mode__traits.hpp
[5.182s] -- Up-to-date symlink: /home/icrs/icrsUR/install/ur_dashboard_msgs/include/ur_dashboard_msgs/ur_dashboard_msgs/action/set_mode.hpp
[5.183s] -- Up-to-date symlink: /home/icrs/icrsUR/install/ur_dashboard_msgs/include/ur_dashboard_msgs/ur_dashboard_msgs/msg/detail/program_state__builder.hpp
[5.183s] -- Up-to-date symlink: /home/icrs/icrsUR/install/ur_dashboard_msgs/include/ur_dashboard_msgs/ur_dashboard_msgs/msg/detail/program_state__struct.hpp
[5.184s] -- Up-to-date symlink: /home/icrs/icrsUR/install/ur_dashboard_msgs/include/ur_dashboard_msgs/ur_dashboard_msgs/msg/detail/program_state__traits.hpp
[5.185s] -- Up-to-date symlink: /home/icrs/icrsUR/install/ur_dashboard_msgs/include/ur_dashboard_msgs/ur_dashboard_msgs/msg/detail/robot_mode__builder.hpp
[5.185s] -- Up-to-date symlink: /home/icrs/icrsUR/install/ur_dashboard_msgs/include/ur_dashboard_msgs/ur_dashboard_msgs/msg/detail/robot_mode__struct.hpp
[5.186s] -- Up-to-date symlink: /home/icrs/icrsUR/install/ur_dashboard_msgs/include/ur_dashboard_msgs/ur_dashboard_msgs/msg/detail/robot_mode__traits.hpp
[5.187s] -- Up-to-date symlink: /home/icrs/icrsUR/install/ur_dashboard_msgs/include/ur_dashboard_msgs/ur_dashboard_msgs/msg/detail/safety_mode__builder.hpp
[5.187s] -- Up-to-date symlink: /home/icrs/icrsUR/install/ur_dashboard_msgs/include/ur_dashboard_msgs/ur_dashboard_msgs/msg/detail/safety_mode__struct.hpp
[5.188s] -- Up-to-date symlink: /home/icrs/icrsUR/install/ur_dashboard_msgs/include/ur_dashboard_msgs/ur_dashboard_msgs/msg/detail/safety_mode__traits.hpp
[5.189s] -- Up-to-date symlink: /home/icrs/icrsUR/install/ur_dashboard_msgs/include/ur_dashboard_msgs/ur_dashboard_msgs/msg/program_state.hpp
[5.191s] -- Up-to-date symlink: /home/icrs/icrsUR/install/ur_dashboard_msgs/include/ur_dashboard_msgs/ur_dashboard_msgs/msg/robot_mode.hpp
[5.192s] -- Up-to-date symlink: /home/icrs/icrsUR/install/ur_dashboard_msgs/include/ur_dashboard_msgs/ur_dashboard_msgs/msg/safety_mode.hpp
[5.192s] -- Up-to-date symlink: /home/icrs/icrsUR/install/ur_dashboard_msgs/include/ur_dashboard_msgs/ur_dashboard_msgs/srv/add_to_log.hpp
[5.193s] -- Up-to-date symlink: /home/icrs/icrsUR/install/ur_dashboard_msgs/include/ur_dashboard_msgs/ur_dashboard_msgs/srv/detail/add_to_log__builder.hpp
[5.194s] -- Up-to-date symlink: /home/icrs/icrsUR/install/ur_dashboard_msgs/include/ur_dashboard_msgs/ur_dashboard_msgs/srv/detail/add_to_log__struct.hpp
[5.195s] -- Up-to-date symlink: /home/icrs/icrsUR/install/ur_dashboard_msgs/include/ur_dashboard_msgs/ur_dashboard_msgs/srv/detail/add_to_log__traits.hpp
[5.195s] -- Up-to-date symlink: /home/icrs/icrsUR/install/ur_dashboard_msgs/include/ur_dashboard_msgs/ur_dashboard_msgs/srv/detail/get_loaded_program__builder.hpp
[5.196s] -- Up-to-date symlink: /home/icrs/icrsUR/install/ur_dashboard_msgs/include/ur_dashboard_msgs/ur_dashboard_msgs/srv/detail/get_loaded_program__struct.hpp
[5.196s] -- Up-to-date symlink: /home/icrs/icrsUR/install/ur_dashboard_msgs/include/ur_dashboard_msgs/ur_dashboard_msgs/srv/detail/get_loaded_program__traits.hpp
[5.197s] -- Up-to-date symlink: /home/icrs/icrsUR/install/ur_dashboard_msgs/include/ur_dashboard_msgs/ur_dashboard_msgs/srv/detail/get_program_state__builder.hpp
[5.198s] -- Up-to-date symlink: /home/icrs/icrsUR/install/ur_dashboard_msgs/include/ur_dashboard_msgs/ur_dashboard_msgs/srv/detail/get_program_state__struct.hpp
[5.199s] -- Up-to-date symlink: /home/icrs/icrsUR/install/ur_dashboard_msgs/include/ur_dashboard_msgs/ur_dashboard_msgs/srv/detail/get_program_state__traits.hpp
[5.200s] -- Up-to-date symlink: /home/icrs/icrsUR/install/ur_dashboard_msgs/include/ur_dashboard_msgs/ur_dashboard_msgs/srv/detail/get_robot_mode__builder.hpp
[5.201s] -- Up-to-date symlink: /home/icrs/icrsUR/install/ur_dashboard_msgs/include/ur_dashboard_msgs/ur_dashboard_msgs/srv/detail/get_robot_mode__struct.hpp
[5.201s] -- Up-to-date symlink: /home/icrs/icrsUR/install/ur_dashboard_msgs/include/ur_dashboard_msgs/ur_dashboard_msgs/srv/detail/get_robot_mode__traits.hpp
[5.202s] -- Up-to-date symlink: /home/icrs/icrsUR/install/ur_dashboard_msgs/include/ur_dashboard_msgs/ur_dashboard_msgs/srv/detail/get_safety_mode__builder.hpp
[5.202s] -- Up-to-date symlink: /home/icrs/icrsUR/install/ur_dashboard_msgs/include/ur_dashboard_msgs/ur_dashboard_msgs/srv/detail/get_safety_mode__struct.hpp
[5.203s] -- Up-to-date symlink: /home/icrs/icrsUR/install/ur_dashboard_msgs/include/ur_dashboard_msgs/ur_dashboard_msgs/srv/detail/get_safety_mode__traits.hpp
[5.204s] -- Up-to-date symlink: /home/icrs/icrsUR/install/ur_dashboard_msgs/include/ur_dashboard_msgs/ur_dashboard_msgs/srv/detail/is_program_running__builder.hpp
[5.206s] -- Up-to-date symlink: /home/icrs/icrsUR/install/ur_dashboard_msgs/include/ur_dashboard_msgs/ur_dashboard_msgs/srv/detail/is_program_running__struct.hpp
[5.206s] -- Up-to-date symlink: /home/icrs/icrsUR/install/ur_dashboard_msgs/include/ur_dashboard_msgs/ur_dashboard_msgs/srv/detail/is_program_running__traits.hpp
[5.206s] -- Up-to-date symlink: /home/icrs/icrsUR/install/ur_dashboard_msgs/include/ur_dashboard_msgs/ur_dashboard_msgs/srv/detail/is_program_saved__builder.hpp
[5.207s] -- Up-to-date symlink: /home/icrs/icrsUR/install/ur_dashboard_msgs/include/ur_dashboard_msgs/ur_dashboard_msgs/srv/detail/is_program_saved__struct.hpp
[5.207s] -- Up-to-date symlink: /home/icrs/icrsUR/install/ur_dashboard_msgs/include/ur_dashboard_msgs/ur_dashboard_msgs/srv/detail/is_program_saved__traits.hpp
[5.208s] -- Up-to-date symlink: /home/icrs/icrsUR/install/ur_dashboard_msgs/include/ur_dashboard_msgs/ur_dashboard_msgs/srv/detail/load__builder.hpp
[5.208s] -- Up-to-date symlink: /home/icrs/icrsUR/install/ur_dashboard_msgs/include/ur_dashboard_msgs/ur_dashboard_msgs/srv/detail/load__struct.hpp
[5.209s] -- Up-to-date symlink: /home/icrs/icrsUR/install/ur_dashboard_msgs/include/ur_dashboard_msgs/ur_dashboard_msgs/srv/detail/load__traits.hpp
[5.209s] -- Up-to-date symlink: /home/icrs/icrsUR/install/ur_dashboard_msgs/include/ur_dashboard_msgs/ur_dashboard_msgs/srv/detail/popup__builder.hpp
[5.210s] -- Up-to-date symlink: /home/icrs/icrsUR/install/ur_dashboard_msgs/include/ur_dashboard_msgs/ur_dashboard_msgs/srv/detail/popup__struct.hpp
[5.210s] -- Up-to-date symlink: /home/icrs/icrsUR/install/ur_dashboard_msgs/include/ur_dashboard_msgs/ur_dashboard_msgs/srv/detail/popup__traits.hpp
[5.210s] -- Up-to-date symlink: /home/icrs/icrsUR/install/ur_dashboard_msgs/include/ur_dashboard_msgs/ur_dashboard_msgs/srv/detail/raw_request__builder.hpp
[5.211s] -- Up-to-date symlink: /home/icrs/icrsUR/install/ur_dashboard_msgs/include/ur_dashboard_msgs/ur_dashboard_msgs/srv/detail/raw_request__struct.hpp
[5.211s] -- Up-to-date symlink: /home/icrs/icrsUR/install/ur_dashboard_msgs/include/ur_dashboard_msgs/ur_dashboard_msgs/srv/detail/raw_request__traits.hpp
[5.212s] -- Up-to-date symlink: /home/icrs/icrsUR/install/ur_dashboard_msgs/include/ur_dashboard_msgs/ur_dashboard_msgs/srv/get_loaded_program.hpp
[5.212s] -- Up-to-date symlink: /home/icrs/icrsUR/install/ur_dashboard_msgs/include/ur_dashboard_msgs/ur_dashboard_msgs/srv/get_program_state.hpp
[5.213s] -- Up-to-date symlink: /home/icrs/icrsUR/install/ur_dashboard_msgs/include/ur_dashboard_msgs/ur_dashboard_msgs/srv/get_robot_mode.hpp
[5.213s] -- Up-to-date symlink: /home/icrs/icrsUR/install/ur_dashboard_msgs/include/ur_dashboard_msgs/ur_dashboard_msgs/srv/get_safety_mode.hpp
[5.213s] -- Up-to-date symlink: /home/icrs/icrsUR/install/ur_dashboard_msgs/include/ur_dashboard_msgs/ur_dashboard_msgs/srv/is_program_running.hpp
[5.216s] -- Up-to-date symlink: /home/icrs/icrsUR/install/ur_dashboard_msgs/include/ur_dashboard_msgs/ur_dashboard_msgs/srv/is_program_saved.hpp
[5.221s] -- Up-to-date symlink: /home/icrs/icrsUR/install/ur_dashboard_msgs/include/ur_dashboard_msgs/ur_dashboard_msgs/srv/load.hpp
[5.222s] -- Up-to-date symlink: /home/icrs/icrsUR/install/ur_dashboard_msgs/include/ur_dashboard_msgs/ur_dashboard_msgs/srv/popup.hpp
[5.222s] -- Up-to-date symlink: /home/icrs/icrsUR/install/ur_dashboard_msgs/include/ur_dashboard_msgs/ur_dashboard_msgs/srv/raw_request.hpp
[5.223s] -- Up-to-date symlink: /home/icrs/icrsUR/install/ur_dashboard_msgs/include/ur_dashboard_msgs/ur_dashboard_msgs/action/detail/set_mode__rosidl_typesupport_fastrtps_cpp.hpp
[5.224s] -- Up-to-date symlink: /home/icrs/icrsUR/install/ur_dashboard_msgs/include/ur_dashboard_msgs/ur_dashboard_msgs/msg/detail/program_state__rosidl_typesupport_fastrtps_cpp.hpp
[5.224s] -- Up-to-date symlink: /home/icrs/icrsUR/install/ur_dashboard_msgs/include/ur_dashboard_msgs/ur_dashboard_msgs/msg/detail/robot_mode__rosidl_typesupport_fastrtps_cpp.hpp
[5.224s] -- Up-to-date symlink: /home/icrs/icrsUR/install/ur_dashboard_msgs/include/ur_dashboard_msgs/ur_dashboard_msgs/msg/detail/safety_mode__rosidl_typesupport_fastrtps_cpp.hpp
[5.225s] -- Up-to-date symlink: /home/icrs/icrsUR/install/ur_dashboard_msgs/include/ur_dashboard_msgs/ur_dashboard_msgs/msg/rosidl_typesupport_fastrtps_cpp__visibility_control.h
[5.225s] -- Up-to-date symlink: /home/icrs/icrsUR/install/ur_dashboard_msgs/include/ur_dashboard_msgs/ur_dashboard_msgs/srv/detail/add_to_log__rosidl_typesupport_fastrtps_cpp.hpp
[5.225s] -- Up-to-date symlink: /home/icrs/icrsUR/install/ur_dashboard_msgs/include/ur_dashboard_msgs/ur_dashboard_msgs/srv/detail/get_loaded_program__rosidl_typesupport_fastrtps_cpp.hpp
[5.225s] -- Up-to-date symlink: /home/icrs/icrsUR/install/ur_dashboard_msgs/include/ur_dashboard_msgs/ur_dashboard_msgs/srv/detail/get_program_state__rosidl_typesupport_fastrtps_cpp.hpp
[5.226s] -- Up-to-date symlink: /home/icrs/icrsUR/install/ur_dashboard_msgs/include/ur_dashboard_msgs/ur_dashboard_msgs/srv/detail/get_robot_mode__rosidl_typesupport_fastrtps_cpp.hpp
[5.226s] -- Up-to-date symlink: /home/icrs/icrsUR/install/ur_dashboard_msgs/include/ur_dashboard_msgs/ur_dashboard_msgs/srv/detail/get_safety_mode__rosidl_typesupport_fastrtps_cpp.hpp
[5.226s] -- Up-to-date symlink: /home/icrs/icrsUR/install/ur_dashboard_msgs/include/ur_dashboard_msgs/ur_dashboard_msgs/srv/detail/is_program_running__rosidl_typesupport_fastrtps_cpp.hpp
[5.227s] -- Up-to-date symlink: /home/icrs/icrsUR/install/ur_dashboard_msgs/include/ur_dashboard_msgs/ur_dashboard_msgs/srv/detail/is_program_saved__rosidl_typesupport_fastrtps_cpp.hpp
[5.227s] -- Up-to-date symlink: /home/icrs/icrsUR/install/ur_dashboard_msgs/include/ur_dashboard_msgs/ur_dashboard_msgs/srv/detail/load__rosidl_typesupport_fastrtps_cpp.hpp
[5.227s] -- Up-to-date symlink: /home/icrs/icrsUR/install/ur_dashboard_msgs/include/ur_dashboard_msgs/ur_dashboard_msgs/srv/detail/popup__rosidl_typesupport_fastrtps_cpp.hpp
[5.228s] -- Up-to-date symlink: /home/icrs/icrsUR/install/ur_dashboard_msgs/include/ur_dashboard_msgs/ur_dashboard_msgs/srv/detail/raw_request__rosidl_typesupport_fastrtps_cpp.hpp
[5.228s] -- Up-to-date symlink: /home/icrs/icrsUR/install/ur_dashboard_msgs/include/ur_dashboard_msgs/ur_dashboard_msgs/action/detail/set_mode__rosidl_typesupport_introspection_cpp.hpp
[5.228s] -- Up-to-date symlink: /home/icrs/icrsUR/install/ur_dashboard_msgs/include/ur_dashboard_msgs/ur_dashboard_msgs/msg/detail/program_state__rosidl_typesupport_introspection_cpp.hpp
[5.229s] -- Up-to-date symlink: /home/icrs/icrsUR/install/ur_dashboard_msgs/include/ur_dashboard_msgs/ur_dashboard_msgs/msg/detail/robot_mode__rosidl_typesupport_introspection_cpp.hpp
[5.230s] -- Up-to-date symlink: /home/icrs/icrsUR/install/ur_dashboard_msgs/include/ur_dashboard_msgs/ur_dashboard_msgs/msg/detail/safety_mode__rosidl_typesupport_introspection_cpp.hpp
[5.230s] -- Up-to-date symlink: /home/icrs/icrsUR/install/ur_dashboard_msgs/include/ur_dashboard_msgs/ur_dashboard_msgs/srv/detail/add_to_log__rosidl_typesupport_introspection_cpp.hpp
[5.230s] -- Up-to-date symlink: /home/icrs/icrsUR/install/ur_dashboard_msgs/include/ur_dashboard_msgs/ur_dashboard_msgs/srv/detail/get_loaded_program__rosidl_typesupport_introspection_cpp.hpp
[5.231s] -- Up-to-date symlink: /home/icrs/icrsUR/install/ur_dashboard_msgs/include/ur_dashboard_msgs/ur_dashboard_msgs/srv/detail/get_program_state__rosidl_typesupport_introspection_cpp.hpp
[5.231s] -- Up-to-date symlink: /home/icrs/icrsUR/install/ur_dashboard_msgs/include/ur_dashboard_msgs/ur_dashboard_msgs/srv/detail/get_robot_mode__rosidl_typesupport_introspection_cpp.hpp
[5.231s] -- Up-to-date symlink: /home/icrs/icrsUR/install/ur_dashboard_msgs/include/ur_dashboard_msgs/ur_dashboard_msgs/srv/detail/get_safety_mode__rosidl_typesupport_introspection_cpp.hpp
[5.232s] -- Up-to-date symlink: /home/icrs/icrsUR/install/ur_dashboard_msgs/include/ur_dashboard_msgs/ur_dashboard_msgs/srv/detail/is_program_running__rosidl_typesupport_introspection_cpp.hpp
[5.232s] -- Up-to-date symlink: /home/icrs/icrsUR/install/ur_dashboard_msgs/include/ur_dashboard_msgs/ur_dashboard_msgs/srv/detail/is_program_saved__rosidl_typesupport_introspection_cpp.hpp
[5.233s] -- Up-to-date symlink: /home/icrs/icrsUR/install/ur_dashboard_msgs/include/ur_dashboard_msgs/ur_dashboard_msgs/srv/detail/load__rosidl_typesupport_introspection_cpp.hpp
[5.233s] -- Up-to-date symlink: /home/icrs/icrsUR/install/ur_dashboard_msgs/include/ur_dashboard_msgs/ur_dashboard_msgs/srv/detail/popup__rosidl_typesupport_introspection_cpp.hpp
[5.234s] -- Up-to-date symlink: /home/icrs/icrsUR/install/ur_dashboard_msgs/include/ur_dashboard_msgs/ur_dashboard_msgs/srv/detail/raw_request__rosidl_typesupport_introspection_cpp.hpp
[5.234s] -- Up-to-date symlink: /home/icrs/icrsUR/install/ur_dashboard_msgs/share/ur_dashboard_msgs/environment/pythonpath.sh
[5.234s] -- Up-to-date symlink: /home/icrs/icrsUR/install/ur_dashboard_msgs/share/ur_dashboard_msgs/environment/pythonpath.dsv
[5.235s] -- Up-to-date symlink: /home/icrs/icrsUR/install/ur_dashboard_msgs/local/lib/python3.10/dist-packages/ur_dashboard_msgs-2.2.10-py3.10.egg-info/PKG-INFO
[5.235s] -- Up-to-date symlink: /home/icrs/icrsUR/install/ur_dashboard_msgs/local/lib/python3.10/dist-packages/ur_dashboard_msgs-2.2.10-py3.10.egg-info/SOURCES.txt
[5.236s] -- Up-to-date symlink: /home/icrs/icrsUR/install/ur_dashboard_msgs/local/lib/python3.10/dist-packages/ur_dashboard_msgs-2.2.10-py3.10.egg-info/dependency_links.txt
[5.236s] -- Up-to-date symlink: /home/icrs/icrsUR/install/ur_dashboard_msgs/local/lib/python3.10/dist-packages/ur_dashboard_msgs-2.2.10-py3.10.egg-info/top_level.txt
[5.236s] -- Up-to-date symlink: /home/icrs/icrsUR/install/ur_dashboard_msgs/local/lib/python3.10/dist-packages/ur_dashboard_msgs/__init__.py
[5.237s] -- Up-to-date symlink: /home/icrs/icrsUR/install/ur_dashboard_msgs/local/lib/python3.10/dist-packages/ur_dashboard_msgs/_ur_dashboard_msgs_s.ep.rosidl_typesupport_c.c
[5.237s] -- Up-to-date symlink: /home/icrs/icrsUR/install/ur_dashboard_msgs/local/lib/python3.10/dist-packages/ur_dashboard_msgs/_ur_dashboard_msgs_s.ep.rosidl_typesupport_fastrtps_c.c
[5.237s] -- Up-to-date symlink: /home/icrs/icrsUR/install/ur_dashboard_msgs/local/lib/python3.10/dist-packages/ur_dashboard_msgs/_ur_dashboard_msgs_s.ep.rosidl_typesupport_introspection_c.c
[5.238s] -- Up-to-date symlink: /home/icrs/icrsUR/install/ur_dashboard_msgs/local/lib/python3.10/dist-packages/ur_dashboard_msgs/action/__init__.py
[5.238s] -- Up-to-date symlink: /home/icrs/icrsUR/install/ur_dashboard_msgs/local/lib/python3.10/dist-packages/ur_dashboard_msgs/action/_set_mode.py
[5.239s] -- Up-to-date symlink: /home/icrs/icrsUR/install/ur_dashboard_msgs/local/lib/python3.10/dist-packages/ur_dashboard_msgs/action/_set_mode_s.c
[5.239s] -- Up-to-date symlink: /home/icrs/icrsUR/install/ur_dashboard_msgs/local/lib/python3.10/dist-packages/ur_dashboard_msgs/libur_dashboard_msgs__rosidl_generator_py.so
[5.239s] -- Up-to-date symlink: /home/icrs/icrsUR/install/ur_dashboard_msgs/local/lib/python3.10/dist-packages/ur_dashboard_msgs/msg/__init__.py
[5.239s] -- Up-to-date symlink: /home/icrs/icrsUR/install/ur_dashboard_msgs/local/lib/python3.10/dist-packages/ur_dashboard_msgs/msg/_program_state.py
[5.240s] -- Up-to-date symlink: /home/icrs/icrsUR/install/ur_dashboard_msgs/local/lib/python3.10/dist-packages/ur_dashboard_msgs/msg/_program_state_s.c
[5.240s] -- Up-to-date symlink: /home/icrs/icrsUR/install/ur_dashboard_msgs/local/lib/python3.10/dist-packages/ur_dashboard_msgs/msg/_robot_mode.py
[5.240s] -- Up-to-date symlink: /home/icrs/icrsUR/install/ur_dashboard_msgs/local/lib/python3.10/dist-packages/ur_dashboard_msgs/msg/_robot_mode_s.c
[5.240s] -- Up-to-date symlink: /home/icrs/icrsUR/install/ur_dashboard_msgs/local/lib/python3.10/dist-packages/ur_dashboard_msgs/msg/_safety_mode.py
[5.241s] -- Up-to-date symlink: /home/icrs/icrsUR/install/ur_dashboard_msgs/local/lib/python3.10/dist-packages/ur_dashboard_msgs/msg/_safety_mode_s.c
[5.241s] -- Up-to-date symlink: /home/icrs/icrsUR/install/ur_dashboard_msgs/local/lib/python3.10/dist-packages/ur_dashboard_msgs/srv/__init__.py
[5.241s] -- Up-to-date symlink: /home/icrs/icrsUR/install/ur_dashboard_msgs/local/lib/python3.10/dist-packages/ur_dashboard_msgs/srv/_add_to_log.py
[5.242s] -- Up-to-date symlink: /home/icrs/icrsUR/install/ur_dashboard_msgs/local/lib/python3.10/dist-packages/ur_dashboard_msgs/srv/_add_to_log_s.c
[5.242s] -- Up-to-date symlink: /home/icrs/icrsUR/install/ur_dashboard_msgs/local/lib/python3.10/dist-packages/ur_dashboard_msgs/srv/_get_loaded_program.py
[5.242s] -- Up-to-date symlink: /home/icrs/icrsUR/install/ur_dashboard_msgs/local/lib/python3.10/dist-packages/ur_dashboard_msgs/srv/_get_loaded_program_s.c
[5.243s] -- Up-to-date symlink: /home/icrs/icrsUR/install/ur_dashboard_msgs/local/lib/python3.10/dist-packages/ur_dashboard_msgs/srv/_get_program_state.py
[5.243s] -- Up-to-date symlink: /home/icrs/icrsUR/install/ur_dashboard_msgs/local/lib/python3.10/dist-packages/ur_dashboard_msgs/srv/_get_program_state_s.c
[5.243s] -- Up-to-date symlink: /home/icrs/icrsUR/install/ur_dashboard_msgs/local/lib/python3.10/dist-packages/ur_dashboard_msgs/srv/_get_robot_mode.py
[5.244s] -- Up-to-date symlink: /home/icrs/icrsUR/install/ur_dashboard_msgs/local/lib/python3.10/dist-packages/ur_dashboard_msgs/srv/_get_robot_mode_s.c
[5.244s] -- Up-to-date symlink: /home/icrs/icrsUR/install/ur_dashboard_msgs/local/lib/python3.10/dist-packages/ur_dashboard_msgs/srv/_get_safety_mode.py
[5.244s] -- Up-to-date symlink: /home/icrs/icrsUR/install/ur_dashboard_msgs/local/lib/python3.10/dist-packages/ur_dashboard_msgs/srv/_get_safety_mode_s.c
[5.245s] -- Up-to-date symlink: /home/icrs/icrsUR/install/ur_dashboard_msgs/local/lib/python3.10/dist-packages/ur_dashboard_msgs/srv/_is_program_running.py
[5.245s] -- Up-to-date symlink: /home/icrs/icrsUR/install/ur_dashboard_msgs/local/lib/python3.10/dist-packages/ur_dashboard_msgs/srv/_is_program_running_s.c
[5.245s] -- Up-to-date symlink: /home/icrs/icrsUR/install/ur_dashboard_msgs/local/lib/python3.10/dist-packages/ur_dashboard_msgs/srv/_is_program_saved.py
[5.246s] -- Up-to-date symlink: /home/icrs/icrsUR/install/ur_dashboard_msgs/local/lib/python3.10/dist-packages/ur_dashboard_msgs/srv/_is_program_saved_s.c
[5.246s] -- Up-to-date symlink: /home/icrs/icrsUR/install/ur_dashboard_msgs/local/lib/python3.10/dist-packages/ur_dashboard_msgs/srv/_load.py
[5.246s] -- Up-to-date symlink: /home/icrs/icrsUR/install/ur_dashboard_msgs/local/lib/python3.10/dist-packages/ur_dashboard_msgs/srv/_load_s.c
[5.247s] -- Up-to-date symlink: /home/icrs/icrsUR/install/ur_dashboard_msgs/local/lib/python3.10/dist-packages/ur_dashboard_msgs/srv/_popup.py
[5.247s] -- Up-to-date symlink: /home/icrs/icrsUR/install/ur_dashboard_msgs/local/lib/python3.10/dist-packages/ur_dashboard_msgs/srv/_popup_s.c
[5.247s] -- Up-to-date symlink: /home/icrs/icrsUR/install/ur_dashboard_msgs/local/lib/python3.10/dist-packages/ur_dashboard_msgs/srv/_raw_request.py
[5.248s] -- Up-to-date symlink: /home/icrs/icrsUR/install/ur_dashboard_msgs/local/lib/python3.10/dist-packages/ur_dashboard_msgs/srv/_raw_request_s.c
[5.248s] -- Up-to-date symlink: /home/icrs/icrsUR/install/ur_dashboard_msgs/local/lib/python3.10/dist-packages/ur_dashboard_msgs/ur_dashboard_msgs_s__rosidl_typesupport_c.cpython-310-x86_64-linux-gnu.so
[5.248s] -- Up-to-date symlink: /home/icrs/icrsUR/install/ur_dashboard_msgs/local/lib/python3.10/dist-packages/ur_dashboard_msgs/ur_dashboard_msgs_s__rosidl_typesupport_fastrtps_c.cpython-310-x86_64-linux-gnu.so
[5.249s] -- Up-to-date symlink: /home/icrs/icrsUR/install/ur_dashboard_msgs/local/lib/python3.10/dist-packages/ur_dashboard_msgs/ur_dashboard_msgs_s__rosidl_typesupport_introspection_c.cpython-310-x86_64-linux-gnu.so
[5.249s] -- Up-to-date symlink: /home/icrs/icrsUR/install/ur_dashboard_msgs/local/lib/python3.10/dist-packages/ur_dashboard_msgs/ur_dashboard_msgs_s__rosidl_typesupport_fastrtps_c.cpython-310-x86_64-linux-gnu.so
[5.249s] -- Up-to-date symlink: /home/icrs/icrsUR/install/ur_dashboard_msgs/local/lib/python3.10/dist-packages/ur_dashboard_msgs/ur_dashboard_msgs_s__rosidl_typesupport_introspection_c.cpython-310-x86_64-linux-gnu.so
[5.250s] -- Up-to-date symlink: /home/icrs/icrsUR/install/ur_dashboard_msgs/local/lib/python3.10/dist-packages/ur_dashboard_msgs/ur_dashboard_msgs_s__rosidl_typesupport_c.cpython-310-x86_64-linux-gnu.so
[5.250s] -- Up-to-date symlink: /home/icrs/icrsUR/install/ur_dashboard_msgs/share/ur_dashboard_msgs/msg/ProgramState.idl
[5.251s] -- Up-to-date symlink: /home/icrs/icrsUR/install/ur_dashboard_msgs/share/ur_dashboard_msgs/msg/RobotMode.idl
[5.251s] -- Up-to-date symlink: /home/icrs/icrsUR/install/ur_dashboard_msgs/share/ur_dashboard_msgs/msg/SafetyMode.idl
[5.251s] -- Up-to-date symlink: /home/icrs/icrsUR/install/ur_dashboard_msgs/share/ur_dashboard_msgs/srv/AddToLog.idl
[5.251s] -- Up-to-date symlink: /home/icrs/icrsUR/install/ur_dashboard_msgs/share/ur_dashboard_msgs/srv/GetLoadedProgram.idl
[5.252s] -- Up-to-date symlink: /home/icrs/icrsUR/install/ur_dashboard_msgs/share/ur_dashboard_msgs/srv/GetProgramState.idl
[5.252s] -- Up-to-date symlink: /home/icrs/icrsUR/install/ur_dashboard_msgs/share/ur_dashboard_msgs/srv/GetRobotMode.idl
[5.252s] -- Up-to-date symlink: /home/icrs/icrsUR/install/ur_dashboard_msgs/share/ur_dashboard_msgs/srv/GetSafetyMode.idl
[5.253s] -- Up-to-date symlink: /home/icrs/icrsUR/install/ur_dashboard_msgs/share/ur_dashboard_msgs/srv/IsProgramRunning.idl
[5.253s] -- Up-to-date symlink: /home/icrs/icrsUR/install/ur_dashboard_msgs/share/ur_dashboard_msgs/srv/IsProgramSaved.idl
[5.253s] -- Up-to-date symlink: /home/icrs/icrsUR/install/ur_dashboard_msgs/share/ur_dashboard_msgs/srv/Load.idl
[5.254s] -- Up-to-date symlink: /home/icrs/icrsUR/install/ur_dashboard_msgs/share/ur_dashboard_msgs/srv/Popup.idl
[5.254s] -- Up-to-date symlink: /home/icrs/icrsUR/install/ur_dashboard_msgs/share/ur_dashboard_msgs/srv/RawRequest.idl
[5.254s] -- Up-to-date symlink: /home/icrs/icrsUR/install/ur_dashboard_msgs/share/ur_dashboard_msgs/action/SetMode.idl
[5.255s] -- Up-to-date symlink: /home/icrs/icrsUR/install/ur_dashboard_msgs/share/ur_dashboard_msgs/msg/ProgramState.msg
[5.255s] -- Up-to-date symlink: /home/icrs/icrsUR/install/ur_dashboard_msgs/share/ur_dashboard_msgs/msg/RobotMode.msg
[5.255s] -- Up-to-date symlink: /home/icrs/icrsUR/install/ur_dashboard_msgs/share/ur_dashboard_msgs/msg/SafetyMode.msg
[5.256s] -- Up-to-date symlink: /home/icrs/icrsUR/install/ur_dashboard_msgs/share/ur_dashboard_msgs/srv/AddToLog.srv
[5.256s] -- Up-to-date symlink: /home/icrs/icrsUR/install/ur_dashboard_msgs/share/ur_dashboard_msgs/srv/AddToLog_Request.msg
[5.257s] -- Up-to-date symlink: /home/icrs/icrsUR/install/ur_dashboard_msgs/share/ur_dashboard_msgs/srv/AddToLog_Response.msg
[5.257s] -- Up-to-date symlink: /home/icrs/icrsUR/install/ur_dashboard_msgs/share/ur_dashboard_msgs/srv/GetLoadedProgram.srv
[5.258s] -- Up-to-date symlink: /home/icrs/icrsUR/install/ur_dashboard_msgs/share/ur_dashboard_msgs/srv/GetLoadedProgram_Request.msg
[5.258s] -- Up-to-date symlink: /home/icrs/icrsUR/install/ur_dashboard_msgs/share/ur_dashboard_msgs/srv/GetLoadedProgram_Response.msg
[5.258s] -- Up-to-date symlink: /home/icrs/icrsUR/install/ur_dashboard_msgs/share/ur_dashboard_msgs/srv/GetProgramState.srv
[5.258s] -- Up-to-date symlink: /home/icrs/icrsUR/install/ur_dashboard_msgs/share/ur_dashboard_msgs/srv/GetProgramState_Request.msg
[5.259s] -- Up-to-date symlink: /home/icrs/icrsUR/install/ur_dashboard_msgs/share/ur_dashboard_msgs/srv/GetProgramState_Response.msg
[5.259s] -- Up-to-date symlink: /home/icrs/icrsUR/install/ur_dashboard_msgs/share/ur_dashboard_msgs/srv/GetRobotMode.srv
[5.259s] -- Up-to-date symlink: /home/icrs/icrsUR/install/ur_dashboard_msgs/share/ur_dashboard_msgs/srv/GetRobotMode_Request.msg
[5.260s] -- Up-to-date symlink: /home/icrs/icrsUR/install/ur_dashboard_msgs/share/ur_dashboard_msgs/srv/GetRobotMode_Response.msg
[5.260s] -- Up-to-date symlink: /home/icrs/icrsUR/install/ur_dashboard_msgs/share/ur_dashboard_msgs/srv/GetSafetyMode.srv
[5.260s] -- Up-to-date symlink: /home/icrs/icrsUR/install/ur_dashboard_msgs/share/ur_dashboard_msgs/srv/GetSafetyMode_Request.msg
[5.261s] -- Up-to-date symlink: /home/icrs/icrsUR/install/ur_dashboard_msgs/share/ur_dashboard_msgs/srv/GetSafetyMode_Response.msg
[5.261s] -- Up-to-date symlink: /home/icrs/icrsUR/install/ur_dashboard_msgs/share/ur_dashboard_msgs/srv/IsProgramRunning.srv
[5.262s] -- Up-to-date symlink: /home/icrs/icrsUR/install/ur_dashboard_msgs/share/ur_dashboard_msgs/srv/IsProgramRunning_Request.msg
[5.262s] -- Up-to-date symlink: /home/icrs/icrsUR/install/ur_dashboard_msgs/share/ur_dashboard_msgs/srv/IsProgramRunning_Response.msg
[5.262s] -- Up-to-date symlink: /home/icrs/icrsUR/install/ur_dashboard_msgs/share/ur_dashboard_msgs/srv/IsProgramSaved.srv
[5.263s] -- Up-to-date symlink: /home/icrs/icrsUR/install/ur_dashboard_msgs/share/ur_dashboard_msgs/srv/IsProgramSaved_Request.msg
[5.263s] -- Up-to-date symlink: /home/icrs/icrsUR/install/ur_dashboard_msgs/share/ur_dashboard_msgs/srv/IsProgramSaved_Response.msg
[5.263s] -- Up-to-date symlink: /home/icrs/icrsUR/install/ur_dashboard_msgs/share/ur_dashboard_msgs/srv/Load.srv
[5.264s] -- Up-to-date symlink: /home/icrs/icrsUR/install/ur_dashboard_msgs/share/ur_dashboard_msgs/srv/Load_Request.msg
[5.264s] -- Up-to-date symlink: /home/icrs/icrsUR/install/ur_dashboard_msgs/share/ur_dashboard_msgs/srv/Load_Response.msg
[5.264s] -- Up-to-date symlink: /home/icrs/icrsUR/install/ur_dashboard_msgs/share/ur_dashboard_msgs/srv/Popup.srv
[5.265s] -- Up-to-date symlink: /home/icrs/icrsUR/install/ur_dashboard_msgs/share/ur_dashboard_msgs/srv/Popup_Request.msg
[5.265s] -- Up-to-date symlink: /home/icrs/icrsUR/install/ur_dashboard_msgs/share/ur_dashboard_msgs/srv/Popup_Response.msg
[5.265s] -- Up-to-date symlink: /home/icrs/icrsUR/install/ur_dashboard_msgs/share/ur_dashboard_msgs/srv/RawRequest.srv
[5.266s] -- Up-to-date symlink: /home/icrs/icrsUR/install/ur_dashboard_msgs/share/ur_dashboard_msgs/srv/RawRequest_Request.msg
[5.266s] -- Up-to-date symlink: /home/icrs/icrsUR/install/ur_dashboard_msgs/share/ur_dashboard_msgs/srv/RawRequest_Response.msg
[5.266s] -- Up-to-date symlink: /home/icrs/icrsUR/install/ur_dashboard_msgs/share/ur_dashboard_msgs/action/SetMode.action
[5.267s] -- Up-to-date symlink: /home/icrs/icrsUR/install/ur_dashboard_msgs/share/ament_index/resource_index/package_run_dependencies/ur_dashboard_msgs
[5.267s] -- Up-to-date symlink: /home/icrs/icrsUR/install/ur_dashboard_msgs/share/ament_index/resource_index/parent_prefix_path/ur_dashboard_msgs
[5.268s] -- Up-to-date symlink: /home/icrs/icrsUR/install/ur_dashboard_msgs/share/ur_dashboard_msgs/environment/ament_prefix_path.sh
[5.268s] -- Up-to-date symlink: /home/icrs/icrsUR/install/ur_dashboard_msgs/share/ur_dashboard_msgs/environment/ament_prefix_path.dsv
[5.268s] -- Up-to-date symlink: /home/icrs/icrsUR/install/ur_dashboard_msgs/share/ur_dashboard_msgs/environment/path.sh
[5.269s] -- Up-to-date symlink: /home/icrs/icrsUR/install/ur_dashboard_msgs/share/ur_dashboard_msgs/environment/path.dsv
[5.269s] -- Up-to-date symlink: /home/icrs/icrsUR/install/ur_dashboard_msgs/share/ur_dashboard_msgs/local_setup.bash
[5.269s] -- Up-to-date symlink: /home/icrs/icrsUR/install/ur_dashboard_msgs/share/ur_dashboard_msgs/local_setup.sh
[5.270s] -- Up-to-date symlink: /home/icrs/icrsUR/install/ur_dashboard_msgs/share/ur_dashboard_msgs/local_setup.zsh
[5.270s] -- Up-to-date symlink: /home/icrs/icrsUR/install/ur_dashboard_msgs/share/ur_dashboard_msgs/local_setup.dsv
[5.270s] -- Symlinking: /home/icrs/icrsUR/install/ur_dashboard_msgs/share/ur_dashboard_msgs/package.dsv
[5.271s] -- Up-to-date symlink: /home/icrs/icrsUR/install/ur_dashboard_msgs/share/ament_index/resource_index/packages/ur_dashboard_msgs
[5.271s] -- Up-to-date symlink: /home/icrs/icrsUR/install/ur_dashboard_msgs/share/ur_dashboard_msgs/cmake/rosidl_cmake-extras.cmake
[5.272s] -- Up-to-date symlink: /home/icrs/icrsUR/install/ur_dashboard_msgs/share/ur_dashboard_msgs/cmake/ament_cmake_export_dependencies-extras.cmake
[5.272s] -- Up-to-date symlink: /home/icrs/icrsUR/install/ur_dashboard_msgs/share/ur_dashboard_msgs/cmake/ament_cmake_export_include_directories-extras.cmake
[5.272s] -- Up-to-date symlink: /home/icrs/icrsUR/install/ur_dashboard_msgs/share/ur_dashboard_msgs/cmake/ament_cmake_export_libraries-extras.cmake
[5.273s] -- Up-to-date symlink: /home/icrs/icrsUR/install/ur_dashboard_msgs/share/ur_dashboard_msgs/cmake/ament_cmake_export_targets-extras.cmake
[5.273s] -- Up-to-date symlink: /home/icrs/icrsUR/install/ur_dashboard_msgs/share/ur_dashboard_msgs/cmake/rosidl_cmake_export_typesupport_targets-extras.cmake
[5.274s] -- Up-to-date symlink: /home/icrs/icrsUR/install/ur_dashboard_msgs/share/ur_dashboard_msgs/cmake/rosidl_cmake_export_typesupport_libraries-extras.cmake
[5.274s] -- Up-to-date symlink: /home/icrs/icrsUR/install/ur_dashboard_msgs/share/ur_dashboard_msgs/cmake/ur_dashboard_msgsConfig.cmake
[5.275s] -- Up-to-date symlink: /home/icrs/icrsUR/install/ur_dashboard_msgs/share/ur_dashboard_msgs/cmake/ur_dashboard_msgsConfig-version.cmake
[5.275s] -- Up-to-date symlink: /home/icrs/icrsUR/install/ur_dashboard_msgs/share/ur_dashboard_msgs/package.xml
[5.275s] -- Up-to-date: /home/icrs/icrsUR/install/ur_dashboard_msgs/lib/libur_dashboard_msgs__rosidl_generator_c.so
[5.276s] -- Up-to-date: /home/icrs/icrsUR/install/ur_dashboard_msgs/lib/libur_dashboard_msgs__rosidl_typesupport_fastrtps_c.so
[5.277s] -- Up-to-date: /home/icrs/icrsUR/install/ur_dashboard_msgs/lib/libur_dashboard_msgs__rosidl_typesupport_introspection_c.so
[5.278s] -- Up-to-date: /home/icrs/icrsUR/install/ur_dashboard_msgs/lib/libur_dashboard_msgs__rosidl_typesupport_c.so
[5.279s] -- Up-to-date: /home/icrs/icrsUR/install/ur_dashboard_msgs/lib/libur_dashboard_msgs__rosidl_typesupport_fastrtps_cpp.so
[5.280s] -- Up-to-date: /home/icrs/icrsUR/install/ur_dashboard_msgs/lib/libur_dashboard_msgs__rosidl_typesupport_introspection_cpp.so
[5.281s] -- Up-to-date: /home/icrs/icrsUR/install/ur_dashboard_msgs/lib/libur_dashboard_msgs__rosidl_typesupport_cpp.so
[5.467s] Listing '/home/icrs/icrsUR/install/ur_dashboard_msgs/local/lib/python3.10/dist-packages/ur_dashboard_msgs'...
[5.467s] Listing '/home/icrs/icrsUR/install/ur_dashboard_msgs/local/lib/python3.10/dist-packages/ur_dashboard_msgs/action'...
[5.468s] Listing '/home/icrs/icrsUR/install/ur_dashboard_msgs/local/lib/python3.10/dist-packages/ur_dashboard_msgs/msg'...
[5.469s] Listing '/home/icrs/icrsUR/install/ur_dashboard_msgs/local/lib/python3.10/dist-packages/ur_dashboard_msgs/srv'...
[5.488s] -- Up-to-date: /home/icrs/icrsUR/install/ur_dashboard_msgs/lib/libur_dashboard_msgs__rosidl_generator_py.so
[5.489s] -- Up-to-date: /home/icrs/icrsUR/install/ur_dashboard_msgs/share/ur_dashboard_msgs/cmake/export_ur_dashboard_msgs__rosidl_generator_cExport.cmake
[5.492s] -- Up-to-date: /home/icrs/icrsUR/install/ur_dashboard_msgs/share/ur_dashboard_msgs/cmake/export_ur_dashboard_msgs__rosidl_generator_cExport-noconfig.cmake
[5.497s] -- Up-to-date: /home/icrs/icrsUR/install/ur_dashboard_msgs/share/ur_dashboard_msgs/cmake/export_ur_dashboard_msgs__rosidl_typesupport_fastrtps_cExport.cmake
[5.498s] -- Up-to-date: /home/icrs/icrsUR/install/ur_dashboard_msgs/share/ur_dashboard_msgs/cmake/export_ur_dashboard_msgs__rosidl_typesupport_fastrtps_cExport-noconfig.cmake
[5.498s] -- Up-to-date: /home/icrs/icrsUR/install/ur_dashboard_msgs/share/ur_dashboard_msgs/cmake/ur_dashboard_msgs__rosidl_typesupport_introspection_cExport.cmake
[5.499s] -- Up-to-date: /home/icrs/icrsUR/install/ur_dashboard_msgs/share/ur_dashboard_msgs/cmake/ur_dashboard_msgs__rosidl_typesupport_introspection_cExport-noconfig.cmake
[5.499s] -- Up-to-date: /home/icrs/icrsUR/install/ur_dashboard_msgs/share/ur_dashboard_msgs/cmake/ur_dashboard_msgs__rosidl_typesupport_cExport.cmake
[5.499s] -- Up-to-date: /home/icrs/icrsUR/install/ur_dashboard_msgs/share/ur_dashboard_msgs/cmake/ur_dashboard_msgs__rosidl_typesupport_cExport-noconfig.cmake
[5.500s] -- Up-to-date: /home/icrs/icrsUR/install/ur_dashboard_msgs/share/ur_dashboard_msgs/cmake/export_ur_dashboard_msgs__rosidl_generator_cppExport.cmake
[5.506s] -- Up-to-date: /home/icrs/icrsUR/install/ur_dashboard_msgs/share/ur_dashboard_msgs/cmake/export_ur_dashboard_msgs__rosidl_typesupport_fastrtps_cppExport.cmake
[5.507s] -- Up-to-date: /home/icrs/icrsUR/install/ur_dashboard_msgs/share/ur_dashboard_msgs/cmake/export_ur_dashboard_msgs__rosidl_typesupport_fastrtps_cppExport-noconfig.cmake
[5.508s] -- Up-to-date: /home/icrs/icrsUR/install/ur_dashboard_msgs/share/ur_dashboard_msgs/cmake/ur_dashboard_msgs__rosidl_typesupport_introspection_cppExport.cmake
[5.509s] -- Up-to-date: /home/icrs/icrsUR/install/ur_dashboard_msgs/share/ur_dashboard_msgs/cmake/ur_dashboard_msgs__rosidl_typesupport_introspection_cppExport-noconfig.cmake
[5.509s] -- Up-to-date: /home/icrs/icrsUR/install/ur_dashboard_msgs/share/ur_dashboard_msgs/cmake/ur_dashboard_msgs__rosidl_typesupport_cppExport.cmake
[5.510s] -- Up-to-date: /home/icrs/icrsUR/install/ur_dashboard_msgs/share/ur_dashboard_msgs/cmake/ur_dashboard_msgs__rosidl_typesupport_cppExport-noconfig.cmake
[5.510s] -- Up-to-date: /home/icrs/icrsUR/install/ur_dashboard_msgs/share/ur_dashboard_msgs/cmake/export_ur_dashboard_msgs__rosidl_generator_pyExport.cmake
[5.511s] -- Up-to-date: /home/icrs/icrsUR/install/ur_dashboard_msgs/share/ur_dashboard_msgs/cmake/export_ur_dashboard_msgs__rosidl_generator_pyExport-noconfig.cmake
[5.529s] Invoked command in '/home/icrs/icrsUR/build/ur_dashboard_msgs' returned '0': CMAKE_PREFIX_PATH=${CMAKE_PREFIX_PATH}:/home/icrs/icrsUR/install/camera_control:/home/icrs/icrsUR/install/gripper_control:/opt/ros/humble /usr/bin/cmake --install /home/icrs/icrsUR/build/ur_dashboard_msgs
