[0.065s] Invoking command in '/home/icrs/icrsUR/build/service_ur5ik': CMAKE_PREFIX_PATH=/home/icrs/icrsUR/install/interfaces_ur5ik:/home/icrs/icrsUR/install/ur:/home/icrs/icrsUR/install/ur_calibration:/home/icrs/icrsUR/install/ur_robot_driver:/home/icrs/icrsUR/install/ur_mover:/home/icrs/icrsUR/install/ur_moveit_config:/home/icrs/icrsUR/install/ur_bringup:/home/icrs/icrsUR/install/ur_description:/home/icrs/icrsUR/install/ur_controllers:/home/icrs/icrsUR/install/ur_dashboard_msgs:/home/icrs/icrsUR/install/ur_custom_interfaces:/home/icrs/icrsUR/install/service_ur5ik:/home/icrs/icrsUR/install/robotiq_description:/home/icrs/icrsUR/install/camera_control:/home/icrs/icrsUR/install/gripper_control:/opt/ros/humble LD_LIBRARY_PATH=/home/icrs/icrsUR/install/interfaces_ur5ik/lib:/home/icrs/icrsUR/install/ur_robot_driver/lib:/home/icrs/icrsUR/install/ur_controllers/lib:/home/icrs/icrsUR/install/ur_dashboard_msgs/lib:/home/icrs/icrsUR/install/ur_custom_interfaces/lib:/usr/local/cuda-11.8/lib64:/opt/ros/humble/opt/rviz_ogre_vendor/lib:/opt/ros/humble/lib/x86_64-linux-gnu:/opt/ros/humble/lib /usr/bin/cmake --build /home/icrs/icrsUR/build/service_ur5ik -- -j8 -l8
[0.193s] [ 50%] Built target target_client
[0.193s] [100%] Built target calc_server
[0.194s] [100%] Built target ament_cmake_python_symlink_service_ur5ik
[0.728s] running egg_info
[0.729s] writing service_ur5ik.egg-info/PKG-INFO
[0.729s] writing dependency_links to service_ur5ik.egg-info/dependency_links.txt
[0.730s] writing top-level names to service_ur5ik.egg-info/top_level.txt
[0.733s] reading manifest file 'service_ur5ik.egg-info/SOURCES.txt'
[0.734s] writing manifest file 'service_ur5ik.egg-info/SOURCES.txt'
[0.785s] [100%] Built target ament_cmake_python_build_service_ur5ik_egg
[0.808s] Invoked command in '/home/icrs/icrsUR/build/service_ur5ik' returned '0': CMAKE_PREFIX_PATH=/home/icrs/icrsUR/install/interfaces_ur5ik:/home/icrs/icrsUR/install/ur:/home/icrs/icrsUR/install/ur_calibration:/home/icrs/icrsUR/install/ur_robot_driver:/home/icrs/icrsUR/install/ur_mover:/home/icrs/icrsUR/install/ur_moveit_config:/home/icrs/icrsUR/install/ur_bringup:/home/icrs/icrsUR/install/ur_description:/home/icrs/icrsUR/install/ur_controllers:/home/icrs/icrsUR/install/ur_dashboard_msgs:/home/icrs/icrsUR/install/ur_custom_interfaces:/home/icrs/icrsUR/install/service_ur5ik:/home/icrs/icrsUR/install/robotiq_description:/home/icrs/icrsUR/install/camera_control:/home/icrs/icrsUR/install/gripper_control:/opt/ros/humble LD_LIBRARY_PATH=/home/icrs/icrsUR/install/interfaces_ur5ik/lib:/home/icrs/icrsUR/install/ur_robot_driver/lib:/home/icrs/icrsUR/install/ur_controllers/lib:/home/icrs/icrsUR/install/ur_dashboard_msgs/lib:/home/icrs/icrsUR/install/ur_custom_interfaces/lib:/usr/local/cuda-11.8/lib64:/opt/ros/humble/opt/rviz_ogre_vendor/lib:/opt/ros/humble/lib/x86_64-linux-gnu:/opt/ros/humble/lib /usr/bin/cmake --build /home/icrs/icrsUR/build/service_ur5ik -- -j8 -l8
[0.858s] Invoking command in '/home/icrs/icrsUR/build/service_ur5ik': CMAKE_PREFIX_PATH=/home/icrs/icrsUR/install/interfaces_ur5ik:/home/icrs/icrsUR/install/ur:/home/icrs/icrsUR/install/ur_calibration:/home/icrs/icrsUR/install/ur_robot_driver:/home/icrs/icrsUR/install/ur_mover:/home/icrs/icrsUR/install/ur_moveit_config:/home/icrs/icrsUR/install/ur_bringup:/home/icrs/icrsUR/install/ur_description:/home/icrs/icrsUR/install/ur_controllers:/home/icrs/icrsUR/install/ur_dashboard_msgs:/home/icrs/icrsUR/install/ur_custom_interfaces:/home/icrs/icrsUR/install/service_ur5ik:/home/icrs/icrsUR/install/robotiq_description:/home/icrs/icrsUR/install/camera_control:/home/icrs/icrsUR/install/gripper_control:/opt/ros/humble LD_LIBRARY_PATH=/home/icrs/icrsUR/install/interfaces_ur5ik/lib:/home/icrs/icrsUR/install/ur_robot_driver/lib:/home/icrs/icrsUR/install/ur_controllers/lib:/home/icrs/icrsUR/install/ur_dashboard_msgs/lib:/home/icrs/icrsUR/install/ur_custom_interfaces/lib:/usr/local/cuda-11.8/lib64:/opt/ros/humble/opt/rviz_ogre_vendor/lib:/opt/ros/humble/lib/x86_64-linux-gnu:/opt/ros/humble/lib /usr/bin/cmake --install /home/icrs/icrsUR/build/service_ur5ik
[0.873s] -- Install configuration: ""
[0.874s] -- Execute custom install script
[0.875s] -- Up-to-date symlink: /home/icrs/icrsUR/install/service_ur5ik/lib/service_ur5ik/target_client
[0.875s] -- Up-to-date symlink: /home/icrs/icrsUR/install/service_ur5ik/lib/service_ur5ik/calc_server
[0.875s] -- Up-to-date symlink: /home/icrs/icrsUR/install/service_ur5ik/share/service_ur5ik/environment/pythonpath.sh
[0.876s] -- Up-to-date symlink: /home/icrs/icrsUR/install/service_ur5ik/share/service_ur5ik/environment/pythonpath.dsv
[0.877s] -- Up-to-date symlink: /home/icrs/icrsUR/install/service_ur5ik/local/lib/python3.10/dist-packages/service_ur5ik-0.0.0-py3.10.egg-info/PKG-INFO
[0.877s] -- Up-to-date symlink: /home/icrs/icrsUR/install/service_ur5ik/local/lib/python3.10/dist-packages/service_ur5ik-0.0.0-py3.10.egg-info/SOURCES.txt
[0.877s] -- Up-to-date symlink: /home/icrs/icrsUR/install/service_ur5ik/local/lib/python3.10/dist-packages/service_ur5ik-0.0.0-py3.10.egg-info/dependency_links.txt
[0.877s] -- Up-to-date symlink: /home/icrs/icrsUR/install/service_ur5ik/local/lib/python3.10/dist-packages/service_ur5ik-0.0.0-py3.10.egg-info/top_level.txt
[0.878s] -- Up-to-date symlink: /home/icrs/icrsUR/install/service_ur5ik/local/lib/python3.10/dist-packages/service_ur5ik/__init__.py
[0.878s] -- Up-to-date symlink: /home/icrs/icrsUR/install/service_ur5ik/lib/service_ur5ik/target_client_py.py
[0.878s] -- Up-to-date symlink: /home/icrs/icrsUR/install/service_ur5ik/lib/service_ur5ik/calc_server_py.py
[0.878s] -- Up-to-date symlink: /home/icrs/icrsUR/install/service_ur5ik/share/ament_index/resource_index/package_run_dependencies/service_ur5ik
[0.879s] -- Up-to-date symlink: /home/icrs/icrsUR/install/service_ur5ik/share/ament_index/resource_index/parent_prefix_path/service_ur5ik
[0.879s] -- Up-to-date symlink: /home/icrs/icrsUR/install/service_ur5ik/share/service_ur5ik/environment/ament_prefix_path.sh
[0.879s] -- Up-to-date symlink: /home/icrs/icrsUR/install/service_ur5ik/share/service_ur5ik/environment/ament_prefix_path.dsv
[0.880s] -- Up-to-date symlink: /home/icrs/icrsUR/install/service_ur5ik/share/service_ur5ik/environment/path.sh
[0.880s] -- Up-to-date symlink: /home/icrs/icrsUR/install/service_ur5ik/share/service_ur5ik/environment/path.dsv
[0.880s] -- Up-to-date symlink: /home/icrs/icrsUR/install/service_ur5ik/share/service_ur5ik/local_setup.bash
[0.880s] -- Up-to-date symlink: /home/icrs/icrsUR/install/service_ur5ik/share/service_ur5ik/local_setup.sh
[0.881s] -- Up-to-date symlink: /home/icrs/icrsUR/install/service_ur5ik/share/service_ur5ik/local_setup.zsh
[0.881s] -- Up-to-date symlink: /home/icrs/icrsUR/install/service_ur5ik/share/service_ur5ik/local_setup.dsv
[0.881s] -- Symlinking: /home/icrs/icrsUR/install/service_ur5ik/share/service_ur5ik/package.dsv
[0.896s] -- Up-to-date symlink: /home/icrs/icrsUR/install/service_ur5ik/share/ament_index/resource_index/packages/service_ur5ik
[0.896s] -- Up-to-date symlink: /home/icrs/icrsUR/install/service_ur5ik/share/service_ur5ik/cmake/service_ur5ikConfig.cmake
[0.897s] -- Up-to-date symlink: /home/icrs/icrsUR/install/service_ur5ik/share/service_ur5ik/cmake/service_ur5ikConfig-version.cmake
[0.897s] -- Up-to-date symlink: /home/icrs/icrsUR/install/service_ur5ik/share/service_ur5ik/package.xml
[0.962s] Listing '/home/icrs/icrsUR/install/service_ur5ik/local/lib/python3.10/dist-packages/service_ur5ik'...
[0.982s] Invoked command in '/home/icrs/icrsUR/build/service_ur5ik' returned '0': CMAKE_PREFIX_PATH=/home/icrs/icrsUR/install/interfaces_ur5ik:/home/icrs/icrsUR/install/ur:/home/icrs/icrsUR/install/ur_calibration:/home/icrs/icrsUR/install/ur_robot_driver:/home/icrs/icrsUR/install/ur_mover:/home/icrs/icrsUR/install/ur_moveit_config:/home/icrs/icrsUR/install/ur_bringup:/home/icrs/icrsUR/install/ur_description:/home/icrs/icrsUR/install/ur_controllers:/home/icrs/icrsUR/install/ur_dashboard_msgs:/home/icrs/icrsUR/install/ur_custom_interfaces:/home/icrs/icrsUR/install/service_ur5ik:/home/icrs/icrsUR/install/robotiq_description:/home/icrs/icrsUR/install/camera_control:/home/icrs/icrsUR/install/gripper_control:/opt/ros/humble LD_LIBRARY_PATH=/home/icrs/icrsUR/install/interfaces_ur5ik/lib:/home/icrs/icrsUR/install/ur_robot_driver/lib:/home/icrs/icrsUR/install/ur_controllers/lib:/home/icrs/icrsUR/install/ur_dashboard_msgs/lib:/home/icrs/icrsUR/install/ur_custom_interfaces/lib:/usr/local/cuda-11.8/lib64:/opt/ros/humble/opt/rviz_ogre_vendor/lib:/opt/ros/humble/lib/x86_64-linux-gnu:/opt/ros/humble/lib /usr/bin/cmake --install /home/icrs/icrsUR/build/service_ur5ik
