[0.115s] Invoking command in '/home/icrs/icrsUR/build/ur_custom_interfaces': CMAKE_PREFIX_PATH=${CMAKE_PREFIX_PATH}:/home/icrs/icrsUR/install/camera_control:/home/icrs/icrsUR/install/gripper_control:/opt/ros/humble /usr/bin/cmake --build /home/icrs/icrsUR/build/ur_custom_interfaces -- -j8 -l8
[1.926s] [  3%] Built target ur_custom_interfaces__cpp
[1.926s] [ 12%] Built target ur_custom_interfaces__rosidl_generator_c
[1.927s] [ 12%] Built target ament_cmake_python_symlink_ur_custom_interfaces
[1.927s] [ 22%] Built target ur_custom_interfaces__rosidl_typesupport_fastrtps_cpp
[1.928s] [ 32%] Built target ur_custom_interfaces__rosidl_typesupport_c
[1.928s] [ 41%] Built target ur_custom_interfaces__rosidl_typesupport_introspection_c
[1.929s] [ 51%] Built target ur_custom_interfaces__rosidl_typesupport_fastrtps_c
[1.929s] [ 61%] Built target ur_custom_interfaces__rosidl_typesupport_cpp
[1.930s] [ 70%] Built target ur_custom_interfaces__rosidl_typesupport_introspection_cpp
[1.930s] [ 70%] Built target ur_custom_interfaces
[1.931s] [ 74%] Built target ur_custom_interfaces__py
[1.931s] [ 80%] Built target ur_custom_interfaces__rosidl_generator_py
[1.932s] [ 87%] Built target ur_custom_interfaces__rosidl_typesupport_introspection_c__pyext
[1.932s] [ 93%] Built target ur_custom_interfaces__rosidl_typesupport_fastrtps_c__pyext
[1.933s] [100%] Built target ur_custom_interfaces__rosidl_typesupport_c__pyext
[2.011s] running egg_info
[2.016s] writing ur_custom_interfaces.egg-info/PKG-INFO
[2.017s] writing dependency_links to ur_custom_interfaces.egg-info/dependency_links.txt
[2.018s] writing top-level names to ur_custom_interfaces.egg-info/top_level.txt
[2.035s] reading manifest file 'ur_custom_interfaces.egg-info/SOURCES.txt'
[2.039s] writing manifest file 'ur_custom_interfaces.egg-info/SOURCES.txt'
[2.176s] [100%] Built target ament_cmake_python_build_ur_custom_interfaces_egg
[2.277s] Invoked command in '/home/icrs/icrsUR/build/ur_custom_interfaces' returned '0': CMAKE_PREFIX_PATH=${CMAKE_PREFIX_PATH}:/home/icrs/icrsUR/install/camera_control:/home/icrs/icrsUR/install/gripper_control:/opt/ros/humble /usr/bin/cmake --build /home/icrs/icrsUR/build/ur_custom_interfaces -- -j8 -l8
[2.594s] Invoking command in '/home/icrs/icrsUR/build/ur_custom_interfaces': CMAKE_PREFIX_PATH=${CMAKE_PREFIX_PATH}:/home/icrs/icrsUR/install/camera_control:/home/icrs/icrsUR/install/gripper_control:/opt/ros/humble /usr/bin/cmake --install /home/icrs/icrsUR/build/ur_custom_interfaces
[2.622s] -- Install configuration: ""
[2.626s] -- Execute custom install script
[2.627s] -- Up-to-date symlink: /home/icrs/icrsUR/install/ur_custom_interfaces/share/ament_index/resource_index/rosidl_interfaces/ur_custom_interfaces
[2.628s] -- Up-to-date symlink: /home/icrs/icrsUR/install/ur_custom_interfaces/include/ur_custom_interfaces/ur_custom_interfaces/msg/detail/ur_command__functions.h
[2.631s] -- Up-to-date symlink: /home/icrs/icrsUR/install/ur_custom_interfaces/include/ur_custom_interfaces/ur_custom_interfaces/msg/detail/ur_command__struct.h
[2.631s] -- Up-to-date symlink: /home/icrs/icrsUR/install/ur_custom_interfaces/include/ur_custom_interfaces/ur_custom_interfaces/msg/detail/ur_command__type_support.h
[2.632s] -- Up-to-date symlink: /home/icrs/icrsUR/install/ur_custom_interfaces/include/ur_custom_interfaces/ur_custom_interfaces/msg/rosidl_generator_c__visibility_control.h
[2.632s] -- Up-to-date symlink: /home/icrs/icrsUR/install/ur_custom_interfaces/include/ur_custom_interfaces/ur_custom_interfaces/msg/ur_command.h
[2.635s] -- Up-to-date symlink: /home/icrs/icrsUR/install/ur_custom_interfaces/share/ur_custom_interfaces/environment/library_path.sh
[2.635s] -- Up-to-date symlink: /home/icrs/icrsUR/install/ur_custom_interfaces/share/ur_custom_interfaces/environment/library_path.dsv
[2.636s] -- Up-to-date symlink: /home/icrs/icrsUR/install/ur_custom_interfaces/include/ur_custom_interfaces/ur_custom_interfaces/msg/detail/ur_command__rosidl_typesupport_fastrtps_c.h
[2.637s] -- Up-to-date symlink: /home/icrs/icrsUR/install/ur_custom_interfaces/include/ur_custom_interfaces/ur_custom_interfaces/msg/rosidl_typesupport_fastrtps_c__visibility_control.h
[2.638s] -- Up-to-date symlink: /home/icrs/icrsUR/install/ur_custom_interfaces/include/ur_custom_interfaces/ur_custom_interfaces/msg/detail/ur_command__rosidl_typesupport_introspection_c.h
[2.639s] -- Up-to-date symlink: /home/icrs/icrsUR/install/ur_custom_interfaces/include/ur_custom_interfaces/ur_custom_interfaces/msg/rosidl_typesupport_introspection_c__visibility_control.h
[2.640s] -- Up-to-date symlink: /home/icrs/icrsUR/install/ur_custom_interfaces/include/ur_custom_interfaces/ur_custom_interfaces/msg/detail/ur_command__builder.hpp
[2.641s] -- Up-to-date symlink: /home/icrs/icrsUR/install/ur_custom_interfaces/include/ur_custom_interfaces/ur_custom_interfaces/msg/detail/ur_command__struct.hpp
[2.642s] -- Up-to-date symlink: /home/icrs/icrsUR/install/ur_custom_interfaces/include/ur_custom_interfaces/ur_custom_interfaces/msg/detail/ur_command__traits.hpp
[2.643s] -- Up-to-date symlink: /home/icrs/icrsUR/install/ur_custom_interfaces/include/ur_custom_interfaces/ur_custom_interfaces/msg/ur_command.hpp
[2.645s] -- Up-to-date symlink: /home/icrs/icrsUR/install/ur_custom_interfaces/include/ur_custom_interfaces/ur_custom_interfaces/msg/detail/ur_command__rosidl_typesupport_fastrtps_cpp.hpp
[2.646s] -- Up-to-date symlink: /home/icrs/icrsUR/install/ur_custom_interfaces/include/ur_custom_interfaces/ur_custom_interfaces/msg/rosidl_typesupport_fastrtps_cpp__visibility_control.h
[2.647s] -- Up-to-date symlink: /home/icrs/icrsUR/install/ur_custom_interfaces/include/ur_custom_interfaces/ur_custom_interfaces/msg/detail/ur_command__rosidl_typesupport_introspection_cpp.hpp
[2.648s] -- Up-to-date symlink: /home/icrs/icrsUR/install/ur_custom_interfaces/share/ur_custom_interfaces/environment/pythonpath.sh
[2.649s] -- Up-to-date symlink: /home/icrs/icrsUR/install/ur_custom_interfaces/share/ur_custom_interfaces/environment/pythonpath.dsv
[2.650s] -- Up-to-date symlink: /home/icrs/icrsUR/install/ur_custom_interfaces/local/lib/python3.10/dist-packages/ur_custom_interfaces-0.0.0-py3.10.egg-info/PKG-INFO
[2.652s] -- Up-to-date symlink: /home/icrs/icrsUR/install/ur_custom_interfaces/local/lib/python3.10/dist-packages/ur_custom_interfaces-0.0.0-py3.10.egg-info/SOURCES.txt
[2.652s] -- Up-to-date symlink: /home/icrs/icrsUR/install/ur_custom_interfaces/local/lib/python3.10/dist-packages/ur_custom_interfaces-0.0.0-py3.10.egg-info/dependency_links.txt
[2.653s] -- Up-to-date symlink: /home/icrs/icrsUR/install/ur_custom_interfaces/local/lib/python3.10/dist-packages/ur_custom_interfaces-0.0.0-py3.10.egg-info/top_level.txt
[2.655s] -- Up-to-date symlink: /home/icrs/icrsUR/install/ur_custom_interfaces/local/lib/python3.10/dist-packages/ur_custom_interfaces/__init__.py
[2.656s] -- Up-to-date symlink: /home/icrs/icrsUR/install/ur_custom_interfaces/local/lib/python3.10/dist-packages/ur_custom_interfaces/_ur_custom_interfaces_s.ep.rosidl_typesupport_c.c
[2.657s] -- Up-to-date symlink: /home/icrs/icrsUR/install/ur_custom_interfaces/local/lib/python3.10/dist-packages/ur_custom_interfaces/_ur_custom_interfaces_s.ep.rosidl_typesupport_fastrtps_c.c
[2.658s] -- Up-to-date symlink: /home/icrs/icrsUR/install/ur_custom_interfaces/local/lib/python3.10/dist-packages/ur_custom_interfaces/_ur_custom_interfaces_s.ep.rosidl_typesupport_introspection_c.c
[2.659s] -- Up-to-date symlink: /home/icrs/icrsUR/install/ur_custom_interfaces/local/lib/python3.10/dist-packages/ur_custom_interfaces/libur_custom_interfaces__rosidl_generator_py.so
[2.659s] -- Up-to-date symlink: /home/icrs/icrsUR/install/ur_custom_interfaces/local/lib/python3.10/dist-packages/ur_custom_interfaces/msg/__init__.py
[2.661s] -- Up-to-date symlink: /home/icrs/icrsUR/install/ur_custom_interfaces/local/lib/python3.10/dist-packages/ur_custom_interfaces/msg/_ur_command.py
[2.661s] -- Up-to-date symlink: /home/icrs/icrsUR/install/ur_custom_interfaces/local/lib/python3.10/dist-packages/ur_custom_interfaces/msg/_ur_command_s.c
[2.662s] -- Up-to-date symlink: /home/icrs/icrsUR/install/ur_custom_interfaces/local/lib/python3.10/dist-packages/ur_custom_interfaces/ur_custom_interfaces_s__rosidl_typesupport_c.cpython-310-x86_64-linux-gnu.so
[2.662s] -- Up-to-date symlink: /home/icrs/icrsUR/install/ur_custom_interfaces/local/lib/python3.10/dist-packages/ur_custom_interfaces/ur_custom_interfaces_s__rosidl_typesupport_fastrtps_c.cpython-310-x86_64-linux-gnu.so
[2.663s] -- Up-to-date symlink: /home/icrs/icrsUR/install/ur_custom_interfaces/local/lib/python3.10/dist-packages/ur_custom_interfaces/ur_custom_interfaces_s__rosidl_typesupport_introspection_c.cpython-310-x86_64-linux-gnu.so
[2.664s] -- Up-to-date symlink: /home/icrs/icrsUR/install/ur_custom_interfaces/local/lib/python3.10/dist-packages/ur_custom_interfaces/ur_custom_interfaces_s__rosidl_typesupport_fastrtps_c.cpython-310-x86_64-linux-gnu.so
[2.665s] -- Up-to-date symlink: /home/icrs/icrsUR/install/ur_custom_interfaces/local/lib/python3.10/dist-packages/ur_custom_interfaces/ur_custom_interfaces_s__rosidl_typesupport_introspection_c.cpython-310-x86_64-linux-gnu.so
[2.666s] -- Up-to-date symlink: /home/icrs/icrsUR/install/ur_custom_interfaces/local/lib/python3.10/dist-packages/ur_custom_interfaces/ur_custom_interfaces_s__rosidl_typesupport_c.cpython-310-x86_64-linux-gnu.so
[2.666s] -- Up-to-date symlink: /home/icrs/icrsUR/install/ur_custom_interfaces/share/ur_custom_interfaces/msg/URCommand.idl
[2.667s] -- Up-to-date symlink: /home/icrs/icrsUR/install/ur_custom_interfaces/share/ur_custom_interfaces/msg/URCommand.msg
[2.668s] -- Up-to-date symlink: /home/icrs/icrsUR/install/ur_custom_interfaces/share/ament_index/resource_index/package_run_dependencies/ur_custom_interfaces
[2.669s] -- Up-to-date symlink: /home/icrs/icrsUR/install/ur_custom_interfaces/share/ament_index/resource_index/parent_prefix_path/ur_custom_interfaces
[2.669s] -- Up-to-date symlink: /home/icrs/icrsUR/install/ur_custom_interfaces/share/ur_custom_interfaces/environment/ament_prefix_path.sh
[2.670s] -- Up-to-date symlink: /home/icrs/icrsUR/install/ur_custom_interfaces/share/ur_custom_interfaces/environment/ament_prefix_path.dsv
[2.670s] -- Up-to-date symlink: /home/icrs/icrsUR/install/ur_custom_interfaces/share/ur_custom_interfaces/environment/path.sh
[2.672s] -- Up-to-date symlink: /home/icrs/icrsUR/install/ur_custom_interfaces/share/ur_custom_interfaces/environment/path.dsv
[2.672s] -- Up-to-date symlink: /home/icrs/icrsUR/install/ur_custom_interfaces/share/ur_custom_interfaces/local_setup.bash
[2.673s] -- Up-to-date symlink: /home/icrs/icrsUR/install/ur_custom_interfaces/share/ur_custom_interfaces/local_setup.sh
[2.673s] -- Up-to-date symlink: /home/icrs/icrsUR/install/ur_custom_interfaces/share/ur_custom_interfaces/local_setup.zsh
[2.674s] -- Up-to-date symlink: /home/icrs/icrsUR/install/ur_custom_interfaces/share/ur_custom_interfaces/local_setup.dsv
[2.674s] -- Symlinking: /home/icrs/icrsUR/install/ur_custom_interfaces/share/ur_custom_interfaces/package.dsv
[2.714s] -- Up-to-date symlink: /home/icrs/icrsUR/install/ur_custom_interfaces/share/ament_index/resource_index/packages/ur_custom_interfaces
[2.714s] -- Up-to-date symlink: /home/icrs/icrsUR/install/ur_custom_interfaces/share/ur_custom_interfaces/cmake/rosidl_cmake-extras.cmake
[2.715s] -- Up-to-date symlink: /home/icrs/icrsUR/install/ur_custom_interfaces/share/ur_custom_interfaces/cmake/ament_cmake_export_include_directories-extras.cmake
[2.716s] -- Up-to-date symlink: /home/icrs/icrsUR/install/ur_custom_interfaces/share/ur_custom_interfaces/cmake/ament_cmake_export_libraries-extras.cmake
[2.716s] -- Up-to-date symlink: /home/icrs/icrsUR/install/ur_custom_interfaces/share/ur_custom_interfaces/cmake/ament_cmake_export_targets-extras.cmake
[2.717s] -- Up-to-date symlink: /home/icrs/icrsUR/install/ur_custom_interfaces/share/ur_custom_interfaces/cmake/rosidl_cmake_export_typesupport_targets-extras.cmake
[2.718s] -- Up-to-date symlink: /home/icrs/icrsUR/install/ur_custom_interfaces/share/ur_custom_interfaces/cmake/ament_cmake_export_dependencies-extras.cmake
[2.718s] -- Up-to-date symlink: /home/icrs/icrsUR/install/ur_custom_interfaces/share/ur_custom_interfaces/cmake/rosidl_cmake_export_typesupport_libraries-extras.cmake
[2.719s] -- Up-to-date symlink: /home/icrs/icrsUR/install/ur_custom_interfaces/share/ur_custom_interfaces/cmake/ur_custom_interfacesConfig.cmake
[2.720s] -- Up-to-date symlink: /home/icrs/icrsUR/install/ur_custom_interfaces/share/ur_custom_interfaces/cmake/ur_custom_interfacesConfig-version.cmake
[2.721s] -- Up-to-date symlink: /home/icrs/icrsUR/install/ur_custom_interfaces/share/ur_custom_interfaces/package.xml
[2.722s] -- Up-to-date: /home/icrs/icrsUR/install/ur_custom_interfaces/lib/libur_custom_interfaces__rosidl_generator_c.so
[2.722s] -- Up-to-date: /home/icrs/icrsUR/install/ur_custom_interfaces/lib/libur_custom_interfaces__rosidl_typesupport_fastrtps_c.so
[2.724s] -- Up-to-date: /home/icrs/icrsUR/install/ur_custom_interfaces/lib/libur_custom_interfaces__rosidl_typesupport_introspection_c.so
[2.725s] -- Up-to-date: /home/icrs/icrsUR/install/ur_custom_interfaces/lib/libur_custom_interfaces__rosidl_typesupport_c.so
[2.726s] -- Up-to-date: /home/icrs/icrsUR/install/ur_custom_interfaces/lib/libur_custom_interfaces__rosidl_typesupport_fastrtps_cpp.so
[2.726s] -- Up-to-date: /home/icrs/icrsUR/install/ur_custom_interfaces/lib/libur_custom_interfaces__rosidl_typesupport_introspection_cpp.so
[2.727s] -- Up-to-date: /home/icrs/icrsUR/install/ur_custom_interfaces/lib/libur_custom_interfaces__rosidl_typesupport_cpp.so
[2.937s] Listing '/home/icrs/icrsUR/install/ur_custom_interfaces/local/lib/python3.10/dist-packages/ur_custom_interfaces'...
[2.938s] Listing '/home/icrs/icrsUR/install/ur_custom_interfaces/local/lib/python3.10/dist-packages/ur_custom_interfaces/msg'...
[2.967s] -- Up-to-date: /home/icrs/icrsUR/install/ur_custom_interfaces/lib/libur_custom_interfaces__rosidl_generator_py.so
[2.969s] -- Up-to-date: /home/icrs/icrsUR/install/ur_custom_interfaces/share/ur_custom_interfaces/cmake/export_ur_custom_interfaces__rosidl_generator_cExport.cmake
[2.969s] -- Up-to-date: /home/icrs/icrsUR/install/ur_custom_interfaces/share/ur_custom_interfaces/cmake/export_ur_custom_interfaces__rosidl_generator_cExport-noconfig.cmake
[2.970s] -- Up-to-date: /home/icrs/icrsUR/install/ur_custom_interfaces/share/ur_custom_interfaces/cmake/export_ur_custom_interfaces__rosidl_typesupport_fastrtps_cExport.cmake
[2.970s] -- Up-to-date: /home/icrs/icrsUR/install/ur_custom_interfaces/share/ur_custom_interfaces/cmake/export_ur_custom_interfaces__rosidl_typesupport_fastrtps_cExport-noconfig.cmake
[2.972s] -- Up-to-date: /home/icrs/icrsUR/install/ur_custom_interfaces/share/ur_custom_interfaces/cmake/ur_custom_interfaces__rosidl_typesupport_introspection_cExport.cmake
[2.972s] -- Up-to-date: /home/icrs/icrsUR/install/ur_custom_interfaces/share/ur_custom_interfaces/cmake/ur_custom_interfaces__rosidl_typesupport_introspection_cExport-noconfig.cmake
[2.973s] -- Up-to-date: /home/icrs/icrsUR/install/ur_custom_interfaces/share/ur_custom_interfaces/cmake/ur_custom_interfaces__rosidl_typesupport_cExport.cmake
[2.974s] -- Up-to-date: /home/icrs/icrsUR/install/ur_custom_interfaces/share/ur_custom_interfaces/cmake/ur_custom_interfaces__rosidl_typesupport_cExport-noconfig.cmake
[2.974s] -- Up-to-date: /home/icrs/icrsUR/install/ur_custom_interfaces/share/ur_custom_interfaces/cmake/export_ur_custom_interfaces__rosidl_generator_cppExport.cmake
[2.975s] -- Up-to-date: /home/icrs/icrsUR/install/ur_custom_interfaces/share/ur_custom_interfaces/cmake/export_ur_custom_interfaces__rosidl_typesupport_fastrtps_cppExport.cmake
[2.976s] -- Up-to-date: /home/icrs/icrsUR/install/ur_custom_interfaces/share/ur_custom_interfaces/cmake/export_ur_custom_interfaces__rosidl_typesupport_fastrtps_cppExport-noconfig.cmake
[2.976s] -- Up-to-date: /home/icrs/icrsUR/install/ur_custom_interfaces/share/ur_custom_interfaces/cmake/ur_custom_interfaces__rosidl_typesupport_introspection_cppExport.cmake
[2.977s] -- Up-to-date: /home/icrs/icrsUR/install/ur_custom_interfaces/share/ur_custom_interfaces/cmake/ur_custom_interfaces__rosidl_typesupport_introspection_cppExport-noconfig.cmake
[2.978s] -- Up-to-date: /home/icrs/icrsUR/install/ur_custom_interfaces/share/ur_custom_interfaces/cmake/ur_custom_interfaces__rosidl_typesupport_cppExport.cmake
[2.978s] -- Up-to-date: /home/icrs/icrsUR/install/ur_custom_interfaces/share/ur_custom_interfaces/cmake/ur_custom_interfaces__rosidl_typesupport_cppExport-noconfig.cmake
[2.979s] -- Up-to-date: /home/icrs/icrsUR/install/ur_custom_interfaces/share/ur_custom_interfaces/cmake/export_ur_custom_interfaces__rosidl_generator_pyExport.cmake
[2.979s] -- Up-to-date: /home/icrs/icrsUR/install/ur_custom_interfaces/share/ur_custom_interfaces/cmake/export_ur_custom_interfaces__rosidl_generator_pyExport-noconfig.cmake
[2.988s] Invoked command in '/home/icrs/icrsUR/build/ur_custom_interfaces' returned '0': CMAKE_PREFIX_PATH=${CMAKE_PREFIX_PATH}:/home/icrs/icrsUR/install/camera_control:/home/icrs/icrsUR/install/gripper_control:/opt/ros/humble /usr/bin/cmake --install /home/icrs/icrsUR/build/ur_custom_interfaces
