[0.016s] Invoking command in '/home/icrs/icrsUR/build/module_6_assignment': CMAKE_PREFIX_PATH=${CMAKE_PREFIX_PATH}:/opt/ros/humble /usr/bin/cmake /home/icrs/icrsUR/src/robotics_software_engineer-assignments/module_6_assignment -DCMAKE_INSTALL_PREFIX=/home/icrs/icrsUR/install/module_6_assignment
[0.231s] -- The C compiler identification is GNU 11.4.0
[0.450s] -- The CXX compiler identification is GNU 11.4.0
[0.468s] -- Detecting C compiler ABI info
[0.614s] -- Detecting C compiler ABI info - done
[0.634s] -- Check for working C compiler: /usr/bin/cc - skipped
[0.635s] -- Detecting C compile features
[0.636s] -- Detecting C compile features - done
[0.644s] -- Detecting CXX compiler ABI info
[0.798s] -- Detecting CXX compiler ABI info - done
[0.820s] -- Check for working CXX compiler: /usr/bin/c++ - skipped
[0.821s] -- Detecting CXX compile features
[0.822s] -- Detecting CXX compile features - done
[0.842s] -- Found ament_cmake: 1.3.10 (/opt/ros/humble/share/ament_cmake/cmake)
[1.034s] -- Found Python3: /usr/bin/python3 (found version "3.10.12") found components: Interpreter 
[1.132s] -- Found rclcpp: 16.0.10 (/opt/ros/humble/share/rclcpp/cmake)
[1.173s] -- Found rosidl_generator_c: 3.1.5 (/opt/ros/humble/share/rosidl_generator_c/cmake)
[1.178s] -- Found rosidl_adapter: 3.1.5 (/opt/ros/humble/share/rosidl_adapter/cmake)
[1.187s] -- Found rosidl_generator_cpp: 3.1.5 (/opt/ros/humble/share/rosidl_generator_cpp/cmake)
[1.200s] -- Using all available rosidl_typesupport_c: rosidl_typesupport_fastrtps_c;rosidl_typesupport_introspection_c
[1.216s] -- Using all available rosidl_typesupport_cpp: rosidl_typesupport_fastrtps_cpp;rosidl_typesupport_introspection_cpp
[1.259s] -- Found rmw_implementation_cmake: 6.1.2 (/opt/ros/humble/share/rmw_implementation_cmake/cmake)
[1.261s] -- Found rmw_fastrtps_cpp: 6.2.7 (/opt/ros/humble/share/rmw_fastrtps_cpp/cmake)
[1.333s] -- Found OpenSSL: /usr/lib/x86_64-linux-gnu/libcrypto.so (found version "3.0.2")  
[1.357s] -- Found FastRTPS: /opt/ros/humble/include  
[1.393s] -- Using RMW implementation 'rmw_fastrtps_cpp' as default
[1.401s] -- Looking for pthread.h
[1.458s] -- Looking for pthread.h - found
[1.458s] -- Performing Test CMAKE_HAVE_LIBC_PTHREAD
[1.517s] -- Performing Test CMAKE_HAVE_LIBC_PTHREAD - Success
[1.518s] -- Found Threads: TRUE  
[1.566s] -- Found nav_msgs: 4.2.4 (/opt/ros/humble/share/nav_msgs/cmake)
[1.594s] -- Found sensor_msgs: 4.2.4 (/opt/ros/humble/share/sensor_msgs/cmake)
[1.611s] -- Found visualization_msgs: 4.2.4 (/opt/ros/humble/share/visualization_msgs/cmake)
[1.630s] -- Found tf2: 0.25.8 (/opt/ros/humble/share/tf2/cmake)
[1.640s] -- Found tf2_ros: 0.25.8 (/opt/ros/humble/share/tf2_ros/cmake)
[1.721s] -- Found PkgConfig: /usr/bin/pkg-config (found version "0.29.2") 
[1.722s] -- Checking for module 'geographiclib'
[1.724s] --   No package 'geographiclib' found
[1.724s] [31mCMake Error at /usr/share/cmake-3.22/Modules/FindPkgConfig.cmake:603 (message):
[1.724s]   A required package was not found
[1.724s] Call Stack (most recent call first):
[1.724s]   /usr/share/cmake-3.22/Modules/FindPkgConfig.cmake:825 (_pkg_check_modules_internal)
[1.724s]   CMakeLists.txt:23 (pkg_check_modules)
[1.724s] 
[1.724s] [0m
[1.724s] -- Configuring incomplete, errors occurred!
[1.724s] See also "/home/icrs/icrsUR/build/module_6_assignment/CMakeFiles/CMakeOutput.log".
