[0.018s] Invoking command in '/home/icrs/icrsUR/build/ur_controllers': CMAKE_PREFIX_PATH=/home/icrs/icrsUR/install/ur_dashboard_msgs:/home/icrs/icrsUR/install/ur:/home/icrs/icrsUR/install/ur_calibration:/home/icrs/icrsUR/install/ur_robot_driver:/home/icrs/icrsUR/install/ur_mover:/home/icrs/icrsUR/install/ur_moveit_config:/home/icrs/icrsUR/install/ur_bringup:/home/icrs/icrsUR/install/ur_description:/home/icrs/icrsUR/install/ur_controllers:/home/icrs/icrsUR/install/ur_custom_interfaces:/home/icrs/icrsUR/install/service_ur5ik:/home/icrs/icrsUR/install/robotiq_description:/home/icrs/icrsUR/install/module_5_assignment:/home/icrs/icrsUR/install/module_3_assignment:/home/icrs/icrsUR/install/module_1_assignment:/home/icrs/icrsUR/install/module_10_assignment:/home/icrs/icrsUR/install/interfaces_ur5ik:/home/icrs/icrsUR/install/camera_control:/home/icrs/icrsUR/install/gripper_control:/opt/ros/humble LD_LIBRARY_PATH=/home/icrs/icrsUR/install/ur_dashboard_msgs/lib:/home/icrs/icrsUR/install/ur_robot_driver/lib:/home/icrs/icrsUR/install/ur_controllers/lib:/home/icrs/icrsUR/install/ur_custom_interfaces/lib:/home/icrs/icrsUR/install/interfaces_ur5ik/lib:/usr/local/cuda-11.8/lib64:/opt/ros/humble/opt/rviz_ogre_vendor/lib:/opt/ros/humble/lib/x86_64-linux-gnu:/opt/ros/humble/lib /usr/bin/cmake --build /home/icrs/icrsUR/build/ur_controllers -- -j8 -l8
[0.083s] [ 14%] Built target scaled_joint_trajectory_controller_parameters
[0.083s] [ 28%] Built target speed_scaling_state_broadcaster_parameters
[0.083s] [ 42%] Built target gpio_controller_parameters
[0.124s] [100%] Built target ur_controllers
[0.139s] Invoked command in '/home/icrs/icrsUR/build/ur_controllers' returned '0': CMAKE_PREFIX_PATH=/home/icrs/icrsUR/install/ur_dashboard_msgs:/home/icrs/icrsUR/install/ur:/home/icrs/icrsUR/install/ur_calibration:/home/icrs/icrsUR/install/ur_robot_driver:/home/icrs/icrsUR/install/ur_mover:/home/icrs/icrsUR/install/ur_moveit_config:/home/icrs/icrsUR/install/ur_bringup:/home/icrs/icrsUR/install/ur_description:/home/icrs/icrsUR/install/ur_controllers:/home/icrs/icrsUR/install/ur_custom_interfaces:/home/icrs/icrsUR/install/service_ur5ik:/home/icrs/icrsUR/install/robotiq_description:/home/icrs/icrsUR/install/module_5_assignment:/home/icrs/icrsUR/install/module_3_assignment:/home/icrs/icrsUR/install/module_1_assignment:/home/icrs/icrsUR/install/module_10_assignment:/home/icrs/icrsUR/install/interfaces_ur5ik:/home/icrs/icrsUR/install/camera_control:/home/icrs/icrsUR/install/gripper_control:/opt/ros/humble LD_LIBRARY_PATH=/home/icrs/icrsUR/install/ur_dashboard_msgs/lib:/home/icrs/icrsUR/install/ur_robot_driver/lib:/home/icrs/icrsUR/install/ur_controllers/lib:/home/icrs/icrsUR/install/ur_custom_interfaces/lib:/home/icrs/icrsUR/install/interfaces_ur5ik/lib:/usr/local/cuda-11.8/lib64:/opt/ros/humble/opt/rviz_ogre_vendor/lib:/opt/ros/humble/lib/x86_64-linux-gnu:/opt/ros/humble/lib /usr/bin/cmake --build /home/icrs/icrsUR/build/ur_controllers -- -j8 -l8
[0.182s] Invoking command in '/home/icrs/icrsUR/build/ur_controllers': CMAKE_PREFIX_PATH=/home/icrs/icrsUR/install/ur_dashboard_msgs:/home/icrs/icrsUR/install/ur:/home/icrs/icrsUR/install/ur_calibration:/home/icrs/icrsUR/install/ur_robot_driver:/home/icrs/icrsUR/install/ur_mover:/home/icrs/icrsUR/install/ur_moveit_config:/home/icrs/icrsUR/install/ur_bringup:/home/icrs/icrsUR/install/ur_description:/home/icrs/icrsUR/install/ur_controllers:/home/icrs/icrsUR/install/ur_custom_interfaces:/home/icrs/icrsUR/install/service_ur5ik:/home/icrs/icrsUR/install/robotiq_description:/home/icrs/icrsUR/install/module_5_assignment:/home/icrs/icrsUR/install/module_3_assignment:/home/icrs/icrsUR/install/module_1_assignment:/home/icrs/icrsUR/install/module_10_assignment:/home/icrs/icrsUR/install/interfaces_ur5ik:/home/icrs/icrsUR/install/camera_control:/home/icrs/icrsUR/install/gripper_control:/opt/ros/humble LD_LIBRARY_PATH=/home/icrs/icrsUR/install/ur_dashboard_msgs/lib:/home/icrs/icrsUR/install/ur_robot_driver/lib:/home/icrs/icrsUR/install/ur_controllers/lib:/home/icrs/icrsUR/install/ur_custom_interfaces/lib:/home/icrs/icrsUR/install/interfaces_ur5ik/lib:/usr/local/cuda-11.8/lib64:/opt/ros/humble/opt/rviz_ogre_vendor/lib:/opt/ros/humble/lib/x86_64-linux-gnu:/opt/ros/humble/lib /usr/bin/cmake --install /home/icrs/icrsUR/build/ur_controllers
[0.192s] -- Install configuration: ""
[0.192s] -- Execute custom install script
[0.193s] -- Up-to-date symlink: /home/icrs/icrsUR/install/ur_controllers/include/gpio_controller_parameters/gpio_controller_parameters.hpp
[0.193s] -- Up-to-date symlink: /home/icrs/icrsUR/install/ur_controllers/include/speed_scaling_state_broadcaster_parameters/speed_scaling_state_broadcaster_parameters.hpp
[0.193s] -- Up-to-date symlink: /home/icrs/icrsUR/install/ur_controllers/include/scaled_joint_trajectory_controller_parameters/scaled_joint_trajectory_controller_parameters.hpp
[0.193s] -- Up-to-date symlink: /home/icrs/icrsUR/install/ur_controllers/share/ur_controllers//controller_plugins.xml
[0.194s] -- Up-to-date symlink: /home/icrs/icrsUR/install/ur_controllers/lib/libur_controllers.so
[0.194s] -- Up-to-date symlink: /home/icrs/icrsUR/install/ur_controllers/include/ur_controllers/gpio_controller.hpp
[0.194s] -- Up-to-date symlink: /home/icrs/icrsUR/install/ur_controllers/include/ur_controllers/scaled_joint_trajectory_controller.hpp
[0.194s] -- Up-to-date symlink: /home/icrs/icrsUR/install/ur_controllers/include/ur_controllers/speed_scaling_state_broadcaster.hpp
[0.194s] -- Up-to-date symlink: /home/icrs/icrsUR/install/ur_controllers/share/ur_controllers/controller_plugins.xml
[0.195s] -- Up-to-date symlink: /home/icrs/icrsUR/install/ur_controllers/share/ur_controllers/environment/library_path.sh
[0.195s] -- Up-to-date symlink: /home/icrs/icrsUR/install/ur_controllers/share/ur_controllers/environment/library_path.dsv
[0.195s] -- Up-to-date symlink: /home/icrs/icrsUR/install/ur_controllers/share/ament_index/resource_index/package_run_dependencies/ur_controllers
[0.195s] -- Up-to-date symlink: /home/icrs/icrsUR/install/ur_controllers/share/ament_index/resource_index/parent_prefix_path/ur_controllers
[0.196s] -- Up-to-date symlink: /home/icrs/icrsUR/install/ur_controllers/share/ur_controllers/environment/ament_prefix_path.sh
[0.196s] -- Up-to-date symlink: /home/icrs/icrsUR/install/ur_controllers/share/ur_controllers/environment/ament_prefix_path.dsv
[0.196s] -- Up-to-date symlink: /home/icrs/icrsUR/install/ur_controllers/share/ur_controllers/environment/path.sh
[0.196s] -- Up-to-date symlink: /home/icrs/icrsUR/install/ur_controllers/share/ur_controllers/environment/path.dsv
[0.196s] -- Up-to-date symlink: /home/icrs/icrsUR/install/ur_controllers/share/ur_controllers/local_setup.bash
[0.196s] -- Up-to-date symlink: /home/icrs/icrsUR/install/ur_controllers/share/ur_controllers/local_setup.sh
[0.197s] -- Up-to-date symlink: /home/icrs/icrsUR/install/ur_controllers/share/ur_controllers/local_setup.zsh
[0.197s] -- Up-to-date symlink: /home/icrs/icrsUR/install/ur_controllers/share/ur_controllers/local_setup.dsv
[0.197s] -- Symlinking: /home/icrs/icrsUR/install/ur_controllers/share/ur_controllers/package.dsv
[0.208s] -- Up-to-date symlink: /home/icrs/icrsUR/install/ur_controllers/share/ament_index/resource_index/packages/ur_controllers
[0.208s] -- Up-to-date symlink: /home/icrs/icrsUR/install/ur_controllers/share/ament_index/resource_index/controller_interface__pluginlib__plugin/ur_controllers
[0.208s] -- Up-to-date symlink: /home/icrs/icrsUR/install/ur_controllers/share/ur_controllers/cmake/ament_cmake_export_dependencies-extras.cmake
[0.208s] -- Up-to-date symlink: /home/icrs/icrsUR/install/ur_controllers/share/ur_controllers/cmake/ament_cmake_export_include_directories-extras.cmake
[0.209s] -- Up-to-date symlink: /home/icrs/icrsUR/install/ur_controllers/share/ur_controllers/cmake/ament_cmake_export_libraries-extras.cmake
[0.209s] -- Up-to-date symlink: /home/icrs/icrsUR/install/ur_controllers/share/ur_controllers/cmake/ur_controllersConfig.cmake
[0.209s] -- Up-to-date symlink: /home/icrs/icrsUR/install/ur_controllers/share/ur_controllers/cmake/ur_controllersConfig-version.cmake
[0.209s] -- Up-to-date symlink: /home/icrs/icrsUR/install/ur_controllers/share/ur_controllers/package.xml
[0.212s] Invoked command in '/home/icrs/icrsUR/build/ur_controllers' returned '0': CMAKE_PREFIX_PATH=/home/icrs/icrsUR/install/ur_dashboard_msgs:/home/icrs/icrsUR/install/ur:/home/icrs/icrsUR/install/ur_calibration:/home/icrs/icrsUR/install/ur_robot_driver:/home/icrs/icrsUR/install/ur_mover:/home/icrs/icrsUR/install/ur_moveit_config:/home/icrs/icrsUR/install/ur_bringup:/home/icrs/icrsUR/install/ur_description:/home/icrs/icrsUR/install/ur_controllers:/home/icrs/icrsUR/install/ur_custom_interfaces:/home/icrs/icrsUR/install/service_ur5ik:/home/icrs/icrsUR/install/robotiq_description:/home/icrs/icrsUR/install/module_5_assignment:/home/icrs/icrsUR/install/module_3_assignment:/home/icrs/icrsUR/install/module_1_assignment:/home/icrs/icrsUR/install/module_10_assignment:/home/icrs/icrsUR/install/interfaces_ur5ik:/home/icrs/icrsUR/install/camera_control:/home/icrs/icrsUR/install/gripper_control:/opt/ros/humble LD_LIBRARY_PATH=/home/icrs/icrsUR/install/ur_dashboard_msgs/lib:/home/icrs/icrsUR/install/ur_robot_driver/lib:/home/icrs/icrsUR/install/ur_controllers/lib:/home/icrs/icrsUR/install/ur_custom_interfaces/lib:/home/icrs/icrsUR/install/interfaces_ur5ik/lib:/usr/local/cuda-11.8/lib64:/opt/ros/humble/opt/rviz_ogre_vendor/lib:/opt/ros/humble/lib/x86_64-linux-gnu:/opt/ros/humble/lib /usr/bin/cmake --install /home/icrs/icrsUR/build/ur_controllers
