[0.028s] Invoking command in '/home/icrs/icrsUR/build/module_7_assignment': CMAKE_PREFIX_PATH=${CMAKE_PREFIX_PATH}:/opt/ros/humble /usr/bin/cmake /home/icrs/icrsUR/src/robotics_software_engineer-assignments/module_7_assignment -DCMAKE_INSTALL_PREFIX=/home/icrs/icrsUR/install/module_7_assignment
[0.236s] -- The C compiler identification is GNU 11.4.0
[0.374s] -- The CXX compiler identification is GNU 11.4.0
[0.387s] -- Detecting C compiler ABI info
[0.498s] -- Detecting C compiler ABI info - done
[0.515s] -- Check for working C compiler: /usr/bin/cc - skipped
[0.516s] -- Detecting C compile features
[0.516s] -- Detecting C compile features - done
[0.522s] -- Detecting CXX compiler ABI info
[0.655s] -- Detecting CXX compiler ABI info - done
[0.673s] -- Check for working CXX compiler: /usr/bin/c++ - skipped
[0.674s] -- Detecting CXX compile features
[0.675s] -- Detecting CXX compile features - done
[0.678s] -- Found ament_cmake: 1.3.10 (/opt/ros/humble/share/ament_cmake/cmake)
[0.949s] -- Found Python3: /usr/bin/python3 (found version "3.10.12") found components: Interpreter 
[1.119s] [31mCMake Error at CMakeLists.txt:10 (find_package):
[1.119s]   By not providing "Findslam_gmapping.cmake" in CMAKE_MODULE_PATH this
[1.119s]   project has asked CMake to find a package configuration file provided by
[1.120s]   "slam_gmapping", but CMake did not find one.
[1.120s] 
[1.120s]   Could not find a package configuration file provided by "slam_gmapping"
[1.120s]   with any of the following names:
[1.120s] 
[1.120s]     slam_gmappingConfig.cmake
[1.120s]     slam_gmapping-config.cmake
[1.120s] 
[1.121s]   Add the installation prefix of "slam_gmapping" to CMAKE_PREFIX_PATH or set
[1.121s]   "slam_gmapping_DIR" to a directory containing one of the above files.  If
[1.121s]   "slam_gmapping" provides a separate development package or SDK, be sure it
[1.121s]   has been installed.
[1.121s] 
[1.121s] [0m
[1.121s] -- Configuring incomplete, errors occurred!
[1.121s] See also "/home/icrs/icrsUR/build/module_7_assignment/CMakeFiles/CMakeOutput.log".
