[0.033s] Invoking command in '/home/icrs/icrsUR/build/interfaces_ur5ik': CMAKE_PREFIX_PATH=${CMAKE_PREFIX_PATH}:/home/icrs/icrsUR/install/camera_control:/home/icrs/icrsUR/install/gripper_control:/opt/ros/humble /usr/bin/cmake --build /home/icrs/icrsUR/build/interfaces_ur5ik -- -j8 -l8
[0.709s] [ 10%] Built target interfaces_ur5ik__rosidl_generator_c
[0.709s] [ 12%] Built target interfaces_ur5ik__cpp
[0.709s] [ 12%] Built target ament_cmake_python_symlink_interfaces_ur5ik
[0.709s] [ 23%] Built target interfaces_ur5ik__rosidl_typesupport_c
[0.709s] [ 34%] Built target interfaces_ur5ik__rosidl_typesupport_fastrtps_cpp
[0.709s] [ 44%] Built target interfaces_ur5ik__rosidl_typesupport_introspection_c
[0.710s] [ 65%] Built target interfaces_ur5ik__rosidl_typesupport_introspection_cpp
[0.710s] [ 76%] Built target interfaces_ur5ik__rosidl_typesupport_fastrtps_c
[0.710s] [ 76%] Built target interfaces_ur5ik__rosidl_typesupport_cpp
[0.710s] [ 76%] Built target interfaces_ur5ik
[0.710s] [ 78%] Built target interfaces_ur5ik__py
[0.713s] [ 87%] Built target interfaces_ur5ik__rosidl_generator_py
[0.714s] [ 91%] Built target interfaces_ur5ik__rosidl_typesupport_c__pyext
[0.718s] [ 95%] Built target interfaces_ur5ik__rosidl_typesupport_introspection_c__pyext
[0.726s] [100%] Built target interfaces_ur5ik__rosidl_typesupport_fastrtps_c__pyext
[0.758s] running egg_info
[0.758s] writing interfaces_ur5ik.egg-info/PKG-INFO
[0.759s] writing dependency_links to interfaces_ur5ik.egg-info/dependency_links.txt
[0.759s] writing top-level names to interfaces_ur5ik.egg-info/top_level.txt
[0.763s] reading manifest file 'interfaces_ur5ik.egg-info/SOURCES.txt'
[0.764s] writing manifest file 'interfaces_ur5ik.egg-info/SOURCES.txt'
[0.832s] [100%] Built target ament_cmake_python_build_interfaces_ur5ik_egg
