[0.019s] Invoking command in '/home/icrs/icrsUR/build/module_4_assignment': CMAKE_PREFIX_PATH=${CMAKE_PREFIX_PATH}:/opt/ros/humble /usr/bin/cmake /home/icrs/icrsUR/src/robotics_software_engineer-assignments/module_4_assessment/module_4_assignment -DCMAKE_INSTALL_PREFIX=/home/icrs/icrsUR/install/module_4_assignment
[0.348s] -- The C compiler identification is GNU 11.4.0
[0.348s] -- The CXX compiler identification is GNU 11.4.0
[0.348s] -- Detecting C compiler ABI info
[0.376s] -- Detecting C compiler ABI info - done
[0.396s] -- Check for working C compiler: /usr/bin/cc - skipped
[0.396s] -- Detecting C compile features
[0.397s] -- Detecting C compile features - done
[0.404s] -- Detecting CXX compiler ABI info
[0.569s] -- Detecting CXX compiler ABI info - done
[0.576s] -- Check for working CXX compiler: /usr/bin/c++ - skipped
[0.577s] -- Detecting CXX compile features
[0.579s] -- Detecting CXX compile features - done
[0.584s] -- Found ament_cmake: 1.3.10 (/opt/ros/humble/share/ament_cmake/cmake)
[1.034s] -- Found Python3: /usr/bin/python3 (found version "3.10.12") found components: Interpreter 
[1.382s] -- Found rclcpp: 16.0.10 (/opt/ros/humble/share/rclcpp/cmake)
[1.525s] -- Found rosidl_generator_c: 3.1.5 (/opt/ros/humble/share/rosidl_generator_c/cmake)
[1.532s] -- Found rosidl_adapter: 3.1.5 (/opt/ros/humble/share/rosidl_adapter/cmake)
[1.551s] -- Found rosidl_generator_cpp: 3.1.5 (/opt/ros/humble/share/rosidl_generator_cpp/cmake)
[1.578s] -- Using all available rosidl_typesupport_c: rosidl_typesupport_fastrtps_c;rosidl_typesupport_introspection_c
[1.614s] -- Using all available rosidl_typesupport_cpp: rosidl_typesupport_fastrtps_cpp;rosidl_typesupport_introspection_cpp
[1.679s] -- Found rmw_implementation_cmake: 6.1.2 (/opt/ros/humble/share/rmw_implementation_cmake/cmake)
[1.683s] -- Found rmw_fastrtps_cpp: 6.2.7 (/opt/ros/humble/share/rmw_fastrtps_cpp/cmake)
[1.779s] -- Found OpenSSL: /usr/lib/x86_64-linux-gnu/libcrypto.so (found version "3.0.2")  
[1.812s] -- Found FastRTPS: /opt/ros/humble/include  
[1.865s] -- Using RMW implementation 'rmw_fastrtps_cpp' as default
[1.874s] -- Looking for pthread.h
[1.940s] -- Looking for pthread.h - found
[1.941s] -- Performing Test CMAKE_HAVE_LIBC_PTHREAD
[2.005s] -- Performing Test CMAKE_HAVE_LIBC_PTHREAD - Success
[2.006s] -- Found Threads: TRUE  
[2.059s] -- Found cv_bridge: 3.2.1 (/opt/ros/humble/share/cv_bridge/cmake)
[2.104s] -- Found OpenCV: /usr/local (found version "4.10.0") 
[2.105s] -- Found ament_lint_auto: 0.12.11 (/opt/ros/humble/share/ament_lint_auto/cmake)
[2.178s] -- Added test 'cppcheck' to perform static code analysis on C / C++ code
[2.179s] -- Configured cppcheck include dirs: /home/icrs/icrsUR/src/robotics_software_engineer-assignments/module_4_assessment/module_4_assignment/include
[2.179s] -- Configured cppcheck exclude dirs and/or files: 
[2.180s] -- Added test 'flake8' to check Python code syntax and style conventions
[2.180s] -- Added test 'lint_cmake' to check CMake code style
[2.181s] -- Added test 'pep257' to check Python code against some of the docstring style conventions in PEP 257
[2.182s] -- Added test 'uncrustify' to check C / C++ code style
[2.182s] -- Configured uncrustify additional arguments: 
[2.183s] -- Added test 'xmllint' to check XML markup files
[2.184s] -- Configuring done
[2.197s] -- Generating done
[2.199s] -- Build files have been written to: /home/icrs/icrsUR/build/module_4_assignment
