[0.542s] Invoking command in '/home/icrs/icrsUR/build/module_10_assignment': CMAKE_PREFIX_PATH=${CMAKE_PREFIX_PATH}:/opt/ros/humble /usr/bin/cmake --build /home/icrs/icrsUR/build/module_10_assignment -- -j8 -l8
[0.606s] Invoked command in '/home/icrs/icrsUR/build/module_10_assignment' returned '0': CMAKE_PREFIX_PATH=${CMAKE_PREFIX_PATH}:/opt/ros/humble /usr/bin/cmake --build /home/icrs/icrsUR/build/module_10_assignment -- -j8 -l8
[0.668s] Invoking command in '/home/icrs/icrsUR/build/module_10_assignment': CMAKE_PREFIX_PATH=${CMAKE_PREFIX_PATH}:/opt/ros/humble /usr/bin/cmake --install /home/icrs/icrsUR/build/module_10_assignment
[0.696s] -- Install configuration: ""
[0.696s] -- Up-to-date: /home/icrs/icrsUR/install/module_10_assignment/share/ament_index/resource_index/package_run_dependencies/module_10_assignment
[0.696s] -- Up-to-date: /home/icrs/icrsUR/install/module_10_assignment/share/ament_index/resource_index/parent_prefix_path/module_10_assignment
[0.696s] -- Up-to-date: /home/icrs/icrsUR/install/module_10_assignment/share/module_10_assignment/environment/ament_prefix_path.sh
[0.697s] -- Up-to-date: /home/icrs/icrsUR/install/module_10_assignment/share/module_10_assignment/environment/ament_prefix_path.dsv
[0.698s] -- Up-to-date: /home/icrs/icrsUR/install/module_10_assignment/share/module_10_assignment/environment/path.sh
[0.698s] -- Up-to-date: /home/icrs/icrsUR/install/module_10_assignment/share/module_10_assignment/environment/path.dsv
[0.699s] -- Up-to-date: /home/icrs/icrsUR/install/module_10_assignment/share/module_10_assignment/local_setup.bash
[0.699s] -- Up-to-date: /home/icrs/icrsUR/install/module_10_assignment/share/module_10_assignment/local_setup.sh
[0.699s] -- Up-to-date: /home/icrs/icrsUR/install/module_10_assignment/share/module_10_assignment/local_setup.zsh
[0.699s] -- Up-to-date: /home/icrs/icrsUR/install/module_10_assignment/share/module_10_assignment/local_setup.dsv
[0.699s] -- Up-to-date: /home/icrs/icrsUR/install/module_10_assignment/share/module_10_assignment/package.dsv
[0.699s] -- Up-to-date: /home/icrs/icrsUR/install/module_10_assignment/share/ament_index/resource_index/packages/module_10_assignment
[0.699s] -- Up-to-date: /home/icrs/icrsUR/install/module_10_assignment/share/module_10_assignment/cmake/module_10_assignmentConfig.cmake
[0.700s] -- Up-to-date: /home/icrs/icrsUR/install/module_10_assignment/share/module_10_assignment/cmake/module_10_assignmentConfig-version.cmake
[0.700s] -- Up-to-date: /home/icrs/icrsUR/install/module_10_assignment/share/module_10_assignment/package.xml
[0.714s] Invoked command in '/home/icrs/icrsUR/build/module_10_assignment' returned '0': CMAKE_PREFIX_PATH=${CMAKE_PREFIX_PATH}:/opt/ros/humble /usr/bin/cmake --install /home/icrs/icrsUR/build/module_10_assignment
