[0.545s] Invoking command in '/home/icrs/icrsUR/build/module_2_assignment': CMAKE_PREFIX_PATH=${CMAKE_PREFIX_PATH}:/opt/ros/humble /usr/bin/cmake /home/icrs/icrsUR/src/robotics_software_engineer-assignments/module_2_assignment -DCMAKE_INSTALL_PREFIX=/home/icrs/icrsUR/install/module_2_assignment
[0.573s] -- Found ament_cmake: 1.3.10 (/opt/ros/humble/share/ament_cmake/cmake)
[0.873s] -- Found rclcpp: 16.0.10 (/opt/ros/humble/share/rclcpp/cmake)
[0.910s] -- Found rosidl_generator_c: 3.1.5 (/opt/ros/humble/share/rosidl_generator_c/cmake)
[0.917s] -- Found rosidl_adapter: 3.1.5 (/opt/ros/humble/share/rosidl_adapter/cmake)
[0.928s] -- Found rosidl_generator_cpp: 3.1.5 (/opt/ros/humble/share/rosidl_generator_cpp/cmake)
[0.951s] -- Using all available rosidl_typesupport_c: rosidl_typesupport_fastrtps_c;rosidl_typesupport_introspection_c
[0.977s] -- Using all available rosidl_typesupport_cpp: rosidl_typesupport_fastrtps_cpp;rosidl_typesupport_introspection_cpp
[1.045s] -- Found rmw_implementation_cmake: 6.1.2 (/opt/ros/humble/share/rmw_implementation_cmake/cmake)
[1.048s] -- Found rmw_fastrtps_cpp: 6.2.7 (/opt/ros/humble/share/rmw_fastrtps_cpp/cmake)
[1.313s] -- Using RMW implementation 'rmw_fastrtps_cpp' as default
[1.482s] -- Found geometry_msgs: 4.2.4 (/opt/ros/humble/share/geometry_msgs/cmake)
[1.551s] -- Configuring incomplete, errors occurred!
[1.551s] See also "/home/icrs/icrsUR/build/module_2_assignment/CMakeFiles/CMakeOutput.log".
[1.556s] [31mCMake Error at CMakeLists.txt:23 (find_package):
[1.556s]   By not providing "Findturtlesim.cmake" in CMAKE_MODULE_PATH this project
[1.556s]   has asked CMake to find a package configuration file provided by
[1.556s]   "turtlesim", but CMake did not find one.
[1.556s] 
[1.557s]   Could not find a package configuration file provided by "turtlesim" with
[1.557s]   any of the following names:
[1.557s] 
[1.557s]     turtlesimConfig.cmake
[1.557s]     turtlesim-config.cmake
[1.557s] 
[1.557s]   Add the installation prefix of "turtlesim" to CMAKE_PREFIX_PATH or set
[1.557s]   "turtlesim_DIR" to a directory containing one of the above files.  If
[1.557s]   "turtlesim" provides a separate development package or SDK, be sure it has
[1.558s]   been installed.
[1.558s] 
[1.558s] [0m
