[0.030s] Invoking command in '/home/icrs/icrsUR/build/module_3_assignment': CMAKE_PREFIX_PATH=${CMAKE_PREFIX_PATH}:/opt/ros/humble /usr/bin/cmake --build /home/icrs/icrsUR/build/module_3_assignment -- -j8 -l8
[0.113s] Invoked command in '/home/icrs/icrsUR/build/module_3_assignment' returned '0': CMAKE_PREFIX_PATH=${CMAKE_PREFIX_PATH}:/opt/ros/humble /usr/bin/cmake --build /home/icrs/icrsUR/build/module_3_assignment -- -j8 -l8
[0.140s] Invoking command in '/home/icrs/icrsUR/build/module_3_assignment': CMAKE_PREFIX_PATH=${CMAKE_PREFIX_PATH}:/opt/ros/humble /usr/bin/cmake --install /home/icrs/icrsUR/build/module_3_assignment
[0.154s] -- Install configuration: ""
[0.154s] -- Installing: /home/icrs/icrsUR/install/module_3_assignment/share/module_3_assignment/urdf
[0.154s] -- Installing: /home/icrs/icrsUR/install/module_3_assignment/share/module_3_assignment/urdf/task3a_mobile_arm.urdf
[0.154s] -- Installing: /home/icrs/icrsUR/install/module_3_assignment/share/module_3_assignment/urdf/task3b_ackerman.urdf
[0.155s] -- Installing: /home/icrs/icrsUR/install/module_3_assignment/share/module_3_assignment/urdf/task1_robotic_arm.urdf
[0.155s] -- Installing: /home/icrs/icrsUR/install/module_3_assignment/share/module_3_assignment/urdf/task2_robotic_arm.urdf
[0.155s] -- Installing: /home/icrs/icrsUR/install/module_3_assignment/share/module_3_assignment/launch
[0.155s] -- Installing: /home/icrs/icrsUR/install/module_3_assignment/share/module_3_assignment/launch/rviz.launch.py
[0.155s] -- Installing: /home/icrs/icrsUR/install/module_3_assignment/share/module_3_assignment/rviz
[0.160s] -- Installing: /home/icrs/icrsUR/install/module_3_assignment/share/module_3_assignment/rviz/rviz_task3b.rviz
[0.160s] -- Installing: /home/icrs/icrsUR/install/module_3_assignment/share/module_3_assignment/rviz/rviz_task2.rviz
[0.160s] -- Installing: /home/icrs/icrsUR/install/module_3_assignment/share/module_3_assignment/rviz/rviz_task3a.rviz
[0.160s] -- Installing: /home/icrs/icrsUR/install/module_3_assignment/share/module_3_assignment/rviz/rviz_task1.rviz
[0.161s] -- Installing: /home/icrs/icrsUR/install/module_3_assignment/share/ament_index/resource_index/package_run_dependencies/module_3_assignment
[0.162s] -- Installing: /home/icrs/icrsUR/install/module_3_assignment/share/ament_index/resource_index/parent_prefix_path/module_3_assignment
[0.163s] -- Installing: /home/icrs/icrsUR/install/module_3_assignment/share/module_3_assignment/environment/ament_prefix_path.sh
[0.163s] -- Installing: /home/icrs/icrsUR/install/module_3_assignment/share/module_3_assignment/environment/ament_prefix_path.dsv
[0.163s] -- Installing: /home/icrs/icrsUR/install/module_3_assignment/share/module_3_assignment/environment/path.sh
[0.163s] -- Installing: /home/icrs/icrsUR/install/module_3_assignment/share/module_3_assignment/environment/path.dsv
[0.163s] -- Installing: /home/icrs/icrsUR/install/module_3_assignment/share/module_3_assignment/local_setup.bash
[0.164s] -- Installing: /home/icrs/icrsUR/install/module_3_assignment/share/module_3_assignment/local_setup.sh
[0.164s] -- Installing: /home/icrs/icrsUR/install/module_3_assignment/share/module_3_assignment/local_setup.zsh
[0.164s] -- Installing: /home/icrs/icrsUR/install/module_3_assignment/share/module_3_assignment/local_setup.dsv
[0.165s] -- Installing: /home/icrs/icrsUR/install/module_3_assignment/share/module_3_assignment/package.dsv
[0.165s] -- Installing: /home/icrs/icrsUR/install/module_3_assignment/share/ament_index/resource_index/packages/module_3_assignment
[0.165s] -- Installing: /home/icrs/icrsUR/install/module_3_assignment/share/module_3_assignment/cmake/module_3_assignmentConfig.cmake
[0.166s] -- Installing: /home/icrs/icrsUR/install/module_3_assignment/share/module_3_assignment/cmake/module_3_assignmentConfig-version.cmake
[0.166s] -- Installing: /home/icrs/icrsUR/install/module_3_assignment/share/module_3_assignment/package.xml
[0.199s] Invoked command in '/home/icrs/icrsUR/build/module_3_assignment' returned '0': CMAKE_PREFIX_PATH=${CMAKE_PREFIX_PATH}:/opt/ros/humble /usr/bin/cmake --install /home/icrs/icrsUR/build/module_3_assignment
