[ 11%] Built target lqr_lib
[ 23%] Built target pid_lib
[ 35%] Built target waypoints_lib
[ 52%] Built target arm_path_planner
[ 64%] Built target lqr_node
[ 82%] Built target line_follower_pid
[100%] Built target goal_planner_node
-- Install configuration: ""
-- Up-to-date: /home/icrs/icrsUR/install/module_5_assignment/lib/module_5_assignment/libpid_lib.a
-- Up-to-date: /home/icrs/icrsUR/install/module_5_assignment/lib/module_5_assignment/liblqr_lib.a
-- Up-to-date: /home/icrs/icrsUR/install/module_5_assignment/lib/module_5_assignment/lqr_node
-- Up-to-date: /home/icrs/icrsUR/install/module_5_assignment/lib/module_5_assignment/line_follower_pid
-- Up-to-date: /home/icrs/icrsUR/install/module_5_assignment/lib/module_5_assignment/libwaypoints_lib.a
-- Up-to-date: /home/icrs/icrsUR/install/module_5_assignment/lib/module_5_assignment/goal_planner_node
-- Up-to-date: /home/icrs/icrsUR/install/module_5_assignment/lib/module_5_assignment/arm_path_planner
-- Up-to-date: /home/icrs/icrsUR/install/module_5_assignment/share/module_5_assignment/config
-- Up-to-date: /home/icrs/icrsUR/install/module_5_assignment/share/module_5_assignment/config/arm_waypoints.yaml
-- Up-to-date: /home/icrs/icrsUR/install/module_5_assignment/share/module_5_assignment/config/routes.yaml
-- Up-to-date: /home/icrs/icrsUR/install/module_5_assignment/share/module_5_assignment/config/robotic_arm_controllers.yaml
-- Up-to-date: /home/icrs/icrsUR/install/module_5_assignment/share/module_5_assignment/launch
-- Up-to-date: /home/icrs/icrsUR/install/module_5_assignment/share/module_5_assignment/launch/tb3_line_world.launch.py
-- Up-to-date: /home/icrs/icrsUR/install/module_5_assignment/share/module_5_assignment/launch/main_tb3_lqr.launch.py
-- Up-to-date: /home/icrs/icrsUR/install/module_5_assignment/share/module_5_assignment/launch/gazebo_ros.launch.py
-- Up-to-date: /home/icrs/icrsUR/install/module_5_assignment/share/module_5_assignment/launch/main_tb3_line_world.launch.py
-- Up-to-date: /home/icrs/icrsUR/install/module_5_assignment/share/module_5_assignment/launch/robotic_arm_controllers.launch.py
-- Up-to-date: /home/icrs/icrsUR/install/module_5_assignment/share/module_5_assignment/launch/main_tb3_goal_planner.launch.py
-- Up-to-date: /home/icrs/icrsUR/install/module_5_assignment/share/module_5_assignment/launch/main_robotic_arm.launch.py
-- Up-to-date: /home/icrs/icrsUR/install/module_5_assignment/share/module_5_assignment/launch/line_follower_pid.launch.py
-- Up-to-date: /home/icrs/icrsUR/install/module_5_assignment/share/module_5_assignment/launch/rviz.launch.py
-- Up-to-date: /home/icrs/icrsUR/install/module_5_assignment/share/module_5_assignment/launch/main.launch.py
-- Up-to-date: /home/icrs/icrsUR/install/module_5_assignment/share/module_5_assignment/rviz
-- Up-to-date: /home/icrs/icrsUR/install/module_5_assignment/share/module_5_assignment/rviz/lqr.rviz
-- Up-to-date: /home/icrs/icrsUR/install/module_5_assignment/share/module_5_assignment/rviz/config.rviz
-- Up-to-date: /home/icrs/icrsUR/install/module_5_assignment/share/module_5_assignment/urdf
-- Up-to-date: /home/icrs/icrsUR/install/module_5_assignment/share/module_5_assignment/urdf/robotic_arm.urdf
-- Up-to-date: /home/icrs/icrsUR/install/module_5_assignment/share/ament_index/resource_index/package_run_dependencies/module_5_assignment
-- Up-to-date: /home/icrs/icrsUR/install/module_5_assignment/share/ament_index/resource_index/parent_prefix_path/module_5_assignment
-- Up-to-date: /home/icrs/icrsUR/install/module_5_assignment/share/module_5_assignment/environment/ament_prefix_path.sh
-- Up-to-date: /home/icrs/icrsUR/install/module_5_assignment/share/module_5_assignment/environment/ament_prefix_path.dsv
-- Up-to-date: /home/icrs/icrsUR/install/module_5_assignment/share/module_5_assignment/environment/path.sh
-- Up-to-date: /home/icrs/icrsUR/install/module_5_assignment/share/module_5_assignment/environment/path.dsv
-- Up-to-date: /home/icrs/icrsUR/install/module_5_assignment/share/module_5_assignment/local_setup.bash
-- Up-to-date: /home/icrs/icrsUR/install/module_5_assignment/share/module_5_assignment/local_setup.sh
-- Up-to-date: /home/icrs/icrsUR/install/module_5_assignment/share/module_5_assignment/local_setup.zsh
-- Up-to-date: /home/icrs/icrsUR/install/module_5_assignment/share/module_5_assignment/local_setup.dsv
-- Installing: /home/icrs/icrsUR/install/module_5_assignment/share/module_5_assignment/package.dsv
-- Up-to-date: /home/icrs/icrsUR/install/module_5_assignment/share/ament_index/resource_index/packages/module_5_assignment
-- Up-to-date: /home/icrs/icrsUR/install/module_5_assignment/share/module_5_assignment/cmake/module_5_assignmentConfig.cmake
-- Up-to-date: /home/icrs/icrsUR/install/module_5_assignment/share/module_5_assignment/cmake/module_5_assignmentConfig-version.cmake
-- Up-to-date: /home/icrs/icrsUR/install/module_5_assignment/share/module_5_assignment/package.xml
