-- The C compiler identification is GNU 11.4.0
-- The CXX compiler identification is GNU 11.4.0
-- Detecting C compiler ABI info
-- Detecting C compiler ABI info - done
-- Check for working C compiler: /usr/bin/cc - skipped
-- Detecting C compile features
-- Detecting C compile features - done
-- Detecting CXX compiler ABI info
-- Detecting CXX compiler ABI info - done
-- Check for working CXX compiler: /usr/bin/c++ - skipped
-- Detecting CXX compile features
-- Detecting CXX compile features - done
-- Found ament_cmake: 1.3.10 (/opt/ros/humble/share/ament_cmake/cmake)
-- Found Python3: /usr/bin/python3 (found version "3.10.12") found components: Interpreter 
-- Found ament_lint_auto: 0.12.11 (/opt/ros/humble/share/ament_lint_auto/cmake)
-- Added test 'cppcheck' to perform static code analysis on C / C++ code
-- Configured cppcheck include dirs: /home/icrs/icrsUR/src/robotics_software_engineer-assignments/module_1_assignment/include
-- Configured cppcheck exclude dirs and/or files: 
-- Added test 'lint_cmake' to check CMake code style
-- Added test 'uncrustify' to check C / C++ code style
-- Configured uncrustify additional arguments: 
-- Added test 'xmllint' to check XML markup files
-- Configuring done
-- Generating done
-- Build files have been written to: /home/icrs/icrsUR/build/module_1_assignment
[ 10%] [32mBuilding CXX object CMakeFiles/assignment1.dir/src/task1/assignment1.cpp.o[0m
[ 20%] [32mBuilding CXX object CMakeFiles/assignment2.dir/src/task2/assignment2.cpp.o[0m
[ 30%] [32mBuilding CXX object CMakeFiles/assignment1.dir/src/task1/R2D2.cpp.o[0m
[ 40%] [32mBuilding CXX object CMakeFiles/assignment2.dir/src/task2/RobotTask2.cpp.o[0m
[ 50%] [32mBuilding CXX object CMakeFiles/assignment1.dir/src/task1/C3PO.cpp.o[0m
[ 60%] [32mBuilding CXX object CMakeFiles/assignment3.dir/src/task3/assignment3.cpp.o[0m
[ 70%] [32mBuilding CXX object CMakeFiles/assignment3.dir/src/task3/RobotTask3.cpp.o[0m
[ 80%] [32m[1mLinking CXX executable assignment1[0m
[ 80%] Built target assignment1
[ 90%] [32m[1mLinking CXX executable assignment3[0m
[100%] [32m[1mLinking CXX executable assignment2[0m
[100%] Built target assignment3
[100%] Built target assignment2
