[0.530s] Invoking command in '/home/icrs/icrsUR/build/module_1_assignment': CMAKE_PREFIX_PATH=${CMAKE_PREFIX_PATH}:/opt/ros/humble /usr/bin/cmake /home/icrs/icrsUR/src/robotics_software_engineer-assignments/module_1_assignment -DCMAKE_INSTALL_PREFIX=/home/icrs/icrsUR/install/module_1_assignment
[0.653s] -- The C compiler identification is GNU 11.4.0
[0.759s] -- The CXX compiler identification is GNU 11.4.0
[0.772s] -- Detecting C compiler ABI info
[0.895s] -- Detecting C compiler ABI info - done
[0.913s] -- Check for working C compiler: /usr/bin/cc - skipped
[0.913s] -- Detecting C compile features
[0.916s] -- Detecting C compile features - done
[0.924s] -- Detecting CXX compiler ABI info
[1.075s] -- Detecting CXX compiler ABI info - done
[1.098s] -- Check for working CXX compiler: /usr/bin/c++ - skipped
[1.098s] -- Detecting CXX compile features
[1.098s] -- Detecting CXX compile features - done
[1.106s] -- Found ament_cmake: 1.3.10 (/opt/ros/humble/share/ament_cmake/cmake)
[1.427s] -- Found Python3: /usr/bin/python3 (found version "3.10.12") found components: Interpreter 
[1.608s] -- Found ament_lint_auto: 0.12.11 (/opt/ros/humble/share/ament_lint_auto/cmake)
[1.782s] -- Added test 'cppcheck' to perform static code analysis on C / C++ code
[1.782s] -- Configured cppcheck include dirs: /home/icrs/icrsUR/src/robotics_software_engineer-assignments/module_1_assignment/include
[1.782s] -- Configured cppcheck exclude dirs and/or files: 
[1.783s] -- Added test 'lint_cmake' to check CMake code style
[1.783s] -- Added test 'uncrustify' to check C / C++ code style
[1.783s] -- Configured uncrustify additional arguments: 
[1.787s] -- Added test 'xmllint' to check XML markup files
[1.787s] -- Configuring done
[1.794s] -- Generating done
[1.797s] -- Build files have been written to: /home/icrs/icrsUR/build/module_1_assignment
[1.816s] Invoked command in '/home/icrs/icrsUR/build/module_1_assignment' returned '0': CMAKE_PREFIX_PATH=${CMAKE_PREFIX_PATH}:/opt/ros/humble /usr/bin/cmake /home/icrs/icrsUR/src/robotics_software_engineer-assignments/module_1_assignment -DCMAKE_INSTALL_PREFIX=/home/icrs/icrsUR/install/module_1_assignment
[1.821s] Invoking command in '/home/icrs/icrsUR/build/module_1_assignment': CMAKE_PREFIX_PATH=${CMAKE_PREFIX_PATH}:/opt/ros/humble /usr/bin/cmake --build /home/icrs/icrsUR/build/module_1_assignment -- -j8 -l8
[1.911s] [ 10%] [32mBuilding CXX object CMakeFiles/assignment1.dir/src/task1/assignment1.cpp.o[0m
[1.911s] [ 20%] [32mBuilding CXX object CMakeFiles/assignment2.dir/src/task2/assignment2.cpp.o[0m
[1.912s] [ 30%] [32mBuilding CXX object CMakeFiles/assignment1.dir/src/task1/R2D2.cpp.o[0m
[1.916s] [ 40%] [32mBuilding CXX object CMakeFiles/assignment2.dir/src/task2/RobotTask2.cpp.o[0m
[1.921s] [ 50%] [32mBuilding CXX object CMakeFiles/assignment1.dir/src/task1/C3PO.cpp.o[0m
[1.922s] [ 60%] [32mBuilding CXX object CMakeFiles/assignment3.dir/src/task3/assignment3.cpp.o[0m
[1.937s] [ 70%] [32mBuilding CXX object CMakeFiles/assignment3.dir/src/task3/RobotTask3.cpp.o[0m
[2.783s] [ 80%] [32m[1mLinking CXX executable assignment1[0m
[2.915s] [ 80%] Built target assignment1
[2.960s] [ 90%] [32m[1mLinking CXX executable assignment3[0m
[2.989s] [100%] [32m[1mLinking CXX executable assignment2[0m
[3.069s] [100%] Built target assignment3
[3.094s] [100%] Built target assignment2
