[0.044s] Invoking command in '/home/icrs/icrsUR/build/ur_dashboard_msgs': CMAKE_PREFIX_PATH=${CMAKE_PREFIX_PATH}:/home/icrs/icrsUR/install/camera_control:/home/icrs/icrsUR/install/gripper_control:/opt/ros/humble /usr/bin/cmake --build /home/icrs/icrsUR/build/ur_dashboard_msgs -- -j8 -l8
[0.781s] [  0%] Built target ur_dashboard_msgs__cpp
[0.781s] [ 12%] Built target ur_dashboard_msgs__rosidl_generator_c
[0.781s] [ 12%] Built target ament_cmake_python_symlink_ur_dashboard_msgs
[0.781s] [ 24%] Built target ur_dashboard_msgs__rosidl_typesupport_c
[0.782s] [ 36%] Built target ur_dashboard_msgs__rosidl_typesupport_introspection_c
[0.783s] [ 48%] Built target ur_dashboard_msgs__rosidl_typesupport_introspection_cpp
[0.784s] [ 60%] Built target ur_dashboard_msgs__rosidl_typesupport_fastrtps_cpp
[0.784s] [ 84%] Built target ur_dashboard_msgs__rosidl_typesupport_cpp
[0.784s] [ 84%] Built target ur_dashboard_msgs__rosidl_typesupport_fastrtps_c
[0.784s] [ 84%] Built target ur_dashboard_msgs
[0.784s] [ 85%] Built target ur_dashboard_msgs__py
[0.784s] [ 96%] Built target ur_dashboard_msgs__rosidl_generator_py
[0.784s] [ 97%] Built target ur_dashboard_msgs__rosidl_typesupport_fastrtps_c__pyext
[0.784s] [ 99%] Built target ur_dashboard_msgs__rosidl_typesupport_introspection_c__pyext
[0.785s] [100%] Built target ur_dashboard_msgs__rosidl_typesupport_c__pyext
[0.824s] running egg_info
[0.827s] writing ur_dashboard_msgs.egg-info/PKG-INFO
[0.827s] writing dependency_links to ur_dashboard_msgs.egg-info/dependency_links.txt
[0.827s] writing top-level names to ur_dashboard_msgs.egg-info/top_level.txt
[0.833s] reading manifest file 'ur_dashboard_msgs.egg-info/SOURCES.txt'
[0.835s] writing manifest file 'ur_dashboard_msgs.egg-info/SOURCES.txt'
[0.918s] [100%] Built target ament_cmake_python_build_ur_dashboard_msgs_egg
[0.985s] Invoked command in '/home/icrs/icrsUR/build/ur_dashboard_msgs' returned '0': CMAKE_PREFIX_PATH=${CMAKE_PREFIX_PATH}:/home/icrs/icrsUR/install/camera_control:/home/icrs/icrsUR/install/gripper_control:/opt/ros/humble /usr/bin/cmake --build /home/icrs/icrsUR/build/ur_dashboard_msgs -- -j8 -l8
[1.986s] Invoking command in '/home/icrs/icrsUR/build/ur_dashboard_msgs': CMAKE_PREFIX_PATH=${CMAKE_PREFIX_PATH}:/home/icrs/icrsUR/install/camera_control:/home/icrs/icrsUR/install/gripper_control:/opt/ros/humble /usr/bin/cmake --install /home/icrs/icrsUR/build/ur_dashboard_msgs
[2.003s] -- Install configuration: ""
[2.004s] -- Execute custom install script
[2.004s] -- Up-to-date symlink: /home/icrs/icrsUR/install/ur_dashboard_msgs/share/ament_index/resource_index/rosidl_interfaces/ur_dashboard_msgs
[2.004s] -- Up-to-date symlink: /home/icrs/icrsUR/install/ur_dashboard_msgs/include/ur_dashboard_msgs/ur_dashboard_msgs/action/detail/set_mode__functions.h
[2.004s] -- Up-to-date symlink: /home/icrs/icrsUR/install/ur_dashboard_msgs/include/ur_dashboard_msgs/ur_dashboard_msgs/action/detail/set_mode__struct.h
[2.004s] -- Up-to-date symlink: /home/icrs/icrsUR/install/ur_dashboard_msgs/include/ur_dashboard_msgs/ur_dashboard_msgs/action/detail/set_mode__type_support.h
[2.004s] -- Up-to-date symlink: /home/icrs/icrsUR/install/ur_dashboard_msgs/include/ur_dashboard_msgs/ur_dashboard_msgs/action/set_mode.h
[2.005s] -- Up-to-date symlink: /home/icrs/icrsUR/install/ur_dashboard_msgs/include/ur_dashboard_msgs/ur_dashboard_msgs/msg/detail/program_state__functions.h
[2.005s] -- Up-to-date symlink: /home/icrs/icrsUR/install/ur_dashboard_msgs/include/ur_dashboard_msgs/ur_dashboard_msgs/msg/detail/program_state__struct.h
[2.005s] -- Up-to-date symlink: /home/icrs/icrsUR/install/ur_dashboard_msgs/include/ur_dashboard_msgs/ur_dashboard_msgs/msg/detail/program_state__type_support.h
[2.005s] -- Up-to-date symlink: /home/icrs/icrsUR/install/ur_dashboard_msgs/include/ur_dashboard_msgs/ur_dashboard_msgs/msg/detail/robot_mode__functions.h
[2.005s] -- Up-to-date symlink: /home/icrs/icrsUR/install/ur_dashboard_msgs/include/ur_dashboard_msgs/ur_dashboard_msgs/msg/detail/robot_mode__struct.h
[2.005s] -- Up-to-date symlink: /home/icrs/icrsUR/install/ur_dashboard_msgs/include/ur_dashboard_msgs/ur_dashboard_msgs/msg/detail/robot_mode__type_support.h
[2.005s] -- Up-to-date symlink: /home/icrs/icrsUR/install/ur_dashboard_msgs/include/ur_dashboard_msgs/ur_dashboard_msgs/msg/detail/safety_mode__functions.h
[2.005s] -- Up-to-date symlink: /home/icrs/icrsUR/install/ur_dashboard_msgs/include/ur_dashboard_msgs/ur_dashboard_msgs/msg/detail/safety_mode__struct.h
[2.006s] -- Up-to-date symlink: /home/icrs/icrsUR/install/ur_dashboard_msgs/include/ur_dashboard_msgs/ur_dashboard_msgs/msg/detail/safety_mode__type_support.h
[2.006s] -- Up-to-date symlink: /home/icrs/icrsUR/install/ur_dashboard_msgs/include/ur_dashboard_msgs/ur_dashboard_msgs/msg/program_state.h
[2.006s] -- Up-to-date symlink: /home/icrs/icrsUR/install/ur_dashboard_msgs/include/ur_dashboard_msgs/ur_dashboard_msgs/msg/robot_mode.h
[2.006s] -- Up-to-date symlink: /home/icrs/icrsUR/install/ur_dashboard_msgs/include/ur_dashboard_msgs/ur_dashboard_msgs/msg/rosidl_generator_c__visibility_control.h
[2.006s] -- Up-to-date symlink: /home/icrs/icrsUR/install/ur_dashboard_msgs/include/ur_dashboard_msgs/ur_dashboard_msgs/msg/safety_mode.h
[2.007s] -- Up-to-date symlink: /home/icrs/icrsUR/install/ur_dashboard_msgs/include/ur_dashboard_msgs/ur_dashboard_msgs/srv/add_to_log.h
[2.007s] -- Up-to-date symlink: /home/icrs/icrsUR/install/ur_dashboard_msgs/include/ur_dashboard_msgs/ur_dashboard_msgs/srv/detail/add_to_log__functions.h
[2.007s] -- Up-to-date symlink: /home/icrs/icrsUR/install/ur_dashboard_msgs/include/ur_dashboard_msgs/ur_dashboard_msgs/srv/detail/add_to_log__struct.h
[2.007s] -- Up-to-date symlink: /home/icrs/icrsUR/install/ur_dashboard_msgs/include/ur_dashboard_msgs/ur_dashboard_msgs/srv/detail/add_to_log__type_support.h
[2.007s] -- Up-to-date symlink: /home/icrs/icrsUR/install/ur_dashboard_msgs/include/ur_dashboard_msgs/ur_dashboard_msgs/srv/detail/get_loaded_program__functions.h
[2.007s] -- Up-to-date symlink: /home/icrs/icrsUR/install/ur_dashboard_msgs/include/ur_dashboard_msgs/ur_dashboard_msgs/srv/detail/get_loaded_program__struct.h
[2.007s] -- Up-to-date symlink: /home/icrs/icrsUR/install/ur_dashboard_msgs/include/ur_dashboard_msgs/ur_dashboard_msgs/srv/detail/get_loaded_program__type_support.h
[2.007s] -- Up-to-date symlink: /home/icrs/icrsUR/install/ur_dashboard_msgs/include/ur_dashboard_msgs/ur_dashboard_msgs/srv/detail/get_program_state__functions.h
[2.007s] -- Up-to-date symlink: /home/icrs/icrsUR/install/ur_dashboard_msgs/include/ur_dashboard_msgs/ur_dashboard_msgs/srv/detail/get_program_state__struct.h
[2.008s] -- Up-to-date symlink: /home/icrs/icrsUR/install/ur_dashboard_msgs/include/ur_dashboard_msgs/ur_dashboard_msgs/srv/detail/get_program_state__type_support.h
[2.008s] -- Up-to-date symlink: /home/icrs/icrsUR/install/ur_dashboard_msgs/include/ur_dashboard_msgs/ur_dashboard_msgs/srv/detail/get_robot_mode__functions.h
[2.008s] -- Up-to-date symlink: /home/icrs/icrsUR/install/ur_dashboard_msgs/include/ur_dashboard_msgs/ur_dashboard_msgs/srv/detail/get_robot_mode__struct.h
[2.008s] -- Up-to-date symlink: /home/icrs/icrsUR/install/ur_dashboard_msgs/include/ur_dashboard_msgs/ur_dashboard_msgs/srv/detail/get_robot_mode__type_support.h
[2.008s] -- Up-to-date symlink: /home/icrs/icrsUR/install/ur_dashboard_msgs/include/ur_dashboard_msgs/ur_dashboard_msgs/srv/detail/get_safety_mode__functions.h
[2.008s] -- Up-to-date symlink: /home/icrs/icrsUR/install/ur_dashboard_msgs/include/ur_dashboard_msgs/ur_dashboard_msgs/srv/detail/get_safety_mode__struct.h
[2.008s] -- Up-to-date symlink: /home/icrs/icrsUR/install/ur_dashboard_msgs/include/ur_dashboard_msgs/ur_dashboard_msgs/srv/detail/get_safety_mode__type_support.h
[2.008s] -- Up-to-date symlink: /home/icrs/icrsUR/install/ur_dashboard_msgs/include/ur_dashboard_msgs/ur_dashboard_msgs/srv/detail/is_program_running__functions.h
[2.008s] -- Up-to-date symlink: /home/icrs/icrsUR/install/ur_dashboard_msgs/include/ur_dashboard_msgs/ur_dashboard_msgs/srv/detail/is_program_running__struct.h
[2.008s] -- Up-to-date symlink: /home/icrs/icrsUR/install/ur_dashboard_msgs/include/ur_dashboard_msgs/ur_dashboard_msgs/srv/detail/is_program_running__type_support.h
[2.009s] -- Up-to-date symlink: /home/icrs/icrsUR/install/ur_dashboard_msgs/include/ur_dashboard_msgs/ur_dashboard_msgs/srv/detail/is_program_saved__functions.h
[2.009s] -- Up-to-date symlink: /home/icrs/icrsUR/install/ur_dashboard_msgs/include/ur_dashboard_msgs/ur_dashboard_msgs/srv/detail/is_program_saved__struct.h
[2.009s] -- Up-to-date symlink: /home/icrs/icrsUR/install/ur_dashboard_msgs/include/ur_dashboard_msgs/ur_dashboard_msgs/srv/detail/is_program_saved__type_support.h
[2.009s] -- Up-to-date symlink: /home/icrs/icrsUR/install/ur_dashboard_msgs/include/ur_dashboard_msgs/ur_dashboard_msgs/srv/detail/load__functions.h
[2.009s] -- Up-to-date symlink: /home/icrs/icrsUR/install/ur_dashboard_msgs/include/ur_dashboard_msgs/ur_dashboard_msgs/srv/detail/load__struct.h
[2.009s] -- Up-to-date symlink: /home/icrs/icrsUR/install/ur_dashboard_msgs/include/ur_dashboard_msgs/ur_dashboard_msgs/srv/detail/load__type_support.h
[2.009s] -- Up-to-date symlink: /home/icrs/icrsUR/install/ur_dashboard_msgs/include/ur_dashboard_msgs/ur_dashboard_msgs/srv/detail/popup__functions.h
[2.009s] -- Up-to-date symlink: /home/icrs/icrsUR/install/ur_dashboard_msgs/include/ur_dashboard_msgs/ur_dashboard_msgs/srv/detail/popup__struct.h
[2.009s] -- Up-to-date symlink: /home/icrs/icrsUR/install/ur_dashboard_msgs/include/ur_dashboard_msgs/ur_dashboard_msgs/srv/detail/popup__type_support.h
[2.009s] -- Up-to-date symlink: /home/icrs/icrsUR/install/ur_dashboard_msgs/include/ur_dashboard_msgs/ur_dashboard_msgs/srv/detail/raw_request__functions.h
[2.009s] -- Up-to-date symlink: /home/icrs/icrsUR/install/ur_dashboard_msgs/include/ur_dashboard_msgs/ur_dashboard_msgs/srv/detail/raw_request__struct.h
[2.009s] -- Up-to-date symlink: /home/icrs/icrsUR/install/ur_dashboard_msgs/include/ur_dashboard_msgs/ur_dashboard_msgs/srv/detail/raw_request__type_support.h
[2.010s] -- Up-to-date symlink: /home/icrs/icrsUR/install/ur_dashboard_msgs/include/ur_dashboard_msgs/ur_dashboard_msgs/srv/get_loaded_program.h
[2.010s] -- Up-to-date symlink: /home/icrs/icrsUR/install/ur_dashboard_msgs/include/ur_dashboard_msgs/ur_dashboard_msgs/srv/get_program_state.h
[2.010s] -- Up-to-date symlink: /home/icrs/icrsUR/install/ur_dashboard_msgs/include/ur_dashboard_msgs/ur_dashboard_msgs/srv/get_robot_mode.h
[2.010s] -- Up-to-date symlink: /home/icrs/icrsUR/install/ur_dashboard_msgs/include/ur_dashboard_msgs/ur_dashboard_msgs/srv/get_safety_mode.h
[2.012s] -- Up-to-date symlink: /home/icrs/icrsUR/install/ur_dashboard_msgs/include/ur_dashboard_msgs/ur_dashboard_msgs/srv/is_program_running.h
[2.012s] -- Up-to-date symlink: /home/icrs/icrsUR/install/ur_dashboard_msgs/include/ur_dashboard_msgs/ur_dashboard_msgs/srv/is_program_saved.h
[2.013s] -- Up-to-date symlink: /home/icrs/icrsUR/install/ur_dashboard_msgs/include/ur_dashboard_msgs/ur_dashboard_msgs/srv/load.h
[2.013s] -- Up-to-date symlink: /home/icrs/icrsUR/install/ur_dashboard_msgs/include/ur_dashboard_msgs/ur_dashboard_msgs/srv/popup.h
[2.013s] -- Up-to-date symlink: /home/icrs/icrsUR/install/ur_dashboard_msgs/include/ur_dashboard_msgs/ur_dashboard_msgs/srv/raw_request.h
[2.014s] -- Up-to-date symlink: /home/icrs/icrsUR/install/ur_dashboard_msgs/share/ur_dashboard_msgs/environment/library_path.sh
[2.014s] -- Up-to-date symlink: /home/icrs/icrsUR/install/ur_dashboard_msgs/share/ur_dashboard_msgs/environment/library_path.dsv
[2.014s] -- Up-to-date symlink: /home/icrs/icrsUR/install/ur_dashboard_msgs/include/ur_dashboard_msgs/ur_dashboard_msgs/action/detail/set_mode__rosidl_typesupport_fastrtps_c.h
[2.014s] -- Up-to-date symlink: /home/icrs/icrsUR/install/ur_dashboard_msgs/include/ur_dashboard_msgs/ur_dashboard_msgs/msg/detail/program_state__rosidl_typesupport_fastrtps_c.h
[2.014s] -- Up-to-date symlink: /home/icrs/icrsUR/install/ur_dashboard_msgs/include/ur_dashboard_msgs/ur_dashboard_msgs/msg/detail/robot_mode__rosidl_typesupport_fastrtps_c.h
[2.014s] -- Up-to-date symlink: /home/icrs/icrsUR/install/ur_dashboard_msgs/include/ur_dashboard_msgs/ur_dashboard_msgs/msg/detail/safety_mode__rosidl_typesupport_fastrtps_c.h
[2.015s] -- Up-to-date symlink: /home/icrs/icrsUR/install/ur_dashboard_msgs/include/ur_dashboard_msgs/ur_dashboard_msgs/msg/rosidl_typesupport_fastrtps_c__visibility_control.h
[2.015s] -- Up-to-date symlink: /home/icrs/icrsUR/install/ur_dashboard_msgs/include/ur_dashboard_msgs/ur_dashboard_msgs/srv/detail/add_to_log__rosidl_typesupport_fastrtps_c.h
[2.015s] -- Up-to-date symlink: /home/icrs/icrsUR/install/ur_dashboard_msgs/include/ur_dashboard_msgs/ur_dashboard_msgs/srv/detail/get_loaded_program__rosidl_typesupport_fastrtps_c.h
[2.015s] -- Up-to-date symlink: /home/icrs/icrsUR/install/ur_dashboard_msgs/include/ur_dashboard_msgs/ur_dashboard_msgs/srv/detail/get_program_state__rosidl_typesupport_fastrtps_c.h
[2.015s] -- Up-to-date symlink: /home/icrs/icrsUR/install/ur_dashboard_msgs/include/ur_dashboard_msgs/ur_dashboard_msgs/srv/detail/get_robot_mode__rosidl_typesupport_fastrtps_c.h
[2.015s] -- Up-to-date symlink: /home/icrs/icrsUR/install/ur_dashboard_msgs/include/ur_dashboard_msgs/ur_dashboard_msgs/srv/detail/get_safety_mode__rosidl_typesupport_fastrtps_c.h
[2.015s] -- Up-to-date symlink: /home/icrs/icrsUR/install/ur_dashboard_msgs/include/ur_dashboard_msgs/ur_dashboard_msgs/srv/detail/is_program_running__rosidl_typesupport_fastrtps_c.h
[2.015s] -- Up-to-date symlink: /home/icrs/icrsUR/install/ur_dashboard_msgs/include/ur_dashboard_msgs/ur_dashboard_msgs/srv/detail/is_program_saved__rosidl_typesupport_fastrtps_c.h
[2.015s] -- Up-to-date symlink: /home/icrs/icrsUR/install/ur_dashboard_msgs/include/ur_dashboard_msgs/ur_dashboard_msgs/srv/detail/load__rosidl_typesupport_fastrtps_c.h
[2.016s] -- Up-to-date symlink: /home/icrs/icrsUR/install/ur_dashboard_msgs/include/ur_dashboard_msgs/ur_dashboard_msgs/srv/detail/popup__rosidl_typesupport_fastrtps_c.h
[2.016s] -- Up-to-date symlink: /home/icrs/icrsUR/install/ur_dashboard_msgs/include/ur_dashboard_msgs/ur_dashboard_msgs/srv/detail/raw_request__rosidl_typesupport_fastrtps_c.h
[2.016s] -- Up-to-date symlink: /home/icrs/icrsUR/install/ur_dashboard_msgs/include/ur_dashboard_msgs/ur_dashboard_msgs/action/detail/set_mode__rosidl_typesupport_introspection_c.h
[2.016s] -- Up-to-date symlink: /home/icrs/icrsUR/install/ur_dashboard_msgs/include/ur_dashboard_msgs/ur_dashboard_msgs/msg/detail/program_state__rosidl_typesupport_introspection_c.h
[2.017s] -- Up-to-date symlink: /home/icrs/icrsUR/install/ur_dashboard_msgs/include/ur_dashboard_msgs/ur_dashboard_msgs/msg/detail/robot_mode__rosidl_typesupport_introspection_c.h
[2.017s] -- Up-to-date symlink: /home/icrs/icrsUR/install/ur_dashboard_msgs/include/ur_dashboard_msgs/ur_dashboard_msgs/msg/detail/safety_mode__rosidl_typesupport_introspection_c.h
[2.017s] -- Up-to-date symlink: /home/icrs/icrsUR/install/ur_dashboard_msgs/include/ur_dashboard_msgs/ur_dashboard_msgs/msg/rosidl_typesupport_introspection_c__visibility_control.h
[2.017s] -- Up-to-date symlink: /home/icrs/icrsUR/install/ur_dashboard_msgs/include/ur_dashboard_msgs/ur_dashboard_msgs/srv/detail/add_to_log__rosidl_typesupport_introspection_c.h
[2.017s] -- Up-to-date symlink: /home/icrs/icrsUR/install/ur_dashboard_msgs/include/ur_dashboard_msgs/ur_dashboard_msgs/srv/detail/get_loaded_program__rosidl_typesupport_introspection_c.h
[2.017s] -- Up-to-date symlink: /home/icrs/icrsUR/install/ur_dashboard_msgs/include/ur_dashboard_msgs/ur_dashboard_msgs/srv/detail/get_program_state__rosidl_typesupport_introspection_c.h
[2.017s] -- Up-to-date symlink: /home/icrs/icrsUR/install/ur_dashboard_msgs/include/ur_dashboard_msgs/ur_dashboard_msgs/srv/detail/get_robot_mode__rosidl_typesupport_introspection_c.h
[2.018s] -- Up-to-date symlink: /home/icrs/icrsUR/install/ur_dashboard_msgs/include/ur_dashboard_msgs/ur_dashboard_msgs/srv/detail/get_safety_mode__rosidl_typesupport_introspection_c.h
[2.018s] -- Up-to-date symlink: /home/icrs/icrsUR/install/ur_dashboard_msgs/include/ur_dashboard_msgs/ur_dashboard_msgs/srv/detail/is_program_running__rosidl_typesupport_introspection_c.h
[2.018s] -- Up-to-date symlink: /home/icrs/icrsUR/install/ur_dashboard_msgs/include/ur_dashboard_msgs/ur_dashboard_msgs/srv/detail/is_program_saved__rosidl_typesupport_introspection_c.h
[2.019s] -- Up-to-date symlink: /home/icrs/icrsUR/install/ur_dashboard_msgs/include/ur_dashboard_msgs/ur_dashboard_msgs/srv/detail/load__rosidl_typesupport_introspection_c.h
[2.019s] -- Up-to-date symlink: /home/icrs/icrsUR/install/ur_dashboard_msgs/include/ur_dashboard_msgs/ur_dashboard_msgs/srv/detail/popup__rosidl_typesupport_introspection_c.h
[2.019s] -- Up-to-date symlink: /home/icrs/icrsUR/install/ur_dashboard_msgs/include/ur_dashboard_msgs/ur_dashboard_msgs/srv/detail/raw_request__rosidl_typesupport_introspection_c.h
[2.019s] -- Up-to-date symlink: /home/icrs/icrsUR/install/ur_dashboard_msgs/include/ur_dashboard_msgs/ur_dashboard_msgs/action/detail/set_mode__builder.hpp
[2.019s] -- Up-to-date symlink: /home/icrs/icrsUR/install/ur_dashboard_msgs/include/ur_dashboard_msgs/ur_dashboard_msgs/action/detail/set_mode__struct.hpp
[2.019s] -- Up-to-date symlink: /home/icrs/icrsUR/install/ur_dashboard_msgs/include/ur_dashboard_msgs/ur_dashboard_msgs/action/detail/set_mode__traits.hpp
[2.019s] -- Up-to-date symlink: /home/icrs/icrsUR/install/ur_dashboard_msgs/include/ur_dashboard_msgs/ur_dashboard_msgs/action/set_mode.hpp
[2.020s] -- Up-to-date symlink: /home/icrs/icrsUR/install/ur_dashboard_msgs/include/ur_dashboard_msgs/ur_dashboard_msgs/msg/detail/program_state__builder.hpp
[2.020s] -- Up-to-date symlink: /home/icrs/icrsUR/install/ur_dashboard_msgs/include/ur_dashboard_msgs/ur_dashboard_msgs/msg/detail/program_state__struct.hpp
[2.020s] -- Up-to-date symlink: /home/icrs/icrsUR/install/ur_dashboard_msgs/include/ur_dashboard_msgs/ur_dashboard_msgs/msg/detail/program_state__traits.hpp
[2.020s] -- Up-to-date symlink: /home/icrs/icrsUR/install/ur_dashboard_msgs/include/ur_dashboard_msgs/ur_dashboard_msgs/msg/detail/robot_mode__builder.hpp
[2.020s] -- Up-to-date symlink: /home/icrs/icrsUR/install/ur_dashboard_msgs/include/ur_dashboard_msgs/ur_dashboard_msgs/msg/detail/robot_mode__struct.hpp
[2.020s] -- Up-to-date symlink: /home/icrs/icrsUR/install/ur_dashboard_msgs/include/ur_dashboard_msgs/ur_dashboard_msgs/msg/detail/robot_mode__traits.hpp
[2.020s] -- Up-to-date symlink: /home/icrs/icrsUR/install/ur_dashboard_msgs/include/ur_dashboard_msgs/ur_dashboard_msgs/msg/detail/safety_mode__builder.hpp
[2.020s] -- Up-to-date symlink: /home/icrs/icrsUR/install/ur_dashboard_msgs/include/ur_dashboard_msgs/ur_dashboard_msgs/msg/detail/safety_mode__struct.hpp
[2.020s] -- Up-to-date symlink: /home/icrs/icrsUR/install/ur_dashboard_msgs/include/ur_dashboard_msgs/ur_dashboard_msgs/msg/detail/safety_mode__traits.hpp
[2.020s] -- Up-to-date symlink: /home/icrs/icrsUR/install/ur_dashboard_msgs/include/ur_dashboard_msgs/ur_dashboard_msgs/msg/program_state.hpp
[2.020s] -- Up-to-date symlink: /home/icrs/icrsUR/install/ur_dashboard_msgs/include/ur_dashboard_msgs/ur_dashboard_msgs/msg/robot_mode.hpp
[2.020s] -- Up-to-date symlink: /home/icrs/icrsUR/install/ur_dashboard_msgs/include/ur_dashboard_msgs/ur_dashboard_msgs/msg/safety_mode.hpp
[2.020s] -- Up-to-date symlink: /home/icrs/icrsUR/install/ur_dashboard_msgs/include/ur_dashboard_msgs/ur_dashboard_msgs/srv/add_to_log.hpp
[2.021s] -- Up-to-date symlink: /home/icrs/icrsUR/install/ur_dashboard_msgs/include/ur_dashboard_msgs/ur_dashboard_msgs/srv/detail/add_to_log__builder.hpp
[2.021s] -- Up-to-date symlink: /home/icrs/icrsUR/install/ur_dashboard_msgs/include/ur_dashboard_msgs/ur_dashboard_msgs/srv/detail/add_to_log__struct.hpp
[2.021s] -- Up-to-date symlink: /home/icrs/icrsUR/install/ur_dashboard_msgs/include/ur_dashboard_msgs/ur_dashboard_msgs/srv/detail/add_to_log__traits.hpp
[2.021s] -- Up-to-date symlink: /home/icrs/icrsUR/install/ur_dashboard_msgs/include/ur_dashboard_msgs/ur_dashboard_msgs/srv/detail/get_loaded_program__builder.hpp
[2.021s] -- Up-to-date symlink: /home/icrs/icrsUR/install/ur_dashboard_msgs/include/ur_dashboard_msgs/ur_dashboard_msgs/srv/detail/get_loaded_program__struct.hpp
[2.021s] -- Up-to-date symlink: /home/icrs/icrsUR/install/ur_dashboard_msgs/include/ur_dashboard_msgs/ur_dashboard_msgs/srv/detail/get_loaded_program__traits.hpp
[2.021s] -- Up-to-date symlink: /home/icrs/icrsUR/install/ur_dashboard_msgs/include/ur_dashboard_msgs/ur_dashboard_msgs/srv/detail/get_program_state__builder.hpp
[2.021s] -- Up-to-date symlink: /home/icrs/icrsUR/install/ur_dashboard_msgs/include/ur_dashboard_msgs/ur_dashboard_msgs/srv/detail/get_program_state__struct.hpp
[2.021s] -- Up-to-date symlink: /home/icrs/icrsUR/install/ur_dashboard_msgs/include/ur_dashboard_msgs/ur_dashboard_msgs/srv/detail/get_program_state__traits.hpp
[2.021s] -- Up-to-date symlink: /home/icrs/icrsUR/install/ur_dashboard_msgs/include/ur_dashboard_msgs/ur_dashboard_msgs/srv/detail/get_robot_mode__builder.hpp
[2.021s] -- Up-to-date symlink: /home/icrs/icrsUR/install/ur_dashboard_msgs/include/ur_dashboard_msgs/ur_dashboard_msgs/srv/detail/get_robot_mode__struct.hpp
[2.021s] -- Up-to-date symlink: /home/icrs/icrsUR/install/ur_dashboard_msgs/include/ur_dashboard_msgs/ur_dashboard_msgs/srv/detail/get_robot_mode__traits.hpp
[2.022s] -- Up-to-date symlink: /home/icrs/icrsUR/install/ur_dashboard_msgs/include/ur_dashboard_msgs/ur_dashboard_msgs/srv/detail/get_safety_mode__builder.hpp
[2.022s] -- Up-to-date symlink: /home/icrs/icrsUR/install/ur_dashboard_msgs/include/ur_dashboard_msgs/ur_dashboard_msgs/srv/detail/get_safety_mode__struct.hpp
[2.022s] -- Up-to-date symlink: /home/icrs/icrsUR/install/ur_dashboard_msgs/include/ur_dashboard_msgs/ur_dashboard_msgs/srv/detail/get_safety_mode__traits.hpp
[2.022s] -- Up-to-date symlink: /home/icrs/icrsUR/install/ur_dashboard_msgs/include/ur_dashboard_msgs/ur_dashboard_msgs/srv/detail/is_program_running__builder.hpp
[2.022s] -- Up-to-date symlink: /home/icrs/icrsUR/install/ur_dashboard_msgs/include/ur_dashboard_msgs/ur_dashboard_msgs/srv/detail/is_program_running__struct.hpp
[2.022s] -- Up-to-date symlink: /home/icrs/icrsUR/install/ur_dashboard_msgs/include/ur_dashboard_msgs/ur_dashboard_msgs/srv/detail/is_program_running__traits.hpp
[2.022s] -- Up-to-date symlink: /home/icrs/icrsUR/install/ur_dashboard_msgs/include/ur_dashboard_msgs/ur_dashboard_msgs/srv/detail/is_program_saved__builder.hpp
[2.022s] -- Up-to-date symlink: /home/icrs/icrsUR/install/ur_dashboard_msgs/include/ur_dashboard_msgs/ur_dashboard_msgs/srv/detail/is_program_saved__struct.hpp
[2.022s] -- Up-to-date symlink: /home/icrs/icrsUR/install/ur_dashboard_msgs/include/ur_dashboard_msgs/ur_dashboard_msgs/srv/detail/is_program_saved__traits.hpp
[2.022s] -- Up-to-date symlink: /home/icrs/icrsUR/install/ur_dashboard_msgs/include/ur_dashboard_msgs/ur_dashboard_msgs/srv/detail/load__builder.hpp
[2.022s] -- Up-to-date symlink: /home/icrs/icrsUR/install/ur_dashboard_msgs/include/ur_dashboard_msgs/ur_dashboard_msgs/srv/detail/load__struct.hpp
[2.022s] -- Up-to-date symlink: /home/icrs/icrsUR/install/ur_dashboard_msgs/include/ur_dashboard_msgs/ur_dashboard_msgs/srv/detail/load__traits.hpp
[2.023s] -- Up-to-date symlink: /home/icrs/icrsUR/install/ur_dashboard_msgs/include/ur_dashboard_msgs/ur_dashboard_msgs/srv/detail/popup__builder.hpp
[2.023s] -- Up-to-date symlink: /home/icrs/icrsUR/install/ur_dashboard_msgs/include/ur_dashboard_msgs/ur_dashboard_msgs/srv/detail/popup__struct.hpp
[2.023s] -- Up-to-date symlink: /home/icrs/icrsUR/install/ur_dashboard_msgs/include/ur_dashboard_msgs/ur_dashboard_msgs/srv/detail/popup__traits.hpp
[2.023s] -- Up-to-date symlink: /home/icrs/icrsUR/install/ur_dashboard_msgs/include/ur_dashboard_msgs/ur_dashboard_msgs/srv/detail/raw_request__builder.hpp
[2.023s] -- Up-to-date symlink: /home/icrs/icrsUR/install/ur_dashboard_msgs/include/ur_dashboard_msgs/ur_dashboard_msgs/srv/detail/raw_request__struct.hpp
[2.023s] -- Up-to-date symlink: /home/icrs/icrsUR/install/ur_dashboard_msgs/include/ur_dashboard_msgs/ur_dashboard_msgs/srv/detail/raw_request__traits.hpp
[2.024s] -- Up-to-date symlink: /home/icrs/icrsUR/install/ur_dashboard_msgs/include/ur_dashboard_msgs/ur_dashboard_msgs/srv/get_loaded_program.hpp
[2.024s] -- Up-to-date symlink: /home/icrs/icrsUR/install/ur_dashboard_msgs/include/ur_dashboard_msgs/ur_dashboard_msgs/srv/get_program_state.hpp
[2.024s] -- Up-to-date symlink: /home/icrs/icrsUR/install/ur_dashboard_msgs/include/ur_dashboard_msgs/ur_dashboard_msgs/srv/get_robot_mode.hpp
[2.024s] -- Up-to-date symlink: /home/icrs/icrsUR/install/ur_dashboard_msgs/include/ur_dashboard_msgs/ur_dashboard_msgs/srv/get_safety_mode.hpp
[2.024s] -- Up-to-date symlink: /home/icrs/icrsUR/install/ur_dashboard_msgs/include/ur_dashboard_msgs/ur_dashboard_msgs/srv/is_program_running.hpp
[2.024s] -- Up-to-date symlink: /home/icrs/icrsUR/install/ur_dashboard_msgs/include/ur_dashboard_msgs/ur_dashboard_msgs/srv/is_program_saved.hpp
[2.024s] -- Up-to-date symlink: /home/icrs/icrsUR/install/ur_dashboard_msgs/include/ur_dashboard_msgs/ur_dashboard_msgs/srv/load.hpp
[2.024s] -- Up-to-date symlink: /home/icrs/icrsUR/install/ur_dashboard_msgs/include/ur_dashboard_msgs/ur_dashboard_msgs/srv/popup.hpp
[2.024s] -- Up-to-date symlink: /home/icrs/icrsUR/install/ur_dashboard_msgs/include/ur_dashboard_msgs/ur_dashboard_msgs/srv/raw_request.hpp
[2.024s] -- Up-to-date symlink: /home/icrs/icrsUR/install/ur_dashboard_msgs/include/ur_dashboard_msgs/ur_dashboard_msgs/action/detail/set_mode__rosidl_typesupport_fastrtps_cpp.hpp
[2.024s] -- Up-to-date symlink: /home/icrs/icrsUR/install/ur_dashboard_msgs/include/ur_dashboard_msgs/ur_dashboard_msgs/msg/detail/program_state__rosidl_typesupport_fastrtps_cpp.hpp
[2.024s] -- Up-to-date symlink: /home/icrs/icrsUR/install/ur_dashboard_msgs/include/ur_dashboard_msgs/ur_dashboard_msgs/msg/detail/robot_mode__rosidl_typesupport_fastrtps_cpp.hpp
[2.025s] -- Up-to-date symlink: /home/icrs/icrsUR/install/ur_dashboard_msgs/include/ur_dashboard_msgs/ur_dashboard_msgs/msg/detail/safety_mode__rosidl_typesupport_fastrtps_cpp.hpp
[2.025s] -- Up-to-date symlink: /home/icrs/icrsUR/install/ur_dashboard_msgs/include/ur_dashboard_msgs/ur_dashboard_msgs/msg/rosidl_typesupport_fastrtps_cpp__visibility_control.h
[2.025s] -- Up-to-date symlink: /home/icrs/icrsUR/install/ur_dashboard_msgs/include/ur_dashboard_msgs/ur_dashboard_msgs/srv/detail/add_to_log__rosidl_typesupport_fastrtps_cpp.hpp
[2.025s] -- Up-to-date symlink: /home/icrs/icrsUR/install/ur_dashboard_msgs/include/ur_dashboard_msgs/ur_dashboard_msgs/srv/detail/get_loaded_program__rosidl_typesupport_fastrtps_cpp.hpp
[2.025s] -- Up-to-date symlink: /home/icrs/icrsUR/install/ur_dashboard_msgs/include/ur_dashboard_msgs/ur_dashboard_msgs/srv/detail/get_program_state__rosidl_typesupport_fastrtps_cpp.hpp
[2.026s] -- Up-to-date symlink: /home/icrs/icrsUR/install/ur_dashboard_msgs/include/ur_dashboard_msgs/ur_dashboard_msgs/srv/detail/get_robot_mode__rosidl_typesupport_fastrtps_cpp.hpp
[2.026s] -- Up-to-date symlink: /home/icrs/icrsUR/install/ur_dashboard_msgs/include/ur_dashboard_msgs/ur_dashboard_msgs/srv/detail/get_safety_mode__rosidl_typesupport_fastrtps_cpp.hpp
[2.026s] -- Up-to-date symlink: /home/icrs/icrsUR/install/ur_dashboard_msgs/include/ur_dashboard_msgs/ur_dashboard_msgs/srv/detail/is_program_running__rosidl_typesupport_fastrtps_cpp.hpp
[2.026s] -- Up-to-date symlink: /home/icrs/icrsUR/install/ur_dashboard_msgs/include/ur_dashboard_msgs/ur_dashboard_msgs/srv/detail/is_program_saved__rosidl_typesupport_fastrtps_cpp.hpp
[2.026s] -- Up-to-date symlink: /home/icrs/icrsUR/install/ur_dashboard_msgs/include/ur_dashboard_msgs/ur_dashboard_msgs/srv/detail/load__rosidl_typesupport_fastrtps_cpp.hpp
[2.026s] -- Up-to-date symlink: /home/icrs/icrsUR/install/ur_dashboard_msgs/include/ur_dashboard_msgs/ur_dashboard_msgs/srv/detail/popup__rosidl_typesupport_fastrtps_cpp.hpp
[2.026s] -- Up-to-date symlink: /home/icrs/icrsUR/install/ur_dashboard_msgs/include/ur_dashboard_msgs/ur_dashboard_msgs/srv/detail/raw_request__rosidl_typesupport_fastrtps_cpp.hpp
[2.026s] -- Up-to-date symlink: /home/icrs/icrsUR/install/ur_dashboard_msgs/include/ur_dashboard_msgs/ur_dashboard_msgs/action/detail/set_mode__rosidl_typesupport_introspection_cpp.hpp
[2.026s] -- Up-to-date symlink: /home/icrs/icrsUR/install/ur_dashboard_msgs/include/ur_dashboard_msgs/ur_dashboard_msgs/msg/detail/program_state__rosidl_typesupport_introspection_cpp.hpp
[2.027s] -- Up-to-date symlink: /home/icrs/icrsUR/install/ur_dashboard_msgs/include/ur_dashboard_msgs/ur_dashboard_msgs/msg/detail/robot_mode__rosidl_typesupport_introspection_cpp.hpp
[2.027s] -- Up-to-date symlink: /home/icrs/icrsUR/install/ur_dashboard_msgs/include/ur_dashboard_msgs/ur_dashboard_msgs/msg/detail/safety_mode__rosidl_typesupport_introspection_cpp.hpp
[2.027s] -- Up-to-date symlink: /home/icrs/icrsUR/install/ur_dashboard_msgs/include/ur_dashboard_msgs/ur_dashboard_msgs/srv/detail/add_to_log__rosidl_typesupport_introspection_cpp.hpp
[2.027s] -- Up-to-date symlink: /home/icrs/icrsUR/install/ur_dashboard_msgs/include/ur_dashboard_msgs/ur_dashboard_msgs/srv/detail/get_loaded_program__rosidl_typesupport_introspection_cpp.hpp
[2.027s] -- Up-to-date symlink: /home/icrs/icrsUR/install/ur_dashboard_msgs/include/ur_dashboard_msgs/ur_dashboard_msgs/srv/detail/get_program_state__rosidl_typesupport_introspection_cpp.hpp
[2.027s] -- Up-to-date symlink: /home/icrs/icrsUR/install/ur_dashboard_msgs/include/ur_dashboard_msgs/ur_dashboard_msgs/srv/detail/get_robot_mode__rosidl_typesupport_introspection_cpp.hpp
[2.027s] -- Up-to-date symlink: /home/icrs/icrsUR/install/ur_dashboard_msgs/include/ur_dashboard_msgs/ur_dashboard_msgs/srv/detail/get_safety_mode__rosidl_typesupport_introspection_cpp.hpp
[2.027s] -- Up-to-date symlink: /home/icrs/icrsUR/install/ur_dashboard_msgs/include/ur_dashboard_msgs/ur_dashboard_msgs/srv/detail/is_program_running__rosidl_typesupport_introspection_cpp.hpp
[2.027s] -- Up-to-date symlink: /home/icrs/icrsUR/install/ur_dashboard_msgs/include/ur_dashboard_msgs/ur_dashboard_msgs/srv/detail/is_program_saved__rosidl_typesupport_introspection_cpp.hpp
[2.027s] -- Up-to-date symlink: /home/icrs/icrsUR/install/ur_dashboard_msgs/include/ur_dashboard_msgs/ur_dashboard_msgs/srv/detail/load__rosidl_typesupport_introspection_cpp.hpp
[2.028s] -- Up-to-date symlink: /home/icrs/icrsUR/install/ur_dashboard_msgs/include/ur_dashboard_msgs/ur_dashboard_msgs/srv/detail/popup__rosidl_typesupport_introspection_cpp.hpp
[2.028s] -- Up-to-date symlink: /home/icrs/icrsUR/install/ur_dashboard_msgs/include/ur_dashboard_msgs/ur_dashboard_msgs/srv/detail/raw_request__rosidl_typesupport_introspection_cpp.hpp
[2.028s] -- Up-to-date symlink: /home/icrs/icrsUR/install/ur_dashboard_msgs/share/ur_dashboard_msgs/environment/pythonpath.sh
[2.028s] -- Up-to-date symlink: /home/icrs/icrsUR/install/ur_dashboard_msgs/share/ur_dashboard_msgs/environment/pythonpath.dsv
[2.028s] -- Up-to-date symlink: /home/icrs/icrsUR/install/ur_dashboard_msgs/local/lib/python3.10/dist-packages/ur_dashboard_msgs-2.2.10-py3.10.egg-info/PKG-INFO
[2.028s] -- Up-to-date symlink: /home/icrs/icrsUR/install/ur_dashboard_msgs/local/lib/python3.10/dist-packages/ur_dashboard_msgs-2.2.10-py3.10.egg-info/SOURCES.txt
[2.028s] -- Up-to-date symlink: /home/icrs/icrsUR/install/ur_dashboard_msgs/local/lib/python3.10/dist-packages/ur_dashboard_msgs-2.2.10-py3.10.egg-info/dependency_links.txt
[2.028s] -- Up-to-date symlink: /home/icrs/icrsUR/install/ur_dashboard_msgs/local/lib/python3.10/dist-packages/ur_dashboard_msgs-2.2.10-py3.10.egg-info/top_level.txt
[2.028s] -- Up-to-date symlink: /home/icrs/icrsUR/install/ur_dashboard_msgs/local/lib/python3.10/dist-packages/ur_dashboard_msgs/__init__.py
[2.028s] -- Up-to-date symlink: /home/icrs/icrsUR/install/ur_dashboard_msgs/local/lib/python3.10/dist-packages/ur_dashboard_msgs/_ur_dashboard_msgs_s.ep.rosidl_typesupport_c.c
[2.028s] -- Up-to-date symlink: /home/icrs/icrsUR/install/ur_dashboard_msgs/local/lib/python3.10/dist-packages/ur_dashboard_msgs/_ur_dashboard_msgs_s.ep.rosidl_typesupport_fastrtps_c.c
[2.029s] -- Up-to-date symlink: /home/icrs/icrsUR/install/ur_dashboard_msgs/local/lib/python3.10/dist-packages/ur_dashboard_msgs/_ur_dashboard_msgs_s.ep.rosidl_typesupport_introspection_c.c
[2.029s] -- Up-to-date symlink: /home/icrs/icrsUR/install/ur_dashboard_msgs/local/lib/python3.10/dist-packages/ur_dashboard_msgs/action/__init__.py
[2.029s] -- Up-to-date symlink: /home/icrs/icrsUR/install/ur_dashboard_msgs/local/lib/python3.10/dist-packages/ur_dashboard_msgs/action/_set_mode.py
[2.029s] -- Up-to-date symlink: /home/icrs/icrsUR/install/ur_dashboard_msgs/local/lib/python3.10/dist-packages/ur_dashboard_msgs/action/_set_mode_s.c
[2.029s] -- Up-to-date symlink: /home/icrs/icrsUR/install/ur_dashboard_msgs/local/lib/python3.10/dist-packages/ur_dashboard_msgs/libur_dashboard_msgs__rosidl_generator_py.so
[2.029s] -- Up-to-date symlink: /home/icrs/icrsUR/install/ur_dashboard_msgs/local/lib/python3.10/dist-packages/ur_dashboard_msgs/msg/__init__.py
[2.029s] -- Up-to-date symlink: /home/icrs/icrsUR/install/ur_dashboard_msgs/local/lib/python3.10/dist-packages/ur_dashboard_msgs/msg/_program_state.py
[2.029s] -- Up-to-date symlink: /home/icrs/icrsUR/install/ur_dashboard_msgs/local/lib/python3.10/dist-packages/ur_dashboard_msgs/msg/_program_state_s.c
[2.029s] -- Up-to-date symlink: /home/icrs/icrsUR/install/ur_dashboard_msgs/local/lib/python3.10/dist-packages/ur_dashboard_msgs/msg/_robot_mode.py
[2.029s] -- Up-to-date symlink: /home/icrs/icrsUR/install/ur_dashboard_msgs/local/lib/python3.10/dist-packages/ur_dashboard_msgs/msg/_robot_mode_s.c
[2.030s] -- Up-to-date symlink: /home/icrs/icrsUR/install/ur_dashboard_msgs/local/lib/python3.10/dist-packages/ur_dashboard_msgs/msg/_safety_mode.py
[2.030s] -- Up-to-date symlink: /home/icrs/icrsUR/install/ur_dashboard_msgs/local/lib/python3.10/dist-packages/ur_dashboard_msgs/msg/_safety_mode_s.c
[2.030s] -- Up-to-date symlink: /home/icrs/icrsUR/install/ur_dashboard_msgs/local/lib/python3.10/dist-packages/ur_dashboard_msgs/srv/__init__.py
[2.030s] -- Up-to-date symlink: /home/icrs/icrsUR/install/ur_dashboard_msgs/local/lib/python3.10/dist-packages/ur_dashboard_msgs/srv/_add_to_log.py
[2.030s] -- Up-to-date symlink: /home/icrs/icrsUR/install/ur_dashboard_msgs/local/lib/python3.10/dist-packages/ur_dashboard_msgs/srv/_add_to_log_s.c
[2.030s] -- Up-to-date symlink: /home/icrs/icrsUR/install/ur_dashboard_msgs/local/lib/python3.10/dist-packages/ur_dashboard_msgs/srv/_get_loaded_program.py
[2.030s] -- Up-to-date symlink: /home/icrs/icrsUR/install/ur_dashboard_msgs/local/lib/python3.10/dist-packages/ur_dashboard_msgs/srv/_get_loaded_program_s.c
[2.030s] -- Up-to-date symlink: /home/icrs/icrsUR/install/ur_dashboard_msgs/local/lib/python3.10/dist-packages/ur_dashboard_msgs/srv/_get_program_state.py
[2.030s] -- Up-to-date symlink: /home/icrs/icrsUR/install/ur_dashboard_msgs/local/lib/python3.10/dist-packages/ur_dashboard_msgs/srv/_get_program_state_s.c
[2.030s] -- Up-to-date symlink: /home/icrs/icrsUR/install/ur_dashboard_msgs/local/lib/python3.10/dist-packages/ur_dashboard_msgs/srv/_get_robot_mode.py
[2.030s] -- Up-to-date symlink: /home/icrs/icrsUR/install/ur_dashboard_msgs/local/lib/python3.10/dist-packages/ur_dashboard_msgs/srv/_get_robot_mode_s.c
[2.030s] -- Up-to-date symlink: /home/icrs/icrsUR/install/ur_dashboard_msgs/local/lib/python3.10/dist-packages/ur_dashboard_msgs/srv/_get_safety_mode.py
[2.031s] -- Up-to-date symlink: /home/icrs/icrsUR/install/ur_dashboard_msgs/local/lib/python3.10/dist-packages/ur_dashboard_msgs/srv/_get_safety_mode_s.c
[2.031s] -- Up-to-date symlink: /home/icrs/icrsUR/install/ur_dashboard_msgs/local/lib/python3.10/dist-packages/ur_dashboard_msgs/srv/_is_program_running.py
[2.032s] -- Up-to-date symlink: /home/icrs/icrsUR/install/ur_dashboard_msgs/local/lib/python3.10/dist-packages/ur_dashboard_msgs/srv/_is_program_running_s.c
[2.032s] -- Up-to-date symlink: /home/icrs/icrsUR/install/ur_dashboard_msgs/local/lib/python3.10/dist-packages/ur_dashboard_msgs/srv/_is_program_saved.py
[2.032s] -- Up-to-date symlink: /home/icrs/icrsUR/install/ur_dashboard_msgs/local/lib/python3.10/dist-packages/ur_dashboard_msgs/srv/_is_program_saved_s.c
[2.032s] -- Up-to-date symlink: /home/icrs/icrsUR/install/ur_dashboard_msgs/local/lib/python3.10/dist-packages/ur_dashboard_msgs/srv/_load.py
[2.032s] -- Up-to-date symlink: /home/icrs/icrsUR/install/ur_dashboard_msgs/local/lib/python3.10/dist-packages/ur_dashboard_msgs/srv/_load_s.c
[2.032s] -- Up-to-date symlink: /home/icrs/icrsUR/install/ur_dashboard_msgs/local/lib/python3.10/dist-packages/ur_dashboard_msgs/srv/_popup.py
[2.032s] -- Up-to-date symlink: /home/icrs/icrsUR/install/ur_dashboard_msgs/local/lib/python3.10/dist-packages/ur_dashboard_msgs/srv/_popup_s.c
[2.032s] -- Up-to-date symlink: /home/icrs/icrsUR/install/ur_dashboard_msgs/local/lib/python3.10/dist-packages/ur_dashboard_msgs/srv/_raw_request.py
[2.032s] -- Up-to-date symlink: /home/icrs/icrsUR/install/ur_dashboard_msgs/local/lib/python3.10/dist-packages/ur_dashboard_msgs/srv/_raw_request_s.c
[2.032s] -- Up-to-date symlink: /home/icrs/icrsUR/install/ur_dashboard_msgs/local/lib/python3.10/dist-packages/ur_dashboard_msgs/ur_dashboard_msgs_s__rosidl_typesupport_c.cpython-310-x86_64-linux-gnu.so
[2.033s] -- Up-to-date symlink: /home/icrs/icrsUR/install/ur_dashboard_msgs/local/lib/python3.10/dist-packages/ur_dashboard_msgs/ur_dashboard_msgs_s__rosidl_typesupport_fastrtps_c.cpython-310-x86_64-linux-gnu.so
[2.033s] -- Up-to-date symlink: /home/icrs/icrsUR/install/ur_dashboard_msgs/local/lib/python3.10/dist-packages/ur_dashboard_msgs/ur_dashboard_msgs_s__rosidl_typesupport_introspection_c.cpython-310-x86_64-linux-gnu.so
[2.033s] -- Up-to-date symlink: /home/icrs/icrsUR/install/ur_dashboard_msgs/local/lib/python3.10/dist-packages/ur_dashboard_msgs/ur_dashboard_msgs_s__rosidl_typesupport_fastrtps_c.cpython-310-x86_64-linux-gnu.so
[2.033s] -- Up-to-date symlink: /home/icrs/icrsUR/install/ur_dashboard_msgs/local/lib/python3.10/dist-packages/ur_dashboard_msgs/ur_dashboard_msgs_s__rosidl_typesupport_introspection_c.cpython-310-x86_64-linux-gnu.so
[2.033s] -- Up-to-date symlink: /home/icrs/icrsUR/install/ur_dashboard_msgs/local/lib/python3.10/dist-packages/ur_dashboard_msgs/ur_dashboard_msgs_s__rosidl_typesupport_c.cpython-310-x86_64-linux-gnu.so
[2.033s] -- Up-to-date symlink: /home/icrs/icrsUR/install/ur_dashboard_msgs/share/ur_dashboard_msgs/msg/ProgramState.idl
[2.033s] -- Up-to-date symlink: /home/icrs/icrsUR/install/ur_dashboard_msgs/share/ur_dashboard_msgs/msg/RobotMode.idl
[2.033s] -- Up-to-date symlink: /home/icrs/icrsUR/install/ur_dashboard_msgs/share/ur_dashboard_msgs/msg/SafetyMode.idl
[2.033s] -- Up-to-date symlink: /home/icrs/icrsUR/install/ur_dashboard_msgs/share/ur_dashboard_msgs/srv/AddToLog.idl
[2.033s] -- Up-to-date symlink: /home/icrs/icrsUR/install/ur_dashboard_msgs/share/ur_dashboard_msgs/srv/GetLoadedProgram.idl
[2.035s] -- Up-to-date symlink: /home/icrs/icrsUR/install/ur_dashboard_msgs/share/ur_dashboard_msgs/srv/GetProgramState.idl
[2.036s] -- Up-to-date symlink: /home/icrs/icrsUR/install/ur_dashboard_msgs/share/ur_dashboard_msgs/srv/GetRobotMode.idl
[2.037s] -- Up-to-date symlink: /home/icrs/icrsUR/install/ur_dashboard_msgs/share/ur_dashboard_msgs/srv/GetSafetyMode.idl
[2.037s] -- Up-to-date symlink: /home/icrs/icrsUR/install/ur_dashboard_msgs/share/ur_dashboard_msgs/srv/IsProgramRunning.idl
[2.037s] -- Up-to-date symlink: /home/icrs/icrsUR/install/ur_dashboard_msgs/share/ur_dashboard_msgs/srv/IsProgramSaved.idl
[2.038s] -- Up-to-date symlink: /home/icrs/icrsUR/install/ur_dashboard_msgs/share/ur_dashboard_msgs/srv/Load.idl
[2.038s] -- Up-to-date symlink: /home/icrs/icrsUR/install/ur_dashboard_msgs/share/ur_dashboard_msgs/srv/Popup.idl
[2.038s] -- Up-to-date symlink: /home/icrs/icrsUR/install/ur_dashboard_msgs/share/ur_dashboard_msgs/srv/RawRequest.idl
[2.038s] -- Up-to-date symlink: /home/icrs/icrsUR/install/ur_dashboard_msgs/share/ur_dashboard_msgs/action/SetMode.idl
[2.038s] -- Up-to-date symlink: /home/icrs/icrsUR/install/ur_dashboard_msgs/share/ur_dashboard_msgs/msg/ProgramState.msg
[2.038s] -- Up-to-date symlink: /home/icrs/icrsUR/install/ur_dashboard_msgs/share/ur_dashboard_msgs/msg/RobotMode.msg
[2.038s] -- Up-to-date symlink: /home/icrs/icrsUR/install/ur_dashboard_msgs/share/ur_dashboard_msgs/msg/SafetyMode.msg
[2.038s] -- Up-to-date symlink: /home/icrs/icrsUR/install/ur_dashboard_msgs/share/ur_dashboard_msgs/srv/AddToLog.srv
[2.038s] -- Up-to-date symlink: /home/icrs/icrsUR/install/ur_dashboard_msgs/share/ur_dashboard_msgs/srv/AddToLog_Request.msg
[2.038s] -- Up-to-date symlink: /home/icrs/icrsUR/install/ur_dashboard_msgs/share/ur_dashboard_msgs/srv/AddToLog_Response.msg
[2.040s] -- Up-to-date symlink: /home/icrs/icrsUR/install/ur_dashboard_msgs/share/ur_dashboard_msgs/srv/GetLoadedProgram.srv
[2.040s] -- Up-to-date symlink: /home/icrs/icrsUR/install/ur_dashboard_msgs/share/ur_dashboard_msgs/srv/GetLoadedProgram_Request.msg
[2.041s] -- Up-to-date symlink: /home/icrs/icrsUR/install/ur_dashboard_msgs/share/ur_dashboard_msgs/srv/GetLoadedProgram_Response.msg
[2.041s] -- Up-to-date symlink: /home/icrs/icrsUR/install/ur_dashboard_msgs/share/ur_dashboard_msgs/srv/GetProgramState.srv
[2.041s] -- Up-to-date symlink: /home/icrs/icrsUR/install/ur_dashboard_msgs/share/ur_dashboard_msgs/srv/GetProgramState_Request.msg
[2.041s] -- Up-to-date symlink: /home/icrs/icrsUR/install/ur_dashboard_msgs/share/ur_dashboard_msgs/srv/GetProgramState_Response.msg
[2.041s] -- Up-to-date symlink: /home/icrs/icrsUR/install/ur_dashboard_msgs/share/ur_dashboard_msgs/srv/GetRobotMode.srv
[2.041s] -- Up-to-date symlink: /home/icrs/icrsUR/install/ur_dashboard_msgs/share/ur_dashboard_msgs/srv/GetRobotMode_Request.msg
[2.041s] -- Up-to-date symlink: /home/icrs/icrsUR/install/ur_dashboard_msgs/share/ur_dashboard_msgs/srv/GetRobotMode_Response.msg
[2.041s] -- Up-to-date symlink: /home/icrs/icrsUR/install/ur_dashboard_msgs/share/ur_dashboard_msgs/srv/GetSafetyMode.srv
[2.041s] -- Up-to-date symlink: /home/icrs/icrsUR/install/ur_dashboard_msgs/share/ur_dashboard_msgs/srv/GetSafetyMode_Request.msg
[2.042s] -- Up-to-date symlink: /home/icrs/icrsUR/install/ur_dashboard_msgs/share/ur_dashboard_msgs/srv/GetSafetyMode_Response.msg
[2.042s] -- Up-to-date symlink: /home/icrs/icrsUR/install/ur_dashboard_msgs/share/ur_dashboard_msgs/srv/IsProgramRunning.srv
[2.042s] -- Up-to-date symlink: /home/icrs/icrsUR/install/ur_dashboard_msgs/share/ur_dashboard_msgs/srv/IsProgramRunning_Request.msg
[2.042s] -- Up-to-date symlink: /home/icrs/icrsUR/install/ur_dashboard_msgs/share/ur_dashboard_msgs/srv/IsProgramRunning_Response.msg
[2.042s] -- Up-to-date symlink: /home/icrs/icrsUR/install/ur_dashboard_msgs/share/ur_dashboard_msgs/srv/IsProgramSaved.srv
[2.042s] -- Up-to-date symlink: /home/icrs/icrsUR/install/ur_dashboard_msgs/share/ur_dashboard_msgs/srv/IsProgramSaved_Request.msg
[2.042s] -- Up-to-date symlink: /home/icrs/icrsUR/install/ur_dashboard_msgs/share/ur_dashboard_msgs/srv/IsProgramSaved_Response.msg
[2.042s] -- Up-to-date symlink: /home/icrs/icrsUR/install/ur_dashboard_msgs/share/ur_dashboard_msgs/srv/Load.srv
[2.042s] -- Up-to-date symlink: /home/icrs/icrsUR/install/ur_dashboard_msgs/share/ur_dashboard_msgs/srv/Load_Request.msg
[2.042s] -- Up-to-date symlink: /home/icrs/icrsUR/install/ur_dashboard_msgs/share/ur_dashboard_msgs/srv/Load_Response.msg
[2.042s] -- Up-to-date symlink: /home/icrs/icrsUR/install/ur_dashboard_msgs/share/ur_dashboard_msgs/srv/Popup.srv
[2.043s] -- Up-to-date symlink: /home/icrs/icrsUR/install/ur_dashboard_msgs/share/ur_dashboard_msgs/srv/Popup_Request.msg
[2.043s] -- Up-to-date symlink: /home/icrs/icrsUR/install/ur_dashboard_msgs/share/ur_dashboard_msgs/srv/Popup_Response.msg
[2.043s] -- Up-to-date symlink: /home/icrs/icrsUR/install/ur_dashboard_msgs/share/ur_dashboard_msgs/srv/RawRequest.srv
[2.043s] -- Up-to-date symlink: /home/icrs/icrsUR/install/ur_dashboard_msgs/share/ur_dashboard_msgs/srv/RawRequest_Request.msg
[2.043s] -- Up-to-date symlink: /home/icrs/icrsUR/install/ur_dashboard_msgs/share/ur_dashboard_msgs/srv/RawRequest_Response.msg
[2.043s] -- Up-to-date symlink: /home/icrs/icrsUR/install/ur_dashboard_msgs/share/ur_dashboard_msgs/action/SetMode.action
[2.043s] -- Up-to-date symlink: /home/icrs/icrsUR/install/ur_dashboard_msgs/share/ament_index/resource_index/package_run_dependencies/ur_dashboard_msgs
[2.043s] -- Up-to-date symlink: /home/icrs/icrsUR/install/ur_dashboard_msgs/share/ament_index/resource_index/parent_prefix_path/ur_dashboard_msgs
[2.043s] -- Up-to-date symlink: /home/icrs/icrsUR/install/ur_dashboard_msgs/share/ur_dashboard_msgs/environment/ament_prefix_path.sh
[2.043s] -- Up-to-date symlink: /home/icrs/icrsUR/install/ur_dashboard_msgs/share/ur_dashboard_msgs/environment/ament_prefix_path.dsv
[2.043s] -- Up-to-date symlink: /home/icrs/icrsUR/install/ur_dashboard_msgs/share/ur_dashboard_msgs/environment/path.sh
[2.043s] -- Up-to-date symlink: /home/icrs/icrsUR/install/ur_dashboard_msgs/share/ur_dashboard_msgs/environment/path.dsv
[2.044s] -- Up-to-date symlink: /home/icrs/icrsUR/install/ur_dashboard_msgs/share/ur_dashboard_msgs/local_setup.bash
[2.044s] -- Up-to-date symlink: /home/icrs/icrsUR/install/ur_dashboard_msgs/share/ur_dashboard_msgs/local_setup.sh
[2.044s] -- Up-to-date symlink: /home/icrs/icrsUR/install/ur_dashboard_msgs/share/ur_dashboard_msgs/local_setup.zsh
[2.044s] -- Up-to-date symlink: /home/icrs/icrsUR/install/ur_dashboard_msgs/share/ur_dashboard_msgs/local_setup.dsv
[2.044s] -- Symlinking: /home/icrs/icrsUR/install/ur_dashboard_msgs/share/ur_dashboard_msgs/package.dsv
[2.060s] -- Up-to-date symlink: /home/icrs/icrsUR/install/ur_dashboard_msgs/share/ament_index/resource_index/packages/ur_dashboard_msgs
[2.060s] -- Up-to-date symlink: /home/icrs/icrsUR/install/ur_dashboard_msgs/share/ur_dashboard_msgs/cmake/rosidl_cmake-extras.cmake
[2.061s] -- Up-to-date symlink: /home/icrs/icrsUR/install/ur_dashboard_msgs/share/ur_dashboard_msgs/cmake/ament_cmake_export_dependencies-extras.cmake
[2.061s] -- Up-to-date symlink: /home/icrs/icrsUR/install/ur_dashboard_msgs/share/ur_dashboard_msgs/cmake/ament_cmake_export_include_directories-extras.cmake
[2.061s] -- Up-to-date symlink: /home/icrs/icrsUR/install/ur_dashboard_msgs/share/ur_dashboard_msgs/cmake/ament_cmake_export_libraries-extras.cmake
[2.061s] -- Up-to-date symlink: /home/icrs/icrsUR/install/ur_dashboard_msgs/share/ur_dashboard_msgs/cmake/ament_cmake_export_targets-extras.cmake
[2.061s] -- Up-to-date symlink: /home/icrs/icrsUR/install/ur_dashboard_msgs/share/ur_dashboard_msgs/cmake/rosidl_cmake_export_typesupport_targets-extras.cmake
[2.061s] -- Up-to-date symlink: /home/icrs/icrsUR/install/ur_dashboard_msgs/share/ur_dashboard_msgs/cmake/rosidl_cmake_export_typesupport_libraries-extras.cmake
[2.062s] -- Up-to-date symlink: /home/icrs/icrsUR/install/ur_dashboard_msgs/share/ur_dashboard_msgs/cmake/ur_dashboard_msgsConfig.cmake
[2.062s] -- Up-to-date symlink: /home/icrs/icrsUR/install/ur_dashboard_msgs/share/ur_dashboard_msgs/cmake/ur_dashboard_msgsConfig-version.cmake
[2.062s] -- Up-to-date symlink: /home/icrs/icrsUR/install/ur_dashboard_msgs/share/ur_dashboard_msgs/package.xml
[2.062s] -- Up-to-date: /home/icrs/icrsUR/install/ur_dashboard_msgs/lib/libur_dashboard_msgs__rosidl_generator_c.so
[2.063s] -- Up-to-date: /home/icrs/icrsUR/install/ur_dashboard_msgs/lib/libur_dashboard_msgs__rosidl_typesupport_fastrtps_c.so
[2.063s] -- Up-to-date: /home/icrs/icrsUR/install/ur_dashboard_msgs/lib/libur_dashboard_msgs__rosidl_typesupport_introspection_c.so
[2.063s] -- Up-to-date: /home/icrs/icrsUR/install/ur_dashboard_msgs/lib/libur_dashboard_msgs__rosidl_typesupport_c.so
[2.063s] -- Up-to-date: /home/icrs/icrsUR/install/ur_dashboard_msgs/lib/libur_dashboard_msgs__rosidl_typesupport_fastrtps_cpp.so
[2.063s] -- Up-to-date: /home/icrs/icrsUR/install/ur_dashboard_msgs/lib/libur_dashboard_msgs__rosidl_typesupport_introspection_cpp.so
[2.063s] -- Up-to-date: /home/icrs/icrsUR/install/ur_dashboard_msgs/lib/libur_dashboard_msgs__rosidl_typesupport_cpp.so
[2.151s] Listing '/home/icrs/icrsUR/install/ur_dashboard_msgs/local/lib/python3.10/dist-packages/ur_dashboard_msgs'...
[2.151s] Listing '/home/icrs/icrsUR/install/ur_dashboard_msgs/local/lib/python3.10/dist-packages/ur_dashboard_msgs/action'...
[2.152s] Listing '/home/icrs/icrsUR/install/ur_dashboard_msgs/local/lib/python3.10/dist-packages/ur_dashboard_msgs/msg'...
[2.152s] Listing '/home/icrs/icrsUR/install/ur_dashboard_msgs/local/lib/python3.10/dist-packages/ur_dashboard_msgs/srv'...
[2.166s] -- Up-to-date: /home/icrs/icrsUR/install/ur_dashboard_msgs/lib/libur_dashboard_msgs__rosidl_generator_py.so
[2.168s] -- Up-to-date: /home/icrs/icrsUR/install/ur_dashboard_msgs/share/ur_dashboard_msgs/cmake/export_ur_dashboard_msgs__rosidl_generator_cExport.cmake
[2.168s] -- Up-to-date: /home/icrs/icrsUR/install/ur_dashboard_msgs/share/ur_dashboard_msgs/cmake/export_ur_dashboard_msgs__rosidl_generator_cExport-noconfig.cmake
[2.168s] -- Up-to-date: /home/icrs/icrsUR/install/ur_dashboard_msgs/share/ur_dashboard_msgs/cmake/export_ur_dashboard_msgs__rosidl_typesupport_fastrtps_cExport.cmake
[2.168s] -- Up-to-date: /home/icrs/icrsUR/install/ur_dashboard_msgs/share/ur_dashboard_msgs/cmake/export_ur_dashboard_msgs__rosidl_typesupport_fastrtps_cExport-noconfig.cmake
[2.169s] -- Up-to-date: /home/icrs/icrsUR/install/ur_dashboard_msgs/share/ur_dashboard_msgs/cmake/ur_dashboard_msgs__rosidl_typesupport_introspection_cExport.cmake
[2.169s] -- Up-to-date: /home/icrs/icrsUR/install/ur_dashboard_msgs/share/ur_dashboard_msgs/cmake/ur_dashboard_msgs__rosidl_typesupport_introspection_cExport-noconfig.cmake
[2.172s] -- Up-to-date: /home/icrs/icrsUR/install/ur_dashboard_msgs/share/ur_dashboard_msgs/cmake/ur_dashboard_msgs__rosidl_typesupport_cExport.cmake
[2.172s] -- Up-to-date: /home/icrs/icrsUR/install/ur_dashboard_msgs/share/ur_dashboard_msgs/cmake/ur_dashboard_msgs__rosidl_typesupport_cExport-noconfig.cmake
[2.172s] -- Up-to-date: /home/icrs/icrsUR/install/ur_dashboard_msgs/share/ur_dashboard_msgs/cmake/export_ur_dashboard_msgs__rosidl_generator_cppExport.cmake
[2.173s] -- Up-to-date: /home/icrs/icrsUR/install/ur_dashboard_msgs/share/ur_dashboard_msgs/cmake/export_ur_dashboard_msgs__rosidl_typesupport_fastrtps_cppExport.cmake
[2.177s] -- Up-to-date: /home/icrs/icrsUR/install/ur_dashboard_msgs/share/ur_dashboard_msgs/cmake/export_ur_dashboard_msgs__rosidl_typesupport_fastrtps_cppExport-noconfig.cmake
[2.177s] -- Up-to-date: /home/icrs/icrsUR/install/ur_dashboard_msgs/share/ur_dashboard_msgs/cmake/ur_dashboard_msgs__rosidl_typesupport_introspection_cppExport.cmake
[2.177s] -- Up-to-date: /home/icrs/icrsUR/install/ur_dashboard_msgs/share/ur_dashboard_msgs/cmake/ur_dashboard_msgs__rosidl_typesupport_introspection_cppExport-noconfig.cmake
[2.177s] -- Up-to-date: /home/icrs/icrsUR/install/ur_dashboard_msgs/share/ur_dashboard_msgs/cmake/ur_dashboard_msgs__rosidl_typesupport_cppExport.cmake
[2.177s] -- Up-to-date: /home/icrs/icrsUR/install/ur_dashboard_msgs/share/ur_dashboard_msgs/cmake/ur_dashboard_msgs__rosidl_typesupport_cppExport-noconfig.cmake
[2.178s] -- Up-to-date: /home/icrs/icrsUR/install/ur_dashboard_msgs/share/ur_dashboard_msgs/cmake/export_ur_dashboard_msgs__rosidl_generator_pyExport.cmake
[2.178s] -- Up-to-date: /home/icrs/icrsUR/install/ur_dashboard_msgs/share/ur_dashboard_msgs/cmake/export_ur_dashboard_msgs__rosidl_generator_pyExport-noconfig.cmake
[2.188s] Invoked command in '/home/icrs/icrsUR/build/ur_dashboard_msgs' returned '0': CMAKE_PREFIX_PATH=${CMAKE_PREFIX_PATH}:/home/icrs/icrsUR/install/camera_control:/home/icrs/icrsUR/install/gripper_control:/opt/ros/humble /usr/bin/cmake --install /home/icrs/icrsUR/build/ur_dashboard_msgs
