/usr/lib/python3/dist-packages/setuptools/command/easy_install.py:158: EasyInstallDeprecationWarning: easy_install command is deprecated. Use build and pip and other standards-based tools.
  warnings.warn(
running develop
Removing /home/icrs/icrsUR/install/gripper_control/lib/python3.10/site-packages/gripper-control.egg-link (link to .)
running egg_info
writing ../../build/gripper_control/gripper_control.egg-info/PKG-INFO
writing dependency_links to ../../build/gripper_control/gripper_control.egg-info/dependency_links.txt
writing entry points to ../../build/gripper_control/gripper_control.egg-info/entry_points.txt
writing requirements to ../../build/gripper_control/gripper_control.egg-info/requires.txt
writing top-level names to ../../build/gripper_control/gripper_control.egg-info/top_level.txt
reading manifest file '../../build/gripper_control/gripper_control.egg-info/SOURCES.txt'
writing manifest file '../../build/gripper_control/gripper_control.egg-info/SOURCES.txt'
running build
running install
running install_data
copying package.xml -> /home/icrs/icrsUR/install/gripper_control/share/gripper_control
running install_egg_info
Copying ../../build/gripper_control/gripper_control.egg-info to /home/icrs/icrsUR/install/gripper_control/lib/python3.10/site-packages/gripper_control-0.0.0-py3.10.egg-info
running install_scripts
Installing gripper_control_node script to /home/icrs/icrsUR/install/gripper_control/lib/gripper_control
writing list of installed files to '/home/icrs/icrsUR/build/gripper_control/install.log'
