[1.641s] Invoking command in '/home/icrs/icrsUR/build/gripper_control': PYTHONPATH=/home/icrs/icrsUR/build/gripper_control/prefix_override:/usr/lib/python3/dist-packages/colcon_core/task/python/colcon_distutils_commands:/home/icrs/icrsUR/install/gripper_control/lib/python3.10/site-packages:${PYTHONPATH} /usr/bin/python3 -W ignore:setup.py install is deprecated setup.py develop --uninstall --editable --build-directory /home/icrs/icrsUR/build/gripper_control/build
[2.129s] /usr/lib/python3/dist-packages/setuptools/command/easy_install.py:158: EasyInstallDeprecationWarning: easy_install command is deprecated. Use build and pip and other standards-based tools.
[2.129s]   warnings.warn(
[2.129s] running develop
[2.587s] Removing /home/icrs/icrsUR/install/gripper_control/lib/python3.10/site-packages/gripper-control.egg-link (link to .)
[2.663s] Invoked command in '/home/icrs/icrsUR/build/gripper_control' returned '0': PYTHONPATH=/home/icrs/icrsUR/build/gripper_control/prefix_override:/usr/lib/python3/dist-packages/colcon_core/task/python/colcon_distutils_commands:/home/icrs/icrsUR/install/gripper_control/lib/python3.10/site-packages:${PYTHONPATH} /usr/bin/python3 -W ignore:setup.py install is deprecated setup.py develop --uninstall --editable --build-directory /home/icrs/icrsUR/build/gripper_control/build
[2.664s] Invoking command in '/home/icrs/icrsUR/src/gripper_control': PYTHONPATH=/home/icrs/icrsUR/build/gripper_control/prefix_override:/usr/lib/python3/dist-packages/colcon_core/task/python/colcon_distutils_commands:/home/icrs/icrsUR/install/gripper_control/lib/python3.10/site-packages:${PYTHONPATH} /usr/bin/python3 -W ignore:setup.py install is deprecated setup.py egg_info --egg-base ../../build/gripper_control build --build-base /home/icrs/icrsUR/build/gripper_control/build install --record /home/icrs/icrsUR/build/gripper_control/install.log --single-version-externally-managed install_data --force
[3.266s] running egg_info
[3.270s] writing ../../build/gripper_control/gripper_control.egg-info/PKG-INFO
[3.270s] writing dependency_links to ../../build/gripper_control/gripper_control.egg-info/dependency_links.txt
[3.270s] writing entry points to ../../build/gripper_control/gripper_control.egg-info/entry_points.txt
[3.271s] writing requirements to ../../build/gripper_control/gripper_control.egg-info/requires.txt
[3.271s] writing top-level names to ../../build/gripper_control/gripper_control.egg-info/top_level.txt
[3.272s] reading manifest file '../../build/gripper_control/gripper_control.egg-info/SOURCES.txt'
[3.273s] writing manifest file '../../build/gripper_control/gripper_control.egg-info/SOURCES.txt'
[3.273s] running build
[3.273s] running install
[3.274s] running install_data
[3.274s] copying package.xml -> /home/icrs/icrsUR/install/gripper_control/share/gripper_control
[3.274s] running install_egg_info
[3.278s] Copying ../../build/gripper_control/gripper_control.egg-info to /home/icrs/icrsUR/install/gripper_control/lib/python3.10/site-packages/gripper_control-0.0.0-py3.10.egg-info
[3.280s] running install_scripts
[3.317s] Installing gripper_control_node script to /home/icrs/icrsUR/install/gripper_control/lib/gripper_control
[3.317s] writing list of installed files to '/home/icrs/icrsUR/build/gripper_control/install.log'
[3.375s] Invoked command in '/home/icrs/icrsUR/src/gripper_control' returned '0': PYTHONPATH=/home/icrs/icrsUR/build/gripper_control/prefix_override:/usr/lib/python3/dist-packages/colcon_core/task/python/colcon_distutils_commands:/home/icrs/icrsUR/install/gripper_control/lib/python3.10/site-packages:${PYTHONPATH} /usr/bin/python3 -W ignore:setup.py install is deprecated setup.py egg_info --egg-base ../../build/gripper_control build --build-base /home/icrs/icrsUR/build/gripper_control/build install --record /home/icrs/icrsUR/build/gripper_control/install.log --single-version-externally-managed install_data --force
