[0.035s] Invoking command in '/home/icrs/icrsUR/build/ur_custom_interfaces': CMAKE_PREFIX_PATH=${CMAKE_PREFIX_PATH}:/home/icrs/icrsUR/install/camera_control:/home/icrs/icrsUR/install/gripper_control:/opt/ros/humble /usr/bin/cmake --build /home/icrs/icrsUR/build/ur_custom_interfaces -- -j8 -l8
[0.837s] [  9%] Built target ur_custom_interfaces__rosidl_generator_c
[0.837s] [ 12%] Built target ur_custom_interfaces__cpp
[0.837s] [ 12%] Built target ament_cmake_python_symlink_ur_custom_interfaces
[0.838s] [ 22%] Built target ur_custom_interfaces__rosidl_typesupport_c
[0.838s] [ 32%] Built target ur_custom_interfaces__rosidl_typesupport_fastrtps_c
[0.838s] [ 51%] Built target ur_custom_interfaces__rosidl_typesupport_introspection_cpp
[0.838s] [ 51%] Built target ur_custom_interfaces__rosidl_typesupport_introspection_c
[0.840s] [ 61%] Built target ur_custom_interfaces__rosidl_typesupport_fastrtps_cpp
[0.840s] [ 70%] Built target ur_custom_interfaces__rosidl_typesupport_cpp
[0.840s] [ 70%] Built target ur_custom_interfaces
[0.840s] [ 74%] Built target ur_custom_interfaces__py
[0.841s] [ 80%] Built target ur_custom_interfaces__rosidl_generator_py
[0.841s] [ 87%] Built target ur_custom_interfaces__rosidl_typesupport_introspection_c__pyext
[0.841s] [ 93%] Built target ur_custom_interfaces__rosidl_typesupport_c__pyext
[0.841s] [100%] Built target ur_custom_interfaces__rosidl_typesupport_fastrtps_c__pyext
[0.990s] running egg_info
[0.990s] writing ur_custom_interfaces.egg-info/PKG-INFO
[0.995s] writing dependency_links to ur_custom_interfaces.egg-info/dependency_links.txt
[0.996s] writing top-level names to ur_custom_interfaces.egg-info/top_level.txt
[0.999s] reading manifest file 'ur_custom_interfaces.egg-info/SOURCES.txt'
[1.002s] writing manifest file 'ur_custom_interfaces.egg-info/SOURCES.txt'
[1.065s] [100%] Built target ament_cmake_python_build_ur_custom_interfaces_egg
[1.091s] Invoked command in '/home/icrs/icrsUR/build/ur_custom_interfaces' returned '0': CMAKE_PREFIX_PATH=${CMAKE_PREFIX_PATH}:/home/icrs/icrsUR/install/camera_control:/home/icrs/icrsUR/install/gripper_control:/opt/ros/humble /usr/bin/cmake --build /home/icrs/icrsUR/build/ur_custom_interfaces -- -j8 -l8
[1.196s] Invoking command in '/home/icrs/icrsUR/build/ur_custom_interfaces': CMAKE_PREFIX_PATH=${CMAKE_PREFIX_PATH}:/home/icrs/icrsUR/install/camera_control:/home/icrs/icrsUR/install/gripper_control:/opt/ros/humble /usr/bin/cmake --install /home/icrs/icrsUR/build/ur_custom_interfaces
[1.212s] -- Install configuration: ""
[1.214s] -- Execute custom install script
[1.214s] -- Up-to-date symlink: /home/icrs/icrsUR/install/ur_custom_interfaces/share/ament_index/resource_index/rosidl_interfaces/ur_custom_interfaces
[1.215s] -- Up-to-date symlink: /home/icrs/icrsUR/install/ur_custom_interfaces/include/ur_custom_interfaces/ur_custom_interfaces/msg/detail/ur_command__functions.h
[1.215s] -- Up-to-date symlink: /home/icrs/icrsUR/install/ur_custom_interfaces/include/ur_custom_interfaces/ur_custom_interfaces/msg/detail/ur_command__struct.h
[1.215s] -- Up-to-date symlink: /home/icrs/icrsUR/install/ur_custom_interfaces/include/ur_custom_interfaces/ur_custom_interfaces/msg/detail/ur_command__type_support.h
[1.216s] -- Up-to-date symlink: /home/icrs/icrsUR/install/ur_custom_interfaces/include/ur_custom_interfaces/ur_custom_interfaces/msg/rosidl_generator_c__visibility_control.h
[1.216s] -- Up-to-date symlink: /home/icrs/icrsUR/install/ur_custom_interfaces/include/ur_custom_interfaces/ur_custom_interfaces/msg/ur_command.h
[1.216s] -- Up-to-date symlink: /home/icrs/icrsUR/install/ur_custom_interfaces/share/ur_custom_interfaces/environment/library_path.sh
[1.216s] -- Up-to-date symlink: /home/icrs/icrsUR/install/ur_custom_interfaces/share/ur_custom_interfaces/environment/library_path.dsv
[1.218s] -- Up-to-date symlink: /home/icrs/icrsUR/install/ur_custom_interfaces/include/ur_custom_interfaces/ur_custom_interfaces/msg/detail/ur_command__rosidl_typesupport_fastrtps_c.h
[1.218s] -- Up-to-date symlink: /home/icrs/icrsUR/install/ur_custom_interfaces/include/ur_custom_interfaces/ur_custom_interfaces/msg/rosidl_typesupport_fastrtps_c__visibility_control.h
[1.219s] -- Up-to-date symlink: /home/icrs/icrsUR/install/ur_custom_interfaces/include/ur_custom_interfaces/ur_custom_interfaces/msg/detail/ur_command__rosidl_typesupport_introspection_c.h
[1.221s] -- Up-to-date symlink: /home/icrs/icrsUR/install/ur_custom_interfaces/include/ur_custom_interfaces/ur_custom_interfaces/msg/rosidl_typesupport_introspection_c__visibility_control.h
[1.221s] -- Up-to-date symlink: /home/icrs/icrsUR/install/ur_custom_interfaces/include/ur_custom_interfaces/ur_custom_interfaces/msg/detail/ur_command__builder.hpp
[1.221s] -- Up-to-date symlink: /home/icrs/icrsUR/install/ur_custom_interfaces/include/ur_custom_interfaces/ur_custom_interfaces/msg/detail/ur_command__struct.hpp
[1.222s] -- Up-to-date symlink: /home/icrs/icrsUR/install/ur_custom_interfaces/include/ur_custom_interfaces/ur_custom_interfaces/msg/detail/ur_command__traits.hpp
[1.222s] -- Up-to-date symlink: /home/icrs/icrsUR/install/ur_custom_interfaces/include/ur_custom_interfaces/ur_custom_interfaces/msg/ur_command.hpp
[1.222s] -- Up-to-date symlink: /home/icrs/icrsUR/install/ur_custom_interfaces/include/ur_custom_interfaces/ur_custom_interfaces/msg/detail/ur_command__rosidl_typesupport_fastrtps_cpp.hpp
[1.223s] -- Up-to-date symlink: /home/icrs/icrsUR/install/ur_custom_interfaces/include/ur_custom_interfaces/ur_custom_interfaces/msg/rosidl_typesupport_fastrtps_cpp__visibility_control.h
[1.223s] -- Up-to-date symlink: /home/icrs/icrsUR/install/ur_custom_interfaces/include/ur_custom_interfaces/ur_custom_interfaces/msg/detail/ur_command__rosidl_typesupport_introspection_cpp.hpp
[1.223s] -- Up-to-date symlink: /home/icrs/icrsUR/install/ur_custom_interfaces/share/ur_custom_interfaces/environment/pythonpath.sh
[1.223s] -- Up-to-date symlink: /home/icrs/icrsUR/install/ur_custom_interfaces/share/ur_custom_interfaces/environment/pythonpath.dsv
[1.223s] -- Up-to-date symlink: /home/icrs/icrsUR/install/ur_custom_interfaces/local/lib/python3.10/dist-packages/ur_custom_interfaces-0.0.0-py3.10.egg-info/PKG-INFO
[1.224s] -- Up-to-date symlink: /home/icrs/icrsUR/install/ur_custom_interfaces/local/lib/python3.10/dist-packages/ur_custom_interfaces-0.0.0-py3.10.egg-info/SOURCES.txt
[1.224s] -- Up-to-date symlink: /home/icrs/icrsUR/install/ur_custom_interfaces/local/lib/python3.10/dist-packages/ur_custom_interfaces-0.0.0-py3.10.egg-info/dependency_links.txt
[1.224s] -- Up-to-date symlink: /home/icrs/icrsUR/install/ur_custom_interfaces/local/lib/python3.10/dist-packages/ur_custom_interfaces-0.0.0-py3.10.egg-info/top_level.txt
[1.225s] -- Up-to-date symlink: /home/icrs/icrsUR/install/ur_custom_interfaces/local/lib/python3.10/dist-packages/ur_custom_interfaces/__init__.py
[1.225s] -- Up-to-date symlink: /home/icrs/icrsUR/install/ur_custom_interfaces/local/lib/python3.10/dist-packages/ur_custom_interfaces/_ur_custom_interfaces_s.ep.rosidl_typesupport_c.c
[1.226s] -- Up-to-date symlink: /home/icrs/icrsUR/install/ur_custom_interfaces/local/lib/python3.10/dist-packages/ur_custom_interfaces/_ur_custom_interfaces_s.ep.rosidl_typesupport_fastrtps_c.c
[1.226s] -- Up-to-date symlink: /home/icrs/icrsUR/install/ur_custom_interfaces/local/lib/python3.10/dist-packages/ur_custom_interfaces/_ur_custom_interfaces_s.ep.rosidl_typesupport_introspection_c.c
[1.226s] -- Up-to-date symlink: /home/icrs/icrsUR/install/ur_custom_interfaces/local/lib/python3.10/dist-packages/ur_custom_interfaces/libur_custom_interfaces__rosidl_generator_py.so
[1.226s] -- Up-to-date symlink: /home/icrs/icrsUR/install/ur_custom_interfaces/local/lib/python3.10/dist-packages/ur_custom_interfaces/msg/__init__.py
[1.227s] -- Up-to-date symlink: /home/icrs/icrsUR/install/ur_custom_interfaces/local/lib/python3.10/dist-packages/ur_custom_interfaces/msg/_ur_command.py
[1.227s] -- Up-to-date symlink: /home/icrs/icrsUR/install/ur_custom_interfaces/local/lib/python3.10/dist-packages/ur_custom_interfaces/msg/_ur_command_s.c
[1.227s] -- Up-to-date symlink: /home/icrs/icrsUR/install/ur_custom_interfaces/local/lib/python3.10/dist-packages/ur_custom_interfaces/ur_custom_interfaces_s__rosidl_typesupport_c.cpython-310-x86_64-linux-gnu.so
[1.227s] -- Up-to-date symlink: /home/icrs/icrsUR/install/ur_custom_interfaces/local/lib/python3.10/dist-packages/ur_custom_interfaces/ur_custom_interfaces_s__rosidl_typesupport_fastrtps_c.cpython-310-x86_64-linux-gnu.so
[1.227s] -- Up-to-date symlink: /home/icrs/icrsUR/install/ur_custom_interfaces/local/lib/python3.10/dist-packages/ur_custom_interfaces/ur_custom_interfaces_s__rosidl_typesupport_introspection_c.cpython-310-x86_64-linux-gnu.so
[1.228s] -- Up-to-date symlink: /home/icrs/icrsUR/install/ur_custom_interfaces/local/lib/python3.10/dist-packages/ur_custom_interfaces/ur_custom_interfaces_s__rosidl_typesupport_fastrtps_c.cpython-310-x86_64-linux-gnu.so
[1.228s] -- Up-to-date symlink: /home/icrs/icrsUR/install/ur_custom_interfaces/local/lib/python3.10/dist-packages/ur_custom_interfaces/ur_custom_interfaces_s__rosidl_typesupport_introspection_c.cpython-310-x86_64-linux-gnu.so
[1.229s] -- Up-to-date symlink: /home/icrs/icrsUR/install/ur_custom_interfaces/local/lib/python3.10/dist-packages/ur_custom_interfaces/ur_custom_interfaces_s__rosidl_typesupport_c.cpython-310-x86_64-linux-gnu.so
[1.229s] -- Up-to-date symlink: /home/icrs/icrsUR/install/ur_custom_interfaces/share/ur_custom_interfaces/msg/URCommand.idl
[1.229s] -- Up-to-date symlink: /home/icrs/icrsUR/install/ur_custom_interfaces/share/ur_custom_interfaces/msg/URCommand.msg
[1.229s] -- Up-to-date symlink: /home/icrs/icrsUR/install/ur_custom_interfaces/share/ament_index/resource_index/package_run_dependencies/ur_custom_interfaces
[1.230s] -- Up-to-date symlink: /home/icrs/icrsUR/install/ur_custom_interfaces/share/ament_index/resource_index/parent_prefix_path/ur_custom_interfaces
[1.230s] -- Up-to-date symlink: /home/icrs/icrsUR/install/ur_custom_interfaces/share/ur_custom_interfaces/environment/ament_prefix_path.sh
[1.231s] -- Up-to-date symlink: /home/icrs/icrsUR/install/ur_custom_interfaces/share/ur_custom_interfaces/environment/ament_prefix_path.dsv
[1.231s] -- Up-to-date symlink: /home/icrs/icrsUR/install/ur_custom_interfaces/share/ur_custom_interfaces/environment/path.sh
[1.231s] -- Up-to-date symlink: /home/icrs/icrsUR/install/ur_custom_interfaces/share/ur_custom_interfaces/environment/path.dsv
[1.231s] -- Up-to-date symlink: /home/icrs/icrsUR/install/ur_custom_interfaces/share/ur_custom_interfaces/local_setup.bash
[1.231s] -- Up-to-date symlink: /home/icrs/icrsUR/install/ur_custom_interfaces/share/ur_custom_interfaces/local_setup.sh
[1.231s] -- Up-to-date symlink: /home/icrs/icrsUR/install/ur_custom_interfaces/share/ur_custom_interfaces/local_setup.zsh
[1.232s] -- Up-to-date symlink: /home/icrs/icrsUR/install/ur_custom_interfaces/share/ur_custom_interfaces/local_setup.dsv
[1.232s] -- Symlinking: /home/icrs/icrsUR/install/ur_custom_interfaces/share/ur_custom_interfaces/package.dsv
[1.249s] -- Up-to-date symlink: /home/icrs/icrsUR/install/ur_custom_interfaces/share/ament_index/resource_index/packages/ur_custom_interfaces
[1.249s] -- Up-to-date symlink: /home/icrs/icrsUR/install/ur_custom_interfaces/share/ur_custom_interfaces/cmake/rosidl_cmake-extras.cmake
[1.249s] -- Up-to-date symlink: /home/icrs/icrsUR/install/ur_custom_interfaces/share/ur_custom_interfaces/cmake/ament_cmake_export_include_directories-extras.cmake
[1.249s] -- Up-to-date symlink: /home/icrs/icrsUR/install/ur_custom_interfaces/share/ur_custom_interfaces/cmake/ament_cmake_export_libraries-extras.cmake
[1.250s] -- Up-to-date symlink: /home/icrs/icrsUR/install/ur_custom_interfaces/share/ur_custom_interfaces/cmake/ament_cmake_export_targets-extras.cmake
[1.250s] -- Up-to-date symlink: /home/icrs/icrsUR/install/ur_custom_interfaces/share/ur_custom_interfaces/cmake/rosidl_cmake_export_typesupport_targets-extras.cmake
[1.250s] -- Up-to-date symlink: /home/icrs/icrsUR/install/ur_custom_interfaces/share/ur_custom_interfaces/cmake/ament_cmake_export_dependencies-extras.cmake
[1.251s] -- Up-to-date symlink: /home/icrs/icrsUR/install/ur_custom_interfaces/share/ur_custom_interfaces/cmake/rosidl_cmake_export_typesupport_libraries-extras.cmake
[1.251s] -- Up-to-date symlink: /home/icrs/icrsUR/install/ur_custom_interfaces/share/ur_custom_interfaces/cmake/ur_custom_interfacesConfig.cmake
[1.251s] -- Up-to-date symlink: /home/icrs/icrsUR/install/ur_custom_interfaces/share/ur_custom_interfaces/cmake/ur_custom_interfacesConfig-version.cmake
[1.252s] -- Up-to-date symlink: /home/icrs/icrsUR/install/ur_custom_interfaces/share/ur_custom_interfaces/package.xml
[1.252s] -- Up-to-date: /home/icrs/icrsUR/install/ur_custom_interfaces/lib/libur_custom_interfaces__rosidl_generator_c.so
[1.252s] -- Up-to-date: /home/icrs/icrsUR/install/ur_custom_interfaces/lib/libur_custom_interfaces__rosidl_typesupport_fastrtps_c.so
[1.253s] -- Up-to-date: /home/icrs/icrsUR/install/ur_custom_interfaces/lib/libur_custom_interfaces__rosidl_typesupport_introspection_c.so
[1.253s] -- Up-to-date: /home/icrs/icrsUR/install/ur_custom_interfaces/lib/libur_custom_interfaces__rosidl_typesupport_c.so
[1.254s] -- Up-to-date: /home/icrs/icrsUR/install/ur_custom_interfaces/lib/libur_custom_interfaces__rosidl_typesupport_fastrtps_cpp.so
[1.254s] -- Up-to-date: /home/icrs/icrsUR/install/ur_custom_interfaces/lib/libur_custom_interfaces__rosidl_typesupport_introspection_cpp.so
[1.255s] -- Up-to-date: /home/icrs/icrsUR/install/ur_custom_interfaces/lib/libur_custom_interfaces__rosidl_typesupport_cpp.so
[1.325s] Listing '/home/icrs/icrsUR/install/ur_custom_interfaces/local/lib/python3.10/dist-packages/ur_custom_interfaces'...
[1.326s] Listing '/home/icrs/icrsUR/install/ur_custom_interfaces/local/lib/python3.10/dist-packages/ur_custom_interfaces/msg'...
[1.336s] -- Up-to-date: /home/icrs/icrsUR/install/ur_custom_interfaces/lib/libur_custom_interfaces__rosidl_generator_py.so
[1.337s] -- Up-to-date: /home/icrs/icrsUR/install/ur_custom_interfaces/share/ur_custom_interfaces/cmake/export_ur_custom_interfaces__rosidl_generator_cExport.cmake
[1.338s] -- Up-to-date: /home/icrs/icrsUR/install/ur_custom_interfaces/share/ur_custom_interfaces/cmake/export_ur_custom_interfaces__rosidl_generator_cExport-noconfig.cmake
[1.339s] -- Up-to-date: /home/icrs/icrsUR/install/ur_custom_interfaces/share/ur_custom_interfaces/cmake/export_ur_custom_interfaces__rosidl_typesupport_fastrtps_cExport.cmake
[1.341s] -- Up-to-date: /home/icrs/icrsUR/install/ur_custom_interfaces/share/ur_custom_interfaces/cmake/export_ur_custom_interfaces__rosidl_typesupport_fastrtps_cExport-noconfig.cmake
[1.341s] -- Up-to-date: /home/icrs/icrsUR/install/ur_custom_interfaces/share/ur_custom_interfaces/cmake/ur_custom_interfaces__rosidl_typesupport_introspection_cExport.cmake
[1.341s] -- Up-to-date: /home/icrs/icrsUR/install/ur_custom_interfaces/share/ur_custom_interfaces/cmake/ur_custom_interfaces__rosidl_typesupport_introspection_cExport-noconfig.cmake
[1.341s] -- Up-to-date: /home/icrs/icrsUR/install/ur_custom_interfaces/share/ur_custom_interfaces/cmake/ur_custom_interfaces__rosidl_typesupport_cExport.cmake
[1.342s] -- Up-to-date: /home/icrs/icrsUR/install/ur_custom_interfaces/share/ur_custom_interfaces/cmake/ur_custom_interfaces__rosidl_typesupport_cExport-noconfig.cmake
[1.342s] -- Up-to-date: /home/icrs/icrsUR/install/ur_custom_interfaces/share/ur_custom_interfaces/cmake/export_ur_custom_interfaces__rosidl_generator_cppExport.cmake
[1.342s] -- Up-to-date: /home/icrs/icrsUR/install/ur_custom_interfaces/share/ur_custom_interfaces/cmake/export_ur_custom_interfaces__rosidl_typesupport_fastrtps_cppExport.cmake
[1.342s] -- Up-to-date: /home/icrs/icrsUR/install/ur_custom_interfaces/share/ur_custom_interfaces/cmake/export_ur_custom_interfaces__rosidl_typesupport_fastrtps_cppExport-noconfig.cmake
[1.342s] -- Up-to-date: /home/icrs/icrsUR/install/ur_custom_interfaces/share/ur_custom_interfaces/cmake/ur_custom_interfaces__rosidl_typesupport_introspection_cppExport.cmake
[1.343s] -- Up-to-date: /home/icrs/icrsUR/install/ur_custom_interfaces/share/ur_custom_interfaces/cmake/ur_custom_interfaces__rosidl_typesupport_introspection_cppExport-noconfig.cmake
[1.343s] -- Up-to-date: /home/icrs/icrsUR/install/ur_custom_interfaces/share/ur_custom_interfaces/cmake/ur_custom_interfaces__rosidl_typesupport_cppExport.cmake
[1.343s] -- Up-to-date: /home/icrs/icrsUR/install/ur_custom_interfaces/share/ur_custom_interfaces/cmake/ur_custom_interfaces__rosidl_typesupport_cppExport-noconfig.cmake
[1.344s] -- Up-to-date: /home/icrs/icrsUR/install/ur_custom_interfaces/share/ur_custom_interfaces/cmake/export_ur_custom_interfaces__rosidl_generator_pyExport.cmake
[1.344s] -- Up-to-date: /home/icrs/icrsUR/install/ur_custom_interfaces/share/ur_custom_interfaces/cmake/export_ur_custom_interfaces__rosidl_generator_pyExport-noconfig.cmake
[1.346s] Invoked command in '/home/icrs/icrsUR/build/ur_custom_interfaces' returned '0': CMAKE_PREFIX_PATH=${CMAKE_PREFIX_PATH}:/home/icrs/icrsUR/install/camera_control:/home/icrs/icrsUR/install/gripper_control:/opt/ros/humble /usr/bin/cmake --install /home/icrs/icrsUR/build/ur_custom_interfaces
