[0.024s] Invoking command in '/home/icrs/icrsUR/build/interfaces_ur5ik': CMAKE_PREFIX_PATH=${CMAKE_PREFIX_PATH}:/opt/ros/humble /usr/bin/cmake --build /home/icrs/icrsUR/build/interfaces_ur5ik -- -j8 -l8
[0.561s] [  2%] Built target interfaces_ur5ik__cpp
[0.561s] [ 12%] Built target interfaces_ur5ik__rosidl_generator_c
[0.561s] [ 12%] Built target ament_cmake_python_symlink_interfaces_ur5ik
[0.561s] [ 23%] Built target interfaces_ur5ik__rosidl_typesupport_cpp
[0.561s] [ 34%] Built target interfaces_ur5ik__rosidl_typesupport_fastrtps_c
[0.561s] [ 44%] Built target interfaces_ur5ik__rosidl_typesupport_fastrtps_cpp
[0.562s] [ 59%] Built target interfaces_ur5ik__rosidl_typesupport_introspection_c
[0.562s] [ 65%] Built target interfaces_ur5ik__rosidl_typesupport_introspection_cpp
[0.562s] [ 76%] Built target interfaces_ur5ik__rosidl_typesupport_c
[0.562s] [ 76%] Built target interfaces_ur5ik
[0.562s] [ 78%] Built target interfaces_ur5ik__py
[0.562s] [ 87%] Built target interfaces_ur5ik__rosidl_generator_py
[0.562s] [ 91%] Built target interfaces_ur5ik__rosidl_typesupport_introspection_c__pyext
[0.562s] [ 95%] Built target interfaces_ur5ik__rosidl_typesupport_fastrtps_c__pyext
[0.563s] [100%] Built target interfaces_ur5ik__rosidl_typesupport_c__pyext
[0.563s] running egg_info
[0.564s] writing interfaces_ur5ik.egg-info/PKG-INFO
[0.564s] writing dependency_links to interfaces_ur5ik.egg-info/dependency_links.txt
[0.564s] writing top-level names to interfaces_ur5ik.egg-info/top_level.txt
[0.564s] reading manifest file 'interfaces_ur5ik.egg-info/SOURCES.txt'
[0.564s] writing manifest file 'interfaces_ur5ik.egg-info/SOURCES.txt'
[0.617s] [100%] Built target ament_cmake_python_build_interfaces_ur5ik_egg
[0.637s] Invoked command in '/home/icrs/icrsUR/build/interfaces_ur5ik' returned '0': CMAKE_PREFIX_PATH=${CMAKE_PREFIX_PATH}:/opt/ros/humble /usr/bin/cmake --build /home/icrs/icrsUR/build/interfaces_ur5ik -- -j8 -l8
