[0.038s] Invoking command in '/home/icrs/icrsUR/build/ur_mover': CMAKE_PREFIX_PATH=/home/icrs/icrsUR/install/ur_custom_interfaces:/home/icrs/icrsUR/install/interfaces_ur5ik:/home/icrs/robotics_software_engineer-assignments/src/install/module_5_assignment:/home/icrs/icrsUR/install/ur:/home/icrs/icrsUR/install/ur_calibration:/home/icrs/icrsUR/install/ur_robot_driver:/home/icrs/icrsUR/install/ur_mover:/home/icrs/icrsUR/install/ur_moveit_config:/home/icrs/icrsUR/install/ur_bringup:/home/icrs/icrsUR/install/ur_description:/home/icrs/icrsUR/install/ur_controllers:/home/icrs/icrsUR/install/ur_dashboard_msgs:/home/icrs/icrsUR/install/service_ur5ik:/home/icrs/icrsUR/install/robotiq_description:/home/icrs/icrsUR/install/camera_control:/home/icrs/icrsUR/install/gripper_control:/opt/ros/humble LD_LIBRARY_PATH=/home/icrs/icrsUR/install/ur_custom_interfaces/lib:/home/icrs/icrsUR/install/interfaces_ur5ik/lib:/home/icrs/icrsUR/install/ur_robot_driver/lib:/home/icrs/icrsUR/install/ur_controllers/lib:/home/icrs/icrsUR/install/ur_dashboard_msgs/lib:/usr/local/cuda-11.8/lib64:/opt/ros/humble/opt/rviz_ogre_vendor/lib:/opt/ros/humble/lib/x86_64-linux-gnu:/opt/ros/humble/lib /usr/bin/cmake --build /home/icrs/icrsUR/build/ur_mover -- -j8 -l8
[0.144s] [35m[1mConsolidate compiler generated dependencies of target master_node[0m
[0.192s] [ 50%] Built target master_node2
[0.200s] [100%] Built target master_node
[0.219s] Invoked command in '/home/icrs/icrsUR/build/ur_mover' returned '0': CMAKE_PREFIX_PATH=/home/icrs/icrsUR/install/ur_custom_interfaces:/home/icrs/icrsUR/install/interfaces_ur5ik:/home/icrs/robotics_software_engineer-assignments/src/install/module_5_assignment:/home/icrs/icrsUR/install/ur:/home/icrs/icrsUR/install/ur_calibration:/home/icrs/icrsUR/install/ur_robot_driver:/home/icrs/icrsUR/install/ur_mover:/home/icrs/icrsUR/install/ur_moveit_config:/home/icrs/icrsUR/install/ur_bringup:/home/icrs/icrsUR/install/ur_description:/home/icrs/icrsUR/install/ur_controllers:/home/icrs/icrsUR/install/ur_dashboard_msgs:/home/icrs/icrsUR/install/service_ur5ik:/home/icrs/icrsUR/install/robotiq_description:/home/icrs/icrsUR/install/camera_control:/home/icrs/icrsUR/install/gripper_control:/opt/ros/humble LD_LIBRARY_PATH=/home/icrs/icrsUR/install/ur_custom_interfaces/lib:/home/icrs/icrsUR/install/interfaces_ur5ik/lib:/home/icrs/icrsUR/install/ur_robot_driver/lib:/home/icrs/icrsUR/install/ur_controllers/lib:/home/icrs/icrsUR/install/ur_dashboard_msgs/lib:/usr/local/cuda-11.8/lib64:/opt/ros/humble/opt/rviz_ogre_vendor/lib:/opt/ros/humble/lib/x86_64-linux-gnu:/opt/ros/humble/lib /usr/bin/cmake --build /home/icrs/icrsUR/build/ur_mover -- -j8 -l8
[0.273s] Invoking command in '/home/icrs/icrsUR/build/ur_mover': CMAKE_PREFIX_PATH=/home/icrs/icrsUR/install/ur_custom_interfaces:/home/icrs/icrsUR/install/interfaces_ur5ik:/home/icrs/robotics_software_engineer-assignments/src/install/module_5_assignment:/home/icrs/icrsUR/install/ur:/home/icrs/icrsUR/install/ur_calibration:/home/icrs/icrsUR/install/ur_robot_driver:/home/icrs/icrsUR/install/ur_mover:/home/icrs/icrsUR/install/ur_moveit_config:/home/icrs/icrsUR/install/ur_bringup:/home/icrs/icrsUR/install/ur_description:/home/icrs/icrsUR/install/ur_controllers:/home/icrs/icrsUR/install/ur_dashboard_msgs:/home/icrs/icrsUR/install/service_ur5ik:/home/icrs/icrsUR/install/robotiq_description:/home/icrs/icrsUR/install/camera_control:/home/icrs/icrsUR/install/gripper_control:/opt/ros/humble LD_LIBRARY_PATH=/home/icrs/icrsUR/install/ur_custom_interfaces/lib:/home/icrs/icrsUR/install/interfaces_ur5ik/lib:/home/icrs/icrsUR/install/ur_robot_driver/lib:/home/icrs/icrsUR/install/ur_controllers/lib:/home/icrs/icrsUR/install/ur_dashboard_msgs/lib:/usr/local/cuda-11.8/lib64:/opt/ros/humble/opt/rviz_ogre_vendor/lib:/opt/ros/humble/lib/x86_64-linux-gnu:/opt/ros/humble/lib /usr/bin/cmake --install /home/icrs/icrsUR/build/ur_mover
[0.284s] -- Install configuration: ""
[0.284s] -- Execute custom install script
[0.284s] -- Up-to-date symlink: /home/icrs/icrsUR/install/ur_mover/lib/ur_mover/master_node
[0.284s] -- Up-to-date symlink: /home/icrs/icrsUR/install/ur_mover/lib/ur_mover/master_node2
[0.285s] -- Up-to-date symlink: /home/icrs/icrsUR/install/ur_mover/share/ur_mover/launch/master_node.launch.py
[0.285s] -- Up-to-date symlink: /home/icrs/icrsUR/install/ur_mover/share/ament_index/resource_index/package_run_dependencies/ur_mover
[0.286s] -- Up-to-date symlink: /home/icrs/icrsUR/install/ur_mover/share/ament_index/resource_index/parent_prefix_path/ur_mover
[0.286s] -- Up-to-date symlink: /home/icrs/icrsUR/install/ur_mover/share/ur_mover/environment/ament_prefix_path.sh
[0.287s] -- Up-to-date symlink: /home/icrs/icrsUR/install/ur_mover/share/ur_mover/environment/ament_prefix_path.dsv
[0.287s] -- Up-to-date symlink: /home/icrs/icrsUR/install/ur_mover/share/ur_mover/environment/path.sh
[0.287s] -- Up-to-date symlink: /home/icrs/icrsUR/install/ur_mover/share/ur_mover/environment/path.dsv
[0.288s] -- Up-to-date symlink: /home/icrs/icrsUR/install/ur_mover/share/ur_mover/local_setup.bash
[0.288s] -- Up-to-date symlink: /home/icrs/icrsUR/install/ur_mover/share/ur_mover/local_setup.sh
[0.289s] -- Up-to-date symlink: /home/icrs/icrsUR/install/ur_mover/share/ur_mover/local_setup.zsh
[0.289s] -- Up-to-date symlink: /home/icrs/icrsUR/install/ur_mover/share/ur_mover/local_setup.dsv
[0.290s] -- Symlinking: /home/icrs/icrsUR/install/ur_mover/share/ur_mover/package.dsv
[0.306s] -- Up-to-date symlink: /home/icrs/icrsUR/install/ur_mover/share/ament_index/resource_index/packages/ur_mover
[0.307s] -- Up-to-date symlink: /home/icrs/icrsUR/install/ur_mover/share/ur_mover/cmake/ur_moverConfig.cmake
[0.307s] -- Up-to-date symlink: /home/icrs/icrsUR/install/ur_mover/share/ur_mover/cmake/ur_moverConfig-version.cmake
[0.307s] -- Up-to-date symlink: /home/icrs/icrsUR/install/ur_mover/share/ur_mover/package.xml
[0.311s] Invoked command in '/home/icrs/icrsUR/build/ur_mover' returned '0': CMAKE_PREFIX_PATH=/home/icrs/icrsUR/install/ur_custom_interfaces:/home/icrs/icrsUR/install/interfaces_ur5ik:/home/icrs/robotics_software_engineer-assignments/src/install/module_5_assignment:/home/icrs/icrsUR/install/ur:/home/icrs/icrsUR/install/ur_calibration:/home/icrs/icrsUR/install/ur_robot_driver:/home/icrs/icrsUR/install/ur_mover:/home/icrs/icrsUR/install/ur_moveit_config:/home/icrs/icrsUR/install/ur_bringup:/home/icrs/icrsUR/install/ur_description:/home/icrs/icrsUR/install/ur_controllers:/home/icrs/icrsUR/install/ur_dashboard_msgs:/home/icrs/icrsUR/install/service_ur5ik:/home/icrs/icrsUR/install/robotiq_description:/home/icrs/icrsUR/install/camera_control:/home/icrs/icrsUR/install/gripper_control:/opt/ros/humble LD_LIBRARY_PATH=/home/icrs/icrsUR/install/ur_custom_interfaces/lib:/home/icrs/icrsUR/install/interfaces_ur5ik/lib:/home/icrs/icrsUR/install/ur_robot_driver/lib:/home/icrs/icrsUR/install/ur_controllers/lib:/home/icrs/icrsUR/install/ur_dashboard_msgs/lib:/usr/local/cuda-11.8/lib64:/opt/ros/humble/opt/rviz_ogre_vendor/lib:/opt/ros/humble/lib/x86_64-linux-gnu:/opt/ros/humble/lib /usr/bin/cmake --install /home/icrs/icrsUR/build/ur_mover
