[1.012s] Invoking command in '/home/icrs/icrsUR/src/camera_control': AMENT_PREFIX_PATH=/home/icrs/icrsUR/install/ur_custom_interfaces:${AMENT_PREFIX_PATH} CMAKE_PREFIX_PATH=/home/icrs/icrsUR/install/ur_custom_interfaces LD_LIBRARY_PATH=/home/icrs/icrsUR/install/ur_custom_interfaces/lib:${LD_LIBRARY_PATH} PYTHONPATH=/home/icrs/icrsUR/build/camera_control/prefix_override:/usr/lib/python3/dist-packages/colcon_core/task/python/colcon_distutils_commands:/home/icrs/icrsUR/install/camera_control/lib/python3.10/site-packages:/home/icrs/icrsUR/install/ur_custom_interfaces/local/lib/python3.10/dist-packages:${PYTHONPATH} /usr/bin/python3 -W ignore:setup.py install is deprecated setup.py egg_info --egg-base ../../build/camera_control build --build-base /home/icrs/icrsUR/build/camera_control/build install --record /home/icrs/icrsUR/build/camera_control/install.log --single-version-externally-managed install_data
[1.330s] running egg_info
[1.330s] writing ../../build/camera_control/camera_control.egg-info/PKG-INFO
[1.331s] writing dependency_links to ../../build/camera_control/camera_control.egg-info/dependency_links.txt
[1.331s] writing entry points to ../../build/camera_control/camera_control.egg-info/entry_points.txt
[1.331s] writing requirements to ../../build/camera_control/camera_control.egg-info/requires.txt
[1.331s] writing top-level names to ../../build/camera_control/camera_control.egg-info/top_level.txt
[1.333s] reading manifest file '../../build/camera_control/camera_control.egg-info/SOURCES.txt'
[1.334s] writing manifest file '../../build/camera_control/camera_control.egg-info/SOURCES.txt'
[1.334s] running build
[1.334s] running build_py
[1.334s] running install
[1.335s] running install_lib
[1.337s] running install_data
[1.337s] running install_egg_info
[1.338s] removing '/home/icrs/icrsUR/install/camera_control/lib/python3.10/site-packages/camera_control-0.0.0-py3.10.egg-info' (and everything under it)
[1.339s] Copying ../../build/camera_control/camera_control.egg-info to /home/icrs/icrsUR/install/camera_control/lib/python3.10/site-packages/camera_control-0.0.0-py3.10.egg-info
[1.340s] running install_scripts
[1.360s] Installing camera_control_node script to /home/icrs/icrsUR/install/camera_control/lib/camera_control
[1.360s] writing list of installed files to '/home/icrs/icrsUR/build/camera_control/install.log'
[1.384s] Invoked command in '/home/icrs/icrsUR/src/camera_control' returned '0': AMENT_PREFIX_PATH=/home/icrs/icrsUR/install/ur_custom_interfaces:${AMENT_PREFIX_PATH} CMAKE_PREFIX_PATH=/home/icrs/icrsUR/install/ur_custom_interfaces LD_LIBRARY_PATH=/home/icrs/icrsUR/install/ur_custom_interfaces/lib:${LD_LIBRARY_PATH} PYTHONPATH=/home/icrs/icrsUR/build/camera_control/prefix_override:/usr/lib/python3/dist-packages/colcon_core/task/python/colcon_distutils_commands:/home/icrs/icrsUR/install/camera_control/lib/python3.10/site-packages:/home/icrs/icrsUR/install/ur_custom_interfaces/local/lib/python3.10/dist-packages:${PYTHONPATH} /usr/bin/python3 -W ignore:setup.py install is deprecated setup.py egg_info --egg-base ../../build/camera_control build --build-base /home/icrs/icrsUR/build/camera_control/build install --record /home/icrs/icrsUR/build/camera_control/install.log --single-version-externally-managed install_data
