[0.025s] Invoking command in '/home/icrs/icrsUR/build/ur_dashboard_msgs': CMAKE_PREFIX_PATH=/opt/ros/humble /usr/bin/cmake --build /home/icrs/icrsUR/build/ur_dashboard_msgs -- -j8 -l8
[0.650s] [  0%] Built target ur_dashboard_msgs__cpp
[0.652s] [  0%] Built target ament_cmake_python_symlink_ur_dashboard_msgs
[0.652s] [ 12%] Built target ur_dashboard_msgs__rosidl_generator_c
[0.652s] [ 24%] Built target ur_dashboard_msgs__rosidl_typesupport_introspection_cpp
[0.653s] [ 45%] Built target ur_dashboard_msgs__rosidl_typesupport_c
[0.653s] [ 57%] Built target ur_dashboard_msgs__rosidl_typesupport_introspection_c
[0.653s] [ 60%] Built target ur_dashboard_msgs__rosidl_typesupport_cpp
[0.653s] [ 72%] Built target ur_dashboard_msgs__rosidl_typesupport_fastrtps_cpp
[0.654s] [ 84%] Built target ur_dashboard_msgs__rosidl_typesupport_fastrtps_c
[0.654s] [ 84%] Built target ur_dashboard_msgs
[0.654s] [ 85%] Built target ur_dashboard_msgs__py
[0.654s] [ 96%] Built target ur_dashboard_msgs__rosidl_generator_py
[0.654s] [ 98%] Built target ur_dashboard_msgs__rosidl_typesupport_introspection_c__pyext
[0.655s] [ 99%] Built target ur_dashboard_msgs__rosidl_typesupport_fastrtps_c__pyext
[0.655s] [100%] Built target ur_dashboard_msgs__rosidl_typesupport_c__pyext
[0.838s] running egg_info
[0.841s] writing ur_dashboard_msgs.egg-info/PKG-INFO
[0.841s] writing dependency_links to ur_dashboard_msgs.egg-info/dependency_links.txt
[0.841s] writing top-level names to ur_dashboard_msgs.egg-info/top_level.txt
[0.846s] reading manifest file 'ur_dashboard_msgs.egg-info/SOURCES.txt'
[0.848s] writing manifest file 'ur_dashboard_msgs.egg-info/SOURCES.txt'
[0.908s] [100%] Built target ament_cmake_python_build_ur_dashboard_msgs_egg
[0.922s] Invoked command in '/home/icrs/icrsUR/build/ur_dashboard_msgs' returned '0': CMAKE_PREFIX_PATH=/opt/ros/humble /usr/bin/cmake --build /home/icrs/icrsUR/build/ur_dashboard_msgs -- -j8 -l8
[1.517s] Invoking command in '/home/icrs/icrsUR/build/ur_dashboard_msgs': CMAKE_PREFIX_PATH=/opt/ros/humble /usr/bin/cmake --install /home/icrs/icrsUR/build/ur_dashboard_msgs
[1.528s] -- Install configuration: ""
[1.528s] -- Execute custom install script
[1.529s] -- Up-to-date symlink: /home/icrs/icrsUR/install/ur_dashboard_msgs/share/ament_index/resource_index/rosidl_interfaces/ur_dashboard_msgs
[1.530s] -- Up-to-date symlink: /home/icrs/icrsUR/install/ur_dashboard_msgs/include/ur_dashboard_msgs/ur_dashboard_msgs/action/detail/set_mode__functions.h
[1.531s] -- Up-to-date symlink: /home/icrs/icrsUR/install/ur_dashboard_msgs/include/ur_dashboard_msgs/ur_dashboard_msgs/action/detail/set_mode__struct.h
[1.531s] -- Up-to-date symlink: /home/icrs/icrsUR/install/ur_dashboard_msgs/include/ur_dashboard_msgs/ur_dashboard_msgs/action/detail/set_mode__type_support.h
[1.531s] -- Up-to-date symlink: /home/icrs/icrsUR/install/ur_dashboard_msgs/include/ur_dashboard_msgs/ur_dashboard_msgs/action/set_mode.h
[1.532s] -- Up-to-date symlink: /home/icrs/icrsUR/install/ur_dashboard_msgs/include/ur_dashboard_msgs/ur_dashboard_msgs/msg/detail/program_state__functions.h
[1.532s] -- Up-to-date symlink: /home/icrs/icrsUR/install/ur_dashboard_msgs/include/ur_dashboard_msgs/ur_dashboard_msgs/msg/detail/program_state__struct.h
[1.532s] -- Up-to-date symlink: /home/icrs/icrsUR/install/ur_dashboard_msgs/include/ur_dashboard_msgs/ur_dashboard_msgs/msg/detail/program_state__type_support.h
[1.533s] -- Up-to-date symlink: /home/icrs/icrsUR/install/ur_dashboard_msgs/include/ur_dashboard_msgs/ur_dashboard_msgs/msg/detail/robot_mode__functions.h
[1.533s] -- Up-to-date symlink: /home/icrs/icrsUR/install/ur_dashboard_msgs/include/ur_dashboard_msgs/ur_dashboard_msgs/msg/detail/robot_mode__struct.h
[1.534s] -- Up-to-date symlink: /home/icrs/icrsUR/install/ur_dashboard_msgs/include/ur_dashboard_msgs/ur_dashboard_msgs/msg/detail/robot_mode__type_support.h
[1.535s] -- Up-to-date symlink: /home/icrs/icrsUR/install/ur_dashboard_msgs/include/ur_dashboard_msgs/ur_dashboard_msgs/msg/detail/safety_mode__functions.h
[1.535s] -- Up-to-date symlink: /home/icrs/icrsUR/install/ur_dashboard_msgs/include/ur_dashboard_msgs/ur_dashboard_msgs/msg/detail/safety_mode__struct.h
[1.535s] -- Up-to-date symlink: /home/icrs/icrsUR/install/ur_dashboard_msgs/include/ur_dashboard_msgs/ur_dashboard_msgs/msg/detail/safety_mode__type_support.h
[1.536s] -- Up-to-date symlink: /home/icrs/icrsUR/install/ur_dashboard_msgs/include/ur_dashboard_msgs/ur_dashboard_msgs/msg/program_state.h
[1.536s] -- Up-to-date symlink: /home/icrs/icrsUR/install/ur_dashboard_msgs/include/ur_dashboard_msgs/ur_dashboard_msgs/msg/robot_mode.h
[1.536s] -- Up-to-date symlink: /home/icrs/icrsUR/install/ur_dashboard_msgs/include/ur_dashboard_msgs/ur_dashboard_msgs/msg/rosidl_generator_c__visibility_control.h
[1.537s] -- Up-to-date symlink: /home/icrs/icrsUR/install/ur_dashboard_msgs/include/ur_dashboard_msgs/ur_dashboard_msgs/msg/safety_mode.h
[1.537s] -- Up-to-date symlink: /home/icrs/icrsUR/install/ur_dashboard_msgs/include/ur_dashboard_msgs/ur_dashboard_msgs/srv/add_to_log.h
[1.537s] -- Up-to-date symlink: /home/icrs/icrsUR/install/ur_dashboard_msgs/include/ur_dashboard_msgs/ur_dashboard_msgs/srv/detail/add_to_log__functions.h
[1.537s] -- Up-to-date symlink: /home/icrs/icrsUR/install/ur_dashboard_msgs/include/ur_dashboard_msgs/ur_dashboard_msgs/srv/detail/add_to_log__struct.h
[1.537s] -- Up-to-date symlink: /home/icrs/icrsUR/install/ur_dashboard_msgs/include/ur_dashboard_msgs/ur_dashboard_msgs/srv/detail/add_to_log__type_support.h
[1.537s] -- Up-to-date symlink: /home/icrs/icrsUR/install/ur_dashboard_msgs/include/ur_dashboard_msgs/ur_dashboard_msgs/srv/detail/get_loaded_program__functions.h
[1.538s] -- Up-to-date symlink: /home/icrs/icrsUR/install/ur_dashboard_msgs/include/ur_dashboard_msgs/ur_dashboard_msgs/srv/detail/get_loaded_program__struct.h
[1.538s] -- Up-to-date symlink: /home/icrs/icrsUR/install/ur_dashboard_msgs/include/ur_dashboard_msgs/ur_dashboard_msgs/srv/detail/get_loaded_program__type_support.h
[1.538s] -- Up-to-date symlink: /home/icrs/icrsUR/install/ur_dashboard_msgs/include/ur_dashboard_msgs/ur_dashboard_msgs/srv/detail/get_program_state__functions.h
[1.538s] -- Up-to-date symlink: /home/icrs/icrsUR/install/ur_dashboard_msgs/include/ur_dashboard_msgs/ur_dashboard_msgs/srv/detail/get_program_state__struct.h
[1.538s] -- Up-to-date symlink: /home/icrs/icrsUR/install/ur_dashboard_msgs/include/ur_dashboard_msgs/ur_dashboard_msgs/srv/detail/get_program_state__type_support.h
[1.538s] -- Up-to-date symlink: /home/icrs/icrsUR/install/ur_dashboard_msgs/include/ur_dashboard_msgs/ur_dashboard_msgs/srv/detail/get_robot_mode__functions.h
[1.539s] -- Up-to-date symlink: /home/icrs/icrsUR/install/ur_dashboard_msgs/include/ur_dashboard_msgs/ur_dashboard_msgs/srv/detail/get_robot_mode__struct.h
[1.539s] -- Up-to-date symlink: /home/icrs/icrsUR/install/ur_dashboard_msgs/include/ur_dashboard_msgs/ur_dashboard_msgs/srv/detail/get_robot_mode__type_support.h
[1.539s] -- Up-to-date symlink: /home/icrs/icrsUR/install/ur_dashboard_msgs/include/ur_dashboard_msgs/ur_dashboard_msgs/srv/detail/get_safety_mode__functions.h
[1.539s] -- Up-to-date symlink: /home/icrs/icrsUR/install/ur_dashboard_msgs/include/ur_dashboard_msgs/ur_dashboard_msgs/srv/detail/get_safety_mode__struct.h
[1.541s] -- Up-to-date symlink: /home/icrs/icrsUR/install/ur_dashboard_msgs/include/ur_dashboard_msgs/ur_dashboard_msgs/srv/detail/get_safety_mode__type_support.h
[1.541s] -- Up-to-date symlink: /home/icrs/icrsUR/install/ur_dashboard_msgs/include/ur_dashboard_msgs/ur_dashboard_msgs/srv/detail/is_program_running__functions.h
[1.541s] -- Up-to-date symlink: /home/icrs/icrsUR/install/ur_dashboard_msgs/include/ur_dashboard_msgs/ur_dashboard_msgs/srv/detail/is_program_running__struct.h
[1.542s] -- Up-to-date symlink: /home/icrs/icrsUR/install/ur_dashboard_msgs/include/ur_dashboard_msgs/ur_dashboard_msgs/srv/detail/is_program_running__type_support.h
[1.542s] -- Up-to-date symlink: /home/icrs/icrsUR/install/ur_dashboard_msgs/include/ur_dashboard_msgs/ur_dashboard_msgs/srv/detail/is_program_saved__functions.h
[1.542s] -- Up-to-date symlink: /home/icrs/icrsUR/install/ur_dashboard_msgs/include/ur_dashboard_msgs/ur_dashboard_msgs/srv/detail/is_program_saved__struct.h
[1.542s] -- Up-to-date symlink: /home/icrs/icrsUR/install/ur_dashboard_msgs/include/ur_dashboard_msgs/ur_dashboard_msgs/srv/detail/is_program_saved__type_support.h
[1.542s] -- Up-to-date symlink: /home/icrs/icrsUR/install/ur_dashboard_msgs/include/ur_dashboard_msgs/ur_dashboard_msgs/srv/detail/load__functions.h
[1.543s] -- Up-to-date symlink: /home/icrs/icrsUR/install/ur_dashboard_msgs/include/ur_dashboard_msgs/ur_dashboard_msgs/srv/detail/load__struct.h
[1.543s] -- Up-to-date symlink: /home/icrs/icrsUR/install/ur_dashboard_msgs/include/ur_dashboard_msgs/ur_dashboard_msgs/srv/detail/load__type_support.h
[1.543s] -- Up-to-date symlink: /home/icrs/icrsUR/install/ur_dashboard_msgs/include/ur_dashboard_msgs/ur_dashboard_msgs/srv/detail/popup__functions.h
[1.543s] -- Up-to-date symlink: /home/icrs/icrsUR/install/ur_dashboard_msgs/include/ur_dashboard_msgs/ur_dashboard_msgs/srv/detail/popup__struct.h
[1.543s] -- Up-to-date symlink: /home/icrs/icrsUR/install/ur_dashboard_msgs/include/ur_dashboard_msgs/ur_dashboard_msgs/srv/detail/popup__type_support.h
[1.544s] -- Up-to-date symlink: /home/icrs/icrsUR/install/ur_dashboard_msgs/include/ur_dashboard_msgs/ur_dashboard_msgs/srv/detail/raw_request__functions.h
[1.544s] -- Up-to-date symlink: /home/icrs/icrsUR/install/ur_dashboard_msgs/include/ur_dashboard_msgs/ur_dashboard_msgs/srv/detail/raw_request__struct.h
[1.544s] -- Up-to-date symlink: /home/icrs/icrsUR/install/ur_dashboard_msgs/include/ur_dashboard_msgs/ur_dashboard_msgs/srv/detail/raw_request__type_support.h
[1.544s] -- Up-to-date symlink: /home/icrs/icrsUR/install/ur_dashboard_msgs/include/ur_dashboard_msgs/ur_dashboard_msgs/srv/get_loaded_program.h
[1.544s] -- Up-to-date symlink: /home/icrs/icrsUR/install/ur_dashboard_msgs/include/ur_dashboard_msgs/ur_dashboard_msgs/srv/get_program_state.h
[1.545s] -- Up-to-date symlink: /home/icrs/icrsUR/install/ur_dashboard_msgs/include/ur_dashboard_msgs/ur_dashboard_msgs/srv/get_robot_mode.h
[1.545s] -- Up-to-date symlink: /home/icrs/icrsUR/install/ur_dashboard_msgs/include/ur_dashboard_msgs/ur_dashboard_msgs/srv/get_safety_mode.h
[1.545s] -- Up-to-date symlink: /home/icrs/icrsUR/install/ur_dashboard_msgs/include/ur_dashboard_msgs/ur_dashboard_msgs/srv/is_program_running.h
[1.545s] -- Up-to-date symlink: /home/icrs/icrsUR/install/ur_dashboard_msgs/include/ur_dashboard_msgs/ur_dashboard_msgs/srv/is_program_saved.h
[1.546s] -- Up-to-date symlink: /home/icrs/icrsUR/install/ur_dashboard_msgs/include/ur_dashboard_msgs/ur_dashboard_msgs/srv/load.h
[1.546s] -- Up-to-date symlink: /home/icrs/icrsUR/install/ur_dashboard_msgs/include/ur_dashboard_msgs/ur_dashboard_msgs/srv/popup.h
[1.546s] -- Up-to-date symlink: /home/icrs/icrsUR/install/ur_dashboard_msgs/include/ur_dashboard_msgs/ur_dashboard_msgs/srv/raw_request.h
[1.547s] -- Up-to-date symlink: /home/icrs/icrsUR/install/ur_dashboard_msgs/share/ur_dashboard_msgs/environment/library_path.sh
[1.547s] -- Up-to-date symlink: /home/icrs/icrsUR/install/ur_dashboard_msgs/share/ur_dashboard_msgs/environment/library_path.dsv
[1.548s] -- Up-to-date symlink: /home/icrs/icrsUR/install/ur_dashboard_msgs/include/ur_dashboard_msgs/ur_dashboard_msgs/action/detail/set_mode__rosidl_typesupport_fastrtps_c.h
[1.548s] -- Up-to-date symlink: /home/icrs/icrsUR/install/ur_dashboard_msgs/include/ur_dashboard_msgs/ur_dashboard_msgs/msg/detail/program_state__rosidl_typesupport_fastrtps_c.h
[1.549s] -- Up-to-date symlink: /home/icrs/icrsUR/install/ur_dashboard_msgs/include/ur_dashboard_msgs/ur_dashboard_msgs/msg/detail/robot_mode__rosidl_typesupport_fastrtps_c.h
[1.549s] -- Up-to-date symlink: /home/icrs/icrsUR/install/ur_dashboard_msgs/include/ur_dashboard_msgs/ur_dashboard_msgs/msg/detail/safety_mode__rosidl_typesupport_fastrtps_c.h
[1.549s] -- Up-to-date symlink: /home/icrs/icrsUR/install/ur_dashboard_msgs/include/ur_dashboard_msgs/ur_dashboard_msgs/msg/rosidl_typesupport_fastrtps_c__visibility_control.h
[1.549s] -- Up-to-date symlink: /home/icrs/icrsUR/install/ur_dashboard_msgs/include/ur_dashboard_msgs/ur_dashboard_msgs/srv/detail/add_to_log__rosidl_typesupport_fastrtps_c.h
[1.550s] -- Up-to-date symlink: /home/icrs/icrsUR/install/ur_dashboard_msgs/include/ur_dashboard_msgs/ur_dashboard_msgs/srv/detail/get_loaded_program__rosidl_typesupport_fastrtps_c.h
[1.551s] -- Up-to-date symlink: /home/icrs/icrsUR/install/ur_dashboard_msgs/include/ur_dashboard_msgs/ur_dashboard_msgs/srv/detail/get_program_state__rosidl_typesupport_fastrtps_c.h
[1.551s] -- Up-to-date symlink: /home/icrs/icrsUR/install/ur_dashboard_msgs/include/ur_dashboard_msgs/ur_dashboard_msgs/srv/detail/get_robot_mode__rosidl_typesupport_fastrtps_c.h
[1.551s] -- Up-to-date symlink: /home/icrs/icrsUR/install/ur_dashboard_msgs/include/ur_dashboard_msgs/ur_dashboard_msgs/srv/detail/get_safety_mode__rosidl_typesupport_fastrtps_c.h
[1.551s] -- Up-to-date symlink: /home/icrs/icrsUR/install/ur_dashboard_msgs/include/ur_dashboard_msgs/ur_dashboard_msgs/srv/detail/is_program_running__rosidl_typesupport_fastrtps_c.h
[1.552s] -- Up-to-date symlink: /home/icrs/icrsUR/install/ur_dashboard_msgs/include/ur_dashboard_msgs/ur_dashboard_msgs/srv/detail/is_program_saved__rosidl_typesupport_fastrtps_c.h
[1.552s] -- Up-to-date symlink: /home/icrs/icrsUR/install/ur_dashboard_msgs/include/ur_dashboard_msgs/ur_dashboard_msgs/srv/detail/load__rosidl_typesupport_fastrtps_c.h
[1.552s] -- Up-to-date symlink: /home/icrs/icrsUR/install/ur_dashboard_msgs/include/ur_dashboard_msgs/ur_dashboard_msgs/srv/detail/popup__rosidl_typesupport_fastrtps_c.h
[1.558s] -- Up-to-date symlink: /home/icrs/icrsUR/install/ur_dashboard_msgs/include/ur_dashboard_msgs/ur_dashboard_msgs/srv/detail/raw_request__rosidl_typesupport_fastrtps_c.h
[1.559s] -- Up-to-date symlink: /home/icrs/icrsUR/install/ur_dashboard_msgs/include/ur_dashboard_msgs/ur_dashboard_msgs/action/detail/set_mode__rosidl_typesupport_introspection_c.h
[1.559s] -- Up-to-date symlink: /home/icrs/icrsUR/install/ur_dashboard_msgs/include/ur_dashboard_msgs/ur_dashboard_msgs/msg/detail/program_state__rosidl_typesupport_introspection_c.h
[1.559s] -- Up-to-date symlink: /home/icrs/icrsUR/install/ur_dashboard_msgs/include/ur_dashboard_msgs/ur_dashboard_msgs/msg/detail/robot_mode__rosidl_typesupport_introspection_c.h
[1.559s] -- Up-to-date symlink: /home/icrs/icrsUR/install/ur_dashboard_msgs/include/ur_dashboard_msgs/ur_dashboard_msgs/msg/detail/safety_mode__rosidl_typesupport_introspection_c.h
[1.559s] -- Up-to-date symlink: /home/icrs/icrsUR/install/ur_dashboard_msgs/include/ur_dashboard_msgs/ur_dashboard_msgs/msg/rosidl_typesupport_introspection_c__visibility_control.h
[1.559s] -- Up-to-date symlink: /home/icrs/icrsUR/install/ur_dashboard_msgs/include/ur_dashboard_msgs/ur_dashboard_msgs/srv/detail/add_to_log__rosidl_typesupport_introspection_c.h
[1.559s] -- Up-to-date symlink: /home/icrs/icrsUR/install/ur_dashboard_msgs/include/ur_dashboard_msgs/ur_dashboard_msgs/srv/detail/get_loaded_program__rosidl_typesupport_introspection_c.h
[1.560s] -- Up-to-date symlink: /home/icrs/icrsUR/install/ur_dashboard_msgs/include/ur_dashboard_msgs/ur_dashboard_msgs/srv/detail/get_program_state__rosidl_typesupport_introspection_c.h
[1.560s] -- Up-to-date symlink: /home/icrs/icrsUR/install/ur_dashboard_msgs/include/ur_dashboard_msgs/ur_dashboard_msgs/srv/detail/get_robot_mode__rosidl_typesupport_introspection_c.h
[1.560s] -- Up-to-date symlink: /home/icrs/icrsUR/install/ur_dashboard_msgs/include/ur_dashboard_msgs/ur_dashboard_msgs/srv/detail/get_safety_mode__rosidl_typesupport_introspection_c.h
[1.560s] -- Up-to-date symlink: /home/icrs/icrsUR/install/ur_dashboard_msgs/include/ur_dashboard_msgs/ur_dashboard_msgs/srv/detail/is_program_running__rosidl_typesupport_introspection_c.h
[1.560s] -- Up-to-date symlink: /home/icrs/icrsUR/install/ur_dashboard_msgs/include/ur_dashboard_msgs/ur_dashboard_msgs/srv/detail/is_program_saved__rosidl_typesupport_introspection_c.h
[1.560s] -- Up-to-date symlink: /home/icrs/icrsUR/install/ur_dashboard_msgs/include/ur_dashboard_msgs/ur_dashboard_msgs/srv/detail/load__rosidl_typesupport_introspection_c.h
[1.560s] -- Up-to-date symlink: /home/icrs/icrsUR/install/ur_dashboard_msgs/include/ur_dashboard_msgs/ur_dashboard_msgs/srv/detail/popup__rosidl_typesupport_introspection_c.h
[1.561s] -- Up-to-date symlink: /home/icrs/icrsUR/install/ur_dashboard_msgs/include/ur_dashboard_msgs/ur_dashboard_msgs/srv/detail/raw_request__rosidl_typesupport_introspection_c.h
[1.561s] -- Up-to-date symlink: /home/icrs/icrsUR/install/ur_dashboard_msgs/include/ur_dashboard_msgs/ur_dashboard_msgs/action/detail/set_mode__builder.hpp
[1.562s] -- Up-to-date symlink: /home/icrs/icrsUR/install/ur_dashboard_msgs/include/ur_dashboard_msgs/ur_dashboard_msgs/action/detail/set_mode__struct.hpp
[1.562s] -- Up-to-date symlink: /home/icrs/icrsUR/install/ur_dashboard_msgs/include/ur_dashboard_msgs/ur_dashboard_msgs/action/detail/set_mode__traits.hpp
[1.562s] -- Up-to-date symlink: /home/icrs/icrsUR/install/ur_dashboard_msgs/include/ur_dashboard_msgs/ur_dashboard_msgs/action/set_mode.hpp
[1.562s] -- Up-to-date symlink: /home/icrs/icrsUR/install/ur_dashboard_msgs/include/ur_dashboard_msgs/ur_dashboard_msgs/msg/detail/program_state__builder.hpp
[1.562s] -- Up-to-date symlink: /home/icrs/icrsUR/install/ur_dashboard_msgs/include/ur_dashboard_msgs/ur_dashboard_msgs/msg/detail/program_state__struct.hpp
[1.562s] -- Up-to-date symlink: /home/icrs/icrsUR/install/ur_dashboard_msgs/include/ur_dashboard_msgs/ur_dashboard_msgs/msg/detail/program_state__traits.hpp
[1.563s] -- Up-to-date symlink: /home/icrs/icrsUR/install/ur_dashboard_msgs/include/ur_dashboard_msgs/ur_dashboard_msgs/msg/detail/robot_mode__builder.hpp
[1.564s] -- Up-to-date symlink: /home/icrs/icrsUR/install/ur_dashboard_msgs/include/ur_dashboard_msgs/ur_dashboard_msgs/msg/detail/robot_mode__struct.hpp
[1.564s] -- Up-to-date symlink: /home/icrs/icrsUR/install/ur_dashboard_msgs/include/ur_dashboard_msgs/ur_dashboard_msgs/msg/detail/robot_mode__traits.hpp
[1.564s] -- Up-to-date symlink: /home/icrs/icrsUR/install/ur_dashboard_msgs/include/ur_dashboard_msgs/ur_dashboard_msgs/msg/detail/safety_mode__builder.hpp
[1.564s] -- Up-to-date symlink: /home/icrs/icrsUR/install/ur_dashboard_msgs/include/ur_dashboard_msgs/ur_dashboard_msgs/msg/detail/safety_mode__struct.hpp
[1.565s] -- Up-to-date symlink: /home/icrs/icrsUR/install/ur_dashboard_msgs/include/ur_dashboard_msgs/ur_dashboard_msgs/msg/detail/safety_mode__traits.hpp
[1.565s] -- Up-to-date symlink: /home/icrs/icrsUR/install/ur_dashboard_msgs/include/ur_dashboard_msgs/ur_dashboard_msgs/msg/program_state.hpp
[1.565s] -- Up-to-date symlink: /home/icrs/icrsUR/install/ur_dashboard_msgs/include/ur_dashboard_msgs/ur_dashboard_msgs/msg/robot_mode.hpp
[1.565s] -- Up-to-date symlink: /home/icrs/icrsUR/install/ur_dashboard_msgs/include/ur_dashboard_msgs/ur_dashboard_msgs/msg/safety_mode.hpp
[1.565s] -- Up-to-date symlink: /home/icrs/icrsUR/install/ur_dashboard_msgs/include/ur_dashboard_msgs/ur_dashboard_msgs/srv/add_to_log.hpp
[1.565s] -- Up-to-date symlink: /home/icrs/icrsUR/install/ur_dashboard_msgs/include/ur_dashboard_msgs/ur_dashboard_msgs/srv/detail/add_to_log__builder.hpp
[1.566s] -- Up-to-date symlink: /home/icrs/icrsUR/install/ur_dashboard_msgs/include/ur_dashboard_msgs/ur_dashboard_msgs/srv/detail/add_to_log__struct.hpp
[1.566s] -- Up-to-date symlink: /home/icrs/icrsUR/install/ur_dashboard_msgs/include/ur_dashboard_msgs/ur_dashboard_msgs/srv/detail/add_to_log__traits.hpp
[1.566s] -- Up-to-date symlink: /home/icrs/icrsUR/install/ur_dashboard_msgs/include/ur_dashboard_msgs/ur_dashboard_msgs/srv/detail/get_loaded_program__builder.hpp
[1.566s] -- Up-to-date symlink: /home/icrs/icrsUR/install/ur_dashboard_msgs/include/ur_dashboard_msgs/ur_dashboard_msgs/srv/detail/get_loaded_program__struct.hpp
[1.566s] -- Up-to-date symlink: /home/icrs/icrsUR/install/ur_dashboard_msgs/include/ur_dashboard_msgs/ur_dashboard_msgs/srv/detail/get_loaded_program__traits.hpp
[1.567s] -- Up-to-date symlink: /home/icrs/icrsUR/install/ur_dashboard_msgs/include/ur_dashboard_msgs/ur_dashboard_msgs/srv/detail/get_program_state__builder.hpp
[1.567s] -- Up-to-date symlink: /home/icrs/icrsUR/install/ur_dashboard_msgs/include/ur_dashboard_msgs/ur_dashboard_msgs/srv/detail/get_program_state__struct.hpp
[1.567s] -- Up-to-date symlink: /home/icrs/icrsUR/install/ur_dashboard_msgs/include/ur_dashboard_msgs/ur_dashboard_msgs/srv/detail/get_program_state__traits.hpp
[1.568s] -- Up-to-date symlink: /home/icrs/icrsUR/install/ur_dashboard_msgs/include/ur_dashboard_msgs/ur_dashboard_msgs/srv/detail/get_robot_mode__builder.hpp
[1.568s] -- Up-to-date symlink: /home/icrs/icrsUR/install/ur_dashboard_msgs/include/ur_dashboard_msgs/ur_dashboard_msgs/srv/detail/get_robot_mode__struct.hpp
[1.568s] -- Up-to-date symlink: /home/icrs/icrsUR/install/ur_dashboard_msgs/include/ur_dashboard_msgs/ur_dashboard_msgs/srv/detail/get_robot_mode__traits.hpp
[1.568s] -- Up-to-date symlink: /home/icrs/icrsUR/install/ur_dashboard_msgs/include/ur_dashboard_msgs/ur_dashboard_msgs/srv/detail/get_safety_mode__builder.hpp
[1.569s] -- Up-to-date symlink: /home/icrs/icrsUR/install/ur_dashboard_msgs/include/ur_dashboard_msgs/ur_dashboard_msgs/srv/detail/get_safety_mode__struct.hpp
[1.570s] -- Up-to-date symlink: /home/icrs/icrsUR/install/ur_dashboard_msgs/include/ur_dashboard_msgs/ur_dashboard_msgs/srv/detail/get_safety_mode__traits.hpp
[1.572s] -- Up-to-date symlink: /home/icrs/icrsUR/install/ur_dashboard_msgs/include/ur_dashboard_msgs/ur_dashboard_msgs/srv/detail/is_program_running__builder.hpp
[1.573s] -- Up-to-date symlink: /home/icrs/icrsUR/install/ur_dashboard_msgs/include/ur_dashboard_msgs/ur_dashboard_msgs/srv/detail/is_program_running__struct.hpp
[1.573s] -- Up-to-date symlink: /home/icrs/icrsUR/install/ur_dashboard_msgs/include/ur_dashboard_msgs/ur_dashboard_msgs/srv/detail/is_program_running__traits.hpp
[1.574s] -- Up-to-date symlink: /home/icrs/icrsUR/install/ur_dashboard_msgs/include/ur_dashboard_msgs/ur_dashboard_msgs/srv/detail/is_program_saved__builder.hpp
[1.575s] -- Up-to-date symlink: /home/icrs/icrsUR/install/ur_dashboard_msgs/include/ur_dashboard_msgs/ur_dashboard_msgs/srv/detail/is_program_saved__struct.hpp
[1.576s] -- Up-to-date symlink: /home/icrs/icrsUR/install/ur_dashboard_msgs/include/ur_dashboard_msgs/ur_dashboard_msgs/srv/detail/is_program_saved__traits.hpp
[1.576s] -- Up-to-date symlink: /home/icrs/icrsUR/install/ur_dashboard_msgs/include/ur_dashboard_msgs/ur_dashboard_msgs/srv/detail/load__builder.hpp
[1.576s] -- Up-to-date symlink: /home/icrs/icrsUR/install/ur_dashboard_msgs/include/ur_dashboard_msgs/ur_dashboard_msgs/srv/detail/load__struct.hpp
[1.576s] -- Up-to-date symlink: /home/icrs/icrsUR/install/ur_dashboard_msgs/include/ur_dashboard_msgs/ur_dashboard_msgs/srv/detail/load__traits.hpp
[1.576s] -- Up-to-date symlink: /home/icrs/icrsUR/install/ur_dashboard_msgs/include/ur_dashboard_msgs/ur_dashboard_msgs/srv/detail/popup__builder.hpp
[1.577s] -- Up-to-date symlink: /home/icrs/icrsUR/install/ur_dashboard_msgs/include/ur_dashboard_msgs/ur_dashboard_msgs/srv/detail/popup__struct.hpp
[1.577s] -- Up-to-date symlink: /home/icrs/icrsUR/install/ur_dashboard_msgs/include/ur_dashboard_msgs/ur_dashboard_msgs/srv/detail/popup__traits.hpp
[1.577s] -- Up-to-date symlink: /home/icrs/icrsUR/install/ur_dashboard_msgs/include/ur_dashboard_msgs/ur_dashboard_msgs/srv/detail/raw_request__builder.hpp
[1.577s] -- Up-to-date symlink: /home/icrs/icrsUR/install/ur_dashboard_msgs/include/ur_dashboard_msgs/ur_dashboard_msgs/srv/detail/raw_request__struct.hpp
[1.577s] -- Up-to-date symlink: /home/icrs/icrsUR/install/ur_dashboard_msgs/include/ur_dashboard_msgs/ur_dashboard_msgs/srv/detail/raw_request__traits.hpp
[1.578s] -- Up-to-date symlink: /home/icrs/icrsUR/install/ur_dashboard_msgs/include/ur_dashboard_msgs/ur_dashboard_msgs/srv/get_loaded_program.hpp
[1.578s] -- Up-to-date symlink: /home/icrs/icrsUR/install/ur_dashboard_msgs/include/ur_dashboard_msgs/ur_dashboard_msgs/srv/get_program_state.hpp
[1.578s] -- Up-to-date symlink: /home/icrs/icrsUR/install/ur_dashboard_msgs/include/ur_dashboard_msgs/ur_dashboard_msgs/srv/get_robot_mode.hpp
[1.578s] -- Up-to-date symlink: /home/icrs/icrsUR/install/ur_dashboard_msgs/include/ur_dashboard_msgs/ur_dashboard_msgs/srv/get_safety_mode.hpp
[1.579s] -- Up-to-date symlink: /home/icrs/icrsUR/install/ur_dashboard_msgs/include/ur_dashboard_msgs/ur_dashboard_msgs/srv/is_program_running.hpp
[1.579s] -- Up-to-date symlink: /home/icrs/icrsUR/install/ur_dashboard_msgs/include/ur_dashboard_msgs/ur_dashboard_msgs/srv/is_program_saved.hpp
[1.579s] -- Up-to-date symlink: /home/icrs/icrsUR/install/ur_dashboard_msgs/include/ur_dashboard_msgs/ur_dashboard_msgs/srv/load.hpp
[1.579s] -- Up-to-date symlink: /home/icrs/icrsUR/install/ur_dashboard_msgs/include/ur_dashboard_msgs/ur_dashboard_msgs/srv/popup.hpp
[1.579s] -- Up-to-date symlink: /home/icrs/icrsUR/install/ur_dashboard_msgs/include/ur_dashboard_msgs/ur_dashboard_msgs/srv/raw_request.hpp
[1.580s] -- Up-to-date symlink: /home/icrs/icrsUR/install/ur_dashboard_msgs/include/ur_dashboard_msgs/ur_dashboard_msgs/action/detail/set_mode__rosidl_typesupport_fastrtps_cpp.hpp
[1.581s] -- Up-to-date symlink: /home/icrs/icrsUR/install/ur_dashboard_msgs/include/ur_dashboard_msgs/ur_dashboard_msgs/msg/detail/program_state__rosidl_typesupport_fastrtps_cpp.hpp
[1.581s] -- Up-to-date symlink: /home/icrs/icrsUR/install/ur_dashboard_msgs/include/ur_dashboard_msgs/ur_dashboard_msgs/msg/detail/robot_mode__rosidl_typesupport_fastrtps_cpp.hpp
[1.581s] -- Up-to-date symlink: /home/icrs/icrsUR/install/ur_dashboard_msgs/include/ur_dashboard_msgs/ur_dashboard_msgs/msg/detail/safety_mode__rosidl_typesupport_fastrtps_cpp.hpp
[1.581s] -- Up-to-date symlink: /home/icrs/icrsUR/install/ur_dashboard_msgs/include/ur_dashboard_msgs/ur_dashboard_msgs/msg/rosidl_typesupport_fastrtps_cpp__visibility_control.h
[1.581s] -- Up-to-date symlink: /home/icrs/icrsUR/install/ur_dashboard_msgs/include/ur_dashboard_msgs/ur_dashboard_msgs/srv/detail/add_to_log__rosidl_typesupport_fastrtps_cpp.hpp
[1.582s] -- Up-to-date symlink: /home/icrs/icrsUR/install/ur_dashboard_msgs/include/ur_dashboard_msgs/ur_dashboard_msgs/srv/detail/get_loaded_program__rosidl_typesupport_fastrtps_cpp.hpp
[1.582s] -- Up-to-date symlink: /home/icrs/icrsUR/install/ur_dashboard_msgs/include/ur_dashboard_msgs/ur_dashboard_msgs/srv/detail/get_program_state__rosidl_typesupport_fastrtps_cpp.hpp
[1.582s] -- Up-to-date symlink: /home/icrs/icrsUR/install/ur_dashboard_msgs/include/ur_dashboard_msgs/ur_dashboard_msgs/srv/detail/get_robot_mode__rosidl_typesupport_fastrtps_cpp.hpp
[1.583s] -- Up-to-date symlink: /home/icrs/icrsUR/install/ur_dashboard_msgs/include/ur_dashboard_msgs/ur_dashboard_msgs/srv/detail/get_safety_mode__rosidl_typesupport_fastrtps_cpp.hpp
[1.583s] -- Up-to-date symlink: /home/icrs/icrsUR/install/ur_dashboard_msgs/include/ur_dashboard_msgs/ur_dashboard_msgs/srv/detail/is_program_running__rosidl_typesupport_fastrtps_cpp.hpp
[1.583s] -- Up-to-date symlink: /home/icrs/icrsUR/install/ur_dashboard_msgs/include/ur_dashboard_msgs/ur_dashboard_msgs/srv/detail/is_program_saved__rosidl_typesupport_fastrtps_cpp.hpp
[1.583s] -- Up-to-date symlink: /home/icrs/icrsUR/install/ur_dashboard_msgs/include/ur_dashboard_msgs/ur_dashboard_msgs/srv/detail/load__rosidl_typesupport_fastrtps_cpp.hpp
[1.583s] -- Up-to-date symlink: /home/icrs/icrsUR/install/ur_dashboard_msgs/include/ur_dashboard_msgs/ur_dashboard_msgs/srv/detail/popup__rosidl_typesupport_fastrtps_cpp.hpp
[1.584s] -- Up-to-date symlink: /home/icrs/icrsUR/install/ur_dashboard_msgs/include/ur_dashboard_msgs/ur_dashboard_msgs/srv/detail/raw_request__rosidl_typesupport_fastrtps_cpp.hpp
[1.584s] -- Up-to-date symlink: /home/icrs/icrsUR/install/ur_dashboard_msgs/include/ur_dashboard_msgs/ur_dashboard_msgs/action/detail/set_mode__rosidl_typesupport_introspection_cpp.hpp
[1.584s] -- Up-to-date symlink: /home/icrs/icrsUR/install/ur_dashboard_msgs/include/ur_dashboard_msgs/ur_dashboard_msgs/msg/detail/program_state__rosidl_typesupport_introspection_cpp.hpp
[1.585s] -- Up-to-date symlink: /home/icrs/icrsUR/install/ur_dashboard_msgs/include/ur_dashboard_msgs/ur_dashboard_msgs/msg/detail/robot_mode__rosidl_typesupport_introspection_cpp.hpp
[1.585s] -- Up-to-date symlink: /home/icrs/icrsUR/install/ur_dashboard_msgs/include/ur_dashboard_msgs/ur_dashboard_msgs/msg/detail/safety_mode__rosidl_typesupport_introspection_cpp.hpp
[1.586s] -- Up-to-date symlink: /home/icrs/icrsUR/install/ur_dashboard_msgs/include/ur_dashboard_msgs/ur_dashboard_msgs/srv/detail/add_to_log__rosidl_typesupport_introspection_cpp.hpp
[1.586s] -- Up-to-date symlink: /home/icrs/icrsUR/install/ur_dashboard_msgs/include/ur_dashboard_msgs/ur_dashboard_msgs/srv/detail/get_loaded_program__rosidl_typesupport_introspection_cpp.hpp
[1.586s] -- Up-to-date symlink: /home/icrs/icrsUR/install/ur_dashboard_msgs/include/ur_dashboard_msgs/ur_dashboard_msgs/srv/detail/get_program_state__rosidl_typesupport_introspection_cpp.hpp
[1.586s] -- Up-to-date symlink: /home/icrs/icrsUR/install/ur_dashboard_msgs/include/ur_dashboard_msgs/ur_dashboard_msgs/srv/detail/get_robot_mode__rosidl_typesupport_introspection_cpp.hpp
[1.586s] -- Up-to-date symlink: /home/icrs/icrsUR/install/ur_dashboard_msgs/include/ur_dashboard_msgs/ur_dashboard_msgs/srv/detail/get_safety_mode__rosidl_typesupport_introspection_cpp.hpp
[1.587s] -- Up-to-date symlink: /home/icrs/icrsUR/install/ur_dashboard_msgs/include/ur_dashboard_msgs/ur_dashboard_msgs/srv/detail/is_program_running__rosidl_typesupport_introspection_cpp.hpp
[1.588s] -- Up-to-date symlink: /home/icrs/icrsUR/install/ur_dashboard_msgs/include/ur_dashboard_msgs/ur_dashboard_msgs/srv/detail/is_program_saved__rosidl_typesupport_introspection_cpp.hpp
[1.588s] -- Up-to-date symlink: /home/icrs/icrsUR/install/ur_dashboard_msgs/include/ur_dashboard_msgs/ur_dashboard_msgs/srv/detail/load__rosidl_typesupport_introspection_cpp.hpp
[1.588s] -- Up-to-date symlink: /home/icrs/icrsUR/install/ur_dashboard_msgs/include/ur_dashboard_msgs/ur_dashboard_msgs/srv/detail/popup__rosidl_typesupport_introspection_cpp.hpp
[1.588s] -- Up-to-date symlink: /home/icrs/icrsUR/install/ur_dashboard_msgs/include/ur_dashboard_msgs/ur_dashboard_msgs/srv/detail/raw_request__rosidl_typesupport_introspection_cpp.hpp
[1.588s] -- Up-to-date symlink: /home/icrs/icrsUR/install/ur_dashboard_msgs/share/ur_dashboard_msgs/environment/pythonpath.sh
[1.588s] -- Up-to-date symlink: /home/icrs/icrsUR/install/ur_dashboard_msgs/share/ur_dashboard_msgs/environment/pythonpath.dsv
[1.589s] -- Up-to-date symlink: /home/icrs/icrsUR/install/ur_dashboard_msgs/local/lib/python3.10/dist-packages/ur_dashboard_msgs-2.2.10-py3.10.egg-info/PKG-INFO
[1.589s] -- Up-to-date symlink: /home/icrs/icrsUR/install/ur_dashboard_msgs/local/lib/python3.10/dist-packages/ur_dashboard_msgs-2.2.10-py3.10.egg-info/SOURCES.txt
[1.589s] -- Up-to-date symlink: /home/icrs/icrsUR/install/ur_dashboard_msgs/local/lib/python3.10/dist-packages/ur_dashboard_msgs-2.2.10-py3.10.egg-info/dependency_links.txt
[1.590s] -- Up-to-date symlink: /home/icrs/icrsUR/install/ur_dashboard_msgs/local/lib/python3.10/dist-packages/ur_dashboard_msgs-2.2.10-py3.10.egg-info/top_level.txt
[1.591s] -- Up-to-date symlink: /home/icrs/icrsUR/install/ur_dashboard_msgs/local/lib/python3.10/dist-packages/ur_dashboard_msgs/__init__.py
[1.591s] -- Up-to-date symlink: /home/icrs/icrsUR/install/ur_dashboard_msgs/local/lib/python3.10/dist-packages/ur_dashboard_msgs/_ur_dashboard_msgs_s.ep.rosidl_typesupport_c.c
[1.591s] -- Up-to-date symlink: /home/icrs/icrsUR/install/ur_dashboard_msgs/local/lib/python3.10/dist-packages/ur_dashboard_msgs/_ur_dashboard_msgs_s.ep.rosidl_typesupport_fastrtps_c.c
[1.592s] -- Up-to-date symlink: /home/icrs/icrsUR/install/ur_dashboard_msgs/local/lib/python3.10/dist-packages/ur_dashboard_msgs/_ur_dashboard_msgs_s.ep.rosidl_typesupport_introspection_c.c
[1.592s] -- Up-to-date symlink: /home/icrs/icrsUR/install/ur_dashboard_msgs/local/lib/python3.10/dist-packages/ur_dashboard_msgs/action/__init__.py
[1.592s] -- Up-to-date symlink: /home/icrs/icrsUR/install/ur_dashboard_msgs/local/lib/python3.10/dist-packages/ur_dashboard_msgs/action/_set_mode.py
[1.592s] -- Up-to-date symlink: /home/icrs/icrsUR/install/ur_dashboard_msgs/local/lib/python3.10/dist-packages/ur_dashboard_msgs/action/_set_mode_s.c
[1.592s] -- Up-to-date symlink: /home/icrs/icrsUR/install/ur_dashboard_msgs/local/lib/python3.10/dist-packages/ur_dashboard_msgs/libur_dashboard_msgs__rosidl_generator_py.so
[1.593s] -- Up-to-date symlink: /home/icrs/icrsUR/install/ur_dashboard_msgs/local/lib/python3.10/dist-packages/ur_dashboard_msgs/msg/__init__.py
[1.593s] -- Up-to-date symlink: /home/icrs/icrsUR/install/ur_dashboard_msgs/local/lib/python3.10/dist-packages/ur_dashboard_msgs/msg/_program_state.py
[1.593s] -- Up-to-date symlink: /home/icrs/icrsUR/install/ur_dashboard_msgs/local/lib/python3.10/dist-packages/ur_dashboard_msgs/msg/_program_state_s.c
[1.594s] -- Up-to-date symlink: /home/icrs/icrsUR/install/ur_dashboard_msgs/local/lib/python3.10/dist-packages/ur_dashboard_msgs/msg/_robot_mode.py
[1.594s] -- Up-to-date symlink: /home/icrs/icrsUR/install/ur_dashboard_msgs/local/lib/python3.10/dist-packages/ur_dashboard_msgs/msg/_robot_mode_s.c
[1.594s] -- Up-to-date symlink: /home/icrs/icrsUR/install/ur_dashboard_msgs/local/lib/python3.10/dist-packages/ur_dashboard_msgs/msg/_safety_mode.py
[1.594s] -- Up-to-date symlink: /home/icrs/icrsUR/install/ur_dashboard_msgs/local/lib/python3.10/dist-packages/ur_dashboard_msgs/msg/_safety_mode_s.c
[1.595s] -- Up-to-date symlink: /home/icrs/icrsUR/install/ur_dashboard_msgs/local/lib/python3.10/dist-packages/ur_dashboard_msgs/srv/__init__.py
[1.595s] -- Up-to-date symlink: /home/icrs/icrsUR/install/ur_dashboard_msgs/local/lib/python3.10/dist-packages/ur_dashboard_msgs/srv/_add_to_log.py
[1.595s] -- Up-to-date symlink: /home/icrs/icrsUR/install/ur_dashboard_msgs/local/lib/python3.10/dist-packages/ur_dashboard_msgs/srv/_add_to_log_s.c
[1.595s] -- Up-to-date symlink: /home/icrs/icrsUR/install/ur_dashboard_msgs/local/lib/python3.10/dist-packages/ur_dashboard_msgs/srv/_get_loaded_program.py
[1.595s] -- Up-to-date symlink: /home/icrs/icrsUR/install/ur_dashboard_msgs/local/lib/python3.10/dist-packages/ur_dashboard_msgs/srv/_get_loaded_program_s.c
[1.596s] -- Up-to-date symlink: /home/icrs/icrsUR/install/ur_dashboard_msgs/local/lib/python3.10/dist-packages/ur_dashboard_msgs/srv/_get_program_state.py
[1.596s] -- Up-to-date symlink: /home/icrs/icrsUR/install/ur_dashboard_msgs/local/lib/python3.10/dist-packages/ur_dashboard_msgs/srv/_get_program_state_s.c
[1.596s] -- Up-to-date symlink: /home/icrs/icrsUR/install/ur_dashboard_msgs/local/lib/python3.10/dist-packages/ur_dashboard_msgs/srv/_get_robot_mode.py
[1.596s] -- Up-to-date symlink: /home/icrs/icrsUR/install/ur_dashboard_msgs/local/lib/python3.10/dist-packages/ur_dashboard_msgs/srv/_get_robot_mode_s.c
[1.597s] -- Up-to-date symlink: /home/icrs/icrsUR/install/ur_dashboard_msgs/local/lib/python3.10/dist-packages/ur_dashboard_msgs/srv/_get_safety_mode.py
[1.597s] -- Up-to-date symlink: /home/icrs/icrsUR/install/ur_dashboard_msgs/local/lib/python3.10/dist-packages/ur_dashboard_msgs/srv/_get_safety_mode_s.c
[1.597s] -- Up-to-date symlink: /home/icrs/icrsUR/install/ur_dashboard_msgs/local/lib/python3.10/dist-packages/ur_dashboard_msgs/srv/_is_program_running.py
[1.597s] -- Up-to-date symlink: /home/icrs/icrsUR/install/ur_dashboard_msgs/local/lib/python3.10/dist-packages/ur_dashboard_msgs/srv/_is_program_running_s.c
[1.598s] -- Up-to-date symlink: /home/icrs/icrsUR/install/ur_dashboard_msgs/local/lib/python3.10/dist-packages/ur_dashboard_msgs/srv/_is_program_saved.py
[1.598s] -- Up-to-date symlink: /home/icrs/icrsUR/install/ur_dashboard_msgs/local/lib/python3.10/dist-packages/ur_dashboard_msgs/srv/_is_program_saved_s.c
[1.598s] -- Up-to-date symlink: /home/icrs/icrsUR/install/ur_dashboard_msgs/local/lib/python3.10/dist-packages/ur_dashboard_msgs/srv/_load.py
[1.598s] -- Up-to-date symlink: /home/icrs/icrsUR/install/ur_dashboard_msgs/local/lib/python3.10/dist-packages/ur_dashboard_msgs/srv/_load_s.c
[1.599s] -- Up-to-date symlink: /home/icrs/icrsUR/install/ur_dashboard_msgs/local/lib/python3.10/dist-packages/ur_dashboard_msgs/srv/_popup.py
[1.599s] -- Up-to-date symlink: /home/icrs/icrsUR/install/ur_dashboard_msgs/local/lib/python3.10/dist-packages/ur_dashboard_msgs/srv/_popup_s.c
[1.599s] -- Up-to-date symlink: /home/icrs/icrsUR/install/ur_dashboard_msgs/local/lib/python3.10/dist-packages/ur_dashboard_msgs/srv/_raw_request.py
[1.600s] -- Up-to-date symlink: /home/icrs/icrsUR/install/ur_dashboard_msgs/local/lib/python3.10/dist-packages/ur_dashboard_msgs/srv/_raw_request_s.c
[1.600s] -- Up-to-date symlink: /home/icrs/icrsUR/install/ur_dashboard_msgs/local/lib/python3.10/dist-packages/ur_dashboard_msgs/ur_dashboard_msgs_s__rosidl_typesupport_c.cpython-310-x86_64-linux-gnu.so
[1.600s] -- Up-to-date symlink: /home/icrs/icrsUR/install/ur_dashboard_msgs/local/lib/python3.10/dist-packages/ur_dashboard_msgs/ur_dashboard_msgs_s__rosidl_typesupport_fastrtps_c.cpython-310-x86_64-linux-gnu.so
[1.600s] -- Up-to-date symlink: /home/icrs/icrsUR/install/ur_dashboard_msgs/local/lib/python3.10/dist-packages/ur_dashboard_msgs/ur_dashboard_msgs_s__rosidl_typesupport_introspection_c.cpython-310-x86_64-linux-gnu.so
[1.601s] -- Up-to-date symlink: /home/icrs/icrsUR/install/ur_dashboard_msgs/local/lib/python3.10/dist-packages/ur_dashboard_msgs/ur_dashboard_msgs_s__rosidl_typesupport_fastrtps_c.cpython-310-x86_64-linux-gnu.so
[1.601s] -- Up-to-date symlink: /home/icrs/icrsUR/install/ur_dashboard_msgs/local/lib/python3.10/dist-packages/ur_dashboard_msgs/ur_dashboard_msgs_s__rosidl_typesupport_introspection_c.cpython-310-x86_64-linux-gnu.so
[1.602s] -- Up-to-date symlink: /home/icrs/icrsUR/install/ur_dashboard_msgs/local/lib/python3.10/dist-packages/ur_dashboard_msgs/ur_dashboard_msgs_s__rosidl_typesupport_c.cpython-310-x86_64-linux-gnu.so
[1.602s] -- Up-to-date symlink: /home/icrs/icrsUR/install/ur_dashboard_msgs/share/ur_dashboard_msgs/msg/ProgramState.idl
[1.602s] -- Up-to-date symlink: /home/icrs/icrsUR/install/ur_dashboard_msgs/share/ur_dashboard_msgs/msg/RobotMode.idl
[1.602s] -- Up-to-date symlink: /home/icrs/icrsUR/install/ur_dashboard_msgs/share/ur_dashboard_msgs/msg/SafetyMode.idl
[1.603s] -- Up-to-date symlink: /home/icrs/icrsUR/install/ur_dashboard_msgs/share/ur_dashboard_msgs/srv/AddToLog.idl
[1.603s] -- Up-to-date symlink: /home/icrs/icrsUR/install/ur_dashboard_msgs/share/ur_dashboard_msgs/srv/GetLoadedProgram.idl
[1.603s] -- Up-to-date symlink: /home/icrs/icrsUR/install/ur_dashboard_msgs/share/ur_dashboard_msgs/srv/GetProgramState.idl
[1.604s] -- Up-to-date symlink: /home/icrs/icrsUR/install/ur_dashboard_msgs/share/ur_dashboard_msgs/srv/GetRobotMode.idl
[1.606s] -- Up-to-date symlink: /home/icrs/icrsUR/install/ur_dashboard_msgs/share/ur_dashboard_msgs/srv/GetSafetyMode.idl
[1.608s] -- Up-to-date symlink: /home/icrs/icrsUR/install/ur_dashboard_msgs/share/ur_dashboard_msgs/srv/IsProgramRunning.idl
[1.608s] -- Up-to-date symlink: /home/icrs/icrsUR/install/ur_dashboard_msgs/share/ur_dashboard_msgs/srv/IsProgramSaved.idl
[1.608s] -- Up-to-date symlink: /home/icrs/icrsUR/install/ur_dashboard_msgs/share/ur_dashboard_msgs/srv/Load.idl
[1.608s] -- Up-to-date symlink: /home/icrs/icrsUR/install/ur_dashboard_msgs/share/ur_dashboard_msgs/srv/Popup.idl
[1.609s] -- Up-to-date symlink: /home/icrs/icrsUR/install/ur_dashboard_msgs/share/ur_dashboard_msgs/srv/RawRequest.idl
[1.610s] -- Up-to-date symlink: /home/icrs/icrsUR/install/ur_dashboard_msgs/share/ur_dashboard_msgs/action/SetMode.idl
[1.611s] -- Up-to-date symlink: /home/icrs/icrsUR/install/ur_dashboard_msgs/share/ur_dashboard_msgs/msg/ProgramState.msg
[1.611s] -- Up-to-date symlink: /home/icrs/icrsUR/install/ur_dashboard_msgs/share/ur_dashboard_msgs/msg/RobotMode.msg
[1.611s] -- Up-to-date symlink: /home/icrs/icrsUR/install/ur_dashboard_msgs/share/ur_dashboard_msgs/msg/SafetyMode.msg
[1.612s] -- Up-to-date symlink: /home/icrs/icrsUR/install/ur_dashboard_msgs/share/ur_dashboard_msgs/srv/AddToLog.srv
[1.612s] -- Up-to-date symlink: /home/icrs/icrsUR/install/ur_dashboard_msgs/share/ur_dashboard_msgs/srv/AddToLog_Request.msg
[1.612s] -- Up-to-date symlink: /home/icrs/icrsUR/install/ur_dashboard_msgs/share/ur_dashboard_msgs/srv/AddToLog_Response.msg
[1.612s] -- Up-to-date symlink: /home/icrs/icrsUR/install/ur_dashboard_msgs/share/ur_dashboard_msgs/srv/GetLoadedProgram.srv
[1.612s] -- Up-to-date symlink: /home/icrs/icrsUR/install/ur_dashboard_msgs/share/ur_dashboard_msgs/srv/GetLoadedProgram_Request.msg
[1.613s] -- Up-to-date symlink: /home/icrs/icrsUR/install/ur_dashboard_msgs/share/ur_dashboard_msgs/srv/GetLoadedProgram_Response.msg
[1.613s] -- Up-to-date symlink: /home/icrs/icrsUR/install/ur_dashboard_msgs/share/ur_dashboard_msgs/srv/GetProgramState.srv
[1.613s] -- Up-to-date symlink: /home/icrs/icrsUR/install/ur_dashboard_msgs/share/ur_dashboard_msgs/srv/GetProgramState_Request.msg
[1.613s] -- Up-to-date symlink: /home/icrs/icrsUR/install/ur_dashboard_msgs/share/ur_dashboard_msgs/srv/GetProgramState_Response.msg
[1.614s] -- Up-to-date symlink: /home/icrs/icrsUR/install/ur_dashboard_msgs/share/ur_dashboard_msgs/srv/GetRobotMode.srv
[1.614s] -- Up-to-date symlink: /home/icrs/icrsUR/install/ur_dashboard_msgs/share/ur_dashboard_msgs/srv/GetRobotMode_Request.msg
[1.614s] -- Up-to-date symlink: /home/icrs/icrsUR/install/ur_dashboard_msgs/share/ur_dashboard_msgs/srv/GetRobotMode_Response.msg
[1.615s] -- Up-to-date symlink: /home/icrs/icrsUR/install/ur_dashboard_msgs/share/ur_dashboard_msgs/srv/GetSafetyMode.srv
[1.615s] -- Up-to-date symlink: /home/icrs/icrsUR/install/ur_dashboard_msgs/share/ur_dashboard_msgs/srv/GetSafetyMode_Request.msg
[1.615s] -- Up-to-date symlink: /home/icrs/icrsUR/install/ur_dashboard_msgs/share/ur_dashboard_msgs/srv/GetSafetyMode_Response.msg
[1.616s] -- Up-to-date symlink: /home/icrs/icrsUR/install/ur_dashboard_msgs/share/ur_dashboard_msgs/srv/IsProgramRunning.srv
[1.616s] -- Up-to-date symlink: /home/icrs/icrsUR/install/ur_dashboard_msgs/share/ur_dashboard_msgs/srv/IsProgramRunning_Request.msg
[1.617s] -- Up-to-date symlink: /home/icrs/icrsUR/install/ur_dashboard_msgs/share/ur_dashboard_msgs/srv/IsProgramRunning_Response.msg
[1.617s] -- Up-to-date symlink: /home/icrs/icrsUR/install/ur_dashboard_msgs/share/ur_dashboard_msgs/srv/IsProgramSaved.srv
[1.617s] -- Up-to-date symlink: /home/icrs/icrsUR/install/ur_dashboard_msgs/share/ur_dashboard_msgs/srv/IsProgramSaved_Request.msg
[1.618s] -- Up-to-date symlink: /home/icrs/icrsUR/install/ur_dashboard_msgs/share/ur_dashboard_msgs/srv/IsProgramSaved_Response.msg
[1.618s] -- Up-to-date symlink: /home/icrs/icrsUR/install/ur_dashboard_msgs/share/ur_dashboard_msgs/srv/Load.srv
[1.618s] -- Up-to-date symlink: /home/icrs/icrsUR/install/ur_dashboard_msgs/share/ur_dashboard_msgs/srv/Load_Request.msg
[1.618s] -- Up-to-date symlink: /home/icrs/icrsUR/install/ur_dashboard_msgs/share/ur_dashboard_msgs/srv/Load_Response.msg
[1.618s] -- Up-to-date symlink: /home/icrs/icrsUR/install/ur_dashboard_msgs/share/ur_dashboard_msgs/srv/Popup.srv
[1.619s] -- Up-to-date symlink: /home/icrs/icrsUR/install/ur_dashboard_msgs/share/ur_dashboard_msgs/srv/Popup_Request.msg
[1.619s] -- Up-to-date symlink: /home/icrs/icrsUR/install/ur_dashboard_msgs/share/ur_dashboard_msgs/srv/Popup_Response.msg
[1.619s] -- Up-to-date symlink: /home/icrs/icrsUR/install/ur_dashboard_msgs/share/ur_dashboard_msgs/srv/RawRequest.srv
[1.619s] -- Up-to-date symlink: /home/icrs/icrsUR/install/ur_dashboard_msgs/share/ur_dashboard_msgs/srv/RawRequest_Request.msg
[1.620s] -- Up-to-date symlink: /home/icrs/icrsUR/install/ur_dashboard_msgs/share/ur_dashboard_msgs/srv/RawRequest_Response.msg
[1.620s] -- Up-to-date symlink: /home/icrs/icrsUR/install/ur_dashboard_msgs/share/ur_dashboard_msgs/action/SetMode.action
[1.621s] -- Up-to-date symlink: /home/icrs/icrsUR/install/ur_dashboard_msgs/share/ament_index/resource_index/package_run_dependencies/ur_dashboard_msgs
[1.621s] -- Up-to-date symlink: /home/icrs/icrsUR/install/ur_dashboard_msgs/share/ament_index/resource_index/parent_prefix_path/ur_dashboard_msgs
[1.622s] -- Up-to-date symlink: /home/icrs/icrsUR/install/ur_dashboard_msgs/share/ur_dashboard_msgs/environment/ament_prefix_path.sh
[1.622s] -- Up-to-date symlink: /home/icrs/icrsUR/install/ur_dashboard_msgs/share/ur_dashboard_msgs/environment/ament_prefix_path.dsv
[1.622s] -- Up-to-date symlink: /home/icrs/icrsUR/install/ur_dashboard_msgs/share/ur_dashboard_msgs/environment/path.sh
[1.623s] -- Up-to-date symlink: /home/icrs/icrsUR/install/ur_dashboard_msgs/share/ur_dashboard_msgs/environment/path.dsv
[1.623s] -- Up-to-date symlink: /home/icrs/icrsUR/install/ur_dashboard_msgs/share/ur_dashboard_msgs/local_setup.bash
[1.624s] -- Up-to-date symlink: /home/icrs/icrsUR/install/ur_dashboard_msgs/share/ur_dashboard_msgs/local_setup.sh
[1.624s] -- Up-to-date symlink: /home/icrs/icrsUR/install/ur_dashboard_msgs/share/ur_dashboard_msgs/local_setup.zsh
[1.624s] -- Up-to-date symlink: /home/icrs/icrsUR/install/ur_dashboard_msgs/share/ur_dashboard_msgs/local_setup.dsv
[1.625s] -- Symlinking: /home/icrs/icrsUR/install/ur_dashboard_msgs/share/ur_dashboard_msgs/package.dsv
[1.641s] -- Up-to-date symlink: /home/icrs/icrsUR/install/ur_dashboard_msgs/share/ament_index/resource_index/packages/ur_dashboard_msgs
[1.642s] -- Up-to-date symlink: /home/icrs/icrsUR/install/ur_dashboard_msgs/share/ur_dashboard_msgs/cmake/rosidl_cmake-extras.cmake
[1.643s] -- Up-to-date symlink: /home/icrs/icrsUR/install/ur_dashboard_msgs/share/ur_dashboard_msgs/cmake/ament_cmake_export_dependencies-extras.cmake
[1.644s] -- Up-to-date symlink: /home/icrs/icrsUR/install/ur_dashboard_msgs/share/ur_dashboard_msgs/cmake/ament_cmake_export_include_directories-extras.cmake
[1.644s] -- Up-to-date symlink: /home/icrs/icrsUR/install/ur_dashboard_msgs/share/ur_dashboard_msgs/cmake/ament_cmake_export_libraries-extras.cmake
[1.645s] -- Up-to-date symlink: /home/icrs/icrsUR/install/ur_dashboard_msgs/share/ur_dashboard_msgs/cmake/ament_cmake_export_targets-extras.cmake
[1.645s] -- Up-to-date symlink: /home/icrs/icrsUR/install/ur_dashboard_msgs/share/ur_dashboard_msgs/cmake/rosidl_cmake_export_typesupport_targets-extras.cmake
[1.646s] -- Up-to-date symlink: /home/icrs/icrsUR/install/ur_dashboard_msgs/share/ur_dashboard_msgs/cmake/rosidl_cmake_export_typesupport_libraries-extras.cmake
[1.646s] -- Up-to-date symlink: /home/icrs/icrsUR/install/ur_dashboard_msgs/share/ur_dashboard_msgs/cmake/ur_dashboard_msgsConfig.cmake
[1.646s] -- Up-to-date symlink: /home/icrs/icrsUR/install/ur_dashboard_msgs/share/ur_dashboard_msgs/cmake/ur_dashboard_msgsConfig-version.cmake
[1.647s] -- Up-to-date symlink: /home/icrs/icrsUR/install/ur_dashboard_msgs/share/ur_dashboard_msgs/package.xml
[1.647s] -- Up-to-date: /home/icrs/icrsUR/install/ur_dashboard_msgs/lib/libur_dashboard_msgs__rosidl_generator_c.so
[1.648s] -- Up-to-date: /home/icrs/icrsUR/install/ur_dashboard_msgs/lib/libur_dashboard_msgs__rosidl_typesupport_fastrtps_c.so
[1.648s] -- Up-to-date: /home/icrs/icrsUR/install/ur_dashboard_msgs/lib/libur_dashboard_msgs__rosidl_typesupport_introspection_c.so
[1.649s] -- Up-to-date: /home/icrs/icrsUR/install/ur_dashboard_msgs/lib/libur_dashboard_msgs__rosidl_typesupport_c.so
[1.649s] -- Up-to-date: /home/icrs/icrsUR/install/ur_dashboard_msgs/lib/libur_dashboard_msgs__rosidl_typesupport_fastrtps_cpp.so
[1.650s] -- Up-to-date: /home/icrs/icrsUR/install/ur_dashboard_msgs/lib/libur_dashboard_msgs__rosidl_typesupport_introspection_cpp.so
[1.650s] -- Up-to-date: /home/icrs/icrsUR/install/ur_dashboard_msgs/lib/libur_dashboard_msgs__rosidl_typesupport_cpp.so
[1.720s] Listing '/home/icrs/icrsUR/install/ur_dashboard_msgs/local/lib/python3.10/dist-packages/ur_dashboard_msgs'...
[1.720s] Listing '/home/icrs/icrsUR/install/ur_dashboard_msgs/local/lib/python3.10/dist-packages/ur_dashboard_msgs/action'...
[1.720s] Listing '/home/icrs/icrsUR/install/ur_dashboard_msgs/local/lib/python3.10/dist-packages/ur_dashboard_msgs/msg'...
[1.720s] Listing '/home/icrs/icrsUR/install/ur_dashboard_msgs/local/lib/python3.10/dist-packages/ur_dashboard_msgs/srv'...
[1.732s] -- Up-to-date: /home/icrs/icrsUR/install/ur_dashboard_msgs/lib/libur_dashboard_msgs__rosidl_generator_py.so
[1.734s] -- Up-to-date: /home/icrs/icrsUR/install/ur_dashboard_msgs/share/ur_dashboard_msgs/cmake/export_ur_dashboard_msgs__rosidl_generator_cExport.cmake
[1.734s] -- Up-to-date: /home/icrs/icrsUR/install/ur_dashboard_msgs/share/ur_dashboard_msgs/cmake/export_ur_dashboard_msgs__rosidl_generator_cExport-noconfig.cmake
[1.734s] -- Up-to-date: /home/icrs/icrsUR/install/ur_dashboard_msgs/share/ur_dashboard_msgs/cmake/export_ur_dashboard_msgs__rosidl_typesupport_fastrtps_cExport.cmake
[1.735s] -- Up-to-date: /home/icrs/icrsUR/install/ur_dashboard_msgs/share/ur_dashboard_msgs/cmake/export_ur_dashboard_msgs__rosidl_typesupport_fastrtps_cExport-noconfig.cmake
[1.735s] -- Up-to-date: /home/icrs/icrsUR/install/ur_dashboard_msgs/share/ur_dashboard_msgs/cmake/ur_dashboard_msgs__rosidl_typesupport_introspection_cExport.cmake
[1.736s] -- Up-to-date: /home/icrs/icrsUR/install/ur_dashboard_msgs/share/ur_dashboard_msgs/cmake/ur_dashboard_msgs__rosidl_typesupport_introspection_cExport-noconfig.cmake
[1.737s] -- Up-to-date: /home/icrs/icrsUR/install/ur_dashboard_msgs/share/ur_dashboard_msgs/cmake/ur_dashboard_msgs__rosidl_typesupport_cExport.cmake
[1.737s] -- Up-to-date: /home/icrs/icrsUR/install/ur_dashboard_msgs/share/ur_dashboard_msgs/cmake/ur_dashboard_msgs__rosidl_typesupport_cExport-noconfig.cmake
[1.738s] -- Up-to-date: /home/icrs/icrsUR/install/ur_dashboard_msgs/share/ur_dashboard_msgs/cmake/export_ur_dashboard_msgs__rosidl_generator_cppExport.cmake
[1.739s] -- Up-to-date: /home/icrs/icrsUR/install/ur_dashboard_msgs/share/ur_dashboard_msgs/cmake/export_ur_dashboard_msgs__rosidl_typesupport_fastrtps_cppExport.cmake
[1.739s] -- Up-to-date: /home/icrs/icrsUR/install/ur_dashboard_msgs/share/ur_dashboard_msgs/cmake/export_ur_dashboard_msgs__rosidl_typesupport_fastrtps_cppExport-noconfig.cmake
[1.740s] -- Up-to-date: /home/icrs/icrsUR/install/ur_dashboard_msgs/share/ur_dashboard_msgs/cmake/ur_dashboard_msgs__rosidl_typesupport_introspection_cppExport.cmake
[1.741s] -- Up-to-date: /home/icrs/icrsUR/install/ur_dashboard_msgs/share/ur_dashboard_msgs/cmake/ur_dashboard_msgs__rosidl_typesupport_introspection_cppExport-noconfig.cmake
[1.742s] -- Up-to-date: /home/icrs/icrsUR/install/ur_dashboard_msgs/share/ur_dashboard_msgs/cmake/ur_dashboard_msgs__rosidl_typesupport_cppExport.cmake
[1.742s] -- Up-to-date: /home/icrs/icrsUR/install/ur_dashboard_msgs/share/ur_dashboard_msgs/cmake/ur_dashboard_msgs__rosidl_typesupport_cppExport-noconfig.cmake
[1.743s] -- Up-to-date: /home/icrs/icrsUR/install/ur_dashboard_msgs/share/ur_dashboard_msgs/cmake/export_ur_dashboard_msgs__rosidl_generator_pyExport.cmake
[1.743s] -- Up-to-date: /home/icrs/icrsUR/install/ur_dashboard_msgs/share/ur_dashboard_msgs/cmake/export_ur_dashboard_msgs__rosidl_generator_pyExport-noconfig.cmake
[1.763s] Invoked command in '/home/icrs/icrsUR/build/ur_dashboard_msgs' returned '0': CMAKE_PREFIX_PATH=/opt/ros/humble /usr/bin/cmake --install /home/icrs/icrsUR/build/ur_dashboard_msgs
