[0.395s] Invoking command in '/home/icrs/icrsUR/build/ur_mover': AMENT_PREFIX_PATH=/home/icrs/icrsUR/install/ur_custom_interfaces:/home/icrs/icrsUR/install/interfaces_ur5ik:${AMENT_PREFIX_PATH} CMAKE_PREFIX_PATH=/home/icrs/icrsUR/install/ur_custom_interfaces:/home/icrs/icrsUR/install/interfaces_ur5ik:/opt/ros/humble LD_LIBRARY_PATH=/home/icrs/icrsUR/install/ur_custom_interfaces/lib:/home/icrs/icrsUR/install/interfaces_ur5ik/lib:${LD_LIBRARY_PATH} PYTHONPATH=/home/icrs/icrsUR/install/ur_custom_interfaces/local/lib/python3.10/dist-packages:/home/icrs/icrsUR/install/interfaces_ur5ik/local/lib/python3.10/dist-packages:${PYTHONPATH} /usr/bin/cmake --build /home/icrs/icrsUR/build/ur_mover -- -j8 -l8
[0.502s] [35m[1mConsolidate compiler generated dependencies of target master_node[0m
[0.531s] [ 50%] Built target master_node2
[0.554s] [100%] Built target master_node
[0.575s] Invoked command in '/home/icrs/icrsUR/build/ur_mover' returned '0': AMENT_PREFIX_PATH=/home/icrs/icrsUR/install/ur_custom_interfaces:/home/icrs/icrsUR/install/interfaces_ur5ik:${AMENT_PREFIX_PATH} CMAKE_PREFIX_PATH=/home/icrs/icrsUR/install/ur_custom_interfaces:/home/icrs/icrsUR/install/interfaces_ur5ik:/opt/ros/humble LD_LIBRARY_PATH=/home/icrs/icrsUR/install/ur_custom_interfaces/lib:/home/icrs/icrsUR/install/interfaces_ur5ik/lib:${LD_LIBRARY_PATH} PYTHONPATH=/home/icrs/icrsUR/install/ur_custom_interfaces/local/lib/python3.10/dist-packages:/home/icrs/icrsUR/install/interfaces_ur5ik/local/lib/python3.10/dist-packages:${PYTHONPATH} /usr/bin/cmake --build /home/icrs/icrsUR/build/ur_mover -- -j8 -l8
[0.642s] Invoking command in '/home/icrs/icrsUR/build/ur_mover': AMENT_PREFIX_PATH=/home/icrs/icrsUR/install/ur_custom_interfaces:/home/icrs/icrsUR/install/interfaces_ur5ik:${AMENT_PREFIX_PATH} CMAKE_PREFIX_PATH=/home/icrs/icrsUR/install/ur_custom_interfaces:/home/icrs/icrsUR/install/interfaces_ur5ik:/opt/ros/humble LD_LIBRARY_PATH=/home/icrs/icrsUR/install/ur_custom_interfaces/lib:/home/icrs/icrsUR/install/interfaces_ur5ik/lib:${LD_LIBRARY_PATH} PYTHONPATH=/home/icrs/icrsUR/install/ur_custom_interfaces/local/lib/python3.10/dist-packages:/home/icrs/icrsUR/install/interfaces_ur5ik/local/lib/python3.10/dist-packages:${PYTHONPATH} /usr/bin/cmake --install /home/icrs/icrsUR/build/ur_mover
[0.657s] -- Install configuration: ""
[0.661s] -- Execute custom install script
[0.661s] -- Up-to-date symlink: /home/icrs/icrsUR/install/ur_mover/lib/ur_mover/master_node
[0.661s] -- Up-to-date symlink: /home/icrs/icrsUR/install/ur_mover/lib/ur_mover/master_node2
[0.661s] -- Up-to-date symlink: /home/icrs/icrsUR/install/ur_mover/share/ur_mover/launch/master_node.launch.py
[0.661s] -- Up-to-date symlink: /home/icrs/icrsUR/install/ur_mover/share/ament_index/resource_index/package_run_dependencies/ur_mover
[0.662s] -- Up-to-date symlink: /home/icrs/icrsUR/install/ur_mover/share/ament_index/resource_index/parent_prefix_path/ur_mover
[0.662s] -- Up-to-date symlink: /home/icrs/icrsUR/install/ur_mover/share/ur_mover/environment/ament_prefix_path.sh
[0.662s] -- Up-to-date symlink: /home/icrs/icrsUR/install/ur_mover/share/ur_mover/environment/ament_prefix_path.dsv
[0.662s] -- Up-to-date symlink: /home/icrs/icrsUR/install/ur_mover/share/ur_mover/environment/path.sh
[0.662s] -- Up-to-date symlink: /home/icrs/icrsUR/install/ur_mover/share/ur_mover/environment/path.dsv
[0.662s] -- Up-to-date symlink: /home/icrs/icrsUR/install/ur_mover/share/ur_mover/local_setup.bash
[0.666s] -- Up-to-date symlink: /home/icrs/icrsUR/install/ur_mover/share/ur_mover/local_setup.sh
[0.667s] -- Up-to-date symlink: /home/icrs/icrsUR/install/ur_mover/share/ur_mover/local_setup.zsh
[0.667s] -- Up-to-date symlink: /home/icrs/icrsUR/install/ur_mover/share/ur_mover/local_setup.dsv
[0.667s] -- Symlinking: /home/icrs/icrsUR/install/ur_mover/share/ur_mover/package.dsv
[0.677s] -- Up-to-date symlink: /home/icrs/icrsUR/install/ur_mover/share/ament_index/resource_index/packages/ur_mover
[0.678s] -- Up-to-date symlink: /home/icrs/icrsUR/install/ur_mover/share/ur_mover/cmake/ur_moverConfig.cmake
[0.678s] -- Up-to-date symlink: /home/icrs/icrsUR/install/ur_mover/share/ur_mover/cmake/ur_moverConfig-version.cmake
[0.679s] -- Up-to-date symlink: /home/icrs/icrsUR/install/ur_mover/share/ur_mover/package.xml
[0.695s] Invoked command in '/home/icrs/icrsUR/build/ur_mover' returned '0': AMENT_PREFIX_PATH=/home/icrs/icrsUR/install/ur_custom_interfaces:/home/icrs/icrsUR/install/interfaces_ur5ik:${AMENT_PREFIX_PATH} CMAKE_PREFIX_PATH=/home/icrs/icrsUR/install/ur_custom_interfaces:/home/icrs/icrsUR/install/interfaces_ur5ik:/opt/ros/humble LD_LIBRARY_PATH=/home/icrs/icrsUR/install/ur_custom_interfaces/lib:/home/icrs/icrsUR/install/interfaces_ur5ik/lib:${LD_LIBRARY_PATH} PYTHONPATH=/home/icrs/icrsUR/install/ur_custom_interfaces/local/lib/python3.10/dist-packages:/home/icrs/icrsUR/install/interfaces_ur5ik/local/lib/python3.10/dist-packages:${PYTHONPATH} /usr/bin/cmake --install /home/icrs/icrsUR/build/ur_mover
