[0.062s] Invoking command in '/home/icrs/icrsUR/build/service_ur5ik': CMAKE_PREFIX_PATH=/home/icrs/icrsUR/install/interfaces_ur5ik:/home/icrs/icrsUR/install/ur:/home/icrs/icrsUR/install/ur_calibration:/home/icrs/icrsUR/install/ur_robot_driver:/home/icrs/icrsUR/install/ur_mover:/home/icrs/icrsUR/install/ur_moveit_config:/home/icrs/icrsUR/install/ur_bringup:/home/icrs/icrsUR/install/ur_description:/home/icrs/icrsUR/install/ur_controllers:/home/icrs/icrsUR/install/ur_dashboard_msgs:/home/icrs/icrsUR/install/ur_custom_interfaces:/home/icrs/icrsUR/install/service_ur5ik:/home/icrs/icrsUR/install/robotiq_description:/home/icrs/icrsUR/install/module_5_assignment:/home/icrs/icrsUR/install/module_3_assignment:/home/icrs/icrsUR/install/module_1_assignment:/home/icrs/icrsUR/install/module_10_assignment:/home/icrs/icrsUR/install/camera_control:/home/icrs/icrsUR/install/gripper_control:/opt/ros/humble LD_LIBRARY_PATH=/home/icrs/icrsUR/install/interfaces_ur5ik/lib:/home/icrs/icrsUR/install/ur_robot_driver/lib:/home/icrs/icrsUR/install/ur_controllers/lib:/home/icrs/icrsUR/install/ur_dashboard_msgs/lib:/home/icrs/icrsUR/install/ur_custom_interfaces/lib:/usr/local/cuda-11.8/lib64:/opt/ros/humble/opt/rviz_ogre_vendor/lib:/opt/ros/humble/lib/x86_64-linux-gnu:/opt/ros/humble/lib /usr/bin/cmake --build /home/icrs/icrsUR/build/service_ur5ik -- -j8 -l8
[0.171s] [ 25%] Built target ament_cmake_python_symlink_service_ur5ik
[0.172s] [ 50%] Built target target_client
[0.180s] [100%] Built target calc_server
[0.775s] running egg_info
[0.776s] writing service_ur5ik.egg-info/PKG-INFO
[0.776s] writing dependency_links to service_ur5ik.egg-info/dependency_links.txt
[0.776s] writing top-level names to service_ur5ik.egg-info/top_level.txt
[0.779s] reading manifest file 'service_ur5ik.egg-info/SOURCES.txt'
[0.780s] writing manifest file 'service_ur5ik.egg-info/SOURCES.txt'
[0.828s] [100%] Built target ament_cmake_python_build_service_ur5ik_egg
[0.852s] Invoked command in '/home/icrs/icrsUR/build/service_ur5ik' returned '0': CMAKE_PREFIX_PATH=/home/icrs/icrsUR/install/interfaces_ur5ik:/home/icrs/icrsUR/install/ur:/home/icrs/icrsUR/install/ur_calibration:/home/icrs/icrsUR/install/ur_robot_driver:/home/icrs/icrsUR/install/ur_mover:/home/icrs/icrsUR/install/ur_moveit_config:/home/icrs/icrsUR/install/ur_bringup:/home/icrs/icrsUR/install/ur_description:/home/icrs/icrsUR/install/ur_controllers:/home/icrs/icrsUR/install/ur_dashboard_msgs:/home/icrs/icrsUR/install/ur_custom_interfaces:/home/icrs/icrsUR/install/service_ur5ik:/home/icrs/icrsUR/install/robotiq_description:/home/icrs/icrsUR/install/module_5_assignment:/home/icrs/icrsUR/install/module_3_assignment:/home/icrs/icrsUR/install/module_1_assignment:/home/icrs/icrsUR/install/module_10_assignment:/home/icrs/icrsUR/install/camera_control:/home/icrs/icrsUR/install/gripper_control:/opt/ros/humble LD_LIBRARY_PATH=/home/icrs/icrsUR/install/interfaces_ur5ik/lib:/home/icrs/icrsUR/install/ur_robot_driver/lib:/home/icrs/icrsUR/install/ur_controllers/lib:/home/icrs/icrsUR/install/ur_dashboard_msgs/lib:/home/icrs/icrsUR/install/ur_custom_interfaces/lib:/usr/local/cuda-11.8/lib64:/opt/ros/humble/opt/rviz_ogre_vendor/lib:/opt/ros/humble/lib/x86_64-linux-gnu:/opt/ros/humble/lib /usr/bin/cmake --build /home/icrs/icrsUR/build/service_ur5ik -- -j8 -l8
[0.888s] Invoking command in '/home/icrs/icrsUR/build/service_ur5ik': CMAKE_PREFIX_PATH=/home/icrs/icrsUR/install/interfaces_ur5ik:/home/icrs/icrsUR/install/ur:/home/icrs/icrsUR/install/ur_calibration:/home/icrs/icrsUR/install/ur_robot_driver:/home/icrs/icrsUR/install/ur_mover:/home/icrs/icrsUR/install/ur_moveit_config:/home/icrs/icrsUR/install/ur_bringup:/home/icrs/icrsUR/install/ur_description:/home/icrs/icrsUR/install/ur_controllers:/home/icrs/icrsUR/install/ur_dashboard_msgs:/home/icrs/icrsUR/install/ur_custom_interfaces:/home/icrs/icrsUR/install/service_ur5ik:/home/icrs/icrsUR/install/robotiq_description:/home/icrs/icrsUR/install/module_5_assignment:/home/icrs/icrsUR/install/module_3_assignment:/home/icrs/icrsUR/install/module_1_assignment:/home/icrs/icrsUR/install/module_10_assignment:/home/icrs/icrsUR/install/camera_control:/home/icrs/icrsUR/install/gripper_control:/opt/ros/humble LD_LIBRARY_PATH=/home/icrs/icrsUR/install/interfaces_ur5ik/lib:/home/icrs/icrsUR/install/ur_robot_driver/lib:/home/icrs/icrsUR/install/ur_controllers/lib:/home/icrs/icrsUR/install/ur_dashboard_msgs/lib:/home/icrs/icrsUR/install/ur_custom_interfaces/lib:/usr/local/cuda-11.8/lib64:/opt/ros/humble/opt/rviz_ogre_vendor/lib:/opt/ros/humble/lib/x86_64-linux-gnu:/opt/ros/humble/lib /usr/bin/cmake --install /home/icrs/icrsUR/build/service_ur5ik
[0.896s] -- Install configuration: ""
[0.897s] -- Execute custom install script
[0.897s] -- Up-to-date symlink: /home/icrs/icrsUR/install/service_ur5ik/lib/service_ur5ik/target_client
[0.897s] -- Up-to-date symlink: /home/icrs/icrsUR/install/service_ur5ik/lib/service_ur5ik/calc_server
[0.897s] -- Up-to-date symlink: /home/icrs/icrsUR/install/service_ur5ik/share/service_ur5ik/environment/pythonpath.sh
[0.898s] -- Up-to-date symlink: /home/icrs/icrsUR/install/service_ur5ik/share/service_ur5ik/environment/pythonpath.dsv
[0.898s] -- Up-to-date symlink: /home/icrs/icrsUR/install/service_ur5ik/local/lib/python3.10/dist-packages/service_ur5ik-0.0.0-py3.10.egg-info/PKG-INFO
[0.898s] -- Up-to-date symlink: /home/icrs/icrsUR/install/service_ur5ik/local/lib/python3.10/dist-packages/service_ur5ik-0.0.0-py3.10.egg-info/SOURCES.txt
[0.899s] -- Up-to-date symlink: /home/icrs/icrsUR/install/service_ur5ik/local/lib/python3.10/dist-packages/service_ur5ik-0.0.0-py3.10.egg-info/dependency_links.txt
[0.899s] -- Up-to-date symlink: /home/icrs/icrsUR/install/service_ur5ik/local/lib/python3.10/dist-packages/service_ur5ik-0.0.0-py3.10.egg-info/top_level.txt
[0.899s] -- Up-to-date symlink: /home/icrs/icrsUR/install/service_ur5ik/local/lib/python3.10/dist-packages/service_ur5ik/__init__.py
[0.900s] -- Up-to-date symlink: /home/icrs/icrsUR/install/service_ur5ik/lib/service_ur5ik/target_client_py.py
[0.901s] -- Up-to-date symlink: /home/icrs/icrsUR/install/service_ur5ik/lib/service_ur5ik/calc_server_py.py
[0.901s] -- Up-to-date symlink: /home/icrs/icrsUR/install/service_ur5ik/share/ament_index/resource_index/package_run_dependencies/service_ur5ik
[0.901s] -- Up-to-date symlink: /home/icrs/icrsUR/install/service_ur5ik/share/ament_index/resource_index/parent_prefix_path/service_ur5ik
[0.901s] -- Up-to-date symlink: /home/icrs/icrsUR/install/service_ur5ik/share/service_ur5ik/environment/ament_prefix_path.sh
[0.901s] -- Up-to-date symlink: /home/icrs/icrsUR/install/service_ur5ik/share/service_ur5ik/environment/ament_prefix_path.dsv
[0.902s] -- Up-to-date symlink: /home/icrs/icrsUR/install/service_ur5ik/share/service_ur5ik/environment/path.sh
[0.902s] -- Up-to-date symlink: /home/icrs/icrsUR/install/service_ur5ik/share/service_ur5ik/environment/path.dsv
[0.902s] -- Up-to-date symlink: /home/icrs/icrsUR/install/service_ur5ik/share/service_ur5ik/local_setup.bash
[0.902s] -- Up-to-date symlink: /home/icrs/icrsUR/install/service_ur5ik/share/service_ur5ik/local_setup.sh
[0.902s] -- Up-to-date symlink: /home/icrs/icrsUR/install/service_ur5ik/share/service_ur5ik/local_setup.zsh
[0.902s] -- Up-to-date symlink: /home/icrs/icrsUR/install/service_ur5ik/share/service_ur5ik/local_setup.dsv
[0.902s] -- Symlinking: /home/icrs/icrsUR/install/service_ur5ik/share/service_ur5ik/package.dsv
[0.911s] -- Up-to-date symlink: /home/icrs/icrsUR/install/service_ur5ik/share/ament_index/resource_index/packages/service_ur5ik
[0.911s] -- Up-to-date symlink: /home/icrs/icrsUR/install/service_ur5ik/share/service_ur5ik/cmake/service_ur5ikConfig.cmake
[0.912s] -- Up-to-date symlink: /home/icrs/icrsUR/install/service_ur5ik/share/service_ur5ik/cmake/service_ur5ikConfig-version.cmake
[0.912s] -- Up-to-date symlink: /home/icrs/icrsUR/install/service_ur5ik/share/service_ur5ik/package.xml
[0.973s] Listing '/home/icrs/icrsUR/install/service_ur5ik/local/lib/python3.10/dist-packages/service_ur5ik'...
[0.988s] Invoked command in '/home/icrs/icrsUR/build/service_ur5ik' returned '0': CMAKE_PREFIX_PATH=/home/icrs/icrsUR/install/interfaces_ur5ik:/home/icrs/icrsUR/install/ur:/home/icrs/icrsUR/install/ur_calibration:/home/icrs/icrsUR/install/ur_robot_driver:/home/icrs/icrsUR/install/ur_mover:/home/icrs/icrsUR/install/ur_moveit_config:/home/icrs/icrsUR/install/ur_bringup:/home/icrs/icrsUR/install/ur_description:/home/icrs/icrsUR/install/ur_controllers:/home/icrs/icrsUR/install/ur_dashboard_msgs:/home/icrs/icrsUR/install/ur_custom_interfaces:/home/icrs/icrsUR/install/service_ur5ik:/home/icrs/icrsUR/install/robotiq_description:/home/icrs/icrsUR/install/module_5_assignment:/home/icrs/icrsUR/install/module_3_assignment:/home/icrs/icrsUR/install/module_1_assignment:/home/icrs/icrsUR/install/module_10_assignment:/home/icrs/icrsUR/install/camera_control:/home/icrs/icrsUR/install/gripper_control:/opt/ros/humble LD_LIBRARY_PATH=/home/icrs/icrsUR/install/interfaces_ur5ik/lib:/home/icrs/icrsUR/install/ur_robot_driver/lib:/home/icrs/icrsUR/install/ur_controllers/lib:/home/icrs/icrsUR/install/ur_dashboard_msgs/lib:/home/icrs/icrsUR/install/ur_custom_interfaces/lib:/usr/local/cuda-11.8/lib64:/opt/ros/humble/opt/rviz_ogre_vendor/lib:/opt/ros/humble/lib/x86_64-linux-gnu:/opt/ros/humble/lib /usr/bin/cmake --install /home/icrs/icrsUR/build/service_ur5ik
