[0.043s] Invoking command in '/home/icrs/icrsUR/build/ur_robot_driver': CMAKE_PREFIX_PATH=/home/icrs/icrsUR/install/ur_controllers:/home/icrs/icrsUR/install/ur_description:/home/icrs/icrsUR/install/ur_dashboard_msgs:/home/icrs/pathplanning/install/ros2_control:/home/icrs/pathplanning/install/transmission_interface:/home/icrs/pathplanning/install/hardware_interface_testing:/home/icrs/pathplanning/install/controller_manager:/home/icrs/pathplanning/install/ros2_control_test_assets:/home/icrs/pathplanning/install/joint_limits:/home/icrs/pathplanning/install/controller_interface:/home/icrs/pathplanning/install/hardware_interface:/home/icrs/pathplanning/install/controller_manager_msgs:/home/icrs/pathplanning/install/ur_simulation_gz:/home/icrs/icrsUR/install/robotiq_description:/home/icrs/robotics_software_engineer-assignments/install/ur:/home/icrs/robotics_software_engineer-assignments/install/ur_calibration:/home/icrs/robotics_software_engineer-assignments/install/ur_robot_driver:/home/icrs/robotics_software_engineer-assignments/install/ur_moveit_config:/home/icrs/robotics_software_engineer-assignments/install/ur_bringup:/home/icrs/robotics_software_engineer-assignments/install/ur_description:/home/icrs/robotics_software_engineer-assignments/install/ur_controllers:/home/icrs/robotics_software_engineer-assignments/install/ur_dashboard_msgs:/home/icrs/robotics_software_engineer-assignments/install/module_5_assignment:/home/icrs/icrsUR/install/ur:/home/icrs/icrsUR/install/ur_calibration:/home/icrs/icrsUR/install/ur_robot_driver:/home/icrs/icrsUR/install/ur_mover:/home/icrs/icrsUR/install/ur_moveit_config:/home/icrs/icrsUR/install/ur_bringup:/home/icrs/icrsUR/install/ur_custom_interfaces:/home/icrs/icrsUR/install/service_ur5ik:/home/icrs/icrsUR/install/module_5_assignment:/home/icrs/icrsUR/install/module_3_assignment:/home/icrs/icrsUR/install/module_1_assignment:/home/icrs/icrsUR/install/module_10_assignment:/home/icrs/icrsUR/install/interfaces_ur5ik:/home/icrs/pathplanning/install/rqt_controller_manager:/home/icrs/pathplanning/install/ros2controlcli:/home/icrs/icrsUR/install/camera_control:/home/icrs/icrsUR/install/gripper_control:/opt/ros/humble LD_LIBRARY_PATH=/home/icrs/icrsUR/install/ur_controllers/lib:/home/icrs/icrsUR/install/ur_dashboard_msgs/lib:/home/icrs/pathplanning/install/transmission_interface/lib:/home/icrs/pathplanning/install/hardware_interface_testing/lib:/home/icrs/pathplanning/install/controller_manager/lib:/home/icrs/pathplanning/install/joint_limits/lib:/home/icrs/pathplanning/install/controller_interface/lib:/home/icrs/pathplanning/install/hardware_interface/lib:/home/icrs/pathplanning/install/controller_manager_msgs/lib:/home/icrs/robotics_software_engineer-assignments/install/ur_robot_driver/lib:/home/icrs/robotics_software_engineer-assignments/install/ur_controllers/lib:/home/icrs/robotics_software_engineer-assignments/install/ur_dashboard_msgs/lib:/home/icrs/icrsUR/install/ur_robot_driver/lib:/home/icrs/icrsUR/install/ur_custom_interfaces/lib:/home/icrs/icrsUR/install/interfaces_ur5ik/lib:/usr/local/cuda-11.8/lib64:/opt/ros/humble/opt/rviz_ogre_vendor/lib:/opt/ros/humble/lib/x86_64-linux-gnu:/opt/ros/humble/lib /usr/bin/cmake --build /home/icrs/icrsUR/build/ur_robot_driver -- -j8 -l8
[0.159s] [35m[1mConsolidate compiler generated dependencies of target controller_stopper_node[0m
[0.159s] [35m[1mConsolidate compiler generated dependencies of target ur_robot_driver_plugin[0m
[0.172s] [35m[1mConsolidate compiler generated dependencies of target urscript_interface[0m
[0.172s] [35m[1mConsolidate compiler generated dependencies of target dashboard_client[0m
[0.174s] [35m[1mConsolidate compiler generated dependencies of target ur_ros2_control_node[0m
[0.221s] [ 26%] Built target ur_robot_driver_plugin
[0.225s] [ 53%] Built target dashboard_client
[0.227s] [ 66%] Built target ur_ros2_control_node
[0.231s] [ 86%] Built target controller_stopper_node
[0.232s] [100%] Built target urscript_interface
[0.236s] [100%] Built target ament_cmake_python_symlink_ur_robot_driver
[0.755s] running egg_info
[0.756s] writing ur_robot_driver.egg-info/PKG-INFO
[0.757s] writing dependency_links to ur_robot_driver.egg-info/dependency_links.txt
[0.757s] writing top-level names to ur_robot_driver.egg-info/top_level.txt
[0.761s] reading manifest file 'ur_robot_driver.egg-info/SOURCES.txt'
[0.761s] writing manifest file 'ur_robot_driver.egg-info/SOURCES.txt'
[0.825s] [100%] Built target ament_cmake_python_build_ur_robot_driver_egg
[0.845s] Invoked command in '/home/icrs/icrsUR/build/ur_robot_driver' returned '0': CMAKE_PREFIX_PATH=/home/icrs/icrsUR/install/ur_controllers:/home/icrs/icrsUR/install/ur_description:/home/icrs/icrsUR/install/ur_dashboard_msgs:/home/icrs/pathplanning/install/ros2_control:/home/icrs/pathplanning/install/transmission_interface:/home/icrs/pathplanning/install/hardware_interface_testing:/home/icrs/pathplanning/install/controller_manager:/home/icrs/pathplanning/install/ros2_control_test_assets:/home/icrs/pathplanning/install/joint_limits:/home/icrs/pathplanning/install/controller_interface:/home/icrs/pathplanning/install/hardware_interface:/home/icrs/pathplanning/install/controller_manager_msgs:/home/icrs/pathplanning/install/ur_simulation_gz:/home/icrs/icrsUR/install/robotiq_description:/home/icrs/robotics_software_engineer-assignments/install/ur:/home/icrs/robotics_software_engineer-assignments/install/ur_calibration:/home/icrs/robotics_software_engineer-assignments/install/ur_robot_driver:/home/icrs/robotics_software_engineer-assignments/install/ur_moveit_config:/home/icrs/robotics_software_engineer-assignments/install/ur_bringup:/home/icrs/robotics_software_engineer-assignments/install/ur_description:/home/icrs/robotics_software_engineer-assignments/install/ur_controllers:/home/icrs/robotics_software_engineer-assignments/install/ur_dashboard_msgs:/home/icrs/robotics_software_engineer-assignments/install/module_5_assignment:/home/icrs/icrsUR/install/ur:/home/icrs/icrsUR/install/ur_calibration:/home/icrs/icrsUR/install/ur_robot_driver:/home/icrs/icrsUR/install/ur_mover:/home/icrs/icrsUR/install/ur_moveit_config:/home/icrs/icrsUR/install/ur_bringup:/home/icrs/icrsUR/install/ur_custom_interfaces:/home/icrs/icrsUR/install/service_ur5ik:/home/icrs/icrsUR/install/module_5_assignment:/home/icrs/icrsUR/install/module_3_assignment:/home/icrs/icrsUR/install/module_1_assignment:/home/icrs/icrsUR/install/module_10_assignment:/home/icrs/icrsUR/install/interfaces_ur5ik:/home/icrs/pathplanning/install/rqt_controller_manager:/home/icrs/pathplanning/install/ros2controlcli:/home/icrs/icrsUR/install/camera_control:/home/icrs/icrsUR/install/gripper_control:/opt/ros/humble LD_LIBRARY_PATH=/home/icrs/icrsUR/install/ur_controllers/lib:/home/icrs/icrsUR/install/ur_dashboard_msgs/lib:/home/icrs/pathplanning/install/transmission_interface/lib:/home/icrs/pathplanning/install/hardware_interface_testing/lib:/home/icrs/pathplanning/install/controller_manager/lib:/home/icrs/pathplanning/install/joint_limits/lib:/home/icrs/pathplanning/install/controller_interface/lib:/home/icrs/pathplanning/install/hardware_interface/lib:/home/icrs/pathplanning/install/controller_manager_msgs/lib:/home/icrs/robotics_software_engineer-assignments/install/ur_robot_driver/lib:/home/icrs/robotics_software_engineer-assignments/install/ur_controllers/lib:/home/icrs/robotics_software_engineer-assignments/install/ur_dashboard_msgs/lib:/home/icrs/icrsUR/install/ur_robot_driver/lib:/home/icrs/icrsUR/install/ur_custom_interfaces/lib:/home/icrs/icrsUR/install/interfaces_ur5ik/lib:/usr/local/cuda-11.8/lib64:/opt/ros/humble/opt/rviz_ogre_vendor/lib:/opt/ros/humble/lib/x86_64-linux-gnu:/opt/ros/humble/lib /usr/bin/cmake --build /home/icrs/icrsUR/build/ur_robot_driver -- -j8 -l8
[0.928s] Invoking command in '/home/icrs/icrsUR/build/ur_robot_driver': CMAKE_PREFIX_PATH=/home/icrs/icrsUR/install/ur_controllers:/home/icrs/icrsUR/install/ur_description:/home/icrs/icrsUR/install/ur_dashboard_msgs:/home/icrs/pathplanning/install/ros2_control:/home/icrs/pathplanning/install/transmission_interface:/home/icrs/pathplanning/install/hardware_interface_testing:/home/icrs/pathplanning/install/controller_manager:/home/icrs/pathplanning/install/ros2_control_test_assets:/home/icrs/pathplanning/install/joint_limits:/home/icrs/pathplanning/install/controller_interface:/home/icrs/pathplanning/install/hardware_interface:/home/icrs/pathplanning/install/controller_manager_msgs:/home/icrs/pathplanning/install/ur_simulation_gz:/home/icrs/icrsUR/install/robotiq_description:/home/icrs/robotics_software_engineer-assignments/install/ur:/home/icrs/robotics_software_engineer-assignments/install/ur_calibration:/home/icrs/robotics_software_engineer-assignments/install/ur_robot_driver:/home/icrs/robotics_software_engineer-assignments/install/ur_moveit_config:/home/icrs/robotics_software_engineer-assignments/install/ur_bringup:/home/icrs/robotics_software_engineer-assignments/install/ur_description:/home/icrs/robotics_software_engineer-assignments/install/ur_controllers:/home/icrs/robotics_software_engineer-assignments/install/ur_dashboard_msgs:/home/icrs/robotics_software_engineer-assignments/install/module_5_assignment:/home/icrs/icrsUR/install/ur:/home/icrs/icrsUR/install/ur_calibration:/home/icrs/icrsUR/install/ur_robot_driver:/home/icrs/icrsUR/install/ur_mover:/home/icrs/icrsUR/install/ur_moveit_config:/home/icrs/icrsUR/install/ur_bringup:/home/icrs/icrsUR/install/ur_custom_interfaces:/home/icrs/icrsUR/install/service_ur5ik:/home/icrs/icrsUR/install/module_5_assignment:/home/icrs/icrsUR/install/module_3_assignment:/home/icrs/icrsUR/install/module_1_assignment:/home/icrs/icrsUR/install/module_10_assignment:/home/icrs/icrsUR/install/interfaces_ur5ik:/home/icrs/pathplanning/install/rqt_controller_manager:/home/icrs/pathplanning/install/ros2controlcli:/home/icrs/icrsUR/install/camera_control:/home/icrs/icrsUR/install/gripper_control:/opt/ros/humble LD_LIBRARY_PATH=/home/icrs/icrsUR/install/ur_controllers/lib:/home/icrs/icrsUR/install/ur_dashboard_msgs/lib:/home/icrs/pathplanning/install/transmission_interface/lib:/home/icrs/pathplanning/install/hardware_interface_testing/lib:/home/icrs/pathplanning/install/controller_manager/lib:/home/icrs/pathplanning/install/joint_limits/lib:/home/icrs/pathplanning/install/controller_interface/lib:/home/icrs/pathplanning/install/hardware_interface/lib:/home/icrs/pathplanning/install/controller_manager_msgs/lib:/home/icrs/robotics_software_engineer-assignments/install/ur_robot_driver/lib:/home/icrs/robotics_software_engineer-assignments/install/ur_controllers/lib:/home/icrs/robotics_software_engineer-assignments/install/ur_dashboard_msgs/lib:/home/icrs/icrsUR/install/ur_robot_driver/lib:/home/icrs/icrsUR/install/ur_custom_interfaces/lib:/home/icrs/icrsUR/install/interfaces_ur5ik/lib:/usr/local/cuda-11.8/lib64:/opt/ros/humble/opt/rviz_ogre_vendor/lib:/opt/ros/humble/lib/x86_64-linux-gnu:/opt/ros/humble/lib /usr/bin/cmake --install /home/icrs/icrsUR/build/ur_robot_driver
[0.940s] -- Install configuration: "RelWithDebInfo"
[0.941s] -- Execute custom install script
[0.942s] -- Up-to-date symlink: /home/icrs/icrsUR/install/ur_robot_driver/share/ur_robot_driver//hardware_interface_plugin.xml
[0.942s] -- Up-to-date symlink: /home/icrs/icrsUR/install/ur_robot_driver/lib/ur_robot_driver/dashboard_client
[0.942s] -- Up-to-date symlink: /home/icrs/icrsUR/install/ur_robot_driver/lib/ur_robot_driver/ur_ros2_control_node
[0.942s] -- Up-to-date symlink: /home/icrs/icrsUR/install/ur_robot_driver/lib/ur_robot_driver/controller_stopper_node
[0.943s] -- Up-to-date symlink: /home/icrs/icrsUR/install/ur_robot_driver/lib/ur_robot_driver/urscript_interface
[0.943s] -- Up-to-date symlink: /home/icrs/icrsUR/install/ur_robot_driver/lib/libur_robot_driver_plugin.so
[0.944s] -- Up-to-date symlink: /home/icrs/icrsUR/install/ur_robot_driver/include/ur_robot_driver/controller_stopper.hpp
[0.944s] -- Up-to-date symlink: /home/icrs/icrsUR/install/ur_robot_driver/include/ur_robot_driver/dashboard_client_ros.hpp
[0.944s] -- Up-to-date symlink: /home/icrs/icrsUR/install/ur_robot_driver/include/ur_robot_driver/hardware_interface.hpp
[0.944s] -- Up-to-date symlink: /home/icrs/icrsUR/install/ur_robot_driver/include/ur_robot_driver/urcl_log_handler.hpp
[0.945s] -- Up-to-date symlink: /home/icrs/icrsUR/install/ur_robot_driver/share/ur_robot_driver/environment/library_path.sh
[0.945s] -- Up-to-date symlink: /home/icrs/icrsUR/install/ur_robot_driver/share/ur_robot_driver/environment/library_path.dsv
[0.945s] -- Up-to-date symlink: /home/icrs/icrsUR/install/ur_robot_driver/include/ur_robot_driver/controller_stopper.hpp
[0.945s] -- Up-to-date symlink: /home/icrs/icrsUR/install/ur_robot_driver/include/ur_robot_driver/dashboard_client_ros.hpp
[0.946s] -- Up-to-date symlink: /home/icrs/icrsUR/install/ur_robot_driver/include/ur_robot_driver/hardware_interface.hpp
[0.946s] -- Up-to-date symlink: /home/icrs/icrsUR/install/ur_robot_driver/include/ur_robot_driver/urcl_log_handler.hpp
[0.946s] -- Up-to-date symlink: /home/icrs/icrsUR/install/ur_robot_driver/share/ur_robot_driver/environment/pythonpath.sh
[0.946s] -- Up-to-date symlink: /home/icrs/icrsUR/install/ur_robot_driver/share/ur_robot_driver/environment/pythonpath.dsv
[0.947s] -- Up-to-date symlink: /home/icrs/icrsUR/install/ur_robot_driver/local/lib/python3.10/dist-packages/ur_robot_driver-2.2.10-py3.10.egg-info/PKG-INFO
[0.947s] -- Up-to-date symlink: /home/icrs/icrsUR/install/ur_robot_driver/local/lib/python3.10/dist-packages/ur_robot_driver-2.2.10-py3.10.egg-info/SOURCES.txt
[0.947s] -- Up-to-date symlink: /home/icrs/icrsUR/install/ur_robot_driver/local/lib/python3.10/dist-packages/ur_robot_driver-2.2.10-py3.10.egg-info/dependency_links.txt
[0.947s] -- Up-to-date symlink: /home/icrs/icrsUR/install/ur_robot_driver/local/lib/python3.10/dist-packages/ur_robot_driver-2.2.10-py3.10.egg-info/top_level.txt
[0.948s] -- Up-to-date symlink: /home/icrs/icrsUR/install/ur_robot_driver/local/lib/python3.10/dist-packages/ur_robot_driver/__init__.py
[0.948s] -- Up-to-date symlink: /home/icrs/icrsUR/install/ur_robot_driver/lib/ur_robot_driver/tool_communication.py
[0.949s] -- Up-to-date symlink: /home/icrs/icrsUR/install/ur_robot_driver/bin/wait_dashboard_server.sh
[0.949s] -- Up-to-date symlink: /home/icrs/icrsUR/install/ur_robot_driver/lib/ur_robot_driver/start_ursim.sh
[0.949s] -- Up-to-date symlink: /home/icrs/icrsUR/install/ur_robot_driver/share/ur_robot_driver/config/test_goal_publishers_config.yaml
[0.949s] -- Up-to-date symlink: /home/icrs/icrsUR/install/ur_robot_driver/share/ur_robot_driver/config/test_velocity_goal_publishers_config.yaml
[0.950s] -- Up-to-date symlink: /home/icrs/icrsUR/install/ur_robot_driver/share/ur_robot_driver/config/ur10_update_rate.yaml
[0.950s] -- Up-to-date symlink: /home/icrs/icrsUR/install/ur_robot_driver/share/ur_robot_driver/config/ur10e_update_rate.yaml
[0.950s] -- Up-to-date symlink: /home/icrs/icrsUR/install/ur_robot_driver/share/ur_robot_driver/config/ur16e_update_rate.yaml
[0.950s] -- Up-to-date symlink: /home/icrs/icrsUR/install/ur_robot_driver/share/ur_robot_driver/config/ur20_update_rate.yaml
[0.950s] -- Up-to-date symlink: /home/icrs/icrsUR/install/ur_robot_driver/share/ur_robot_driver/config/ur3_update_rate.yaml
[0.951s] -- Up-to-date symlink: /home/icrs/icrsUR/install/ur_robot_driver/share/ur_robot_driver/config/ur3e_update_rate.yaml
[0.951s] -- Up-to-date symlink: /home/icrs/icrsUR/install/ur_robot_driver/share/ur_robot_driver/config/ur5_update_rate.yaml
[0.951s] -- Up-to-date symlink: /home/icrs/icrsUR/install/ur_robot_driver/share/ur_robot_driver/config/ur5e_update_rate.yaml
[0.951s] -- Up-to-date symlink: /home/icrs/icrsUR/install/ur_robot_driver/share/ur_robot_driver/config/ur_controllers.yaml
[0.952s] -- Up-to-date symlink: /home/icrs/icrsUR/install/ur_robot_driver/share/ur_robot_driver/launch/test_forward_velocity_controller.launch.py
[0.952s] -- Up-to-date symlink: /home/icrs/icrsUR/install/ur_robot_driver/share/ur_robot_driver/launch/test_joint_trajectory_controller.launch.py
[0.952s] -- Up-to-date symlink: /home/icrs/icrsUR/install/ur_robot_driver/share/ur_robot_driver/launch/test_scaled_joint_trajectory_controller.launch.py
[0.952s] -- Up-to-date symlink: /home/icrs/icrsUR/install/ur_robot_driver/share/ur_robot_driver/launch/ur10.launch.py
[0.953s] -- Up-to-date symlink: /home/icrs/icrsUR/install/ur_robot_driver/share/ur_robot_driver/launch/ur10e.launch.py
[0.953s] -- Up-to-date symlink: /home/icrs/icrsUR/install/ur_robot_driver/share/ur_robot_driver/launch/ur16e.launch.py
[0.953s] -- Up-to-date symlink: /home/icrs/icrsUR/install/ur_robot_driver/share/ur_robot_driver/launch/ur20.launch.py
[0.953s] -- Up-to-date symlink: /home/icrs/icrsUR/install/ur_robot_driver/share/ur_robot_driver/launch/ur3.launch.py
[0.953s] -- Up-to-date symlink: /home/icrs/icrsUR/install/ur_robot_driver/share/ur_robot_driver/launch/ur3e.launch.py
[0.954s] -- Up-to-date symlink: /home/icrs/icrsUR/install/ur_robot_driver/share/ur_robot_driver/launch/ur5.launch.py
[0.954s] -- Up-to-date symlink: /home/icrs/icrsUR/install/ur_robot_driver/share/ur_robot_driver/launch/ur5e.launch.py
[0.954s] -- Up-to-date symlink: /home/icrs/icrsUR/install/ur_robot_driver/share/ur_robot_driver/launch/ur_control.launch.py
[0.954s] -- Up-to-date symlink: /home/icrs/icrsUR/install/ur_robot_driver/share/ur_robot_driver/launch/ur_dashboard_client.launch.py
[0.954s] -- Up-to-date symlink: /home/icrs/icrsUR/install/ur_robot_driver/share/ament_index/resource_index/package_run_dependencies/ur_robot_driver
[0.955s] -- Up-to-date symlink: /home/icrs/icrsUR/install/ur_robot_driver/share/ament_index/resource_index/parent_prefix_path/ur_robot_driver
[0.955s] -- Up-to-date symlink: /home/icrs/icrsUR/install/ur_robot_driver/share/ur_robot_driver/environment/ament_prefix_path.sh
[0.955s] -- Up-to-date symlink: /home/icrs/icrsUR/install/ur_robot_driver/share/ur_robot_driver/environment/ament_prefix_path.dsv
[0.956s] -- Up-to-date symlink: /home/icrs/icrsUR/install/ur_robot_driver/share/ur_robot_driver/environment/path.sh
[0.956s] -- Up-to-date symlink: /home/icrs/icrsUR/install/ur_robot_driver/share/ur_robot_driver/environment/path.dsv
[0.956s] -- Up-to-date symlink: /home/icrs/icrsUR/install/ur_robot_driver/share/ur_robot_driver/local_setup.bash
[0.956s] -- Up-to-date symlink: /home/icrs/icrsUR/install/ur_robot_driver/share/ur_robot_driver/local_setup.sh
[0.957s] -- Up-to-date symlink: /home/icrs/icrsUR/install/ur_robot_driver/share/ur_robot_driver/local_setup.zsh
[0.957s] -- Up-to-date symlink: /home/icrs/icrsUR/install/ur_robot_driver/share/ur_robot_driver/local_setup.dsv
[0.957s] -- Symlinking: /home/icrs/icrsUR/install/ur_robot_driver/share/ur_robot_driver/package.dsv
[0.970s] -- Up-to-date symlink: /home/icrs/icrsUR/install/ur_robot_driver/share/ament_index/resource_index/packages/ur_robot_driver
[0.970s] -- Up-to-date symlink: /home/icrs/icrsUR/install/ur_robot_driver/share/ament_index/resource_index/hardware_interface__pluginlib__plugin/ur_robot_driver
[0.971s] -- Up-to-date symlink: /home/icrs/icrsUR/install/ur_robot_driver/share/ur_robot_driver/cmake/ament_cmake_export_include_directories-extras.cmake
[0.971s] -- Up-to-date symlink: /home/icrs/icrsUR/install/ur_robot_driver/share/ur_robot_driver/cmake/ament_cmake_export_libraries-extras.cmake
[0.971s] -- Up-to-date symlink: /home/icrs/icrsUR/install/ur_robot_driver/share/ur_robot_driver/cmake/ament_cmake_export_dependencies-extras.cmake
[0.971s] -- Up-to-date symlink: /home/icrs/icrsUR/install/ur_robot_driver/share/ur_robot_driver/cmake/ur_robot_driverConfig.cmake
[0.971s] -- Up-to-date symlink: /home/icrs/icrsUR/install/ur_robot_driver/share/ur_robot_driver/cmake/ur_robot_driverConfig-version.cmake
[0.972s] -- Up-to-date symlink: /home/icrs/icrsUR/install/ur_robot_driver/share/ur_robot_driver/package.xml
[0.972s] -- Up-to-date: /home/icrs/icrsUR/install/ur_robot_driver/share/ur_robot_driver/resources
[0.972s] -- Up-to-date: /home/icrs/icrsUR/install/ur_robot_driver/share/ur_robot_driver/resources/rtde_input_recipe.txt
[0.972s] -- Up-to-date: /home/icrs/icrsUR/install/ur_robot_driver/share/ur_robot_driver/resources/rs485-1.0.urcap
[0.972s] -- Up-to-date: /home/icrs/icrsUR/install/ur_robot_driver/share/ur_robot_driver/resources/externalcontrol-1.0.5.urcap
[0.972s] -- Up-to-date: /home/icrs/icrsUR/install/ur_robot_driver/share/ur_robot_driver/resources/rtde_output_recipe.txt
[0.972s] -- Up-to-date: /home/icrs/icrsUR/install/ur_robot_driver/share/ur_robot_driver/resources/ros_control.urscript
[1.025s] Listing '/home/icrs/icrsUR/install/ur_robot_driver/local/lib/python3.10/dist-packages/ur_robot_driver'...
[1.033s] Invoked command in '/home/icrs/icrsUR/build/ur_robot_driver' returned '0': CMAKE_PREFIX_PATH=/home/icrs/icrsUR/install/ur_controllers:/home/icrs/icrsUR/install/ur_description:/home/icrs/icrsUR/install/ur_dashboard_msgs:/home/icrs/pathplanning/install/ros2_control:/home/icrs/pathplanning/install/transmission_interface:/home/icrs/pathplanning/install/hardware_interface_testing:/home/icrs/pathplanning/install/controller_manager:/home/icrs/pathplanning/install/ros2_control_test_assets:/home/icrs/pathplanning/install/joint_limits:/home/icrs/pathplanning/install/controller_interface:/home/icrs/pathplanning/install/hardware_interface:/home/icrs/pathplanning/install/controller_manager_msgs:/home/icrs/pathplanning/install/ur_simulation_gz:/home/icrs/icrsUR/install/robotiq_description:/home/icrs/robotics_software_engineer-assignments/install/ur:/home/icrs/robotics_software_engineer-assignments/install/ur_calibration:/home/icrs/robotics_software_engineer-assignments/install/ur_robot_driver:/home/icrs/robotics_software_engineer-assignments/install/ur_moveit_config:/home/icrs/robotics_software_engineer-assignments/install/ur_bringup:/home/icrs/robotics_software_engineer-assignments/install/ur_description:/home/icrs/robotics_software_engineer-assignments/install/ur_controllers:/home/icrs/robotics_software_engineer-assignments/install/ur_dashboard_msgs:/home/icrs/robotics_software_engineer-assignments/install/module_5_assignment:/home/icrs/icrsUR/install/ur:/home/icrs/icrsUR/install/ur_calibration:/home/icrs/icrsUR/install/ur_robot_driver:/home/icrs/icrsUR/install/ur_mover:/home/icrs/icrsUR/install/ur_moveit_config:/home/icrs/icrsUR/install/ur_bringup:/home/icrs/icrsUR/install/ur_custom_interfaces:/home/icrs/icrsUR/install/service_ur5ik:/home/icrs/icrsUR/install/module_5_assignment:/home/icrs/icrsUR/install/module_3_assignment:/home/icrs/icrsUR/install/module_1_assignment:/home/icrs/icrsUR/install/module_10_assignment:/home/icrs/icrsUR/install/interfaces_ur5ik:/home/icrs/pathplanning/install/rqt_controller_manager:/home/icrs/pathplanning/install/ros2controlcli:/home/icrs/icrsUR/install/camera_control:/home/icrs/icrsUR/install/gripper_control:/opt/ros/humble LD_LIBRARY_PATH=/home/icrs/icrsUR/install/ur_controllers/lib:/home/icrs/icrsUR/install/ur_dashboard_msgs/lib:/home/icrs/pathplanning/install/transmission_interface/lib:/home/icrs/pathplanning/install/hardware_interface_testing/lib:/home/icrs/pathplanning/install/controller_manager/lib:/home/icrs/pathplanning/install/joint_limits/lib:/home/icrs/pathplanning/install/controller_interface/lib:/home/icrs/pathplanning/install/hardware_interface/lib:/home/icrs/pathplanning/install/controller_manager_msgs/lib:/home/icrs/robotics_software_engineer-assignments/install/ur_robot_driver/lib:/home/icrs/robotics_software_engineer-assignments/install/ur_controllers/lib:/home/icrs/robotics_software_engineer-assignments/install/ur_dashboard_msgs/lib:/home/icrs/icrsUR/install/ur_robot_driver/lib:/home/icrs/icrsUR/install/ur_custom_interfaces/lib:/home/icrs/icrsUR/install/interfaces_ur5ik/lib:/usr/local/cuda-11.8/lib64:/opt/ros/humble/opt/rviz_ogre_vendor/lib:/opt/ros/humble/lib/x86_64-linux-gnu:/opt/ros/humble/lib /usr/bin/cmake --install /home/icrs/icrsUR/build/ur_robot_driver
