[0.020s] Invoking command in '/home/icrs/icrsUR/build/ur_controllers': AMENT_PREFIX_PATH=/home/icrs/icrsUR/install/ur_dashboard_msgs:${AMENT_PREFIX_PATH} CMAKE_PREFIX_PATH=/home/icrs/icrsUR/install/ur_dashboard_msgs:/opt/ros/humble LD_LIBRARY_PATH=/home/icrs/icrsUR/install/ur_dashboard_msgs/lib:${LD_LIBRARY_PATH} PYTHONPATH=/home/icrs/icrsUR/install/ur_dashboard_msgs/local/lib/python3.10/dist-packages:${PYTHONPATH} /usr/bin/cmake --build /home/icrs/icrsUR/build/ur_controllers -- -j8 -l8
[0.072s] [ 14%] Built target gpio_controller_parameters
[0.072s] [ 28%] Built target speed_scaling_state_broadcaster_parameters
[0.076s] [ 42%] Built target scaled_joint_trajectory_controller_parameters
[0.109s] [100%] Built target ur_controllers
[0.120s] Invoked command in '/home/icrs/icrsUR/build/ur_controllers' returned '0': AMENT_PREFIX_PATH=/home/icrs/icrsUR/install/ur_dashboard_msgs:${AMENT_PREFIX_PATH} CMAKE_PREFIX_PATH=/home/icrs/icrsUR/install/ur_dashboard_msgs:/opt/ros/humble LD_LIBRARY_PATH=/home/icrs/icrsUR/install/ur_dashboard_msgs/lib:${LD_LIBRARY_PATH} PYTHONPATH=/home/icrs/icrsUR/install/ur_dashboard_msgs/local/lib/python3.10/dist-packages:${PYTHONPATH} /usr/bin/cmake --build /home/icrs/icrsUR/build/ur_controllers -- -j8 -l8
[0.149s] Invoking command in '/home/icrs/icrsUR/build/ur_controllers': AMENT_PREFIX_PATH=/home/icrs/icrsUR/install/ur_dashboard_msgs:${AMENT_PREFIX_PATH} CMAKE_PREFIX_PATH=/home/icrs/icrsUR/install/ur_dashboard_msgs:/opt/ros/humble LD_LIBRARY_PATH=/home/icrs/icrsUR/install/ur_dashboard_msgs/lib:${LD_LIBRARY_PATH} PYTHONPATH=/home/icrs/icrsUR/install/ur_dashboard_msgs/local/lib/python3.10/dist-packages:${PYTHONPATH} /usr/bin/cmake --install /home/icrs/icrsUR/build/ur_controllers
[0.157s] -- Install configuration: ""
[0.157s] -- Execute custom install script
[0.158s] -- Up-to-date symlink: /home/icrs/icrsUR/install/ur_controllers/include/gpio_controller_parameters/gpio_controller_parameters.hpp
[0.158s] -- Up-to-date symlink: /home/icrs/icrsUR/install/ur_controllers/include/speed_scaling_state_broadcaster_parameters/speed_scaling_state_broadcaster_parameters.hpp
[0.158s] -- Up-to-date symlink: /home/icrs/icrsUR/install/ur_controllers/include/scaled_joint_trajectory_controller_parameters/scaled_joint_trajectory_controller_parameters.hpp
[0.159s] -- Up-to-date symlink: /home/icrs/icrsUR/install/ur_controllers/share/ur_controllers//controller_plugins.xml
[0.159s] -- Up-to-date symlink: /home/icrs/icrsUR/install/ur_controllers/lib/libur_controllers.so
[0.159s] -- Up-to-date symlink: /home/icrs/icrsUR/install/ur_controllers/include/ur_controllers/gpio_controller.hpp
[0.159s] -- Up-to-date symlink: /home/icrs/icrsUR/install/ur_controllers/include/ur_controllers/scaled_joint_trajectory_controller.hpp
[0.159s] -- Up-to-date symlink: /home/icrs/icrsUR/install/ur_controllers/include/ur_controllers/speed_scaling_state_broadcaster.hpp
[0.160s] -- Up-to-date symlink: /home/icrs/icrsUR/install/ur_controllers/share/ur_controllers/controller_plugins.xml
[0.160s] -- Up-to-date symlink: /home/icrs/icrsUR/install/ur_controllers/share/ur_controllers/environment/library_path.sh
[0.160s] -- Up-to-date symlink: /home/icrs/icrsUR/install/ur_controllers/share/ur_controllers/environment/library_path.dsv
[0.160s] -- Up-to-date symlink: /home/icrs/icrsUR/install/ur_controllers/share/ament_index/resource_index/package_run_dependencies/ur_controllers
[0.160s] -- Up-to-date symlink: /home/icrs/icrsUR/install/ur_controllers/share/ament_index/resource_index/parent_prefix_path/ur_controllers
[0.160s] -- Up-to-date symlink: /home/icrs/icrsUR/install/ur_controllers/share/ur_controllers/environment/ament_prefix_path.sh
[0.161s] -- Up-to-date symlink: /home/icrs/icrsUR/install/ur_controllers/share/ur_controllers/environment/ament_prefix_path.dsv
[0.161s] -- Up-to-date symlink: /home/icrs/icrsUR/install/ur_controllers/share/ur_controllers/environment/path.sh
[0.161s] -- Up-to-date symlink: /home/icrs/icrsUR/install/ur_controllers/share/ur_controllers/environment/path.dsv
[0.161s] -- Up-to-date symlink: /home/icrs/icrsUR/install/ur_controllers/share/ur_controllers/local_setup.bash
[0.161s] -- Up-to-date symlink: /home/icrs/icrsUR/install/ur_controllers/share/ur_controllers/local_setup.sh
[0.162s] -- Up-to-date symlink: /home/icrs/icrsUR/install/ur_controllers/share/ur_controllers/local_setup.zsh
[0.162s] -- Up-to-date symlink: /home/icrs/icrsUR/install/ur_controllers/share/ur_controllers/local_setup.dsv
[0.162s] -- Symlinking: /home/icrs/icrsUR/install/ur_controllers/share/ur_controllers/package.dsv
[0.172s] -- Up-to-date symlink: /home/icrs/icrsUR/install/ur_controllers/share/ament_index/resource_index/packages/ur_controllers
[0.172s] -- Up-to-date symlink: /home/icrs/icrsUR/install/ur_controllers/share/ament_index/resource_index/controller_interface__pluginlib__plugin/ur_controllers
[0.172s] -- Up-to-date symlink: /home/icrs/icrsUR/install/ur_controllers/share/ur_controllers/cmake/ament_cmake_export_dependencies-extras.cmake
[0.172s] -- Up-to-date symlink: /home/icrs/icrsUR/install/ur_controllers/share/ur_controllers/cmake/ament_cmake_export_include_directories-extras.cmake
[0.172s] -- Up-to-date symlink: /home/icrs/icrsUR/install/ur_controllers/share/ur_controllers/cmake/ament_cmake_export_libraries-extras.cmake
[0.173s] -- Up-to-date symlink: /home/icrs/icrsUR/install/ur_controllers/share/ur_controllers/cmake/ur_controllersConfig.cmake
[0.173s] -- Up-to-date symlink: /home/icrs/icrsUR/install/ur_controllers/share/ur_controllers/cmake/ur_controllersConfig-version.cmake
[0.173s] -- Up-to-date symlink: /home/icrs/icrsUR/install/ur_controllers/share/ur_controllers/package.xml
[0.175s] Invoked command in '/home/icrs/icrsUR/build/ur_controllers' returned '0': AMENT_PREFIX_PATH=/home/icrs/icrsUR/install/ur_dashboard_msgs:${AMENT_PREFIX_PATH} CMAKE_PREFIX_PATH=/home/icrs/icrsUR/install/ur_dashboard_msgs:/opt/ros/humble LD_LIBRARY_PATH=/home/icrs/icrsUR/install/ur_dashboard_msgs/lib:${LD_LIBRARY_PATH} PYTHONPATH=/home/icrs/icrsUR/install/ur_dashboard_msgs/local/lib/python3.10/dist-packages:${PYTHONPATH} /usr/bin/cmake --install /home/icrs/icrsUR/build/ur_controllers
