[0.024s] Invoking command in '/home/icrs/icrsUR/build/ur_custom_interfaces': CMAKE_PREFIX_PATH=/opt/ros/humble /usr/bin/cmake --build /home/icrs/icrsUR/build/ur_custom_interfaces -- -j8 -l8
[0.382s] Traceback (most recent call last):
[0.382s]   File "/home/icrs/icrsUR/build/ur_custom_interfaces/ament_cmake_python/ur_custom_interfaces/setup.py", line 1, in <module>
[0.382s]     from setuptools import find_packages
[0.382s]   File "/usr/lib/python3/dist-packages/setuptools/__init__.py", line 16, in <module>
[0.382s]     import setuptools.version
[0.382s]   File "/usr/lib/python3/dist-packages/setuptools/version.py", line 1, in <module>
[0.382s]     import pkg_resources
[0.382s]   File "/usr/lib/python3/dist-packages/pkg_resources/__init__.py", line 3267, in <module>
[0.384s] [  9%] Built target ur_custom_interfaces__rosidl_generator_c
[0.384s] [ 12%] Built target ur_custom_interfaces__cpp
[0.384s] [ 12%] Built target ament_cmake_python_symlink_ur_custom_interfaces
[0.384s] [ 22%] Built target ur_custom_interfaces__rosidl_typesupport_fastrtps_c
[0.384s] [ 32%] Built target ur_custom_interfaces__rosidl_typesupport_fastrtps_cpp
[0.384s] [ 41%] Built target ur_custom_interfaces__rosidl_typesupport_introspection_c
[0.384s] [ 51%] Built target ur_custom_interfaces__rosidl_typesupport_introspection_cpp
[0.384s] [ 61%] Built target ur_custom_interfaces__rosidl_typesupport_cpp
[0.384s] [ 70%] Built target ur_custom_interfaces__rosidl_typesupport_c
[0.384s] [ 70%] Built target ur_custom_interfaces
[0.384s] [ 74%] Built target ur_custom_interfaces__py
[0.384s] [ 80%] Built target ur_custom_interfaces__rosidl_generator_py
[0.385s] [ 87%] Built target ur_custom_interfaces__rosidl_typesupport_fastrtps_c__pyext
[0.385s] [ 93%] Built target ur_custom_interfaces__rosidl_typesupport_c__pyext
[0.385s] [100%] Built target ur_custom_interfaces__rosidl_typesupport_introspection_c__pyext
[0.385s]     def _initialize_master_working_set():
[0.385s]   File "/usr/lib/python3/dist-packages/pkg_resources/__init__.py", line 3241, in _call_aside
[0.387s]     f(*args, **kwargs)
[0.387s]   File "/usr/lib/python3/dist-packages/pkg_resources/__init__.py", line 3279, in _initialize_master_working_set
[0.387s]     working_set = WorkingSet._build_master()
[0.387s]   File "/usr/lib/python3/dist-packages/pkg_resources/__init__.py", line 564, in _build_master
[0.388s]     ws = cls()
[0.388s]   File "/usr/lib/python3/dist-packages/pkg_resources/__init__.py", line 557, in __init__
[0.388s]     self.add_entry(entry)
[0.388s]   File "/usr/lib/python3/dist-packages/pkg_resources/__init__.py", line 613, in add_entry
[0.388s]     for dist in find_distributions(entry, True):
[0.388s]   File "/usr/lib/python3/dist-packages/pkg_resources/__init__.py", line 2077, in find_on_path
[0.389s]     for dist in factory(fullpath):
[0.389s]   File "/usr/lib/python3/dist-packages/pkg_resources/__init__.py", line 2142, in distributions_from_metadata
[0.389s]     yield Distribution.from_location(
[0.389s]   File "/usr/lib/python3/dist-packages/pkg_resources/__init__.py", line 2606, in from_location
[0.389s]     )._reload_version()
[0.389s]   File "/usr/lib/python3/dist-packages/pkg_resources/__init__.py", line 3004, in _reload_version
[0.390s]     md_version = self._get_version()
[0.390s]   File "/usr/lib/python3/dist-packages/pkg_resources/__init__.py", line 2785, in _get_version
[0.390s]     version = _version_from_file(lines)
[0.390s]   File "/usr/lib/python3/dist-packages/pkg_resources/__init__.py", line 2569, in _version_from_file
[0.390s]     line = next(iter(version_lines), '')
[0.390s]   File "/usr/lib/python3/dist-packages/pkg_resources/__init__.py", line 2779, in _get_metadata
[0.390s]     if self.has_metadata(name):
[0.390s]   File "/usr/lib/python3/dist-packages/pkg_resources/__init__.py", line 1406, in has_metadata
[0.391s]     return self._has(path)
[0.391s]   File "/usr/lib/python3/dist-packages/pkg_resources/__init__.py", line 1604, in _has
[0.391s]     return os.path.exists(path)
[0.391s]   File "/usr/lib/python3.10/genericpath.py", line 19, in exists
[0.391s]     os.stat(path)
[0.391s] KeyboardInterrupt
[0.412s] gmake[2]: *** [CMakeFiles/ament_cmake_python_build_ur_custom_interfaces_egg.dir/build.make:70: CMakeFiles/ament_cmake_python_build_ur_custom_interfaces_egg] Interrupt
[0.412s] gmake[1]: *** [CMakeFiles/Makefile2:447: CMakeFiles/ament_cmake_python_build_ur_custom_interfaces_egg.dir/all] Interrupt
[0.412s] gmake: *** [Makefile:146: all] Interrupt
