[35m[1mConsolidate compiler generated dependencies of target calc_server[0m
[ 50%] Built target target_client
[ 50%] Built target ament_cmake_python_symlink_service_ur5ik
[100%] Built target calc_server
running egg_info
writing service_ur5ik.egg-info/PKG-INFO
writing dependency_links to service_ur5ik.egg-info/dependency_links.txt
writing top-level names to service_ur5ik.egg-info/top_level.txt
reading manifest file 'service_ur5ik.egg-info/SOURCES.txt'
writing manifest file 'service_ur5ik.egg-info/SOURCES.txt'
[100%] Built target ament_cmake_python_build_service_ur5ik_egg
-- Install configuration: ""
-- Execute custom install script
-- Up-to-date symlink: /home/icrs/icrsUR/install/service_ur5ik/lib/service_ur5ik/target_client
-- Up-to-date symlink: /home/icrs/icrsUR/install/service_ur5ik/lib/service_ur5ik/calc_server
-- Up-to-date symlink: /home/icrs/icrsUR/install/service_ur5ik/share/service_ur5ik/environment/pythonpath.sh
-- Up-to-date symlink: /home/icrs/icrsUR/install/service_ur5ik/share/service_ur5ik/environment/pythonpath.dsv
-- Up-to-date symlink: /home/icrs/icrsUR/install/service_ur5ik/local/lib/python3.10/dist-packages/service_ur5ik-0.0.0-py3.10.egg-info/PKG-INFO
-- Up-to-date symlink: /home/icrs/icrsUR/install/service_ur5ik/local/lib/python3.10/dist-packages/service_ur5ik-0.0.0-py3.10.egg-info/SOURCES.txt
-- Up-to-date symlink: /home/icrs/icrsUR/install/service_ur5ik/local/lib/python3.10/dist-packages/service_ur5ik-0.0.0-py3.10.egg-info/dependency_links.txt
-- Up-to-date symlink: /home/icrs/icrsUR/install/service_ur5ik/local/lib/python3.10/dist-packages/service_ur5ik-0.0.0-py3.10.egg-info/top_level.txt
-- Up-to-date symlink: /home/icrs/icrsUR/install/service_ur5ik/local/lib/python3.10/dist-packages/service_ur5ik/__init__.py
-- Up-to-date symlink: /home/icrs/icrsUR/install/service_ur5ik/lib/service_ur5ik/target_client_py.py
-- Up-to-date symlink: /home/icrs/icrsUR/install/service_ur5ik/lib/service_ur5ik/calc_server_py.py
-- Up-to-date symlink: /home/icrs/icrsUR/install/service_ur5ik/share/ament_index/resource_index/package_run_dependencies/service_ur5ik
-- Up-to-date symlink: /home/icrs/icrsUR/install/service_ur5ik/share/ament_index/resource_index/parent_prefix_path/service_ur5ik
-- Up-to-date symlink: /home/icrs/icrsUR/install/service_ur5ik/share/service_ur5ik/environment/ament_prefix_path.sh
-- Up-to-date symlink: /home/icrs/icrsUR/install/service_ur5ik/share/service_ur5ik/environment/ament_prefix_path.dsv
-- Up-to-date symlink: /home/icrs/icrsUR/install/service_ur5ik/share/service_ur5ik/environment/path.sh
-- Up-to-date symlink: /home/icrs/icrsUR/install/service_ur5ik/share/service_ur5ik/environment/path.dsv
-- Up-to-date symlink: /home/icrs/icrsUR/install/service_ur5ik/share/service_ur5ik/local_setup.bash
-- Up-to-date symlink: /home/icrs/icrsUR/install/service_ur5ik/share/service_ur5ik/local_setup.sh
-- Up-to-date symlink: /home/icrs/icrsUR/install/service_ur5ik/share/service_ur5ik/local_setup.zsh
-- Up-to-date symlink: /home/icrs/icrsUR/install/service_ur5ik/share/service_ur5ik/local_setup.dsv
-- Symlinking: /home/icrs/icrsUR/install/service_ur5ik/share/service_ur5ik/package.dsv
-- Up-to-date symlink: /home/icrs/icrsUR/install/service_ur5ik/share/ament_index/resource_index/packages/service_ur5ik
-- Up-to-date symlink: /home/icrs/icrsUR/install/service_ur5ik/share/service_ur5ik/cmake/service_ur5ikConfig.cmake
-- Up-to-date symlink: /home/icrs/icrsUR/install/service_ur5ik/share/service_ur5ik/cmake/service_ur5ikConfig-version.cmake
-- Up-to-date symlink: /home/icrs/icrsUR/install/service_ur5ik/share/service_ur5ik/package.xml
Listing '/home/icrs/icrsUR/install/service_ur5ik/local/lib/python3.10/dist-packages/service_ur5ik'...
