Traceback (most recent call last):
  File "/home/icrs/icrsUR/build/camera_control/setup.py", line 8, in <module>
    packages=find_packages(exclude=['test']),
  File "/usr/lib/python3/dist-packages/setuptools/__init__.py", line 62, in find
    return list(
  File "/usr/lib/python3/dist-packages/setuptools/__init__.py", line 91, in _find_packages_iter
    if include(package) and not exclude(package):
  File "/usr/lib/python3/dist-packages/setuptools/__init__.py", line 109, in <lambda>
    return lambda name: any(fnmatchcase(name, pat=pat) for pat in patterns)
  File "/usr/lib/python3/dist-packages/setuptools/__init__.py", line 109, in <genexpr>
    return lambda name: any(fnmatchcase(name, pat=pat) for pat in patterns)
  File "/usr/lib/python3.10/fnmatch.py", line 76, in fnmatchcase
    match = _compile_pattern(pat)
  File "/usr/lib/python3.10/fnmatch.py", line 52, in _compile_pattern
    return re.compile(res).match
  File "/usr/lib/python3.10/re.py", line 251, in compile
    return _compile(pattern, flags)
  File "/usr/lib/python3.10/re.py", line 303, in _compile
    p = sre_compile.compile(pattern, flags)
  File "/usr/lib/python3.10/sre_compile.py", line 792, in compile
    code = _code(p, flags)
  File "/usr/lib/python3.10/sre_compile.py", line 628, in _code
    _compile_info(code, p, flags)
  File "/usr/lib/python3.10/sre_compile.py", line 576, in _compile_info
    prefix, prefix_skip, got_all = _get_literal_prefix(pattern, flags)
  File "/usr/lib/python3.10/sre_compile.py", line 485, in _get_literal_prefix
    def _get_literal_prefix(pattern, flags):
KeyboardInterrupt
