[  2%] Built target interfaces_ur5ik__cpp
[ 12%] Built target interfaces_ur5ik__rosidl_generator_c
[ 12%] Built target ament_cmake_python_symlink_interfaces_ur5ik
[ 23%] Built target interfaces_ur5ik__rosidl_typesupport_fastrtps_cpp
[ 34%] Built target interfaces_ur5ik__rosidl_typesupport_introspection_c
[ 44%] Built target interfaces_ur5ik__rosidl_typesupport_c
[ 55%] Built target interfaces_ur5ik__rosidl_typesupport_introspection_cpp
[ 68%] Built target interfaces_ur5ik__rosidl_typesupport_fastrtps_c
[ 76%] Built target interfaces_ur5ik__rosidl_typesupport_cpp
[ 76%] Built target interfaces_ur5ik
[ 78%] Built target interfaces_ur5ik__py
[ 87%] Built target interfaces_ur5ik__rosidl_generator_py
[ 91%] Built target interfaces_ur5ik__rosidl_typesupport_introspection_c__pyext
[ 95%] Built target interfaces_ur5ik__rosidl_typesupport_fastrtps_c__pyext
[100%] Built target interfaces_ur5ik__rosidl_typesupport_c__pyext
running egg_info
writing interfaces_ur5ik.egg-info/PKG-INFO
writing dependency_links to interfaces_ur5ik.egg-info/dependency_links.txt
writing top-level names to interfaces_ur5ik.egg-info/top_level.txt
reading manifest file 'interfaces_ur5ik.egg-info/SOURCES.txt'
writing manifest file 'interfaces_ur5ik.egg-info/SOURCES.txt'
[100%] Built target ament_cmake_python_build_interfaces_ur5ik_egg
