-- Found ament_cmake: 1.3.10 (/opt/ros/humble/share/ament_cmake/cmake)
-- Override CMake install command with custom implementation using symlinks instead of copying resources
-- Found rosidl_default_generators: 1.2.0 (/opt/ros/humble/share/rosidl_default_generators/cmake)
-- Using all available rosidl_typesupport_c: rosidl_typesupport_fastrtps_c;rosidl_typesupport_introspection_c
-- Found rosidl_adapter: 3.1.5 (/opt/ros/humble/share/rosidl_adapter/cmake)
-- Using all available rosidl_typesupport_cpp: rosidl_typesupport_fastrtps_cpp;rosidl_typesupport_introspection_cpp
-- Found ament_cmake_ros: 0.10.0 (/opt/ros/humble/share/ament_cmake_ros/cmake)
-- Using all available rosidl_typesupport_c: rosidl_typesupport_fastrtps_c;rosidl_typesupport_introspection_c
-- Using all available rosidl_typesupport_cpp: rosidl_typesupport_fastrtps_cpp;rosidl_typesupport_introspection_cpp
-- Found python_cmake_module: 0.10.0 (/opt/ros/humble/share/python_cmake_module/cmake)
-- Using PYTHON_EXECUTABLE: /usr/bin/python3
-- Using PYTHON_INCLUDE_DIRS: /usr/include/python3.10
-- Using PYTHON_LIBRARIES: /usr/lib/x86_64-linux-gnu/libpython3.10.so
-- Found ament_lint_auto: 0.12.11 (/opt/ros/humble/share/ament_lint_auto/cmake)
-- Added test 'lint_cmake' to check CMake code style
-- Added test 'xmllint' to check XML markup files
-- Configuring done
-- Generating done
-- Build files have been written to: /home/icrs/icrsUR/build/interfaces_ur5ik
[35m[1mConsolidate compiler generated dependencies of target interfaces_ur5ik__rosidl_generator_c[0m
[  2%] Built target interfaces_ur5ik__cpp
[ 12%] Built target interfaces_ur5ik__rosidl_generator_c
[35m[1mConsolidate compiler generated dependencies of target interfaces_ur5ik__rosidl_typesupport_fastrtps_cpp[0m
[35m[1mConsolidate compiler generated dependencies of target interfaces_ur5ik__rosidl_typesupport_introspection_c[0m
[ 12%] Built target ament_cmake_python_symlink_interfaces_ur5ik
[35m[1mConsolidate compiler generated dependencies of target interfaces_ur5ik__rosidl_typesupport_introspection_cpp[0m
[35m[1mConsolidate compiler generated dependencies of target interfaces_ur5ik__rosidl_typesupport_cpp[0m
[35m[1mConsolidate compiler generated dependencies of target interfaces_ur5ik__rosidl_typesupport_fastrtps_c[0m
[35m[1mConsolidate compiler generated dependencies of target interfaces_ur5ik__rosidl_typesupport_c[0m
[ 23%] Built target interfaces_ur5ik__rosidl_typesupport_introspection_c
[ 34%] Built target interfaces_ur5ik__rosidl_typesupport_fastrtps_cpp
[ 44%] Built target interfaces_ur5ik__rosidl_typesupport_introspection_cpp
[ 55%] Built target interfaces_ur5ik__rosidl_typesupport_c
[ 65%] Built target interfaces_ur5ik__rosidl_typesupport_cpp
[ 76%] Built target interfaces_ur5ik__rosidl_typesupport_fastrtps_c
[ 76%] Built target interfaces_ur5ik
[ 78%] Built target interfaces_ur5ik__py
[35m[1mConsolidate compiler generated dependencies of target interfaces_ur5ik__rosidl_generator_py[0m
[ 87%] Built target interfaces_ur5ik__rosidl_generator_py
[35m[1mConsolidate compiler generated dependencies of target interfaces_ur5ik__rosidl_typesupport_c__pyext[0m
[35m[1mConsolidate compiler generated dependencies of target interfaces_ur5ik__rosidl_typesupport_introspection_c__pyext[0m
[35m[1mConsolidate compiler generated dependencies of target interfaces_ur5ik__rosidl_typesupport_fastrtps_c__pyext[0m
[ 91%] Built target interfaces_ur5ik__rosidl_typesupport_c__pyext
[ 95%] Built target interfaces_ur5ik__rosidl_typesupport_introspection_c__pyext
[100%] Built target interfaces_ur5ik__rosidl_typesupport_fastrtps_c__pyext
running egg_info
writing interfaces_ur5ik.egg-info/PKG-INFO
writing dependency_links to interfaces_ur5ik.egg-info/dependency_links.txt
writing top-level names to interfaces_ur5ik.egg-info/top_level.txt
reading manifest file 'interfaces_ur5ik.egg-info/SOURCES.txt'
writing manifest file 'interfaces_ur5ik.egg-info/SOURCES.txt'
[100%] Built target ament_cmake_python_build_interfaces_ur5ik_egg
-- Install configuration: ""
-- Execute custom install script
-- Up-to-date symlink: /home/icrs/icrsUR/install/interfaces_ur5ik/share/ament_index/resource_index/rosidl_interfaces/interfaces_ur5ik
-- Up-to-date symlink: /home/icrs/icrsUR/install/interfaces_ur5ik/include/interfaces_ur5ik/interfaces_ur5ik/action/calc_theta.h
-- Up-to-date symlink: /home/icrs/icrsUR/install/interfaces_ur5ik/include/interfaces_ur5ik/interfaces_ur5ik/action/detail/calc_theta__functions.h
-- Up-to-date symlink: /home/icrs/icrsUR/install/interfaces_ur5ik/include/interfaces_ur5ik/interfaces_ur5ik/action/detail/calc_theta__struct.h
-- Up-to-date symlink: /home/icrs/icrsUR/install/interfaces_ur5ik/include/interfaces_ur5ik/interfaces_ur5ik/action/detail/calc_theta__type_support.h
-- Up-to-date symlink: /home/icrs/icrsUR/install/interfaces_ur5ik/include/interfaces_ur5ik/interfaces_ur5ik/msg/detail/target__functions.h
-- Up-to-date symlink: /home/icrs/icrsUR/install/interfaces_ur5ik/include/interfaces_ur5ik/interfaces_ur5ik/msg/detail/target__struct.h
-- Up-to-date symlink: /home/icrs/icrsUR/install/interfaces_ur5ik/include/interfaces_ur5ik/interfaces_ur5ik/msg/detail/target__type_support.h
-- Up-to-date symlink: /home/icrs/icrsUR/install/interfaces_ur5ik/include/interfaces_ur5ik/interfaces_ur5ik/msg/rosidl_generator_c__visibility_control.h
-- Up-to-date symlink: /home/icrs/icrsUR/install/interfaces_ur5ik/include/interfaces_ur5ik/interfaces_ur5ik/msg/target.h
-- Up-to-date symlink: /home/icrs/icrsUR/install/interfaces_ur5ik/include/interfaces_ur5ik/interfaces_ur5ik/srv/detail/six_theta__functions.h
-- Up-to-date symlink: /home/icrs/icrsUR/install/interfaces_ur5ik/include/interfaces_ur5ik/interfaces_ur5ik/srv/detail/six_theta__struct.h
-- Up-to-date symlink: /home/icrs/icrsUR/install/interfaces_ur5ik/include/interfaces_ur5ik/interfaces_ur5ik/srv/detail/six_theta__type_support.h
-- Up-to-date symlink: /home/icrs/icrsUR/install/interfaces_ur5ik/include/interfaces_ur5ik/interfaces_ur5ik/srv/six_theta.h
-- Up-to-date symlink: /home/icrs/icrsUR/install/interfaces_ur5ik/share/interfaces_ur5ik/environment/library_path.sh
-- Up-to-date symlink: /home/icrs/icrsUR/install/interfaces_ur5ik/share/interfaces_ur5ik/environment/library_path.dsv
-- Up-to-date symlink: /home/icrs/icrsUR/install/interfaces_ur5ik/include/interfaces_ur5ik/interfaces_ur5ik/action/detail/calc_theta__rosidl_typesupport_fastrtps_c.h
-- Up-to-date symlink: /home/icrs/icrsUR/install/interfaces_ur5ik/include/interfaces_ur5ik/interfaces_ur5ik/msg/detail/target__rosidl_typesupport_fastrtps_c.h
-- Up-to-date symlink: /home/icrs/icrsUR/install/interfaces_ur5ik/include/interfaces_ur5ik/interfaces_ur5ik/msg/rosidl_typesupport_fastrtps_c__visibility_control.h
-- Up-to-date symlink: /home/icrs/icrsUR/install/interfaces_ur5ik/include/interfaces_ur5ik/interfaces_ur5ik/srv/detail/six_theta__rosidl_typesupport_fastrtps_c.h
-- Up-to-date symlink: /home/icrs/icrsUR/install/interfaces_ur5ik/include/interfaces_ur5ik/interfaces_ur5ik/action/detail/calc_theta__rosidl_typesupport_introspection_c.h
-- Up-to-date symlink: /home/icrs/icrsUR/install/interfaces_ur5ik/include/interfaces_ur5ik/interfaces_ur5ik/msg/detail/target__rosidl_typesupport_introspection_c.h
-- Up-to-date symlink: /home/icrs/icrsUR/install/interfaces_ur5ik/include/interfaces_ur5ik/interfaces_ur5ik/msg/rosidl_typesupport_introspection_c__visibility_control.h
-- Up-to-date symlink: /home/icrs/icrsUR/install/interfaces_ur5ik/include/interfaces_ur5ik/interfaces_ur5ik/srv/detail/six_theta__rosidl_typesupport_introspection_c.h
-- Up-to-date symlink: /home/icrs/icrsUR/install/interfaces_ur5ik/include/interfaces_ur5ik/interfaces_ur5ik/action/calc_theta.hpp
-- Up-to-date symlink: /home/icrs/icrsUR/install/interfaces_ur5ik/include/interfaces_ur5ik/interfaces_ur5ik/action/detail/calc_theta__builder.hpp
-- Up-to-date symlink: /home/icrs/icrsUR/install/interfaces_ur5ik/include/interfaces_ur5ik/interfaces_ur5ik/action/detail/calc_theta__struct.hpp
-- Up-to-date symlink: /home/icrs/icrsUR/install/interfaces_ur5ik/include/interfaces_ur5ik/interfaces_ur5ik/action/detail/calc_theta__traits.hpp
-- Up-to-date symlink: /home/icrs/icrsUR/install/interfaces_ur5ik/include/interfaces_ur5ik/interfaces_ur5ik/msg/detail/target__builder.hpp
-- Up-to-date symlink: /home/icrs/icrsUR/install/interfaces_ur5ik/include/interfaces_ur5ik/interfaces_ur5ik/msg/detail/target__struct.hpp
-- Up-to-date symlink: /home/icrs/icrsUR/install/interfaces_ur5ik/include/interfaces_ur5ik/interfaces_ur5ik/msg/detail/target__traits.hpp
-- Up-to-date symlink: /home/icrs/icrsUR/install/interfaces_ur5ik/include/interfaces_ur5ik/interfaces_ur5ik/msg/target.hpp
-- Up-to-date symlink: /home/icrs/icrsUR/install/interfaces_ur5ik/include/interfaces_ur5ik/interfaces_ur5ik/srv/detail/six_theta__builder.hpp
-- Up-to-date symlink: /home/icrs/icrsUR/install/interfaces_ur5ik/include/interfaces_ur5ik/interfaces_ur5ik/srv/detail/six_theta__struct.hpp
-- Up-to-date symlink: /home/icrs/icrsUR/install/interfaces_ur5ik/include/interfaces_ur5ik/interfaces_ur5ik/srv/detail/six_theta__traits.hpp
-- Up-to-date symlink: /home/icrs/icrsUR/install/interfaces_ur5ik/include/interfaces_ur5ik/interfaces_ur5ik/srv/six_theta.hpp
-- Up-to-date symlink: /home/icrs/icrsUR/install/interfaces_ur5ik/include/interfaces_ur5ik/interfaces_ur5ik/action/detail/calc_theta__rosidl_typesupport_fastrtps_cpp.hpp
-- Up-to-date symlink: /home/icrs/icrsUR/install/interfaces_ur5ik/include/interfaces_ur5ik/interfaces_ur5ik/msg/detail/target__rosidl_typesupport_fastrtps_cpp.hpp
-- Up-to-date symlink: /home/icrs/icrsUR/install/interfaces_ur5ik/include/interfaces_ur5ik/interfaces_ur5ik/msg/rosidl_typesupport_fastrtps_cpp__visibility_control.h
-- Up-to-date symlink: /home/icrs/icrsUR/install/interfaces_ur5ik/include/interfaces_ur5ik/interfaces_ur5ik/srv/detail/six_theta__rosidl_typesupport_fastrtps_cpp.hpp
-- Up-to-date symlink: /home/icrs/icrsUR/install/interfaces_ur5ik/include/interfaces_ur5ik/interfaces_ur5ik/action/detail/calc_theta__rosidl_typesupport_introspection_cpp.hpp
-- Up-to-date symlink: /home/icrs/icrsUR/install/interfaces_ur5ik/include/interfaces_ur5ik/interfaces_ur5ik/msg/detail/target__rosidl_typesupport_introspection_cpp.hpp
-- Up-to-date symlink: /home/icrs/icrsUR/install/interfaces_ur5ik/include/interfaces_ur5ik/interfaces_ur5ik/srv/detail/six_theta__rosidl_typesupport_introspection_cpp.hpp
-- Up-to-date symlink: /home/icrs/icrsUR/install/interfaces_ur5ik/share/interfaces_ur5ik/environment/pythonpath.sh
-- Up-to-date symlink: /home/icrs/icrsUR/install/interfaces_ur5ik/share/interfaces_ur5ik/environment/pythonpath.dsv
-- Up-to-date symlink: /home/icrs/icrsUR/install/interfaces_ur5ik/local/lib/python3.10/dist-packages/interfaces_ur5ik-0.0.0-py3.10.egg-info/PKG-INFO
-- Up-to-date symlink: /home/icrs/icrsUR/install/interfaces_ur5ik/local/lib/python3.10/dist-packages/interfaces_ur5ik-0.0.0-py3.10.egg-info/SOURCES.txt
-- Up-to-date symlink: /home/icrs/icrsUR/install/interfaces_ur5ik/local/lib/python3.10/dist-packages/interfaces_ur5ik-0.0.0-py3.10.egg-info/dependency_links.txt
-- Up-to-date symlink: /home/icrs/icrsUR/install/interfaces_ur5ik/local/lib/python3.10/dist-packages/interfaces_ur5ik-0.0.0-py3.10.egg-info/top_level.txt
-- Up-to-date symlink: /home/icrs/icrsUR/install/interfaces_ur5ik/local/lib/python3.10/dist-packages/interfaces_ur5ik/__init__.py
-- Up-to-date symlink: /home/icrs/icrsUR/install/interfaces_ur5ik/local/lib/python3.10/dist-packages/interfaces_ur5ik/_interfaces_ur5ik_s.ep.rosidl_typesupport_c.c
-- Up-to-date symlink: /home/icrs/icrsUR/install/interfaces_ur5ik/local/lib/python3.10/dist-packages/interfaces_ur5ik/_interfaces_ur5ik_s.ep.rosidl_typesupport_fastrtps_c.c
-- Up-to-date symlink: /home/icrs/icrsUR/install/interfaces_ur5ik/local/lib/python3.10/dist-packages/interfaces_ur5ik/_interfaces_ur5ik_s.ep.rosidl_typesupport_introspection_c.c
-- Up-to-date symlink: /home/icrs/icrsUR/install/interfaces_ur5ik/local/lib/python3.10/dist-packages/interfaces_ur5ik/action/__init__.py
-- Up-to-date symlink: /home/icrs/icrsUR/install/interfaces_ur5ik/local/lib/python3.10/dist-packages/interfaces_ur5ik/action/_calc_theta.py
-- Up-to-date symlink: /home/icrs/icrsUR/install/interfaces_ur5ik/local/lib/python3.10/dist-packages/interfaces_ur5ik/action/_calc_theta_s.c
-- Up-to-date symlink: /home/icrs/icrsUR/install/interfaces_ur5ik/local/lib/python3.10/dist-packages/interfaces_ur5ik/interfaces_ur5ik_s__rosidl_typesupport_c.cpython-310-x86_64-linux-gnu.so
-- Up-to-date symlink: /home/icrs/icrsUR/install/interfaces_ur5ik/local/lib/python3.10/dist-packages/interfaces_ur5ik/interfaces_ur5ik_s__rosidl_typesupport_fastrtps_c.cpython-310-x86_64-linux-gnu.so
-- Up-to-date symlink: /home/icrs/icrsUR/install/interfaces_ur5ik/local/lib/python3.10/dist-packages/interfaces_ur5ik/interfaces_ur5ik_s__rosidl_typesupport_introspection_c.cpython-310-x86_64-linux-gnu.so
-- Up-to-date symlink: /home/icrs/icrsUR/install/interfaces_ur5ik/local/lib/python3.10/dist-packages/interfaces_ur5ik/libinterfaces_ur5ik__rosidl_generator_py.so
-- Up-to-date symlink: /home/icrs/icrsUR/install/interfaces_ur5ik/local/lib/python3.10/dist-packages/interfaces_ur5ik/msg/__init__.py
-- Up-to-date symlink: /home/icrs/icrsUR/install/interfaces_ur5ik/local/lib/python3.10/dist-packages/interfaces_ur5ik/msg/_target.py
-- Up-to-date symlink: /home/icrs/icrsUR/install/interfaces_ur5ik/local/lib/python3.10/dist-packages/interfaces_ur5ik/msg/_target_s.c
-- Up-to-date symlink: /home/icrs/icrsUR/install/interfaces_ur5ik/local/lib/python3.10/dist-packages/interfaces_ur5ik/srv/__init__.py
-- Up-to-date symlink: /home/icrs/icrsUR/install/interfaces_ur5ik/local/lib/python3.10/dist-packages/interfaces_ur5ik/srv/_six_theta.py
-- Up-to-date symlink: /home/icrs/icrsUR/install/interfaces_ur5ik/local/lib/python3.10/dist-packages/interfaces_ur5ik/srv/_six_theta_s.c
-- Up-to-date symlink: /home/icrs/icrsUR/install/interfaces_ur5ik/local/lib/python3.10/dist-packages/interfaces_ur5ik/interfaces_ur5ik_s__rosidl_typesupport_fastrtps_c.cpython-310-x86_64-linux-gnu.so
-- Up-to-date symlink: /home/icrs/icrsUR/install/interfaces_ur5ik/local/lib/python3.10/dist-packages/interfaces_ur5ik/interfaces_ur5ik_s__rosidl_typesupport_introspection_c.cpython-310-x86_64-linux-gnu.so
-- Up-to-date symlink: /home/icrs/icrsUR/install/interfaces_ur5ik/local/lib/python3.10/dist-packages/interfaces_ur5ik/interfaces_ur5ik_s__rosidl_typesupport_c.cpython-310-x86_64-linux-gnu.so
-- Up-to-date symlink: /home/icrs/icrsUR/install/interfaces_ur5ik/share/interfaces_ur5ik/msg/Target.idl
-- Up-to-date symlink: /home/icrs/icrsUR/install/interfaces_ur5ik/share/interfaces_ur5ik/srv/SixTheta.idl
-- Up-to-date symlink: /home/icrs/icrsUR/install/interfaces_ur5ik/share/interfaces_ur5ik/action/CalcTheta.idl
-- Up-to-date symlink: /home/icrs/icrsUR/install/interfaces_ur5ik/share/interfaces_ur5ik/msg/Target.msg
-- Up-to-date symlink: /home/icrs/icrsUR/install/interfaces_ur5ik/share/interfaces_ur5ik/srv/SixTheta.srv
-- Up-to-date symlink: /home/icrs/icrsUR/install/interfaces_ur5ik/share/interfaces_ur5ik/srv/SixTheta_Request.msg
-- Up-to-date symlink: /home/icrs/icrsUR/install/interfaces_ur5ik/share/interfaces_ur5ik/srv/SixTheta_Response.msg
-- Up-to-date symlink: /home/icrs/icrsUR/install/interfaces_ur5ik/share/interfaces_ur5ik/action/CalcTheta.action
-- Up-to-date symlink: /home/icrs/icrsUR/install/interfaces_ur5ik/share/ament_index/resource_index/package_run_dependencies/interfaces_ur5ik
-- Up-to-date symlink: /home/icrs/icrsUR/install/interfaces_ur5ik/share/ament_index/resource_index/parent_prefix_path/interfaces_ur5ik
-- Up-to-date symlink: /home/icrs/icrsUR/install/interfaces_ur5ik/share/interfaces_ur5ik/environment/ament_prefix_path.sh
-- Up-to-date symlink: /home/icrs/icrsUR/install/interfaces_ur5ik/share/interfaces_ur5ik/environment/ament_prefix_path.dsv
-- Up-to-date symlink: /home/icrs/icrsUR/install/interfaces_ur5ik/share/interfaces_ur5ik/environment/path.sh
-- Up-to-date symlink: /home/icrs/icrsUR/install/interfaces_ur5ik/share/interfaces_ur5ik/environment/path.dsv
-- Up-to-date symlink: /home/icrs/icrsUR/install/interfaces_ur5ik/share/interfaces_ur5ik/local_setup.bash
-- Up-to-date symlink: /home/icrs/icrsUR/install/interfaces_ur5ik/share/interfaces_ur5ik/local_setup.sh
-- Up-to-date symlink: /home/icrs/icrsUR/install/interfaces_ur5ik/share/interfaces_ur5ik/local_setup.zsh
-- Up-to-date symlink: /home/icrs/icrsUR/install/interfaces_ur5ik/share/interfaces_ur5ik/local_setup.dsv
-- Symlinking: /home/icrs/icrsUR/install/interfaces_ur5ik/share/interfaces_ur5ik/package.dsv
-- Up-to-date symlink: /home/icrs/icrsUR/install/interfaces_ur5ik/share/ament_index/resource_index/packages/interfaces_ur5ik
-- Up-to-date symlink: /home/icrs/icrsUR/install/interfaces_ur5ik/share/interfaces_ur5ik/cmake/rosidl_cmake-extras.cmake
-- Up-to-date symlink: /home/icrs/icrsUR/install/interfaces_ur5ik/share/interfaces_ur5ik/cmake/ament_cmake_export_dependencies-extras.cmake
-- Up-to-date symlink: /home/icrs/icrsUR/install/interfaces_ur5ik/share/interfaces_ur5ik/cmake/ament_cmake_export_include_directories-extras.cmake
-- Up-to-date symlink: /home/icrs/icrsUR/install/interfaces_ur5ik/share/interfaces_ur5ik/cmake/ament_cmake_export_libraries-extras.cmake
-- Up-to-date symlink: /home/icrs/icrsUR/install/interfaces_ur5ik/share/interfaces_ur5ik/cmake/ament_cmake_export_targets-extras.cmake
-- Up-to-date symlink: /home/icrs/icrsUR/install/interfaces_ur5ik/share/interfaces_ur5ik/cmake/rosidl_cmake_export_typesupport_targets-extras.cmake
-- Up-to-date symlink: /home/icrs/icrsUR/install/interfaces_ur5ik/share/interfaces_ur5ik/cmake/rosidl_cmake_export_typesupport_libraries-extras.cmake
-- Up-to-date symlink: /home/icrs/icrsUR/install/interfaces_ur5ik/share/interfaces_ur5ik/cmake/interfaces_ur5ikConfig.cmake
-- Up-to-date symlink: /home/icrs/icrsUR/install/interfaces_ur5ik/share/interfaces_ur5ik/cmake/interfaces_ur5ikConfig-version.cmake
-- Up-to-date symlink: /home/icrs/icrsUR/install/interfaces_ur5ik/share/interfaces_ur5ik/package.xml
-- Up-to-date: /home/icrs/icrsUR/install/interfaces_ur5ik/lib/libinterfaces_ur5ik__rosidl_generator_c.so
-- Up-to-date: /home/icrs/icrsUR/install/interfaces_ur5ik/lib/libinterfaces_ur5ik__rosidl_typesupport_fastrtps_c.so
-- Up-to-date: /home/icrs/icrsUR/install/interfaces_ur5ik/lib/libinterfaces_ur5ik__rosidl_typesupport_introspection_c.so
-- Up-to-date: /home/icrs/icrsUR/install/interfaces_ur5ik/lib/libinterfaces_ur5ik__rosidl_typesupport_c.so
-- Up-to-date: /home/icrs/icrsUR/install/interfaces_ur5ik/lib/libinterfaces_ur5ik__rosidl_typesupport_fastrtps_cpp.so
-- Up-to-date: /home/icrs/icrsUR/install/interfaces_ur5ik/lib/libinterfaces_ur5ik__rosidl_typesupport_introspection_cpp.so
-- Up-to-date: /home/icrs/icrsUR/install/interfaces_ur5ik/lib/libinterfaces_ur5ik__rosidl_typesupport_cpp.so
Listing '/home/icrs/icrsUR/install/interfaces_ur5ik/local/lib/python3.10/dist-packages/interfaces_ur5ik'...
Compiling '/home/icrs/icrsUR/install/interfaces_ur5ik/local/lib/python3.10/dist-packages/interfaces_ur5ik/__init__.py'...
Listing '/home/icrs/icrsUR/install/interfaces_ur5ik/local/lib/python3.10/dist-packages/interfaces_ur5ik/action'...
Listing '/home/icrs/icrsUR/install/interfaces_ur5ik/local/lib/python3.10/dist-packages/interfaces_ur5ik/msg'...
Listing '/home/icrs/icrsUR/install/interfaces_ur5ik/local/lib/python3.10/dist-packages/interfaces_ur5ik/srv'...
-- Up-to-date: /home/icrs/icrsUR/install/interfaces_ur5ik/lib/libinterfaces_ur5ik__rosidl_generator_py.so
-- Up-to-date: /home/icrs/icrsUR/install/interfaces_ur5ik/share/interfaces_ur5ik/cmake/export_interfaces_ur5ik__rosidl_generator_cExport.cmake
-- Up-to-date: /home/icrs/icrsUR/install/interfaces_ur5ik/share/interfaces_ur5ik/cmake/export_interfaces_ur5ik__rosidl_generator_cExport-noconfig.cmake
-- Up-to-date: /home/icrs/icrsUR/install/interfaces_ur5ik/share/interfaces_ur5ik/cmake/export_interfaces_ur5ik__rosidl_typesupport_fastrtps_cExport.cmake
-- Up-to-date: /home/icrs/icrsUR/install/interfaces_ur5ik/share/interfaces_ur5ik/cmake/export_interfaces_ur5ik__rosidl_typesupport_fastrtps_cExport-noconfig.cmake
-- Up-to-date: /home/icrs/icrsUR/install/interfaces_ur5ik/share/interfaces_ur5ik/cmake/interfaces_ur5ik__rosidl_typesupport_introspection_cExport.cmake
-- Up-to-date: /home/icrs/icrsUR/install/interfaces_ur5ik/share/interfaces_ur5ik/cmake/interfaces_ur5ik__rosidl_typesupport_introspection_cExport-noconfig.cmake
-- Up-to-date: /home/icrs/icrsUR/install/interfaces_ur5ik/share/interfaces_ur5ik/cmake/interfaces_ur5ik__rosidl_typesupport_cExport.cmake
-- Up-to-date: /home/icrs/icrsUR/install/interfaces_ur5ik/share/interfaces_ur5ik/cmake/interfaces_ur5ik__rosidl_typesupport_cExport-noconfig.cmake
-- Up-to-date: /home/icrs/icrsUR/install/interfaces_ur5ik/share/interfaces_ur5ik/cmake/export_interfaces_ur5ik__rosidl_generator_cppExport.cmake
-- Up-to-date: /home/icrs/icrsUR/install/interfaces_ur5ik/share/interfaces_ur5ik/cmake/export_interfaces_ur5ik__rosidl_typesupport_fastrtps_cppExport.cmake
-- Up-to-date: /home/icrs/icrsUR/install/interfaces_ur5ik/share/interfaces_ur5ik/cmake/export_interfaces_ur5ik__rosidl_typesupport_fastrtps_cppExport-noconfig.cmake
-- Up-to-date: /home/icrs/icrsUR/install/interfaces_ur5ik/share/interfaces_ur5ik/cmake/interfaces_ur5ik__rosidl_typesupport_introspection_cppExport.cmake
-- Up-to-date: /home/icrs/icrsUR/install/interfaces_ur5ik/share/interfaces_ur5ik/cmake/interfaces_ur5ik__rosidl_typesupport_introspection_cppExport-noconfig.cmake
-- Up-to-date: /home/icrs/icrsUR/install/interfaces_ur5ik/share/interfaces_ur5ik/cmake/interfaces_ur5ik__rosidl_typesupport_cppExport.cmake
-- Up-to-date: /home/icrs/icrsUR/install/interfaces_ur5ik/share/interfaces_ur5ik/cmake/interfaces_ur5ik__rosidl_typesupport_cppExport-noconfig.cmake
-- Up-to-date: /home/icrs/icrsUR/install/interfaces_ur5ik/share/interfaces_ur5ik/cmake/export_interfaces_ur5ik__rosidl_generator_pyExport.cmake
-- Up-to-date: /home/icrs/icrsUR/install/interfaces_ur5ik/share/interfaces_ur5ik/cmake/export_interfaces_ur5ik__rosidl_generator_pyExport-noconfig.cmake
