[0.048s] Invoking command in '/home/icrs/icrsUR/build/ur_mover': AMENT_PREFIX_PATH=/home/icrs/icrsUR/install/ur_custom_interfaces:/home/icrs/icrsUR/install/interfaces_ur5ik:${AMENT_PREFIX_PATH} CMAKE_PREFIX_PATH=/home/icrs/icrsUR/install/ur_custom_interfaces:/home/icrs/icrsUR/install/interfaces_ur5ik:/opt/ros/humble LD_LIBRARY_PATH=/home/icrs/icrsUR/install/ur_custom_interfaces/lib:/home/icrs/icrsUR/install/interfaces_ur5ik/lib:${LD_LIBRARY_PATH} PYTHONPATH=/home/icrs/icrsUR/install/ur_custom_interfaces/local/lib/python3.10/dist-packages:/home/icrs/icrsUR/install/interfaces_ur5ik/local/lib/python3.10/dist-packages:${PYTHONPATH} /usr/bin/cmake --build /home/icrs/icrsUR/build/ur_mover -- -j8 -l8
[0.127s] [35m[1mConsolidate compiler generated dependencies of target master_node[0m
[0.162s] [ 50%] Built target master_node2
[0.170s] [100%] Built target master_node
[0.183s] Invoked command in '/home/icrs/icrsUR/build/ur_mover' returned '0': AMENT_PREFIX_PATH=/home/icrs/icrsUR/install/ur_custom_interfaces:/home/icrs/icrsUR/install/interfaces_ur5ik:${AMENT_PREFIX_PATH} CMAKE_PREFIX_PATH=/home/icrs/icrsUR/install/ur_custom_interfaces:/home/icrs/icrsUR/install/interfaces_ur5ik:/opt/ros/humble LD_LIBRARY_PATH=/home/icrs/icrsUR/install/ur_custom_interfaces/lib:/home/icrs/icrsUR/install/interfaces_ur5ik/lib:${LD_LIBRARY_PATH} PYTHONPATH=/home/icrs/icrsUR/install/ur_custom_interfaces/local/lib/python3.10/dist-packages:/home/icrs/icrsUR/install/interfaces_ur5ik/local/lib/python3.10/dist-packages:${PYTHONPATH} /usr/bin/cmake --build /home/icrs/icrsUR/build/ur_mover -- -j8 -l8
[0.220s] Invoking command in '/home/icrs/icrsUR/build/ur_mover': AMENT_PREFIX_PATH=/home/icrs/icrsUR/install/ur_custom_interfaces:/home/icrs/icrsUR/install/interfaces_ur5ik:${AMENT_PREFIX_PATH} CMAKE_PREFIX_PATH=/home/icrs/icrsUR/install/ur_custom_interfaces:/home/icrs/icrsUR/install/interfaces_ur5ik:/opt/ros/humble LD_LIBRARY_PATH=/home/icrs/icrsUR/install/ur_custom_interfaces/lib:/home/icrs/icrsUR/install/interfaces_ur5ik/lib:${LD_LIBRARY_PATH} PYTHONPATH=/home/icrs/icrsUR/install/ur_custom_interfaces/local/lib/python3.10/dist-packages:/home/icrs/icrsUR/install/interfaces_ur5ik/local/lib/python3.10/dist-packages:${PYTHONPATH} /usr/bin/cmake --install /home/icrs/icrsUR/build/ur_mover
[0.229s] -- Install configuration: ""
[0.230s] -- Execute custom install script
[0.230s] -- Up-to-date symlink: /home/icrs/icrsUR/install/ur_mover/lib/ur_mover/master_node
[0.231s] -- Up-to-date symlink: /home/icrs/icrsUR/install/ur_mover/lib/ur_mover/master_node2
[0.231s] -- Up-to-date symlink: /home/icrs/icrsUR/install/ur_mover/share/ur_mover/launch/master_node.launch.py
[0.232s] -- Up-to-date symlink: /home/icrs/icrsUR/install/ur_mover/share/ament_index/resource_index/package_run_dependencies/ur_mover
[0.232s] -- Up-to-date symlink: /home/icrs/icrsUR/install/ur_mover/share/ament_index/resource_index/parent_prefix_path/ur_mover
[0.232s] -- Up-to-date symlink: /home/icrs/icrsUR/install/ur_mover/share/ur_mover/environment/ament_prefix_path.sh
[0.233s] -- Up-to-date symlink: /home/icrs/icrsUR/install/ur_mover/share/ur_mover/environment/ament_prefix_path.dsv
[0.233s] -- Up-to-date symlink: /home/icrs/icrsUR/install/ur_mover/share/ur_mover/environment/path.sh
[0.233s] -- Up-to-date symlink: /home/icrs/icrsUR/install/ur_mover/share/ur_mover/environment/path.dsv
[0.233s] -- Up-to-date symlink: /home/icrs/icrsUR/install/ur_mover/share/ur_mover/local_setup.bash
[0.234s] -- Up-to-date symlink: /home/icrs/icrsUR/install/ur_mover/share/ur_mover/local_setup.sh
[0.234s] -- Up-to-date symlink: /home/icrs/icrsUR/install/ur_mover/share/ur_mover/local_setup.zsh
[0.236s] -- Up-to-date symlink: /home/icrs/icrsUR/install/ur_mover/share/ur_mover/local_setup.dsv
[0.236s] -- Symlinking: /home/icrs/icrsUR/install/ur_mover/share/ur_mover/package.dsv
[0.248s] -- Up-to-date symlink: /home/icrs/icrsUR/install/ur_mover/share/ament_index/resource_index/packages/ur_mover
[0.248s] -- Up-to-date symlink: /home/icrs/icrsUR/install/ur_mover/share/ur_mover/cmake/ur_moverConfig.cmake
[0.248s] -- Up-to-date symlink: /home/icrs/icrsUR/install/ur_mover/share/ur_mover/cmake/ur_moverConfig-version.cmake
[0.248s] -- Up-to-date symlink: /home/icrs/icrsUR/install/ur_mover/share/ur_mover/package.xml
[0.251s] Invoked command in '/home/icrs/icrsUR/build/ur_mover' returned '0': AMENT_PREFIX_PATH=/home/icrs/icrsUR/install/ur_custom_interfaces:/home/icrs/icrsUR/install/interfaces_ur5ik:${AMENT_PREFIX_PATH} CMAKE_PREFIX_PATH=/home/icrs/icrsUR/install/ur_custom_interfaces:/home/icrs/icrsUR/install/interfaces_ur5ik:/opt/ros/humble LD_LIBRARY_PATH=/home/icrs/icrsUR/install/ur_custom_interfaces/lib:/home/icrs/icrsUR/install/interfaces_ur5ik/lib:${LD_LIBRARY_PATH} PYTHONPATH=/home/icrs/icrsUR/install/ur_custom_interfaces/local/lib/python3.10/dist-packages:/home/icrs/icrsUR/install/interfaces_ur5ik/local/lib/python3.10/dist-packages:${PYTHONPATH} /usr/bin/cmake --install /home/icrs/icrsUR/build/ur_mover
