[0.036s] Invoking command in '/home/icrs/icrsUR/build/ur_description': CMAKE_PREFIX_PATH=${CMAKE_PREFIX_PATH}:/home/icrs/icrsUR/install/camera_control:/home/icrs/icrsUR/install/gripper_control:/opt/ros/humble /usr/bin/cmake /home/icrs/icrsUR/src/Universal_Robots_ROS2_Description -DCMAKE_INSTALL_PREFIX=/home/icrs/icrsUR/install/ur_description
[0.557s] -- Found ament_cmake: 1.3.10 (/opt/ros/humble/share/ament_cmake/cmake)
[0.559s] -- Override CMake install command with custom implementation using symlinks instead of copying resources
[0.560s] -- Found ament_cmake_pytest: 1.3.10 (/opt/ros/humble/share/ament_cmake_pytest/cmake)
[2.695s] -- Configuring done
[2.701s] -- Generating done
[2.702s] -- Build files have been written to: /home/icrs/icrsUR/build/ur_description
[2.715s] Invoked command in '/home/icrs/icrsUR/build/ur_description' returned '0': CMAKE_PREFIX_PATH=${CMAKE_PREFIX_PATH}:/home/icrs/icrsUR/install/camera_control:/home/icrs/icrsUR/install/gripper_control:/opt/ros/humble /usr/bin/cmake /home/icrs/icrsUR/src/Universal_Robots_ROS2_Description -DCMAKE_INSTALL_PREFIX=/home/icrs/icrsUR/install/ur_description
[2.716s] Invoking command in '/home/icrs/icrsUR/build/ur_description': CMAKE_PREFIX_PATH=${CMAKE_PREFIX_PATH}:/home/icrs/icrsUR/install/camera_control:/home/icrs/icrsUR/install/gripper_control:/opt/ros/humble /usr/bin/cmake --build /home/icrs/icrsUR/build/ur_description -- -j8 -l8
[2.784s] Invoked command in '/home/icrs/icrsUR/build/ur_description' returned '0': CMAKE_PREFIX_PATH=${CMAKE_PREFIX_PATH}:/home/icrs/icrsUR/install/camera_control:/home/icrs/icrsUR/install/gripper_control:/opt/ros/humble /usr/bin/cmake --build /home/icrs/icrsUR/build/ur_description -- -j8 -l8
[2.824s] Invoking command in '/home/icrs/icrsUR/build/ur_description': CMAKE_PREFIX_PATH=${CMAKE_PREFIX_PATH}:/home/icrs/icrsUR/install/camera_control:/home/icrs/icrsUR/install/gripper_control:/opt/ros/humble /usr/bin/cmake --install /home/icrs/icrsUR/build/ur_description
[2.835s] -- Install configuration: ""
[2.836s] -- Execute custom install script
[2.837s] -- Up-to-date symlink: /home/icrs/icrsUR/install/ur_description/share/ur_description/config/initial_positions.yaml
[2.838s] -- Up-to-date symlink: /home/icrs/icrsUR/install/ur_description/share/ur_description/config/ur10/default_kinematics.yaml
[2.839s] -- Up-to-date symlink: /home/icrs/icrsUR/install/ur_description/share/ur_description/config/ur10/joint_limits.yaml
[2.840s] -- Up-to-date symlink: /home/icrs/icrsUR/install/ur_description/share/ur_description/config/ur10/physical_parameters.yaml
[2.841s] -- Up-to-date symlink: /home/icrs/icrsUR/install/ur_description/share/ur_description/config/ur10/visual_parameters.yaml
[2.842s] -- Up-to-date symlink: /home/icrs/icrsUR/install/ur_description/share/ur_description/config/ur10e/default_kinematics.yaml
[2.843s] -- Up-to-date symlink: /home/icrs/icrsUR/install/ur_description/share/ur_description/config/ur10e/joint_limits.yaml
[2.843s] -- Up-to-date symlink: /home/icrs/icrsUR/install/ur_description/share/ur_description/config/ur10e/physical_parameters.yaml
[2.844s] -- Up-to-date symlink: /home/icrs/icrsUR/install/ur_description/share/ur_description/config/ur10e/visual_parameters.yaml
[2.844s] -- Up-to-date symlink: /home/icrs/icrsUR/install/ur_description/share/ur_description/config/ur16e/default_kinematics.yaml
[2.845s] -- Up-to-date symlink: /home/icrs/icrsUR/install/ur_description/share/ur_description/config/ur16e/joint_limits.yaml
[2.845s] -- Up-to-date symlink: /home/icrs/icrsUR/install/ur_description/share/ur_description/config/ur16e/physical_parameters.yaml
[2.846s] -- Up-to-date symlink: /home/icrs/icrsUR/install/ur_description/share/ur_description/config/ur16e/visual_parameters.yaml
[2.846s] -- Up-to-date symlink: /home/icrs/icrsUR/install/ur_description/share/ur_description/config/ur20/default_kinematics.yaml
[2.847s] -- Up-to-date symlink: /home/icrs/icrsUR/install/ur_description/share/ur_description/config/ur20/joint_limits.yaml
[2.847s] -- Up-to-date symlink: /home/icrs/icrsUR/install/ur_description/share/ur_description/config/ur20/physical_parameters.yaml
[2.849s] -- Up-to-date symlink: /home/icrs/icrsUR/install/ur_description/share/ur_description/config/ur20/visual_parameters.yaml
[2.849s] -- Up-to-date symlink: /home/icrs/icrsUR/install/ur_description/share/ur_description/config/ur3/default_kinematics.yaml
[2.850s] -- Up-to-date symlink: /home/icrs/icrsUR/install/ur_description/share/ur_description/config/ur3/joint_limits.yaml
[2.850s] -- Up-to-date symlink: /home/icrs/icrsUR/install/ur_description/share/ur_description/config/ur3/physical_parameters.yaml
[2.851s] -- Up-to-date symlink: /home/icrs/icrsUR/install/ur_description/share/ur_description/config/ur3/visual_parameters.yaml
[2.852s] -- Up-to-date symlink: /home/icrs/icrsUR/install/ur_description/share/ur_description/config/ur30/default_kinematics.yaml
[2.853s] -- Up-to-date symlink: /home/icrs/icrsUR/install/ur_description/share/ur_description/config/ur30/joint_limits.yaml
[2.853s] -- Up-to-date symlink: /home/icrs/icrsUR/install/ur_description/share/ur_description/config/ur30/physical_parameters.yaml
[2.853s] -- Up-to-date symlink: /home/icrs/icrsUR/install/ur_description/share/ur_description/config/ur30/visual_parameters.yaml
[2.853s] -- Up-to-date symlink: /home/icrs/icrsUR/install/ur_description/share/ur_description/config/ur3e/default_kinematics.yaml
[2.853s] -- Up-to-date symlink: /home/icrs/icrsUR/install/ur_description/share/ur_description/config/ur3e/joint_limits.yaml
[2.853s] -- Up-to-date symlink: /home/icrs/icrsUR/install/ur_description/share/ur_description/config/ur3e/physical_parameters.yaml
[2.854s] -- Up-to-date symlink: /home/icrs/icrsUR/install/ur_description/share/ur_description/config/ur3e/visual_parameters.yaml
[2.854s] -- Up-to-date symlink: /home/icrs/icrsUR/install/ur_description/share/ur_description/config/ur5/default_kinematics.yaml
[2.854s] -- Up-to-date symlink: /home/icrs/icrsUR/install/ur_description/share/ur_description/config/ur5/joint_limits.yaml
[2.855s] -- Up-to-date symlink: /home/icrs/icrsUR/install/ur_description/share/ur_description/config/ur5/physical_parameters.yaml
[2.855s] -- Up-to-date symlink: /home/icrs/icrsUR/install/ur_description/share/ur_description/config/ur5/visual_parameters.yaml
[2.855s] -- Up-to-date symlink: /home/icrs/icrsUR/install/ur_description/share/ur_description/config/ur5e/default_kinematics.yaml
[2.855s] -- Up-to-date symlink: /home/icrs/icrsUR/install/ur_description/share/ur_description/config/ur5e/joint_limits.yaml
[2.855s] -- Up-to-date symlink: /home/icrs/icrsUR/install/ur_description/share/ur_description/config/ur5e/physical_parameters.yaml
[2.855s] -- Up-to-date symlink: /home/icrs/icrsUR/install/ur_description/share/ur_description/config/ur5e/visual_parameters.yaml
[2.856s] -- Up-to-date symlink: /home/icrs/icrsUR/install/ur_description/share/ur_description/launch/view_ur.launch.py
[2.858s] -- Up-to-date symlink: /home/icrs/icrsUR/install/ur_description/share/ur_description/meshes/ur10/collision/base.stl
[2.858s] -- Up-to-date symlink: /home/icrs/icrsUR/install/ur_description/share/ur_description/meshes/ur10/collision/forearm.stl
[2.858s] -- Up-to-date symlink: /home/icrs/icrsUR/install/ur_description/share/ur_description/meshes/ur10/collision/shoulder.stl
[2.858s] -- Up-to-date symlink: /home/icrs/icrsUR/install/ur_description/share/ur_description/meshes/ur10/collision/upperarm.stl
[2.858s] -- Up-to-date symlink: /home/icrs/icrsUR/install/ur_description/share/ur_description/meshes/ur10/collision/wrist1.stl
[2.859s] -- Up-to-date symlink: /home/icrs/icrsUR/install/ur_description/share/ur_description/meshes/ur10/collision/wrist2.stl
[2.859s] -- Up-to-date symlink: /home/icrs/icrsUR/install/ur_description/share/ur_description/meshes/ur10/collision/wrist3.stl
[2.859s] -- Up-to-date symlink: /home/icrs/icrsUR/install/ur_description/share/ur_description/meshes/ur10/visual/base.dae
[2.859s] -- Up-to-date symlink: /home/icrs/icrsUR/install/ur_description/share/ur_description/meshes/ur10/visual/forearm.dae
[2.864s] -- Up-to-date symlink: /home/icrs/icrsUR/install/ur_description/share/ur_description/meshes/ur10/visual/shoulder.dae
[2.864s] -- Up-to-date symlink: /home/icrs/icrsUR/install/ur_description/share/ur_description/meshes/ur10/visual/upperarm.dae
[2.864s] -- Up-to-date symlink: /home/icrs/icrsUR/install/ur_description/share/ur_description/meshes/ur10/visual/wrist1.dae
[2.864s] -- Up-to-date symlink: /home/icrs/icrsUR/install/ur_description/share/ur_description/meshes/ur10/visual/wrist2.dae
[2.864s] -- Up-to-date symlink: /home/icrs/icrsUR/install/ur_description/share/ur_description/meshes/ur10/visual/wrist3.dae
[2.865s] -- Up-to-date symlink: /home/icrs/icrsUR/install/ur_description/share/ur_description/meshes/ur10e/collision/base.stl
[2.865s] -- Up-to-date symlink: /home/icrs/icrsUR/install/ur_description/share/ur_description/meshes/ur10e/collision/forearm.stl
[2.865s] -- Up-to-date symlink: /home/icrs/icrsUR/install/ur_description/share/ur_description/meshes/ur10e/collision/shoulder.stl
[2.865s] -- Up-to-date symlink: /home/icrs/icrsUR/install/ur_description/share/ur_description/meshes/ur10e/collision/upperarm.stl
[2.865s] -- Up-to-date symlink: /home/icrs/icrsUR/install/ur_description/share/ur_description/meshes/ur10e/collision/wrist1.stl
[2.865s] -- Up-to-date symlink: /home/icrs/icrsUR/install/ur_description/share/ur_description/meshes/ur10e/collision/wrist2.stl
[2.865s] -- Up-to-date symlink: /home/icrs/icrsUR/install/ur_description/share/ur_description/meshes/ur10e/collision/wrist3.stl
[2.865s] -- Up-to-date symlink: /home/icrs/icrsUR/install/ur_description/share/ur_description/meshes/ur10e/visual/base.dae
[2.866s] -- Up-to-date symlink: /home/icrs/icrsUR/install/ur_description/share/ur_description/meshes/ur10e/visual/forearm.dae
[2.866s] -- Up-to-date symlink: /home/icrs/icrsUR/install/ur_description/share/ur_description/meshes/ur10e/visual/shoulder.dae
[2.866s] -- Up-to-date symlink: /home/icrs/icrsUR/install/ur_description/share/ur_description/meshes/ur10e/visual/upperarm.dae
[2.866s] -- Up-to-date symlink: /home/icrs/icrsUR/install/ur_description/share/ur_description/meshes/ur10e/visual/wrist1.dae
[2.866s] -- Up-to-date symlink: /home/icrs/icrsUR/install/ur_description/share/ur_description/meshes/ur10e/visual/wrist2.dae
[2.866s] -- Up-to-date symlink: /home/icrs/icrsUR/install/ur_description/share/ur_description/meshes/ur10e/visual/wrist3.dae
[2.866s] -- Up-to-date symlink: /home/icrs/icrsUR/install/ur_description/share/ur_description/meshes/ur16e/collision/forearm.stl
[2.867s] -- Up-to-date symlink: /home/icrs/icrsUR/install/ur_description/share/ur_description/meshes/ur16e/collision/upperarm.stl
[2.867s] -- Up-to-date symlink: /home/icrs/icrsUR/install/ur_description/share/ur_description/meshes/ur16e/visual/forearm.dae
[2.867s] -- Up-to-date symlink: /home/icrs/icrsUR/install/ur_description/share/ur_description/meshes/ur16e/visual/upperarm.dae
[2.867s] -- Up-to-date symlink: /home/icrs/icrsUR/install/ur_description/share/ur_description/meshes/ur20/LICENSE.txt
[2.867s] -- Up-to-date symlink: /home/icrs/icrsUR/install/ur_description/share/ur_description/meshes/ur20/collision/base.stl
[2.868s] -- Up-to-date symlink: /home/icrs/icrsUR/install/ur_description/share/ur_description/meshes/ur20/collision/forearm.stl
[2.868s] -- Up-to-date symlink: /home/icrs/icrsUR/install/ur_description/share/ur_description/meshes/ur20/collision/shoulder.stl
[2.868s] -- Up-to-date symlink: /home/icrs/icrsUR/install/ur_description/share/ur_description/meshes/ur20/collision/upperarm.stl
[2.868s] -- Up-to-date symlink: /home/icrs/icrsUR/install/ur_description/share/ur_description/meshes/ur20/collision/wrist1.stl
[2.869s] -- Up-to-date symlink: /home/icrs/icrsUR/install/ur_description/share/ur_description/meshes/ur20/collision/wrist2.stl
[2.869s] -- Up-to-date symlink: /home/icrs/icrsUR/install/ur_description/share/ur_description/meshes/ur20/collision/wrist3.stl
[2.869s] -- Up-to-date symlink: /home/icrs/icrsUR/install/ur_description/share/ur_description/meshes/ur20/visual/UR20_DIFF_8bit_2K.png
[2.869s] -- Up-to-date symlink: /home/icrs/icrsUR/install/ur_description/share/ur_description/meshes/ur20/visual/base.dae
[2.869s] -- Up-to-date symlink: /home/icrs/icrsUR/install/ur_description/share/ur_description/meshes/ur20/visual/forearm.dae
[2.869s] -- Up-to-date symlink: /home/icrs/icrsUR/install/ur_description/share/ur_description/meshes/ur20/visual/shoulder.dae
[2.869s] -- Up-to-date symlink: /home/icrs/icrsUR/install/ur_description/share/ur_description/meshes/ur20/visual/upperarm.dae
[2.869s] -- Up-to-date symlink: /home/icrs/icrsUR/install/ur_description/share/ur_description/meshes/ur20/visual/wrist1.dae
[2.870s] -- Up-to-date symlink: /home/icrs/icrsUR/install/ur_description/share/ur_description/meshes/ur20/visual/wrist2.dae
[2.870s] -- Up-to-date symlink: /home/icrs/icrsUR/install/ur_description/share/ur_description/meshes/ur20/visual/wrist3.dae
[2.870s] -- Up-to-date symlink: /home/icrs/icrsUR/install/ur_description/share/ur_description/meshes/ur3/collision/base.stl
[2.870s] -- Up-to-date symlink: /home/icrs/icrsUR/install/ur_description/share/ur_description/meshes/ur3/collision/forearm.stl
[2.870s] -- Up-to-date symlink: /home/icrs/icrsUR/install/ur_description/share/ur_description/meshes/ur3/collision/shoulder.stl
[2.870s] -- Up-to-date symlink: /home/icrs/icrsUR/install/ur_description/share/ur_description/meshes/ur3/collision/upperarm.stl
[2.870s] -- Up-to-date symlink: /home/icrs/icrsUR/install/ur_description/share/ur_description/meshes/ur3/collision/wrist1.stl
[2.871s] -- Up-to-date symlink: /home/icrs/icrsUR/install/ur_description/share/ur_description/meshes/ur3/collision/wrist2.stl
[2.871s] -- Up-to-date symlink: /home/icrs/icrsUR/install/ur_description/share/ur_description/meshes/ur3/collision/wrist3.stl
[2.871s] -- Up-to-date symlink: /home/icrs/icrsUR/install/ur_description/share/ur_description/meshes/ur3/visual/base.dae
[2.872s] -- Up-to-date symlink: /home/icrs/icrsUR/install/ur_description/share/ur_description/meshes/ur3/visual/forearm.dae
[2.872s] -- Up-to-date symlink: /home/icrs/icrsUR/install/ur_description/share/ur_description/meshes/ur3/visual/shoulder.dae
[2.872s] -- Up-to-date symlink: /home/icrs/icrsUR/install/ur_description/share/ur_description/meshes/ur3/visual/upperarm.dae
[2.872s] -- Up-to-date symlink: /home/icrs/icrsUR/install/ur_description/share/ur_description/meshes/ur3/visual/wrist1.dae
[2.872s] -- Up-to-date symlink: /home/icrs/icrsUR/install/ur_description/share/ur_description/meshes/ur3/visual/wrist2.dae
[2.872s] -- Up-to-date symlink: /home/icrs/icrsUR/install/ur_description/share/ur_description/meshes/ur3/visual/wrist3.dae
[2.873s] -- Up-to-date symlink: /home/icrs/icrsUR/install/ur_description/share/ur_description/meshes/ur30/LICENSE.txt
[2.873s] -- Up-to-date symlink: /home/icrs/icrsUR/install/ur_description/share/ur_description/meshes/ur30/collision/forearm.stl
[2.873s] -- Up-to-date symlink: /home/icrs/icrsUR/install/ur_description/share/ur_description/meshes/ur30/collision/upperarm.stl
[2.873s] -- Up-to-date symlink: /home/icrs/icrsUR/install/ur_description/share/ur_description/meshes/ur30/visual/UR30_DIFF_8bit_2K.png
[2.873s] -- Up-to-date symlink: /home/icrs/icrsUR/install/ur_description/share/ur_description/meshes/ur30/visual/forearm.dae
[2.873s] -- Up-to-date symlink: /home/icrs/icrsUR/install/ur_description/share/ur_description/meshes/ur30/visual/upperarm.dae
[2.874s] -- Up-to-date symlink: /home/icrs/icrsUR/install/ur_description/share/ur_description/meshes/ur3e/collision/base.stl
[2.874s] -- Up-to-date symlink: /home/icrs/icrsUR/install/ur_description/share/ur_description/meshes/ur3e/collision/forearm.stl
[2.874s] -- Up-to-date symlink: /home/icrs/icrsUR/install/ur_description/share/ur_description/meshes/ur3e/collision/shoulder.stl
[2.874s] -- Up-to-date symlink: /home/icrs/icrsUR/install/ur_description/share/ur_description/meshes/ur3e/collision/upperarm.stl
[2.874s] -- Up-to-date symlink: /home/icrs/icrsUR/install/ur_description/share/ur_description/meshes/ur3e/collision/wrist1.stl
[2.875s] -- Up-to-date symlink: /home/icrs/icrsUR/install/ur_description/share/ur_description/meshes/ur3e/collision/wrist2.stl
[2.875s] -- Up-to-date symlink: /home/icrs/icrsUR/install/ur_description/share/ur_description/meshes/ur3e/collision/wrist3.stl
[2.876s] -- Up-to-date symlink: /home/icrs/icrsUR/install/ur_description/share/ur_description/meshes/ur3e/visual/base.dae
[2.876s] -- Up-to-date symlink: /home/icrs/icrsUR/install/ur_description/share/ur_description/meshes/ur3e/visual/forearm.dae
[2.877s] -- Up-to-date symlink: /home/icrs/icrsUR/install/ur_description/share/ur_description/meshes/ur3e/visual/shoulder.dae
[2.877s] -- Up-to-date symlink: /home/icrs/icrsUR/install/ur_description/share/ur_description/meshes/ur3e/visual/upperarm.dae
[2.877s] -- Up-to-date symlink: /home/icrs/icrsUR/install/ur_description/share/ur_description/meshes/ur3e/visual/wrist1.dae
[2.877s] -- Up-to-date symlink: /home/icrs/icrsUR/install/ur_description/share/ur_description/meshes/ur3e/visual/wrist2.dae
[2.879s] -- Up-to-date symlink: /home/icrs/icrsUR/install/ur_description/share/ur_description/meshes/ur3e/visual/wrist3.dae
[2.879s] -- Up-to-date symlink: /home/icrs/icrsUR/install/ur_description/share/ur_description/meshes/ur5/collision/base.stl
[2.879s] -- Up-to-date symlink: /home/icrs/icrsUR/install/ur_description/share/ur_description/meshes/ur5/collision/forearm.stl
[2.881s] -- Up-to-date symlink: /home/icrs/icrsUR/install/ur_description/share/ur_description/meshes/ur5/collision/shoulder.stl
[2.881s] -- Up-to-date symlink: /home/icrs/icrsUR/install/ur_description/share/ur_description/meshes/ur5/collision/upperarm.stl
[2.881s] -- Up-to-date symlink: /home/icrs/icrsUR/install/ur_description/share/ur_description/meshes/ur5/collision/wrist1.stl
[2.881s] -- Up-to-date symlink: /home/icrs/icrsUR/install/ur_description/share/ur_description/meshes/ur5/collision/wrist2.stl
[2.881s] -- Up-to-date symlink: /home/icrs/icrsUR/install/ur_description/share/ur_description/meshes/ur5/collision/wrist3.stl
[2.882s] -- Up-to-date symlink: /home/icrs/icrsUR/install/ur_description/share/ur_description/meshes/ur5/visual/base.dae
[2.882s] -- Up-to-date symlink: /home/icrs/icrsUR/install/ur_description/share/ur_description/meshes/ur5/visual/forearm.dae
[2.882s] -- Up-to-date symlink: /home/icrs/icrsUR/install/ur_description/share/ur_description/meshes/ur5/visual/shoulder.dae
[2.883s] -- Up-to-date symlink: /home/icrs/icrsUR/install/ur_description/share/ur_description/meshes/ur5/visual/upperarm.dae
[2.883s] -- Up-to-date symlink: /home/icrs/icrsUR/install/ur_description/share/ur_description/meshes/ur5/visual/wrist1.dae
[2.883s] -- Up-to-date symlink: /home/icrs/icrsUR/install/ur_description/share/ur_description/meshes/ur5/visual/wrist2.dae
[2.883s] -- Up-to-date symlink: /home/icrs/icrsUR/install/ur_description/share/ur_description/meshes/ur5/visual/wrist3.dae
[2.884s] -- Up-to-date symlink: /home/icrs/icrsUR/install/ur_description/share/ur_description/meshes/ur5e/collision/base.stl
[2.884s] -- Up-to-date symlink: /home/icrs/icrsUR/install/ur_description/share/ur_description/meshes/ur5e/collision/forearm.stl
[2.884s] -- Up-to-date symlink: /home/icrs/icrsUR/install/ur_description/share/ur_description/meshes/ur5e/collision/shoulder.stl
[2.885s] -- Up-to-date symlink: /home/icrs/icrsUR/install/ur_description/share/ur_description/meshes/ur5e/collision/upperarm.stl
[2.886s] -- Up-to-date symlink: /home/icrs/icrsUR/install/ur_description/share/ur_description/meshes/ur5e/collision/wrist1.stl
[2.887s] -- Up-to-date symlink: /home/icrs/icrsUR/install/ur_description/share/ur_description/meshes/ur5e/collision/wrist2.stl
[2.887s] -- Up-to-date symlink: /home/icrs/icrsUR/install/ur_description/share/ur_description/meshes/ur5e/collision/wrist3.stl
[2.888s] -- Up-to-date symlink: /home/icrs/icrsUR/install/ur_description/share/ur_description/meshes/ur5e/visual/base.dae
[2.888s] -- Up-to-date symlink: /home/icrs/icrsUR/install/ur_description/share/ur_description/meshes/ur5e/visual/forearm.dae
[2.888s] -- Up-to-date symlink: /home/icrs/icrsUR/install/ur_description/share/ur_description/meshes/ur5e/visual/shoulder.dae
[2.889s] -- Up-to-date symlink: /home/icrs/icrsUR/install/ur_description/share/ur_description/meshes/ur5e/visual/upperarm.dae
[2.889s] -- Up-to-date symlink: /home/icrs/icrsUR/install/ur_description/share/ur_description/meshes/ur5e/visual/wrist1.dae
[2.889s] -- Up-to-date symlink: /home/icrs/icrsUR/install/ur_description/share/ur_description/meshes/ur5e/visual/wrist2.dae
[2.890s] -- Up-to-date symlink: /home/icrs/icrsUR/install/ur_description/share/ur_description/meshes/ur5e/visual/wrist3.dae
[2.890s] -- Up-to-date symlink: /home/icrs/icrsUR/install/ur_description/share/ur_description/rviz/view_robot.rviz
[2.891s] -- Up-to-date symlink: /home/icrs/icrsUR/install/ur_description/share/ur_description/urdf/inc/ur_common.xacro
[2.891s] -- Up-to-date symlink: /home/icrs/icrsUR/install/ur_description/share/ur_description/urdf/inc/ur_transmissions.xacro
[2.892s] -- Up-to-date symlink: /home/icrs/icrsUR/install/ur_description/share/ur_description/urdf/ur.ros2_control.xacro
[2.892s] -- Up-to-date symlink: /home/icrs/icrsUR/install/ur_description/share/ur_description/urdf/ur.urdf.xacro
[2.893s] -- Up-to-date symlink: /home/icrs/icrsUR/install/ur_description/share/ur_description/urdf/ur_macro.xacro
[2.893s] -- Up-to-date symlink: /home/icrs/icrsUR/install/ur_description/share/ur_description/test/test_ur_urdf_xacro.py
[2.894s] -- Up-to-date symlink: /home/icrs/icrsUR/install/ur_description/share/ur_description/test/test_view_ur_launch.py
[2.894s] -- Up-to-date symlink: /home/icrs/icrsUR/install/ur_description/share/ament_index/resource_index/package_run_dependencies/ur_description
[2.896s] -- Up-to-date symlink: /home/icrs/icrsUR/install/ur_description/share/ament_index/resource_index/parent_prefix_path/ur_description
[2.896s] -- Up-to-date symlink: /home/icrs/icrsUR/install/ur_description/share/ur_description/environment/ament_prefix_path.sh
[2.896s] -- Up-to-date symlink: /home/icrs/icrsUR/install/ur_description/share/ur_description/environment/ament_prefix_path.dsv
[2.896s] -- Up-to-date symlink: /home/icrs/icrsUR/install/ur_description/share/ur_description/environment/path.sh
[2.896s] -- Up-to-date symlink: /home/icrs/icrsUR/install/ur_description/share/ur_description/environment/path.dsv
[2.896s] -- Up-to-date symlink: /home/icrs/icrsUR/install/ur_description/share/ur_description/local_setup.bash
[2.897s] -- Up-to-date symlink: /home/icrs/icrsUR/install/ur_description/share/ur_description/local_setup.sh
[2.897s] -- Up-to-date symlink: /home/icrs/icrsUR/install/ur_description/share/ur_description/local_setup.zsh
[2.897s] -- Up-to-date symlink: /home/icrs/icrsUR/install/ur_description/share/ur_description/local_setup.dsv
[2.897s] -- Symlinking: /home/icrs/icrsUR/install/ur_description/share/ur_description/package.dsv
[2.915s] -- Up-to-date symlink: /home/icrs/icrsUR/install/ur_description/share/ament_index/resource_index/packages/ur_description
[2.916s] -- Up-to-date symlink: /home/icrs/icrsUR/install/ur_description/share/ur_description/cmake/ur_descriptionConfig.cmake
[2.917s] -- Up-to-date symlink: /home/icrs/icrsUR/install/ur_description/share/ur_description/cmake/ur_descriptionConfig-version.cmake
[2.917s] -- Up-to-date symlink: /home/icrs/icrsUR/install/ur_description/share/ur_description/package.xml
[2.921s] Invoked command in '/home/icrs/icrsUR/build/ur_description' returned '0': CMAKE_PREFIX_PATH=${CMAKE_PREFIX_PATH}:/home/icrs/icrsUR/install/camera_control:/home/icrs/icrsUR/install/gripper_control:/opt/ros/humble /usr/bin/cmake --install /home/icrs/icrsUR/build/ur_description
