[0.034s] Invoking command in '/home/icrs/icrsUR/build/ur_moveit_config': AMENT_PREFIX_PATH=/home/icrs/icrsUR/install/ur_description:${AMENT_PREFIX_PATH} CMAKE_PREFIX_PATH=/home/icrs/icrsUR/install/ur_description:/home/icrs/isac/install/iw_hub_navigation:/home/icrs/isac/install/isaacsim:/home/icrs/isac/install/isaac_tutorials:/home/icrs/isac/install/isaac_ros2_messages:/home/icrs/isac/install/custom_message:/home/icrs/isac/install/carter_navigation:/home/icrs/isac/install/isaac_ros_navigation_goal:/opt/ros/humble /usr/bin/cmake --build /home/icrs/icrsUR/build/ur_moveit_config -- -j8 -l8
[0.105s] Built target ament_cmake_python_symlink_ur_moveit_config
[0.445s] running egg_info
[0.446s] writing ur_moveit_config.egg-info/PKG-INFO
[0.447s] writing dependency_links to ur_moveit_config.egg-info/dependency_links.txt
[0.447s] writing top-level names to ur_moveit_config.egg-info/top_level.txt
[0.450s] reading manifest file 'ur_moveit_config.egg-info/SOURCES.txt'
[0.450s] writing manifest file 'ur_moveit_config.egg-info/SOURCES.txt'
[0.487s] Built target ament_cmake_python_build_ur_moveit_config_egg
[0.589s] Invoked command in '/home/icrs/icrsUR/build/ur_moveit_config' returned '0': AMENT_PREFIX_PATH=/home/icrs/icrsUR/install/ur_description:${AMENT_PREFIX_PATH} CMAKE_PREFIX_PATH=/home/icrs/icrsUR/install/ur_description:/home/icrs/isac/install/iw_hub_navigation:/home/icrs/isac/install/isaacsim:/home/icrs/isac/install/isaac_tutorials:/home/icrs/isac/install/isaac_ros2_messages:/home/icrs/isac/install/custom_message:/home/icrs/isac/install/carter_navigation:/home/icrs/isac/install/isaac_ros_navigation_goal:/opt/ros/humble /usr/bin/cmake --build /home/icrs/icrsUR/build/ur_moveit_config -- -j8 -l8
[0.631s] Invoking command in '/home/icrs/icrsUR/build/ur_moveit_config': AMENT_PREFIX_PATH=/home/icrs/icrsUR/install/ur_description:${AMENT_PREFIX_PATH} CMAKE_PREFIX_PATH=/home/icrs/icrsUR/install/ur_description:/home/icrs/isac/install/iw_hub_navigation:/home/icrs/isac/install/isaacsim:/home/icrs/isac/install/isaac_tutorials:/home/icrs/isac/install/isaac_ros2_messages:/home/icrs/isac/install/custom_message:/home/icrs/isac/install/carter_navigation:/home/icrs/isac/install/isaac_ros_navigation_goal:/opt/ros/humble /usr/bin/cmake --install /home/icrs/icrsUR/build/ur_moveit_config
[0.638s] -- Install configuration: ""
[0.638s] -- Execute custom install script
[0.639s] -- Up-to-date symlink: /home/icrs/icrsUR/install/ur_moveit_config/share/ur_moveit_config/config/controllers.yaml
[0.639s] -- Up-to-date symlink: /home/icrs/icrsUR/install/ur_moveit_config/share/ur_moveit_config/config/kinematics.yaml
[0.639s] -- Up-to-date symlink: /home/icrs/icrsUR/install/ur_moveit_config/share/ur_moveit_config/config/ompl_planning.yaml
[0.639s] -- Up-to-date symlink: /home/icrs/icrsUR/install/ur_moveit_config/share/ur_moveit_config/config/ur_servo.yaml
[0.640s] -- Up-to-date symlink: /home/icrs/icrsUR/install/ur_moveit_config/share/ur_moveit_config/launch/ur_moveit.launch.py
[0.641s] -- Up-to-date symlink: /home/icrs/icrsUR/install/ur_moveit_config/share/ur_moveit_config/rviz/view_robot.rviz
[0.642s] -- Up-to-date symlink: /home/icrs/icrsUR/install/ur_moveit_config/share/ur_moveit_config/srdf/ur.srdf.xacro
[0.642s] -- Up-to-date symlink: /home/icrs/icrsUR/install/ur_moveit_config/share/ur_moveit_config/srdf/ur_macro.srdf.xacro
[0.643s] -- Up-to-date symlink: /home/icrs/icrsUR/install/ur_moveit_config/share/ur_moveit_config/environment/pythonpath.sh
[0.643s] -- Up-to-date symlink: /home/icrs/icrsUR/install/ur_moveit_config/share/ur_moveit_config/environment/pythonpath.dsv
[0.644s] -- Up-to-date symlink: /home/icrs/icrsUR/install/ur_moveit_config/local/lib/python3.10/dist-packages/ur_moveit_config-2.2.10-py3.10.egg-info/PKG-INFO
[0.644s] -- Up-to-date symlink: /home/icrs/icrsUR/install/ur_moveit_config/local/lib/python3.10/dist-packages/ur_moveit_config-2.2.10-py3.10.egg-info/SOURCES.txt
[0.644s] -- Up-to-date symlink: /home/icrs/icrsUR/install/ur_moveit_config/local/lib/python3.10/dist-packages/ur_moveit_config-2.2.10-py3.10.egg-info/dependency_links.txt
[0.644s] -- Up-to-date symlink: /home/icrs/icrsUR/install/ur_moveit_config/local/lib/python3.10/dist-packages/ur_moveit_config-2.2.10-py3.10.egg-info/top_level.txt
[0.645s] -- Up-to-date symlink: /home/icrs/icrsUR/install/ur_moveit_config/local/lib/python3.10/dist-packages/ur_moveit_config/__init__.py
[0.645s] -- Up-to-date symlink: /home/icrs/icrsUR/install/ur_moveit_config/local/lib/python3.10/dist-packages/ur_moveit_config/launch_common.py
[0.646s] -- Up-to-date symlink: /home/icrs/icrsUR/install/ur_moveit_config/local/lib/python3.10/dist-packages/launch_common.py
[0.646s] -- Up-to-date symlink: /home/icrs/icrsUR/install/ur_moveit_config/share/ament_index/resource_index/package_run_dependencies/ur_moveit_config
[0.647s] -- Up-to-date symlink: /home/icrs/icrsUR/install/ur_moveit_config/share/ament_index/resource_index/parent_prefix_path/ur_moveit_config
[0.647s] -- Up-to-date symlink: /home/icrs/icrsUR/install/ur_moveit_config/share/ur_moveit_config/environment/ament_prefix_path.sh
[0.648s] -- Up-to-date symlink: /home/icrs/icrsUR/install/ur_moveit_config/share/ur_moveit_config/environment/ament_prefix_path.dsv
[0.648s] -- Up-to-date symlink: /home/icrs/icrsUR/install/ur_moveit_config/share/ur_moveit_config/environment/path.sh
[0.648s] -- Up-to-date symlink: /home/icrs/icrsUR/install/ur_moveit_config/share/ur_moveit_config/environment/path.dsv
[0.649s] -- Up-to-date symlink: /home/icrs/icrsUR/install/ur_moveit_config/share/ur_moveit_config/local_setup.bash
[0.649s] -- Up-to-date symlink: /home/icrs/icrsUR/install/ur_moveit_config/share/ur_moveit_config/local_setup.sh
[0.650s] -- Up-to-date symlink: /home/icrs/icrsUR/install/ur_moveit_config/share/ur_moveit_config/local_setup.zsh
[0.650s] -- Up-to-date symlink: /home/icrs/icrsUR/install/ur_moveit_config/share/ur_moveit_config/local_setup.dsv
[0.650s] -- Symlinking: /home/icrs/icrsUR/install/ur_moveit_config/share/ur_moveit_config/package.dsv
[0.664s] -- Up-to-date symlink: /home/icrs/icrsUR/install/ur_moveit_config/share/ament_index/resource_index/packages/ur_moveit_config
[0.665s] -- Up-to-date symlink: /home/icrs/icrsUR/install/ur_moveit_config/share/ur_moveit_config/cmake/ur_moveit_configConfig.cmake
[0.665s] -- Up-to-date symlink: /home/icrs/icrsUR/install/ur_moveit_config/share/ur_moveit_config/cmake/ur_moveit_configConfig-version.cmake
[0.666s] -- Up-to-date symlink: /home/icrs/icrsUR/install/ur_moveit_config/share/ur_moveit_config/package.xml
[0.723s] Listing '/home/icrs/icrsUR/install/ur_moveit_config/local/lib/python3.10/dist-packages/ur_moveit_config'...
[0.792s] Invoked command in '/home/icrs/icrsUR/build/ur_moveit_config' returned '0': AMENT_PREFIX_PATH=/home/icrs/icrsUR/install/ur_description:${AMENT_PREFIX_PATH} CMAKE_PREFIX_PATH=/home/icrs/icrsUR/install/ur_description:/home/icrs/isac/install/iw_hub_navigation:/home/icrs/isac/install/isaacsim:/home/icrs/isac/install/isaac_tutorials:/home/icrs/isac/install/isaac_ros2_messages:/home/icrs/isac/install/custom_message:/home/icrs/isac/install/carter_navigation:/home/icrs/isac/install/isaac_ros_navigation_goal:/opt/ros/humble /usr/bin/cmake --install /home/icrs/icrsUR/build/ur_moveit_config
