[0.016s] Invoking command in '/home/icrs/icrsUR/build/ur_calibration': CMAKE_PREFIX_PATH=/home/icrs/icrsUR/install/ur_robot_driver:/home/icrs/icrsUR/install/ur_controllers:/home/icrs/icrsUR/install/ur_description:/home/icrs/icrsUR/install/ur_dashboard_msgs:/home/icrs/icrsUR/install/ur:/home/icrs/icrsUR/install/ur_calibration:/home/icrs/icrsUR/install/ur_mover:/home/icrs/icrsUR/install/ur_moveit_config:/home/icrs/icrsUR/install/ur_bringup:/home/icrs/icrsUR/install/ur_custom_interfaces:/home/icrs/icrsUR/install/service_ur5ik:/home/icrs/icrsUR/install/robotiq_description:/home/icrs/icrsUR/install/interfaces_ur5ik:/home/icrs/icrsUR/install/camera_control:/home/icrs/icrsUR/install/gripper_control:/opt/ros/humble /usr/bin/cmake /home/icrs/icrsUR/src/Universal_Robots_ROS2_Driver/ur_calibration -DCMAKE_INSTALL_PREFIX=/home/icrs/icrsUR/install/ur_calibration
[0.029s] [0mur_calibration: You did not request a specific build type: selecting 'RelWithDebInfo'.[0m
[0.029s] -- Found ament_cmake: 1.3.10 (/opt/ros/humble/share/ament_cmake/cmake)
[0.178s] -- Override CMake install command with custom implementation using symlinks instead of copying resources
[0.186s] -- Found rclcpp: 16.0.10 (/opt/ros/humble/share/rclcpp/cmake)
[0.218s] -- Found rosidl_generator_c: 3.1.5 (/opt/ros/humble/share/rosidl_generator_c/cmake)
[0.220s] -- Found rosidl_adapter: 3.1.5 (/opt/ros/humble/share/rosidl_adapter/cmake)
[0.226s] -- Found rosidl_generator_cpp: 3.1.5 (/opt/ros/humble/share/rosidl_generator_cpp/cmake)
[0.238s] -- Using all available rosidl_typesupport_c: rosidl_typesupport_fastrtps_c;rosidl_typesupport_introspection_c
[0.253s] -- Using all available rosidl_typesupport_cpp: rosidl_typesupport_fastrtps_cpp;rosidl_typesupport_introspection_cpp
[0.291s] -- Found rmw_implementation_cmake: 6.1.2 (/opt/ros/humble/share/rmw_implementation_cmake/cmake)
[0.293s] -- Found rmw_fastrtps_cpp: 6.2.7 (/opt/ros/humble/share/rmw_fastrtps_cpp/cmake)
[0.407s] -- Using RMW implementation 'rmw_fastrtps_cpp' as default
[0.475s] -- Found ur_robot_driver: 2.2.10 (/home/icrs/icrsUR/install/ur_robot_driver/share/ur_robot_driver/cmake)
[0.784s] -- Found eigen3_cmake_module: 0.1.1 (/opt/ros/humble/share/eigen3_cmake_module/cmake)
[0.788s] -- Ensuring Eigen3 include directory is part of orocos-kdl CMake target
[1.001s] -- Found ament_cmake_gmock: 1.3.10 (/opt/ros/humble/share/ament_cmake_gmock/cmake)
[1.003s] -- Found gmock sources under '/opt/ros/humble/src/gmock_vendor': C++ tests using 'Google Mock' will be built
[1.007s] -- Found ament_cmake_gtest: 1.3.10 (/opt/ros/humble/share/ament_cmake_gtest/cmake)
[1.009s] -- Found gtest sources under '/opt/ros/humble/src/gtest_vendor': C++ tests using 'Google Test' will be built
[1.111s] -- Configuring done
[1.211s] -- Generating done
[1.214s] -- Build files have been written to: /home/icrs/icrsUR/build/ur_calibration
[1.227s] Invoked command in '/home/icrs/icrsUR/build/ur_calibration' returned '0': CMAKE_PREFIX_PATH=/home/icrs/icrsUR/install/ur_robot_driver:/home/icrs/icrsUR/install/ur_controllers:/home/icrs/icrsUR/install/ur_description:/home/icrs/icrsUR/install/ur_dashboard_msgs:/home/icrs/icrsUR/install/ur:/home/icrs/icrsUR/install/ur_calibration:/home/icrs/icrsUR/install/ur_mover:/home/icrs/icrsUR/install/ur_moveit_config:/home/icrs/icrsUR/install/ur_bringup:/home/icrs/icrsUR/install/ur_custom_interfaces:/home/icrs/icrsUR/install/service_ur5ik:/home/icrs/icrsUR/install/robotiq_description:/home/icrs/icrsUR/install/interfaces_ur5ik:/home/icrs/icrsUR/install/camera_control:/home/icrs/icrsUR/install/gripper_control:/opt/ros/humble /usr/bin/cmake /home/icrs/icrsUR/src/Universal_Robots_ROS2_Driver/ur_calibration -DCMAKE_INSTALL_PREFIX=/home/icrs/icrsUR/install/ur_calibration
[1.229s] Invoking command in '/home/icrs/icrsUR/build/ur_calibration': CMAKE_PREFIX_PATH=/home/icrs/icrsUR/install/ur_robot_driver:/home/icrs/icrsUR/install/ur_controllers:/home/icrs/icrsUR/install/ur_description:/home/icrs/icrsUR/install/ur_dashboard_msgs:/home/icrs/icrsUR/install/ur:/home/icrs/icrsUR/install/ur_calibration:/home/icrs/icrsUR/install/ur_mover:/home/icrs/icrsUR/install/ur_moveit_config:/home/icrs/icrsUR/install/ur_bringup:/home/icrs/icrsUR/install/ur_custom_interfaces:/home/icrs/icrsUR/install/service_ur5ik:/home/icrs/icrsUR/install/robotiq_description:/home/icrs/icrsUR/install/interfaces_ur5ik:/home/icrs/icrsUR/install/camera_control:/home/icrs/icrsUR/install/gripper_control:/opt/ros/humble /usr/bin/cmake --build /home/icrs/icrsUR/build/ur_calibration -- -j8 -l8
[1.275s] [35m[1mConsolidate compiler generated dependencies of target gmock[0m
[1.275s] [35m[1mConsolidate compiler generated dependencies of target gmock_main[0m
[1.276s] [35m[1mConsolidate compiler generated dependencies of target calibration[0m
[1.293s] [ 16%] Built target gmock_main
[1.295s] [ 41%] Built target gmock
[1.303s] [ 66%] Built target calibration
[1.316s] [35m[1mConsolidate compiler generated dependencies of target calibration_correction[0m
[1.316s] [35m[1mConsolidate compiler generated dependencies of target calibration_test[0m
[1.337s] [100%] Built target calibration_correction
[1.337s] [100%] Built target calibration_test
[1.350s] Invoked command in '/home/icrs/icrsUR/build/ur_calibration' returned '0': CMAKE_PREFIX_PATH=/home/icrs/icrsUR/install/ur_robot_driver:/home/icrs/icrsUR/install/ur_controllers:/home/icrs/icrsUR/install/ur_description:/home/icrs/icrsUR/install/ur_dashboard_msgs:/home/icrs/icrsUR/install/ur:/home/icrs/icrsUR/install/ur_calibration:/home/icrs/icrsUR/install/ur_mover:/home/icrs/icrsUR/install/ur_moveit_config:/home/icrs/icrsUR/install/ur_bringup:/home/icrs/icrsUR/install/ur_custom_interfaces:/home/icrs/icrsUR/install/service_ur5ik:/home/icrs/icrsUR/install/robotiq_description:/home/icrs/icrsUR/install/interfaces_ur5ik:/home/icrs/icrsUR/install/camera_control:/home/icrs/icrsUR/install/gripper_control:/opt/ros/humble /usr/bin/cmake --build /home/icrs/icrsUR/build/ur_calibration -- -j8 -l8
[1.388s] Invoking command in '/home/icrs/icrsUR/build/ur_calibration': CMAKE_PREFIX_PATH=/home/icrs/icrsUR/install/ur_robot_driver:/home/icrs/icrsUR/install/ur_controllers:/home/icrs/icrsUR/install/ur_description:/home/icrs/icrsUR/install/ur_dashboard_msgs:/home/icrs/icrsUR/install/ur:/home/icrs/icrsUR/install/ur_calibration:/home/icrs/icrsUR/install/ur_mover:/home/icrs/icrsUR/install/ur_moveit_config:/home/icrs/icrsUR/install/ur_bringup:/home/icrs/icrsUR/install/ur_custom_interfaces:/home/icrs/icrsUR/install/service_ur5ik:/home/icrs/icrsUR/install/robotiq_description:/home/icrs/icrsUR/install/interfaces_ur5ik:/home/icrs/icrsUR/install/camera_control:/home/icrs/icrsUR/install/gripper_control:/opt/ros/humble /usr/bin/cmake --install /home/icrs/icrsUR/build/ur_calibration
[1.397s] -- Install configuration: "RelWithDebInfo"
[1.398s] -- Execute custom install script
[1.398s] -- Up-to-date symlink: /home/icrs/icrsUR/install/ur_calibration/lib/ur_calibration/calibration_correction
[1.399s] -- Up-to-date symlink: /home/icrs/icrsUR/install/ur_calibration/include/ur_calibration/calibration.hpp
[1.399s] -- Up-to-date symlink: /home/icrs/icrsUR/install/ur_calibration/include/ur_calibration/calibration_consumer.hpp
[1.399s] -- Up-to-date symlink: /home/icrs/icrsUR/install/ur_calibration/share/ur_calibration/launch/calibration_correction.launch.py
[1.399s] -- Up-to-date symlink: /home/icrs/icrsUR/install/ur_calibration/share/ament_index/resource_index/package_run_dependencies/ur_calibration
[1.399s] -- Up-to-date symlink: /home/icrs/icrsUR/install/ur_calibration/share/ament_index/resource_index/parent_prefix_path/ur_calibration
[1.399s] -- Up-to-date symlink: /home/icrs/icrsUR/install/ur_calibration/share/ur_calibration/environment/ament_prefix_path.sh
[1.400s] -- Up-to-date symlink: /home/icrs/icrsUR/install/ur_calibration/share/ur_calibration/environment/ament_prefix_path.dsv
[1.400s] -- Up-to-date symlink: /home/icrs/icrsUR/install/ur_calibration/share/ur_calibration/environment/path.sh
[1.400s] -- Up-to-date symlink: /home/icrs/icrsUR/install/ur_calibration/share/ur_calibration/environment/path.dsv
[1.400s] -- Up-to-date symlink: /home/icrs/icrsUR/install/ur_calibration/share/ur_calibration/local_setup.bash
[1.400s] -- Up-to-date symlink: /home/icrs/icrsUR/install/ur_calibration/share/ur_calibration/local_setup.sh
[1.400s] -- Up-to-date symlink: /home/icrs/icrsUR/install/ur_calibration/share/ur_calibration/local_setup.zsh
[1.401s] -- Up-to-date symlink: /home/icrs/icrsUR/install/ur_calibration/share/ur_calibration/local_setup.dsv
[1.401s] -- Symlinking: /home/icrs/icrsUR/install/ur_calibration/share/ur_calibration/package.dsv
[1.409s] -- Up-to-date symlink: /home/icrs/icrsUR/install/ur_calibration/share/ament_index/resource_index/packages/ur_calibration
[1.410s] -- Up-to-date symlink: /home/icrs/icrsUR/install/ur_calibration/share/ur_calibration/cmake/ament_cmake_export_include_directories-extras.cmake
[1.410s] -- Up-to-date symlink: /home/icrs/icrsUR/install/ur_calibration/share/ur_calibration/cmake/ament_cmake_export_dependencies-extras.cmake
[1.410s] -- Up-to-date symlink: /home/icrs/icrsUR/install/ur_calibration/share/ur_calibration/cmake/ur_calibrationConfig.cmake
[1.410s] -- Up-to-date symlink: /home/icrs/icrsUR/install/ur_calibration/share/ur_calibration/cmake/ur_calibrationConfig-version.cmake
[1.410s] -- Up-to-date symlink: /home/icrs/icrsUR/install/ur_calibration/share/ur_calibration/package.xml
[1.413s] Invoked command in '/home/icrs/icrsUR/build/ur_calibration' returned '0': CMAKE_PREFIX_PATH=/home/icrs/icrsUR/install/ur_robot_driver:/home/icrs/icrsUR/install/ur_controllers:/home/icrs/icrsUR/install/ur_description:/home/icrs/icrsUR/install/ur_dashboard_msgs:/home/icrs/icrsUR/install/ur:/home/icrs/icrsUR/install/ur_calibration:/home/icrs/icrsUR/install/ur_mover:/home/icrs/icrsUR/install/ur_moveit_config:/home/icrs/icrsUR/install/ur_bringup:/home/icrs/icrsUR/install/ur_custom_interfaces:/home/icrs/icrsUR/install/service_ur5ik:/home/icrs/icrsUR/install/robotiq_description:/home/icrs/icrsUR/install/interfaces_ur5ik:/home/icrs/icrsUR/install/camera_control:/home/icrs/icrsUR/install/gripper_control:/opt/ros/humble /usr/bin/cmake --install /home/icrs/icrsUR/build/ur_calibration
