[0.027s] Invoking command in '/home/icrs/icrsUR/build/ur_dashboard_msgs': CMAKE_PREFIX_PATH=${CMAKE_PREFIX_PATH}:/opt/ros/humble /usr/bin/cmake --build /home/icrs/icrsUR/build/ur_dashboard_msgs -- -j8 -l8
[0.523s] [  0%] Built target ur_dashboard_msgs__cpp
[0.524s] [ 12%] Built target ur_dashboard_msgs__rosidl_generator_c
[0.524s] [ 12%] Built target ament_cmake_python_symlink_ur_dashboard_msgs
[0.524s] [ 24%] Built target ur_dashboard_msgs__rosidl_typesupport_fastrtps_c
[0.525s] [ 36%] Built target ur_dashboard_msgs__rosidl_typesupport_introspection_c
[0.525s] [ 48%] Built target ur_dashboard_msgs__rosidl_typesupport_introspection_cpp
[0.525s] [ 60%] Built target ur_dashboard_msgs__rosidl_typesupport_c
[0.525s] [ 72%] Built target ur_dashboard_msgs__rosidl_typesupport_fastrtps_cpp
[0.525s] [ 84%] Built target ur_dashboard_msgs__rosidl_typesupport_cpp
[0.525s] [ 84%] Built target ur_dashboard_msgs
[0.526s] [ 85%] Built target ur_dashboard_msgs__py
[0.526s] [ 96%] Built target ur_dashboard_msgs__rosidl_generator_py
[0.526s] [ 97%] Built target ur_dashboard_msgs__rosidl_typesupport_fastrtps_c__pyext
[0.526s] [ 99%] Built target ur_dashboard_msgs__rosidl_typesupport_introspection_c__pyext
[0.526s] [100%] Built target ur_dashboard_msgs__rosidl_typesupport_c__pyext
[0.700s] running egg_info
[0.701s] writing ur_dashboard_msgs.egg-info/PKG-INFO
[0.701s] writing dependency_links to ur_dashboard_msgs.egg-info/dependency_links.txt
[0.702s] writing top-level names to ur_dashboard_msgs.egg-info/top_level.txt
[0.705s] reading manifest file 'ur_dashboard_msgs.egg-info/SOURCES.txt'
[0.705s] writing manifest file 'ur_dashboard_msgs.egg-info/SOURCES.txt'
[0.741s] [100%] Built target ament_cmake_python_build_ur_dashboard_msgs_egg
