[0.015s] Invoking command in '/home/icrs/icrsUR/build/ur_robot_driver': CMAKE_PREFIX_PATH=/home/icrs/icrsUR/install/ur_controllers:/home/icrs/icrsUR/install/ur_description:/home/icrs/icrsUR/install/ur_dashboard_msgs:/home/icrs/icrsUR/install/ur:/home/icrs/icrsUR/install/ur_calibration:/home/icrs/icrsUR/install/ur_robot_driver:/home/icrs/icrsUR/install/ur_mover:/home/icrs/icrsUR/install/ur_moveit_config:/home/icrs/icrsUR/install/ur_bringup:/home/icrs/icrsUR/install/ur_custom_interfaces:/home/icrs/icrsUR/install/service_ur5ik:/home/icrs/icrsUR/install/robotiq_description:/home/icrs/icrsUR/install/module_5_assignment:/home/icrs/icrsUR/install/module_3_assignment:/home/icrs/icrsUR/install/module_1_assignment:/home/icrs/icrsUR/install/module_10_assignment:/home/icrs/icrsUR/install/interfaces_ur5ik:/home/icrs/icrsUR/install/camera_control:/home/icrs/icrsUR/install/gripper_control:/opt/ros/humble LD_LIBRARY_PATH=/home/icrs/icrsUR/install/ur_controllers/lib:/home/icrs/icrsUR/install/ur_dashboard_msgs/lib:/home/icrs/icrsUR/install/ur_robot_driver/lib:/home/icrs/icrsUR/install/ur_custom_interfaces/lib:/home/icrs/icrsUR/install/interfaces_ur5ik/lib:/usr/local/cuda-11.8/lib64:/opt/ros/humble/opt/rviz_ogre_vendor/lib:/opt/ros/humble/lib/x86_64-linux-gnu:/opt/ros/humble/lib /usr/bin/cmake --build /home/icrs/icrsUR/build/ur_robot_driver -- -j8 -l8
[0.104s] [ 13%] Built target urscript_interface
[0.107s] [ 40%] Built target dashboard_client
[0.108s] [ 53%] Built target ur_ros2_control_node
[0.114s] [ 73%] Built target controller_stopper_node
[0.114s] [100%] Built target ur_robot_driver_plugin
[0.116s] [100%] Built target ament_cmake_python_symlink_ur_robot_driver
[0.413s] running egg_info
[0.414s] writing ur_robot_driver.egg-info/PKG-INFO
[0.414s] writing dependency_links to ur_robot_driver.egg-info/dependency_links.txt
[0.414s] writing top-level names to ur_robot_driver.egg-info/top_level.txt
[0.418s] reading manifest file 'ur_robot_driver.egg-info/SOURCES.txt'
[0.418s] writing manifest file 'ur_robot_driver.egg-info/SOURCES.txt'
[0.451s] [100%] Built target ament_cmake_python_build_ur_robot_driver_egg
[0.463s] Invoked command in '/home/icrs/icrsUR/build/ur_robot_driver' returned '0': CMAKE_PREFIX_PATH=/home/icrs/icrsUR/install/ur_controllers:/home/icrs/icrsUR/install/ur_description:/home/icrs/icrsUR/install/ur_dashboard_msgs:/home/icrs/icrsUR/install/ur:/home/icrs/icrsUR/install/ur_calibration:/home/icrs/icrsUR/install/ur_robot_driver:/home/icrs/icrsUR/install/ur_mover:/home/icrs/icrsUR/install/ur_moveit_config:/home/icrs/icrsUR/install/ur_bringup:/home/icrs/icrsUR/install/ur_custom_interfaces:/home/icrs/icrsUR/install/service_ur5ik:/home/icrs/icrsUR/install/robotiq_description:/home/icrs/icrsUR/install/module_5_assignment:/home/icrs/icrsUR/install/module_3_assignment:/home/icrs/icrsUR/install/module_1_assignment:/home/icrs/icrsUR/install/module_10_assignment:/home/icrs/icrsUR/install/interfaces_ur5ik:/home/icrs/icrsUR/install/camera_control:/home/icrs/icrsUR/install/gripper_control:/opt/ros/humble LD_LIBRARY_PATH=/home/icrs/icrsUR/install/ur_controllers/lib:/home/icrs/icrsUR/install/ur_dashboard_msgs/lib:/home/icrs/icrsUR/install/ur_robot_driver/lib:/home/icrs/icrsUR/install/ur_custom_interfaces/lib:/home/icrs/icrsUR/install/interfaces_ur5ik/lib:/usr/local/cuda-11.8/lib64:/opt/ros/humble/opt/rviz_ogre_vendor/lib:/opt/ros/humble/lib/x86_64-linux-gnu:/opt/ros/humble/lib /usr/bin/cmake --build /home/icrs/icrsUR/build/ur_robot_driver -- -j8 -l8
[0.507s] Invoking command in '/home/icrs/icrsUR/build/ur_robot_driver': CMAKE_PREFIX_PATH=/home/icrs/icrsUR/install/ur_controllers:/home/icrs/icrsUR/install/ur_description:/home/icrs/icrsUR/install/ur_dashboard_msgs:/home/icrs/icrsUR/install/ur:/home/icrs/icrsUR/install/ur_calibration:/home/icrs/icrsUR/install/ur_robot_driver:/home/icrs/icrsUR/install/ur_mover:/home/icrs/icrsUR/install/ur_moveit_config:/home/icrs/icrsUR/install/ur_bringup:/home/icrs/icrsUR/install/ur_custom_interfaces:/home/icrs/icrsUR/install/service_ur5ik:/home/icrs/icrsUR/install/robotiq_description:/home/icrs/icrsUR/install/module_5_assignment:/home/icrs/icrsUR/install/module_3_assignment:/home/icrs/icrsUR/install/module_1_assignment:/home/icrs/icrsUR/install/module_10_assignment:/home/icrs/icrsUR/install/interfaces_ur5ik:/home/icrs/icrsUR/install/camera_control:/home/icrs/icrsUR/install/gripper_control:/opt/ros/humble LD_LIBRARY_PATH=/home/icrs/icrsUR/install/ur_controllers/lib:/home/icrs/icrsUR/install/ur_dashboard_msgs/lib:/home/icrs/icrsUR/install/ur_robot_driver/lib:/home/icrs/icrsUR/install/ur_custom_interfaces/lib:/home/icrs/icrsUR/install/interfaces_ur5ik/lib:/usr/local/cuda-11.8/lib64:/opt/ros/humble/opt/rviz_ogre_vendor/lib:/opt/ros/humble/lib/x86_64-linux-gnu:/opt/ros/humble/lib /usr/bin/cmake --install /home/icrs/icrsUR/build/ur_robot_driver
[0.515s] -- Install configuration: "RelWithDebInfo"
[0.515s] -- Execute custom install script
[0.515s] -- Up-to-date symlink: /home/icrs/icrsUR/install/ur_robot_driver/share/ur_robot_driver//hardware_interface_plugin.xml
[0.515s] -- Up-to-date symlink: /home/icrs/icrsUR/install/ur_robot_driver/lib/ur_robot_driver/dashboard_client
[0.516s] -- Up-to-date symlink: /home/icrs/icrsUR/install/ur_robot_driver/lib/ur_robot_driver/ur_ros2_control_node
[0.516s] -- Up-to-date symlink: /home/icrs/icrsUR/install/ur_robot_driver/lib/ur_robot_driver/controller_stopper_node
[0.516s] -- Up-to-date symlink: /home/icrs/icrsUR/install/ur_robot_driver/lib/ur_robot_driver/urscript_interface
[0.516s] -- Up-to-date symlink: /home/icrs/icrsUR/install/ur_robot_driver/lib/libur_robot_driver_plugin.so
[0.516s] -- Up-to-date symlink: /home/icrs/icrsUR/install/ur_robot_driver/include/ur_robot_driver/controller_stopper.hpp
[0.517s] -- Up-to-date symlink: /home/icrs/icrsUR/install/ur_robot_driver/include/ur_robot_driver/dashboard_client_ros.hpp
[0.517s] -- Up-to-date symlink: /home/icrs/icrsUR/install/ur_robot_driver/include/ur_robot_driver/hardware_interface.hpp
[0.517s] -- Up-to-date symlink: /home/icrs/icrsUR/install/ur_robot_driver/include/ur_robot_driver/urcl_log_handler.hpp
[0.517s] -- Up-to-date symlink: /home/icrs/icrsUR/install/ur_robot_driver/share/ur_robot_driver/environment/library_path.sh
[0.517s] -- Up-to-date symlink: /home/icrs/icrsUR/install/ur_robot_driver/share/ur_robot_driver/environment/library_path.dsv
[0.517s] -- Up-to-date symlink: /home/icrs/icrsUR/install/ur_robot_driver/include/ur_robot_driver/controller_stopper.hpp
[0.518s] -- Up-to-date symlink: /home/icrs/icrsUR/install/ur_robot_driver/include/ur_robot_driver/dashboard_client_ros.hpp
[0.518s] -- Up-to-date symlink: /home/icrs/icrsUR/install/ur_robot_driver/include/ur_robot_driver/hardware_interface.hpp
[0.518s] -- Up-to-date symlink: /home/icrs/icrsUR/install/ur_robot_driver/include/ur_robot_driver/urcl_log_handler.hpp
[0.518s] -- Up-to-date symlink: /home/icrs/icrsUR/install/ur_robot_driver/share/ur_robot_driver/environment/pythonpath.sh
[0.518s] -- Up-to-date symlink: /home/icrs/icrsUR/install/ur_robot_driver/share/ur_robot_driver/environment/pythonpath.dsv
[0.518s] -- Up-to-date symlink: /home/icrs/icrsUR/install/ur_robot_driver/local/lib/python3.10/dist-packages/ur_robot_driver-2.2.10-py3.10.egg-info/PKG-INFO
[0.518s] -- Up-to-date symlink: /home/icrs/icrsUR/install/ur_robot_driver/local/lib/python3.10/dist-packages/ur_robot_driver-2.2.10-py3.10.egg-info/SOURCES.txt
[0.518s] -- Up-to-date symlink: /home/icrs/icrsUR/install/ur_robot_driver/local/lib/python3.10/dist-packages/ur_robot_driver-2.2.10-py3.10.egg-info/dependency_links.txt
[0.519s] -- Up-to-date symlink: /home/icrs/icrsUR/install/ur_robot_driver/local/lib/python3.10/dist-packages/ur_robot_driver-2.2.10-py3.10.egg-info/top_level.txt
[0.519s] -- Up-to-date symlink: /home/icrs/icrsUR/install/ur_robot_driver/local/lib/python3.10/dist-packages/ur_robot_driver/__init__.py
[0.519s] -- Up-to-date symlink: /home/icrs/icrsUR/install/ur_robot_driver/lib/ur_robot_driver/tool_communication.py
[0.519s] -- Up-to-date symlink: /home/icrs/icrsUR/install/ur_robot_driver/bin/wait_dashboard_server.sh
[0.519s] -- Up-to-date symlink: /home/icrs/icrsUR/install/ur_robot_driver/lib/ur_robot_driver/start_ursim.sh
[0.520s] -- Up-to-date symlink: /home/icrs/icrsUR/install/ur_robot_driver/share/ur_robot_driver/config/test_goal_publishers_config.yaml
[0.520s] -- Up-to-date symlink: /home/icrs/icrsUR/install/ur_robot_driver/share/ur_robot_driver/config/test_velocity_goal_publishers_config.yaml
[0.520s] -- Up-to-date symlink: /home/icrs/icrsUR/install/ur_robot_driver/share/ur_robot_driver/config/ur10_update_rate.yaml
[0.520s] -- Up-to-date symlink: /home/icrs/icrsUR/install/ur_robot_driver/share/ur_robot_driver/config/ur10e_update_rate.yaml
[0.520s] -- Up-to-date symlink: /home/icrs/icrsUR/install/ur_robot_driver/share/ur_robot_driver/config/ur16e_update_rate.yaml
[0.520s] -- Up-to-date symlink: /home/icrs/icrsUR/install/ur_robot_driver/share/ur_robot_driver/config/ur20_update_rate.yaml
[0.520s] -- Up-to-date symlink: /home/icrs/icrsUR/install/ur_robot_driver/share/ur_robot_driver/config/ur3_update_rate.yaml
[0.520s] -- Up-to-date symlink: /home/icrs/icrsUR/install/ur_robot_driver/share/ur_robot_driver/config/ur3e_update_rate.yaml
[0.520s] -- Up-to-date symlink: /home/icrs/icrsUR/install/ur_robot_driver/share/ur_robot_driver/config/ur5_update_rate.yaml
[0.520s] -- Up-to-date symlink: /home/icrs/icrsUR/install/ur_robot_driver/share/ur_robot_driver/config/ur5e_update_rate.yaml
[0.520s] -- Up-to-date symlink: /home/icrs/icrsUR/install/ur_robot_driver/share/ur_robot_driver/config/ur_controllers.yaml
[0.521s] -- Up-to-date symlink: /home/icrs/icrsUR/install/ur_robot_driver/share/ur_robot_driver/launch/test_forward_velocity_controller.launch.py
[0.521s] -- Up-to-date symlink: /home/icrs/icrsUR/install/ur_robot_driver/share/ur_robot_driver/launch/test_joint_trajectory_controller.launch.py
[0.521s] -- Up-to-date symlink: /home/icrs/icrsUR/install/ur_robot_driver/share/ur_robot_driver/launch/test_scaled_joint_trajectory_controller.launch.py
[0.521s] -- Up-to-date symlink: /home/icrs/icrsUR/install/ur_robot_driver/share/ur_robot_driver/launch/ur10.launch.py
[0.521s] -- Up-to-date symlink: /home/icrs/icrsUR/install/ur_robot_driver/share/ur_robot_driver/launch/ur10e.launch.py
[0.521s] -- Up-to-date symlink: /home/icrs/icrsUR/install/ur_robot_driver/share/ur_robot_driver/launch/ur16e.launch.py
[0.521s] -- Up-to-date symlink: /home/icrs/icrsUR/install/ur_robot_driver/share/ur_robot_driver/launch/ur20.launch.py
[0.521s] -- Up-to-date symlink: /home/icrs/icrsUR/install/ur_robot_driver/share/ur_robot_driver/launch/ur3.launch.py
[0.521s] -- Up-to-date symlink: /home/icrs/icrsUR/install/ur_robot_driver/share/ur_robot_driver/launch/ur3e.launch.py
[0.522s] -- Up-to-date symlink: /home/icrs/icrsUR/install/ur_robot_driver/share/ur_robot_driver/launch/ur5.launch.py
[0.522s] -- Up-to-date symlink: /home/icrs/icrsUR/install/ur_robot_driver/share/ur_robot_driver/launch/ur5e.launch.py
[0.522s] -- Up-to-date symlink: /home/icrs/icrsUR/install/ur_robot_driver/share/ur_robot_driver/launch/ur_control.launch.py
[0.522s] -- Up-to-date symlink: /home/icrs/icrsUR/install/ur_robot_driver/share/ur_robot_driver/launch/ur_dashboard_client.launch.py
[0.522s] -- Up-to-date symlink: /home/icrs/icrsUR/install/ur_robot_driver/share/ament_index/resource_index/package_run_dependencies/ur_robot_driver
[0.522s] -- Up-to-date symlink: /home/icrs/icrsUR/install/ur_robot_driver/share/ament_index/resource_index/parent_prefix_path/ur_robot_driver
[0.522s] -- Up-to-date symlink: /home/icrs/icrsUR/install/ur_robot_driver/share/ur_robot_driver/environment/ament_prefix_path.sh
[0.522s] -- Up-to-date symlink: /home/icrs/icrsUR/install/ur_robot_driver/share/ur_robot_driver/environment/ament_prefix_path.dsv
[0.522s] -- Up-to-date symlink: /home/icrs/icrsUR/install/ur_robot_driver/share/ur_robot_driver/environment/path.sh
[0.523s] -- Up-to-date symlink: /home/icrs/icrsUR/install/ur_robot_driver/share/ur_robot_driver/environment/path.dsv
[0.523s] -- Up-to-date symlink: /home/icrs/icrsUR/install/ur_robot_driver/share/ur_robot_driver/local_setup.bash
[0.523s] -- Up-to-date symlink: /home/icrs/icrsUR/install/ur_robot_driver/share/ur_robot_driver/local_setup.sh
[0.523s] -- Up-to-date symlink: /home/icrs/icrsUR/install/ur_robot_driver/share/ur_robot_driver/local_setup.zsh
[0.523s] -- Up-to-date symlink: /home/icrs/icrsUR/install/ur_robot_driver/share/ur_robot_driver/local_setup.dsv
[0.523s] -- Symlinking: /home/icrs/icrsUR/install/ur_robot_driver/share/ur_robot_driver/package.dsv
[0.531s] -- Up-to-date symlink: /home/icrs/icrsUR/install/ur_robot_driver/share/ament_index/resource_index/packages/ur_robot_driver
[0.531s] -- Up-to-date symlink: /home/icrs/icrsUR/install/ur_robot_driver/share/ament_index/resource_index/hardware_interface__pluginlib__plugin/ur_robot_driver
[0.531s] -- Up-to-date symlink: /home/icrs/icrsUR/install/ur_robot_driver/share/ur_robot_driver/cmake/ament_cmake_export_include_directories-extras.cmake
[0.531s] -- Up-to-date symlink: /home/icrs/icrsUR/install/ur_robot_driver/share/ur_robot_driver/cmake/ament_cmake_export_libraries-extras.cmake
[0.531s] -- Up-to-date symlink: /home/icrs/icrsUR/install/ur_robot_driver/share/ur_robot_driver/cmake/ament_cmake_export_dependencies-extras.cmake
[0.532s] -- Up-to-date symlink: /home/icrs/icrsUR/install/ur_robot_driver/share/ur_robot_driver/cmake/ur_robot_driverConfig.cmake
[0.532s] -- Up-to-date symlink: /home/icrs/icrsUR/install/ur_robot_driver/share/ur_robot_driver/cmake/ur_robot_driverConfig-version.cmake
[0.532s] -- Up-to-date symlink: /home/icrs/icrsUR/install/ur_robot_driver/share/ur_robot_driver/package.xml
[0.532s] -- Up-to-date: /home/icrs/icrsUR/install/ur_robot_driver/share/ur_robot_driver/resources
[0.532s] -- Up-to-date: /home/icrs/icrsUR/install/ur_robot_driver/share/ur_robot_driver/resources/rtde_input_recipe.txt
[0.532s] -- Up-to-date: /home/icrs/icrsUR/install/ur_robot_driver/share/ur_robot_driver/resources/rs485-1.0.urcap
[0.532s] -- Up-to-date: /home/icrs/icrsUR/install/ur_robot_driver/share/ur_robot_driver/resources/externalcontrol-1.0.5.urcap
[0.532s] -- Up-to-date: /home/icrs/icrsUR/install/ur_robot_driver/share/ur_robot_driver/resources/rtde_output_recipe.txt
[0.532s] -- Up-to-date: /home/icrs/icrsUR/install/ur_robot_driver/share/ur_robot_driver/resources/ros_control.urscript
[0.566s] Listing '/home/icrs/icrsUR/install/ur_robot_driver/local/lib/python3.10/dist-packages/ur_robot_driver'...
[0.574s] Invoked command in '/home/icrs/icrsUR/build/ur_robot_driver' returned '0': CMAKE_PREFIX_PATH=/home/icrs/icrsUR/install/ur_controllers:/home/icrs/icrsUR/install/ur_description:/home/icrs/icrsUR/install/ur_dashboard_msgs:/home/icrs/icrsUR/install/ur:/home/icrs/icrsUR/install/ur_calibration:/home/icrs/icrsUR/install/ur_robot_driver:/home/icrs/icrsUR/install/ur_mover:/home/icrs/icrsUR/install/ur_moveit_config:/home/icrs/icrsUR/install/ur_bringup:/home/icrs/icrsUR/install/ur_custom_interfaces:/home/icrs/icrsUR/install/service_ur5ik:/home/icrs/icrsUR/install/robotiq_description:/home/icrs/icrsUR/install/module_5_assignment:/home/icrs/icrsUR/install/module_3_assignment:/home/icrs/icrsUR/install/module_1_assignment:/home/icrs/icrsUR/install/module_10_assignment:/home/icrs/icrsUR/install/interfaces_ur5ik:/home/icrs/icrsUR/install/camera_control:/home/icrs/icrsUR/install/gripper_control:/opt/ros/humble LD_LIBRARY_PATH=/home/icrs/icrsUR/install/ur_controllers/lib:/home/icrs/icrsUR/install/ur_dashboard_msgs/lib:/home/icrs/icrsUR/install/ur_robot_driver/lib:/home/icrs/icrsUR/install/ur_custom_interfaces/lib:/home/icrs/icrsUR/install/interfaces_ur5ik/lib:/usr/local/cuda-11.8/lib64:/opt/ros/humble/opt/rviz_ogre_vendor/lib:/opt/ros/humble/lib/x86_64-linux-gnu:/opt/ros/humble/lib /usr/bin/cmake --install /home/icrs/icrsUR/build/ur_robot_driver
