[0.048s] Invoking command in '/home/icrs/icrsUR/build/ur_moveit_config': AMENT_PREFIX_PATH=/home/icrs/icrsUR/install/ur_description:${AMENT_PREFIX_PATH} CMAKE_PREFIX_PATH=/home/icrs/icrsUR/install/ur_description:/opt/ros/humble /usr/bin/cmake --build /home/icrs/icrsUR/build/ur_moveit_config -- -j8 -l8
[0.102s] Built target ament_cmake_python_symlink_ur_moveit_config
[0.455s] running egg_info
[0.456s] writing ur_moveit_config.egg-info/PKG-INFO
[0.456s] writing dependency_links to ur_moveit_config.egg-info/dependency_links.txt
[0.457s] writing top-level names to ur_moveit_config.egg-info/top_level.txt
[0.459s] reading manifest file 'ur_moveit_config.egg-info/SOURCES.txt'
[0.460s] writing manifest file 'ur_moveit_config.egg-info/SOURCES.txt'
[0.497s] Built target ament_cmake_python_build_ur_moveit_config_egg
[0.648s] Invoked command in '/home/icrs/icrsUR/build/ur_moveit_config' returned '0': AMENT_PREFIX_PATH=/home/icrs/icrsUR/install/ur_description:${AMENT_PREFIX_PATH} CMAKE_PREFIX_PATH=/home/icrs/icrsUR/install/ur_description:/opt/ros/humble /usr/bin/cmake --build /home/icrs/icrsUR/build/ur_moveit_config -- -j8 -l8
[0.702s] Invoking command in '/home/icrs/icrsUR/build/ur_moveit_config': AMENT_PREFIX_PATH=/home/icrs/icrsUR/install/ur_description:${AMENT_PREFIX_PATH} CMAKE_PREFIX_PATH=/home/icrs/icrsUR/install/ur_description:/opt/ros/humble /usr/bin/cmake --install /home/icrs/icrsUR/build/ur_moveit_config
[0.722s] -- Install configuration: ""
[0.723s] -- Execute custom install script
[0.723s] -- Up-to-date symlink: /home/icrs/icrsUR/install/ur_moveit_config/share/ur_moveit_config/config/controllers.yaml
[0.723s] -- Up-to-date symlink: /home/icrs/icrsUR/install/ur_moveit_config/share/ur_moveit_config/config/kinematics.yaml
[0.723s] -- Up-to-date symlink: /home/icrs/icrsUR/install/ur_moveit_config/share/ur_moveit_config/config/ompl_planning.yaml
[0.724s] -- Up-to-date symlink: /home/icrs/icrsUR/install/ur_moveit_config/share/ur_moveit_config/config/ur_servo.yaml
[0.724s] -- Up-to-date symlink: /home/icrs/icrsUR/install/ur_moveit_config/share/ur_moveit_config/launch/ur_moveit.launch.py
[0.727s] -- Up-to-date symlink: /home/icrs/icrsUR/install/ur_moveit_config/share/ur_moveit_config/rviz/view_robot.rviz
[0.728s] -- Up-to-date symlink: /home/icrs/icrsUR/install/ur_moveit_config/share/ur_moveit_config/srdf/ur.srdf.xacro
[0.728s] -- Up-to-date symlink: /home/icrs/icrsUR/install/ur_moveit_config/share/ur_moveit_config/srdf/ur_macro.srdf.xacro
[0.728s] -- Up-to-date symlink: /home/icrs/icrsUR/install/ur_moveit_config/share/ur_moveit_config/environment/pythonpath.sh
[0.728s] -- Up-to-date symlink: /home/icrs/icrsUR/install/ur_moveit_config/share/ur_moveit_config/environment/pythonpath.dsv
[0.729s] -- Up-to-date symlink: /home/icrs/icrsUR/install/ur_moveit_config/local/lib/python3.10/dist-packages/ur_moveit_config-2.2.10-py3.10.egg-info/PKG-INFO
[0.729s] -- Up-to-date symlink: /home/icrs/icrsUR/install/ur_moveit_config/local/lib/python3.10/dist-packages/ur_moveit_config-2.2.10-py3.10.egg-info/SOURCES.txt
[0.729s] -- Up-to-date symlink: /home/icrs/icrsUR/install/ur_moveit_config/local/lib/python3.10/dist-packages/ur_moveit_config-2.2.10-py3.10.egg-info/dependency_links.txt
[0.730s] -- Up-to-date symlink: /home/icrs/icrsUR/install/ur_moveit_config/local/lib/python3.10/dist-packages/ur_moveit_config-2.2.10-py3.10.egg-info/top_level.txt
[0.730s] -- Up-to-date symlink: /home/icrs/icrsUR/install/ur_moveit_config/local/lib/python3.10/dist-packages/ur_moveit_config/__init__.py
[0.731s] -- Up-to-date symlink: /home/icrs/icrsUR/install/ur_moveit_config/local/lib/python3.10/dist-packages/ur_moveit_config/launch_common.py
[0.731s] -- Up-to-date symlink: /home/icrs/icrsUR/install/ur_moveit_config/local/lib/python3.10/dist-packages/launch_common.py
[0.731s] -- Up-to-date symlink: /home/icrs/icrsUR/install/ur_moveit_config/share/ament_index/resource_index/package_run_dependencies/ur_moveit_config
[0.731s] -- Up-to-date symlink: /home/icrs/icrsUR/install/ur_moveit_config/share/ament_index/resource_index/parent_prefix_path/ur_moveit_config
[0.731s] -- Up-to-date symlink: /home/icrs/icrsUR/install/ur_moveit_config/share/ur_moveit_config/environment/ament_prefix_path.sh
[0.731s] -- Up-to-date symlink: /home/icrs/icrsUR/install/ur_moveit_config/share/ur_moveit_config/environment/ament_prefix_path.dsv
[0.731s] -- Up-to-date symlink: /home/icrs/icrsUR/install/ur_moveit_config/share/ur_moveit_config/environment/path.sh
[0.731s] -- Up-to-date symlink: /home/icrs/icrsUR/install/ur_moveit_config/share/ur_moveit_config/environment/path.dsv
[0.732s] -- Up-to-date symlink: /home/icrs/icrsUR/install/ur_moveit_config/share/ur_moveit_config/local_setup.bash
[0.732s] -- Up-to-date symlink: /home/icrs/icrsUR/install/ur_moveit_config/share/ur_moveit_config/local_setup.sh
[0.732s] -- Up-to-date symlink: /home/icrs/icrsUR/install/ur_moveit_config/share/ur_moveit_config/local_setup.zsh
[0.732s] -- Up-to-date symlink: /home/icrs/icrsUR/install/ur_moveit_config/share/ur_moveit_config/local_setup.dsv
[0.732s] -- Symlinking: /home/icrs/icrsUR/install/ur_moveit_config/share/ur_moveit_config/package.dsv
[0.745s] -- Up-to-date symlink: /home/icrs/icrsUR/install/ur_moveit_config/share/ament_index/resource_index/packages/ur_moveit_config
[0.745s] -- Up-to-date symlink: /home/icrs/icrsUR/install/ur_moveit_config/share/ur_moveit_config/cmake/ur_moveit_configConfig.cmake
[0.746s] -- Up-to-date symlink: /home/icrs/icrsUR/install/ur_moveit_config/share/ur_moveit_config/cmake/ur_moveit_configConfig-version.cmake
[0.746s] -- Up-to-date symlink: /home/icrs/icrsUR/install/ur_moveit_config/share/ur_moveit_config/package.xml
[0.796s] Listing '/home/icrs/icrsUR/install/ur_moveit_config/local/lib/python3.10/dist-packages/ur_moveit_config'...
[0.876s] Invoked command in '/home/icrs/icrsUR/build/ur_moveit_config' returned '0': AMENT_PREFIX_PATH=/home/icrs/icrsUR/install/ur_description:${AMENT_PREFIX_PATH} CMAKE_PREFIX_PATH=/home/icrs/icrsUR/install/ur_description:/opt/ros/humble /usr/bin/cmake --install /home/icrs/icrsUR/build/ur_moveit_config
