[0.032s] Invoking command in '/home/icrs/icrsUR/build/ur_custom_interfaces': CMAKE_PREFIX_PATH=${CMAKE_PREFIX_PATH}:/home/icrs/icrsUR/install/camera_control:/home/icrs/icrsUR/install/gripper_control:/opt/ros/humble /usr/bin/cmake --build /home/icrs/icrsUR/build/ur_custom_interfaces -- -j8 -l8
[0.744s] [  9%] Built target ur_custom_interfaces__rosidl_generator_c
[0.745s] [ 12%] Built target ur_custom_interfaces__cpp
[0.745s] [ 12%] Built target ament_cmake_python_symlink_ur_custom_interfaces
[0.745s] [ 22%] Built target ur_custom_interfaces__rosidl_typesupport_introspection_c
[0.745s] [ 32%] Built target ur_custom_interfaces__rosidl_typesupport_fastrtps_c
[0.746s] [ 41%] Built target ur_custom_interfaces__rosidl_typesupport_c
[0.746s] [ 51%] Built target ur_custom_interfaces__rosidl_typesupport_cpp
[0.746s] [ 61%] Built target ur_custom_interfaces__rosidl_typesupport_fastrtps_cpp
[0.746s] [ 70%] Built target ur_custom_interfaces__rosidl_typesupport_introspection_cpp
[0.747s] [ 70%] Built target ur_custom_interfaces
[0.747s] [ 74%] Built target ur_custom_interfaces__py
[0.747s] [ 80%] Built target ur_custom_interfaces__rosidl_generator_py
[0.747s] [ 87%] Built target ur_custom_interfaces__rosidl_typesupport_fastrtps_c__pyext
[0.747s] [ 93%] Built target ur_custom_interfaces__rosidl_typesupport_introspection_c__pyext
[0.747s] [100%] Built target ur_custom_interfaces__rosidl_typesupport_c__pyext
[0.747s] running egg_info
[0.747s] writing ur_custom_interfaces.egg-info/PKG-INFO
[0.747s] writing dependency_links to ur_custom_interfaces.egg-info/dependency_links.txt
[0.747s] writing top-level names to ur_custom_interfaces.egg-info/top_level.txt
[0.747s] reading manifest file 'ur_custom_interfaces.egg-info/SOURCES.txt'
[0.748s] writing manifest file 'ur_custom_interfaces.egg-info/SOURCES.txt'
[0.748s] [100%] Built target ament_cmake_python_build_ur_custom_interfaces_egg
[0.761s] Invoked command in '/home/icrs/icrsUR/build/ur_custom_interfaces' returned '0': CMAKE_PREFIX_PATH=${CMAKE_PREFIX_PATH}:/home/icrs/icrsUR/install/camera_control:/home/icrs/icrsUR/install/gripper_control:/opt/ros/humble /usr/bin/cmake --build /home/icrs/icrsUR/build/ur_custom_interfaces -- -j8 -l8
[0.862s] Invoking command in '/home/icrs/icrsUR/build/ur_custom_interfaces': CMAKE_PREFIX_PATH=${CMAKE_PREFIX_PATH}:/home/icrs/icrsUR/install/camera_control:/home/icrs/icrsUR/install/gripper_control:/opt/ros/humble /usr/bin/cmake --install /home/icrs/icrsUR/build/ur_custom_interfaces
[0.881s] -- Install configuration: ""
[0.881s] -- Execute custom install script
[0.881s] -- Up-to-date symlink: /home/icrs/icrsUR/install/ur_custom_interfaces/share/ament_index/resource_index/rosidl_interfaces/ur_custom_interfaces
[0.881s] -- Up-to-date symlink: /home/icrs/icrsUR/install/ur_custom_interfaces/include/ur_custom_interfaces/ur_custom_interfaces/msg/detail/ur_command__functions.h
[0.881s] -- Up-to-date symlink: /home/icrs/icrsUR/install/ur_custom_interfaces/include/ur_custom_interfaces/ur_custom_interfaces/msg/detail/ur_command__struct.h
[0.882s] -- Up-to-date symlink: /home/icrs/icrsUR/install/ur_custom_interfaces/include/ur_custom_interfaces/ur_custom_interfaces/msg/detail/ur_command__type_support.h
[0.882s] -- Up-to-date symlink: /home/icrs/icrsUR/install/ur_custom_interfaces/include/ur_custom_interfaces/ur_custom_interfaces/msg/rosidl_generator_c__visibility_control.h
[0.883s] -- Up-to-date symlink: /home/icrs/icrsUR/install/ur_custom_interfaces/include/ur_custom_interfaces/ur_custom_interfaces/msg/ur_command.h
[0.883s] -- Up-to-date symlink: /home/icrs/icrsUR/install/ur_custom_interfaces/share/ur_custom_interfaces/environment/library_path.sh
[0.883s] -- Up-to-date symlink: /home/icrs/icrsUR/install/ur_custom_interfaces/share/ur_custom_interfaces/environment/library_path.dsv
[0.883s] -- Up-to-date symlink: /home/icrs/icrsUR/install/ur_custom_interfaces/include/ur_custom_interfaces/ur_custom_interfaces/msg/detail/ur_command__rosidl_typesupport_fastrtps_c.h
[0.883s] -- Up-to-date symlink: /home/icrs/icrsUR/install/ur_custom_interfaces/include/ur_custom_interfaces/ur_custom_interfaces/msg/rosidl_typesupport_fastrtps_c__visibility_control.h
[0.883s] -- Up-to-date symlink: /home/icrs/icrsUR/install/ur_custom_interfaces/include/ur_custom_interfaces/ur_custom_interfaces/msg/detail/ur_command__rosidl_typesupport_introspection_c.h
[0.884s] -- Up-to-date symlink: /home/icrs/icrsUR/install/ur_custom_interfaces/include/ur_custom_interfaces/ur_custom_interfaces/msg/rosidl_typesupport_introspection_c__visibility_control.h
[0.884s] -- Up-to-date symlink: /home/icrs/icrsUR/install/ur_custom_interfaces/include/ur_custom_interfaces/ur_custom_interfaces/msg/detail/ur_command__builder.hpp
[0.884s] -- Up-to-date symlink: /home/icrs/icrsUR/install/ur_custom_interfaces/include/ur_custom_interfaces/ur_custom_interfaces/msg/detail/ur_command__struct.hpp
[0.884s] -- Up-to-date symlink: /home/icrs/icrsUR/install/ur_custom_interfaces/include/ur_custom_interfaces/ur_custom_interfaces/msg/detail/ur_command__traits.hpp
[0.884s] -- Up-to-date symlink: /home/icrs/icrsUR/install/ur_custom_interfaces/include/ur_custom_interfaces/ur_custom_interfaces/msg/ur_command.hpp
[0.885s] -- Up-to-date symlink: /home/icrs/icrsUR/install/ur_custom_interfaces/include/ur_custom_interfaces/ur_custom_interfaces/msg/detail/ur_command__rosidl_typesupport_fastrtps_cpp.hpp
[0.885s] -- Up-to-date symlink: /home/icrs/icrsUR/install/ur_custom_interfaces/include/ur_custom_interfaces/ur_custom_interfaces/msg/rosidl_typesupport_fastrtps_cpp__visibility_control.h
[0.885s] -- Up-to-date symlink: /home/icrs/icrsUR/install/ur_custom_interfaces/include/ur_custom_interfaces/ur_custom_interfaces/msg/detail/ur_command__rosidl_typesupport_introspection_cpp.hpp
[0.885s] -- Up-to-date symlink: /home/icrs/icrsUR/install/ur_custom_interfaces/share/ur_custom_interfaces/environment/pythonpath.sh
[0.886s] -- Up-to-date symlink: /home/icrs/icrsUR/install/ur_custom_interfaces/share/ur_custom_interfaces/environment/pythonpath.dsv
[0.886s] -- Up-to-date symlink: /home/icrs/icrsUR/install/ur_custom_interfaces/local/lib/python3.10/dist-packages/ur_custom_interfaces-0.0.0-py3.10.egg-info/PKG-INFO
[0.886s] -- Up-to-date symlink: /home/icrs/icrsUR/install/ur_custom_interfaces/local/lib/python3.10/dist-packages/ur_custom_interfaces-0.0.0-py3.10.egg-info/SOURCES.txt
[0.886s] -- Up-to-date symlink: /home/icrs/icrsUR/install/ur_custom_interfaces/local/lib/python3.10/dist-packages/ur_custom_interfaces-0.0.0-py3.10.egg-info/dependency_links.txt
[0.887s] -- Up-to-date symlink: /home/icrs/icrsUR/install/ur_custom_interfaces/local/lib/python3.10/dist-packages/ur_custom_interfaces-0.0.0-py3.10.egg-info/top_level.txt
[0.887s] -- Up-to-date symlink: /home/icrs/icrsUR/install/ur_custom_interfaces/local/lib/python3.10/dist-packages/ur_custom_interfaces/__init__.py
[0.887s] -- Up-to-date symlink: /home/icrs/icrsUR/install/ur_custom_interfaces/local/lib/python3.10/dist-packages/ur_custom_interfaces/_ur_custom_interfaces_s.ep.rosidl_typesupport_c.c
[0.888s] -- Up-to-date symlink: /home/icrs/icrsUR/install/ur_custom_interfaces/local/lib/python3.10/dist-packages/ur_custom_interfaces/_ur_custom_interfaces_s.ep.rosidl_typesupport_fastrtps_c.c
[0.888s] -- Up-to-date symlink: /home/icrs/icrsUR/install/ur_custom_interfaces/local/lib/python3.10/dist-packages/ur_custom_interfaces/_ur_custom_interfaces_s.ep.rosidl_typesupport_introspection_c.c
[0.888s] -- Up-to-date symlink: /home/icrs/icrsUR/install/ur_custom_interfaces/local/lib/python3.10/dist-packages/ur_custom_interfaces/libur_custom_interfaces__rosidl_generator_py.so
[0.888s] -- Up-to-date symlink: /home/icrs/icrsUR/install/ur_custom_interfaces/local/lib/python3.10/dist-packages/ur_custom_interfaces/msg/__init__.py
[0.888s] -- Up-to-date symlink: /home/icrs/icrsUR/install/ur_custom_interfaces/local/lib/python3.10/dist-packages/ur_custom_interfaces/msg/_ur_command.py
[0.888s] -- Up-to-date symlink: /home/icrs/icrsUR/install/ur_custom_interfaces/local/lib/python3.10/dist-packages/ur_custom_interfaces/msg/_ur_command_s.c
[0.889s] -- Up-to-date symlink: /home/icrs/icrsUR/install/ur_custom_interfaces/local/lib/python3.10/dist-packages/ur_custom_interfaces/ur_custom_interfaces_s__rosidl_typesupport_c.cpython-310-x86_64-linux-gnu.so
[0.889s] -- Up-to-date symlink: /home/icrs/icrsUR/install/ur_custom_interfaces/local/lib/python3.10/dist-packages/ur_custom_interfaces/ur_custom_interfaces_s__rosidl_typesupport_fastrtps_c.cpython-310-x86_64-linux-gnu.so
[0.889s] -- Up-to-date symlink: /home/icrs/icrsUR/install/ur_custom_interfaces/local/lib/python3.10/dist-packages/ur_custom_interfaces/ur_custom_interfaces_s__rosidl_typesupport_introspection_c.cpython-310-x86_64-linux-gnu.so
[0.890s] -- Up-to-date symlink: /home/icrs/icrsUR/install/ur_custom_interfaces/local/lib/python3.10/dist-packages/ur_custom_interfaces/ur_custom_interfaces_s__rosidl_typesupport_fastrtps_c.cpython-310-x86_64-linux-gnu.so
[0.890s] -- Up-to-date symlink: /home/icrs/icrsUR/install/ur_custom_interfaces/local/lib/python3.10/dist-packages/ur_custom_interfaces/ur_custom_interfaces_s__rosidl_typesupport_introspection_c.cpython-310-x86_64-linux-gnu.so
[0.890s] -- Up-to-date symlink: /home/icrs/icrsUR/install/ur_custom_interfaces/local/lib/python3.10/dist-packages/ur_custom_interfaces/ur_custom_interfaces_s__rosidl_typesupport_c.cpython-310-x86_64-linux-gnu.so
[0.890s] -- Up-to-date symlink: /home/icrs/icrsUR/install/ur_custom_interfaces/share/ur_custom_interfaces/msg/URCommand.idl
[0.891s] -- Up-to-date symlink: /home/icrs/icrsUR/install/ur_custom_interfaces/share/ur_custom_interfaces/msg/URCommand.msg
[0.892s] -- Up-to-date symlink: /home/icrs/icrsUR/install/ur_custom_interfaces/share/ament_index/resource_index/package_run_dependencies/ur_custom_interfaces
[0.892s] -- Up-to-date symlink: /home/icrs/icrsUR/install/ur_custom_interfaces/share/ament_index/resource_index/parent_prefix_path/ur_custom_interfaces
[0.892s] -- Up-to-date symlink: /home/icrs/icrsUR/install/ur_custom_interfaces/share/ur_custom_interfaces/environment/ament_prefix_path.sh
[0.893s] -- Up-to-date symlink: /home/icrs/icrsUR/install/ur_custom_interfaces/share/ur_custom_interfaces/environment/ament_prefix_path.dsv
[0.893s] -- Up-to-date symlink: /home/icrs/icrsUR/install/ur_custom_interfaces/share/ur_custom_interfaces/environment/path.sh
[0.893s] -- Up-to-date symlink: /home/icrs/icrsUR/install/ur_custom_interfaces/share/ur_custom_interfaces/environment/path.dsv
[0.893s] -- Up-to-date symlink: /home/icrs/icrsUR/install/ur_custom_interfaces/share/ur_custom_interfaces/local_setup.bash
[0.893s] -- Up-to-date symlink: /home/icrs/icrsUR/install/ur_custom_interfaces/share/ur_custom_interfaces/local_setup.sh
[0.893s] -- Up-to-date symlink: /home/icrs/icrsUR/install/ur_custom_interfaces/share/ur_custom_interfaces/local_setup.zsh
[0.894s] -- Up-to-date symlink: /home/icrs/icrsUR/install/ur_custom_interfaces/share/ur_custom_interfaces/local_setup.dsv
[0.894s] -- Symlinking: /home/icrs/icrsUR/install/ur_custom_interfaces/share/ur_custom_interfaces/package.dsv
[0.904s] -- Up-to-date symlink: /home/icrs/icrsUR/install/ur_custom_interfaces/share/ament_index/resource_index/packages/ur_custom_interfaces
[0.904s] -- Up-to-date symlink: /home/icrs/icrsUR/install/ur_custom_interfaces/share/ur_custom_interfaces/cmake/rosidl_cmake-extras.cmake
[0.905s] -- Up-to-date symlink: /home/icrs/icrsUR/install/ur_custom_interfaces/share/ur_custom_interfaces/cmake/ament_cmake_export_include_directories-extras.cmake
[0.906s] -- Up-to-date symlink: /home/icrs/icrsUR/install/ur_custom_interfaces/share/ur_custom_interfaces/cmake/ament_cmake_export_libraries-extras.cmake
[0.908s] -- Up-to-date symlink: /home/icrs/icrsUR/install/ur_custom_interfaces/share/ur_custom_interfaces/cmake/ament_cmake_export_targets-extras.cmake
[0.908s] -- Up-to-date symlink: /home/icrs/icrsUR/install/ur_custom_interfaces/share/ur_custom_interfaces/cmake/rosidl_cmake_export_typesupport_targets-extras.cmake
[0.908s] -- Up-to-date symlink: /home/icrs/icrsUR/install/ur_custom_interfaces/share/ur_custom_interfaces/cmake/ament_cmake_export_dependencies-extras.cmake
[0.908s] -- Up-to-date symlink: /home/icrs/icrsUR/install/ur_custom_interfaces/share/ur_custom_interfaces/cmake/rosidl_cmake_export_typesupport_libraries-extras.cmake
[0.908s] -- Up-to-date symlink: /home/icrs/icrsUR/install/ur_custom_interfaces/share/ur_custom_interfaces/cmake/ur_custom_interfacesConfig.cmake
[0.908s] -- Up-to-date symlink: /home/icrs/icrsUR/install/ur_custom_interfaces/share/ur_custom_interfaces/cmake/ur_custom_interfacesConfig-version.cmake
[0.908s] -- Up-to-date symlink: /home/icrs/icrsUR/install/ur_custom_interfaces/share/ur_custom_interfaces/package.xml
[0.908s] -- Up-to-date: /home/icrs/icrsUR/install/ur_custom_interfaces/lib/libur_custom_interfaces__rosidl_generator_c.so
[0.908s] -- Up-to-date: /home/icrs/icrsUR/install/ur_custom_interfaces/lib/libur_custom_interfaces__rosidl_typesupport_fastrtps_c.so
[0.909s] -- Up-to-date: /home/icrs/icrsUR/install/ur_custom_interfaces/lib/libur_custom_interfaces__rosidl_typesupport_introspection_c.so
[0.909s] -- Up-to-date: /home/icrs/icrsUR/install/ur_custom_interfaces/lib/libur_custom_interfaces__rosidl_typesupport_c.so
[0.909s] -- Up-to-date: /home/icrs/icrsUR/install/ur_custom_interfaces/lib/libur_custom_interfaces__rosidl_typesupport_fastrtps_cpp.so
[0.909s] -- Up-to-date: /home/icrs/icrsUR/install/ur_custom_interfaces/lib/libur_custom_interfaces__rosidl_typesupport_introspection_cpp.so
[0.909s] -- Up-to-date: /home/icrs/icrsUR/install/ur_custom_interfaces/lib/libur_custom_interfaces__rosidl_typesupport_cpp.so
[0.982s] Listing '/home/icrs/icrsUR/install/ur_custom_interfaces/local/lib/python3.10/dist-packages/ur_custom_interfaces'...
[0.982s] Listing '/home/icrs/icrsUR/install/ur_custom_interfaces/local/lib/python3.10/dist-packages/ur_custom_interfaces/msg'...
[0.990s] -- Up-to-date: /home/icrs/icrsUR/install/ur_custom_interfaces/lib/libur_custom_interfaces__rosidl_generator_py.so
[0.991s] -- Up-to-date: /home/icrs/icrsUR/install/ur_custom_interfaces/share/ur_custom_interfaces/cmake/export_ur_custom_interfaces__rosidl_generator_cExport.cmake
[0.992s] -- Up-to-date: /home/icrs/icrsUR/install/ur_custom_interfaces/share/ur_custom_interfaces/cmake/export_ur_custom_interfaces__rosidl_generator_cExport-noconfig.cmake
[0.992s] -- Up-to-date: /home/icrs/icrsUR/install/ur_custom_interfaces/share/ur_custom_interfaces/cmake/export_ur_custom_interfaces__rosidl_typesupport_fastrtps_cExport.cmake
[0.992s] -- Up-to-date: /home/icrs/icrsUR/install/ur_custom_interfaces/share/ur_custom_interfaces/cmake/export_ur_custom_interfaces__rosidl_typesupport_fastrtps_cExport-noconfig.cmake
[0.992s] -- Up-to-date: /home/icrs/icrsUR/install/ur_custom_interfaces/share/ur_custom_interfaces/cmake/ur_custom_interfaces__rosidl_typesupport_introspection_cExport.cmake
[0.993s] -- Up-to-date: /home/icrs/icrsUR/install/ur_custom_interfaces/share/ur_custom_interfaces/cmake/ur_custom_interfaces__rosidl_typesupport_introspection_cExport-noconfig.cmake
[0.993s] -- Up-to-date: /home/icrs/icrsUR/install/ur_custom_interfaces/share/ur_custom_interfaces/cmake/ur_custom_interfaces__rosidl_typesupport_cExport.cmake
[0.994s] -- Up-to-date: /home/icrs/icrsUR/install/ur_custom_interfaces/share/ur_custom_interfaces/cmake/ur_custom_interfaces__rosidl_typesupport_cExport-noconfig.cmake
[0.994s] -- Up-to-date: /home/icrs/icrsUR/install/ur_custom_interfaces/share/ur_custom_interfaces/cmake/export_ur_custom_interfaces__rosidl_generator_cppExport.cmake
[0.994s] -- Up-to-date: /home/icrs/icrsUR/install/ur_custom_interfaces/share/ur_custom_interfaces/cmake/export_ur_custom_interfaces__rosidl_typesupport_fastrtps_cppExport.cmake
[0.995s] -- Up-to-date: /home/icrs/icrsUR/install/ur_custom_interfaces/share/ur_custom_interfaces/cmake/export_ur_custom_interfaces__rosidl_typesupport_fastrtps_cppExport-noconfig.cmake
[0.995s] -- Up-to-date: /home/icrs/icrsUR/install/ur_custom_interfaces/share/ur_custom_interfaces/cmake/ur_custom_interfaces__rosidl_typesupport_introspection_cppExport.cmake
[0.995s] -- Up-to-date: /home/icrs/icrsUR/install/ur_custom_interfaces/share/ur_custom_interfaces/cmake/ur_custom_interfaces__rosidl_typesupport_introspection_cppExport-noconfig.cmake
[0.996s] -- Up-to-date: /home/icrs/icrsUR/install/ur_custom_interfaces/share/ur_custom_interfaces/cmake/ur_custom_interfaces__rosidl_typesupport_cppExport.cmake
[0.996s] -- Up-to-date: /home/icrs/icrsUR/install/ur_custom_interfaces/share/ur_custom_interfaces/cmake/ur_custom_interfaces__rosidl_typesupport_cppExport-noconfig.cmake
[0.996s] -- Up-to-date: /home/icrs/icrsUR/install/ur_custom_interfaces/share/ur_custom_interfaces/cmake/export_ur_custom_interfaces__rosidl_generator_pyExport.cmake
[0.996s] -- Up-to-date: /home/icrs/icrsUR/install/ur_custom_interfaces/share/ur_custom_interfaces/cmake/export_ur_custom_interfaces__rosidl_generator_pyExport-noconfig.cmake
[1.007s] Invoked command in '/home/icrs/icrsUR/build/ur_custom_interfaces' returned '0': CMAKE_PREFIX_PATH=${CMAKE_PREFIX_PATH}:/home/icrs/icrsUR/install/camera_control:/home/icrs/icrsUR/install/gripper_control:/opt/ros/humble /usr/bin/cmake --install /home/icrs/icrsUR/build/ur_custom_interfaces
