-- Found ament_cmake: 1.3.10 (/opt/ros/humble/share/ament_cmake/cmake)
-- Override CMake install command with custom implementation using symlinks instead of copying resources
-- Found rclcpp: 16.0.10 (/opt/ros/humble/share/rclcpp/cmake)
-- Found rosidl_generator_c: 3.1.5 (/opt/ros/humble/share/rosidl_generator_c/cmake)
-- Found rosidl_adapter: 3.1.5 (/opt/ros/humble/share/rosidl_adapter/cmake)
-- Found rosidl_generator_cpp: 3.1.5 (/opt/ros/humble/share/rosidl_generator_cpp/cmake)
-- Using all available rosidl_typesupport_c: rosidl_typesupport_fastrtps_c;rosidl_typesupport_introspection_c
-- Using all available rosidl_typesupport_cpp: rosidl_typesupport_fastrtps_cpp;rosidl_typesupport_introspection_cpp
-- Found rmw_implementation_cmake: 6.1.2 (/opt/ros/humble/share/rmw_implementation_cmake/cmake)
-- Found rmw_fastrtps_cpp: 6.2.7 (/opt/ros/humble/share/rmw_fastrtps_cpp/cmake)
-- Using RMW implementation 'rmw_fastrtps_cpp' as default
-- Found ur_custom_interfaces: 0.0.0 (/home/icrs/icrsUR/install/ur_custom_interfaces/share/ur_custom_interfaces/cmake)
-- Found Boost: /usr/lib/x86_64-linux-gnu/cmake/Boost-1.74.0/BoostConfig.cmake (found version "1.74.0") found components: system filesystem date_time thread 
-- Found control_msgs: 4.6.0 (/opt/ros/humble/share/control_msgs/cmake)
-- Found moveit_common: 2.5.5 (/opt/ros/humble/share/moveit_common/cmake)
-- Found moveit_msgs: 2.2.1 (/opt/ros/humble/share/moveit_msgs/cmake)
-- Found example_interfaces: 0.9.3 (/opt/ros/humble/share/example_interfaces/cmake)
-- Found moveit_core: 2.5.5 (/opt/ros/humble/share/moveit_core/cmake)
-- Found Boost: /usr/lib/x86_64-linux-gnu/cmake/Boost-1.74.0/BoostConfig.cmake (found version "1.74.0") found components: chrono date_time filesystem iostreams program_options regex serialization system thread 
-- Found parameter_traits: 0.3.8 (/opt/ros/humble/share/parameter_traits/cmake)
-- Found rclcpp_lifecycle: 16.0.10 (/opt/ros/humble/share/rclcpp_lifecycle/cmake)
-- Found Boost: /usr/lib/x86_64-linux-gnu/cmake/Boost-1.74.0/BoostConfig.cmake (found version "1.74.0") found components: filesystem 
-- library: /usr/lib/x86_64-linux-gnu/libcurl.so
-- Ensuring Eigen3 include directory is part of orocos-kdl CMake target
-- Found moveit_ros_planning: 2.5.5 (/opt/ros/humble/share/moveit_ros_planning/cmake)
-- Found Boost: /usr/lib/x86_64-linux-gnu/cmake/Boost-1.74.0/BoostConfig.cmake (found version "1.74.0") found components: system filesystem date_time program_options thread chrono 
-- Found moveit_ros_planning_interface: 2.5.5 (/opt/ros/humble/share/moveit_ros_planning_interface/cmake)
-- Found Boost: /usr/lib/x86_64-linux-gnu/cmake/Boost-1.74.0/BoostConfig.cmake (found version "1.74.0") found components: date_time filesystem program_options system thread 
-- Found Boost: /usr/lib/x86_64-linux-gnu/cmake/Boost-1.74.0/BoostConfig.cmake (found version "1.74.0") found components: thread system filesystem regex date_time program_options 
-- Found Boost: /usr/lib/x86_64-linux-gnu/cmake/Boost-1.74.0/BoostConfig.cmake (found version "1.74.0") found components: system filesystem date_time program_options thread 
-- Found moveit_servo: 2.5.5 (/opt/ros/humble/share/moveit_servo/cmake)
-- Found interactive_markers: 2.3.2 (/opt/ros/humble/share/interactive_markers/cmake)
-- Found rviz_visual_tools: 4.1.4 (/opt/ros/humble/share/rviz_visual_tools/cmake)
-- Setting assimp_DIR to: '/opt/ros/humble/share/rviz_assimp_vendor/cmake/../../../opt/rviz_assimp_vendor/lib/cmake/assimp-4.1'
-- Setting OGRE_DIR to: '/opt/ros/humble/share/rviz_ogre_vendor/cmake/../../../opt/rviz_ogre_vendor/lib/OGRE/cmake'
-- Found OGRE
--   static     : OFF
--   components : HLMS;MeshLodGenerator;Overlay;Paging;Property;RTShaderSystem;Terrain;Volume
--   plugins    : Plugin_BSPSceneManager;Plugin_OctreeSceneManager;Plugin_PCZSceneManager;Plugin_ParticleFX;RenderSystem_GL;RenderSystem_GL3Plus;Codec_STBI
--   media      : /opt/ros/humble/opt/rviz_ogre_vendor/share/OGRE/Media
-- OGRE_LIBRARIES: OgreHLMS;OgreMeshLodGenerator;OgreOverlay;OgrePaging;OgreProperty;OgreRTShaderSystem;OgreTerrain;OgreVolume;OgreMain
-- OGRE_LIBRARY_DIRS: /opt/ros/humble/opt/rviz_ogre_vendor/lib
-- OGRE_PLUGINS: Plugin_BSPSceneManager;Plugin_OctreeSceneManager;Plugin_PCZSceneManager;Plugin_ParticleFX;RenderSystem_GL;RenderSystem_GL3Plus;Codec_STBI
-- OGRE_PLUGIN_DIR: /opt/ros/humble/opt/rviz_ogre_vendor/lib/OGRE
-- rviz_ogre_vendor::OgreOverlay for IMPORTED_LOCATION_RELEASE: /opt/ros/humble/opt/rviz_ogre_vendor/lib/libOgreOverlay.so
-- rviz_ogre_vendor::OgreOverlay for IMPORTED_LOCATION_DEBUG: /opt/ros/humble/opt/rviz_ogre_vendor/lib/libOgreOverlay.so
-- rviz_ogre_vendor::OgreMain for IMPORTED_LOCATION_RELEASE: /opt/ros/humble/opt/rviz_ogre_vendor/lib/libOgreMain.so
-- rviz_ogre_vendor::OgreMain for IMPORTED_LOCATION_DEBUG: /opt/ros/humble/opt/rviz_ogre_vendor/lib/libOgreMain.so
-- Found moveit_visual_tools: 4.1.0 (/opt/ros/humble/share/moveit_visual_tools/cmake)
-- Found interfaces_ur5ik: 0.0.0 (/home/icrs/icrsUR/install/interfaces_ur5ik/share/interfaces_ur5ik/cmake)
-- Configuring done
-- Generating done
-- Build files have been written to: /home/icrs/icrsUR/build/ur_mover
[35m[1mConsolidate compiler generated dependencies of target master_node2[0m
[35m[1mConsolidate compiler generated dependencies of target master_node[0m
[ 75%] [32mBuilding CXX object CMakeFiles/master_node.dir/src/master_node.cpp.o[0m
[ 75%] Built target master_node2
[100%] [32m[1mLinking CXX executable master_node[0m
[100%] Built target master_node
-- Install configuration: ""
-- Execute custom install script
-- Up-to-date symlink: /home/icrs/icrsUR/install/ur_mover/lib/ur_mover/master_node
-- Up-to-date symlink: /home/icrs/icrsUR/install/ur_mover/lib/ur_mover/master_node2
-- Up-to-date symlink: /home/icrs/icrsUR/install/ur_mover/share/ur_mover/launch/master_node.launch.py
-- Up-to-date symlink: /home/icrs/icrsUR/install/ur_mover/share/ament_index/resource_index/package_run_dependencies/ur_mover
-- Up-to-date symlink: /home/icrs/icrsUR/install/ur_mover/share/ament_index/resource_index/parent_prefix_path/ur_mover
-- Up-to-date symlink: /home/icrs/icrsUR/install/ur_mover/share/ur_mover/environment/ament_prefix_path.sh
-- Up-to-date symlink: /home/icrs/icrsUR/install/ur_mover/share/ur_mover/environment/ament_prefix_path.dsv
-- Up-to-date symlink: /home/icrs/icrsUR/install/ur_mover/share/ur_mover/environment/path.sh
-- Up-to-date symlink: /home/icrs/icrsUR/install/ur_mover/share/ur_mover/environment/path.dsv
-- Up-to-date symlink: /home/icrs/icrsUR/install/ur_mover/share/ur_mover/local_setup.bash
-- Up-to-date symlink: /home/icrs/icrsUR/install/ur_mover/share/ur_mover/local_setup.sh
-- Up-to-date symlink: /home/icrs/icrsUR/install/ur_mover/share/ur_mover/local_setup.zsh
-- Up-to-date symlink: /home/icrs/icrsUR/install/ur_mover/share/ur_mover/local_setup.dsv
-- Symlinking: /home/icrs/icrsUR/install/ur_mover/share/ur_mover/package.dsv
-- Up-to-date symlink: /home/icrs/icrsUR/install/ur_mover/share/ament_index/resource_index/packages/ur_mover
-- Up-to-date symlink: /home/icrs/icrsUR/install/ur_mover/share/ur_mover/cmake/ur_moverConfig.cmake
-- Up-to-date symlink: /home/icrs/icrsUR/install/ur_mover/share/ur_mover/cmake/ur_moverConfig-version.cmake
-- Up-to-date symlink: /home/icrs/icrsUR/install/ur_mover/share/ur_mover/package.xml
