[0.036s] Invoking command in '/home/icrs/icrsUR/build/ur_custom_interfaces': CMAKE_PREFIX_PATH=${CMAKE_PREFIX_PATH}:/home/icrs/icrsUR/install/camera_control:/home/icrs/icrsUR/install/gripper_control:/opt/ros/humble /usr/bin/cmake --build /home/icrs/icrsUR/build/ur_custom_interfaces -- -j8 -l8
[0.722s] [  9%] Built target ur_custom_interfaces__rosidl_generator_c
[0.722s] [ 12%] Built target ur_custom_interfaces__cpp
[0.722s] [ 12%] Built target ament_cmake_python_symlink_ur_custom_interfaces
[0.722s] [ 22%] Built target ur_custom_interfaces__rosidl_typesupport_fastrtps_c
[0.722s] [ 32%] Built target ur_custom_interfaces__rosidl_typesupport_fastrtps_cpp
[0.722s] [ 41%] Built target ur_custom_interfaces__rosidl_typesupport_introspection_c
[0.723s] [ 51%] Built target ur_custom_interfaces__rosidl_typesupport_cpp
[0.723s] [ 61%] Built target ur_custom_interfaces__rosidl_typesupport_c
[0.723s] [ 70%] Built target ur_custom_interfaces__rosidl_typesupport_introspection_cpp
[0.724s] [ 70%] Built target ur_custom_interfaces
[0.725s] [ 74%] Built target ur_custom_interfaces__py
[0.725s] [ 80%] Built target ur_custom_interfaces__rosidl_generator_py
[0.725s] [ 93%] Built target ur_custom_interfaces__rosidl_typesupport_fastrtps_c__pyext
[0.726s] [ 93%] Built target ur_custom_interfaces__rosidl_typesupport_introspection_c__pyext
[0.726s] [100%] Built target ur_custom_interfaces__rosidl_typesupport_c__pyext
[0.789s] running egg_info
[0.791s] writing ur_custom_interfaces.egg-info/PKG-INFO
[0.792s] writing dependency_links to ur_custom_interfaces.egg-info/dependency_links.txt
[0.792s] writing top-level names to ur_custom_interfaces.egg-info/top_level.txt
[0.801s] reading manifest file 'ur_custom_interfaces.egg-info/SOURCES.txt'
[0.803s] writing manifest file 'ur_custom_interfaces.egg-info/SOURCES.txt'
[0.895s] [100%] Built target ament_cmake_python_build_ur_custom_interfaces_egg
[0.927s] Invoked command in '/home/icrs/icrsUR/build/ur_custom_interfaces' returned '0': CMAKE_PREFIX_PATH=${CMAKE_PREFIX_PATH}:/home/icrs/icrsUR/install/camera_control:/home/icrs/icrsUR/install/gripper_control:/opt/ros/humble /usr/bin/cmake --build /home/icrs/icrsUR/build/ur_custom_interfaces -- -j8 -l8
[1.023s] Invoking command in '/home/icrs/icrsUR/build/ur_custom_interfaces': CMAKE_PREFIX_PATH=${CMAKE_PREFIX_PATH}:/home/icrs/icrsUR/install/camera_control:/home/icrs/icrsUR/install/gripper_control:/opt/ros/humble /usr/bin/cmake --install /home/icrs/icrsUR/build/ur_custom_interfaces
[1.036s] -- Install configuration: ""
[1.037s] -- Execute custom install script
[1.038s] -- Up-to-date symlink: /home/icrs/icrsUR/install/ur_custom_interfaces/share/ament_index/resource_index/rosidl_interfaces/ur_custom_interfaces
[1.039s] -- Up-to-date symlink: /home/icrs/icrsUR/install/ur_custom_interfaces/include/ur_custom_interfaces/ur_custom_interfaces/msg/detail/ur_command__functions.h
[1.040s] -- Up-to-date symlink: /home/icrs/icrsUR/install/ur_custom_interfaces/include/ur_custom_interfaces/ur_custom_interfaces/msg/detail/ur_command__struct.h
[1.040s] -- Up-to-date symlink: /home/icrs/icrsUR/install/ur_custom_interfaces/include/ur_custom_interfaces/ur_custom_interfaces/msg/detail/ur_command__type_support.h
[1.040s] -- Up-to-date symlink: /home/icrs/icrsUR/install/ur_custom_interfaces/include/ur_custom_interfaces/ur_custom_interfaces/msg/rosidl_generator_c__visibility_control.h
[1.040s] -- Up-to-date symlink: /home/icrs/icrsUR/install/ur_custom_interfaces/include/ur_custom_interfaces/ur_custom_interfaces/msg/ur_command.h
[1.041s] -- Up-to-date symlink: /home/icrs/icrsUR/install/ur_custom_interfaces/share/ur_custom_interfaces/environment/library_path.sh
[1.041s] -- Up-to-date symlink: /home/icrs/icrsUR/install/ur_custom_interfaces/share/ur_custom_interfaces/environment/library_path.dsv
[1.041s] -- Up-to-date symlink: /home/icrs/icrsUR/install/ur_custom_interfaces/include/ur_custom_interfaces/ur_custom_interfaces/msg/detail/ur_command__rosidl_typesupport_fastrtps_c.h
[1.042s] -- Up-to-date symlink: /home/icrs/icrsUR/install/ur_custom_interfaces/include/ur_custom_interfaces/ur_custom_interfaces/msg/rosidl_typesupport_fastrtps_c__visibility_control.h
[1.043s] -- Up-to-date symlink: /home/icrs/icrsUR/install/ur_custom_interfaces/include/ur_custom_interfaces/ur_custom_interfaces/msg/detail/ur_command__rosidl_typesupport_introspection_c.h
[1.043s] -- Up-to-date symlink: /home/icrs/icrsUR/install/ur_custom_interfaces/include/ur_custom_interfaces/ur_custom_interfaces/msg/rosidl_typesupport_introspection_c__visibility_control.h
[1.044s] -- Up-to-date symlink: /home/icrs/icrsUR/install/ur_custom_interfaces/include/ur_custom_interfaces/ur_custom_interfaces/msg/detail/ur_command__builder.hpp
[1.045s] -- Up-to-date symlink: /home/icrs/icrsUR/install/ur_custom_interfaces/include/ur_custom_interfaces/ur_custom_interfaces/msg/detail/ur_command__struct.hpp
[1.045s] -- Up-to-date symlink: /home/icrs/icrsUR/install/ur_custom_interfaces/include/ur_custom_interfaces/ur_custom_interfaces/msg/detail/ur_command__traits.hpp
[1.049s] -- Up-to-date symlink: /home/icrs/icrsUR/install/ur_custom_interfaces/include/ur_custom_interfaces/ur_custom_interfaces/msg/ur_command.hpp
[1.050s] -- Up-to-date symlink: /home/icrs/icrsUR/install/ur_custom_interfaces/include/ur_custom_interfaces/ur_custom_interfaces/msg/detail/ur_command__rosidl_typesupport_fastrtps_cpp.hpp
[1.050s] -- Up-to-date symlink: /home/icrs/icrsUR/install/ur_custom_interfaces/include/ur_custom_interfaces/ur_custom_interfaces/msg/rosidl_typesupport_fastrtps_cpp__visibility_control.h
[1.050s] -- Up-to-date symlink: /home/icrs/icrsUR/install/ur_custom_interfaces/include/ur_custom_interfaces/ur_custom_interfaces/msg/detail/ur_command__rosidl_typesupport_introspection_cpp.hpp
[1.051s] -- Up-to-date symlink: /home/icrs/icrsUR/install/ur_custom_interfaces/share/ur_custom_interfaces/environment/pythonpath.sh
[1.051s] -- Up-to-date symlink: /home/icrs/icrsUR/install/ur_custom_interfaces/share/ur_custom_interfaces/environment/pythonpath.dsv
[1.051s] -- Up-to-date symlink: /home/icrs/icrsUR/install/ur_custom_interfaces/local/lib/python3.10/dist-packages/ur_custom_interfaces-0.0.0-py3.10.egg-info/PKG-INFO
[1.051s] -- Up-to-date symlink: /home/icrs/icrsUR/install/ur_custom_interfaces/local/lib/python3.10/dist-packages/ur_custom_interfaces-0.0.0-py3.10.egg-info/SOURCES.txt
[1.051s] -- Up-to-date symlink: /home/icrs/icrsUR/install/ur_custom_interfaces/local/lib/python3.10/dist-packages/ur_custom_interfaces-0.0.0-py3.10.egg-info/dependency_links.txt
[1.052s] -- Up-to-date symlink: /home/icrs/icrsUR/install/ur_custom_interfaces/local/lib/python3.10/dist-packages/ur_custom_interfaces-0.0.0-py3.10.egg-info/top_level.txt
[1.053s] -- Up-to-date symlink: /home/icrs/icrsUR/install/ur_custom_interfaces/local/lib/python3.10/dist-packages/ur_custom_interfaces/__init__.py
[1.054s] -- Up-to-date symlink: /home/icrs/icrsUR/install/ur_custom_interfaces/local/lib/python3.10/dist-packages/ur_custom_interfaces/_ur_custom_interfaces_s.ep.rosidl_typesupport_c.c
[1.055s] -- Up-to-date symlink: /home/icrs/icrsUR/install/ur_custom_interfaces/local/lib/python3.10/dist-packages/ur_custom_interfaces/_ur_custom_interfaces_s.ep.rosidl_typesupport_fastrtps_c.c
[1.055s] -- Up-to-date symlink: /home/icrs/icrsUR/install/ur_custom_interfaces/local/lib/python3.10/dist-packages/ur_custom_interfaces/_ur_custom_interfaces_s.ep.rosidl_typesupport_introspection_c.c
[1.055s] -- Up-to-date symlink: /home/icrs/icrsUR/install/ur_custom_interfaces/local/lib/python3.10/dist-packages/ur_custom_interfaces/libur_custom_interfaces__rosidl_generator_py.so
[1.056s] -- Up-to-date symlink: /home/icrs/icrsUR/install/ur_custom_interfaces/local/lib/python3.10/dist-packages/ur_custom_interfaces/msg/__init__.py
[1.057s] -- Up-to-date symlink: /home/icrs/icrsUR/install/ur_custom_interfaces/local/lib/python3.10/dist-packages/ur_custom_interfaces/msg/_ur_command.py
[1.057s] -- Up-to-date symlink: /home/icrs/icrsUR/install/ur_custom_interfaces/local/lib/python3.10/dist-packages/ur_custom_interfaces/msg/_ur_command_s.c
[1.057s] -- Up-to-date symlink: /home/icrs/icrsUR/install/ur_custom_interfaces/local/lib/python3.10/dist-packages/ur_custom_interfaces/ur_custom_interfaces_s__rosidl_typesupport_c.cpython-310-x86_64-linux-gnu.so
[1.057s] -- Up-to-date symlink: /home/icrs/icrsUR/install/ur_custom_interfaces/local/lib/python3.10/dist-packages/ur_custom_interfaces/ur_custom_interfaces_s__rosidl_typesupport_fastrtps_c.cpython-310-x86_64-linux-gnu.so
[1.058s] -- Up-to-date symlink: /home/icrs/icrsUR/install/ur_custom_interfaces/local/lib/python3.10/dist-packages/ur_custom_interfaces/ur_custom_interfaces_s__rosidl_typesupport_introspection_c.cpython-310-x86_64-linux-gnu.so
[1.058s] -- Up-to-date symlink: /home/icrs/icrsUR/install/ur_custom_interfaces/local/lib/python3.10/dist-packages/ur_custom_interfaces/ur_custom_interfaces_s__rosidl_typesupport_fastrtps_c.cpython-310-x86_64-linux-gnu.so
[1.059s] -- Up-to-date symlink: /home/icrs/icrsUR/install/ur_custom_interfaces/local/lib/python3.10/dist-packages/ur_custom_interfaces/ur_custom_interfaces_s__rosidl_typesupport_introspection_c.cpython-310-x86_64-linux-gnu.so
[1.059s] -- Up-to-date symlink: /home/icrs/icrsUR/install/ur_custom_interfaces/local/lib/python3.10/dist-packages/ur_custom_interfaces/ur_custom_interfaces_s__rosidl_typesupport_c.cpython-310-x86_64-linux-gnu.so
[1.059s] -- Up-to-date symlink: /home/icrs/icrsUR/install/ur_custom_interfaces/share/ur_custom_interfaces/msg/URCommand.idl
[1.060s] -- Up-to-date symlink: /home/icrs/icrsUR/install/ur_custom_interfaces/share/ur_custom_interfaces/msg/URCommand.msg
[1.060s] -- Up-to-date symlink: /home/icrs/icrsUR/install/ur_custom_interfaces/share/ament_index/resource_index/package_run_dependencies/ur_custom_interfaces
[1.061s] -- Up-to-date symlink: /home/icrs/icrsUR/install/ur_custom_interfaces/share/ament_index/resource_index/parent_prefix_path/ur_custom_interfaces
[1.061s] -- Up-to-date symlink: /home/icrs/icrsUR/install/ur_custom_interfaces/share/ur_custom_interfaces/environment/ament_prefix_path.sh
[1.061s] -- Up-to-date symlink: /home/icrs/icrsUR/install/ur_custom_interfaces/share/ur_custom_interfaces/environment/ament_prefix_path.dsv
[1.061s] -- Up-to-date symlink: /home/icrs/icrsUR/install/ur_custom_interfaces/share/ur_custom_interfaces/environment/path.sh
[1.062s] -- Up-to-date symlink: /home/icrs/icrsUR/install/ur_custom_interfaces/share/ur_custom_interfaces/environment/path.dsv
[1.062s] -- Up-to-date symlink: /home/icrs/icrsUR/install/ur_custom_interfaces/share/ur_custom_interfaces/local_setup.bash
[1.063s] -- Up-to-date symlink: /home/icrs/icrsUR/install/ur_custom_interfaces/share/ur_custom_interfaces/local_setup.sh
[1.063s] -- Up-to-date symlink: /home/icrs/icrsUR/install/ur_custom_interfaces/share/ur_custom_interfaces/local_setup.zsh
[1.063s] -- Up-to-date symlink: /home/icrs/icrsUR/install/ur_custom_interfaces/share/ur_custom_interfaces/local_setup.dsv
[1.064s] -- Symlinking: /home/icrs/icrsUR/install/ur_custom_interfaces/share/ur_custom_interfaces/package.dsv
[1.071s] -- Up-to-date symlink: /home/icrs/icrsUR/install/ur_custom_interfaces/share/ament_index/resource_index/packages/ur_custom_interfaces
[1.072s] -- Up-to-date symlink: /home/icrs/icrsUR/install/ur_custom_interfaces/share/ur_custom_interfaces/cmake/rosidl_cmake-extras.cmake
[1.072s] -- Up-to-date symlink: /home/icrs/icrsUR/install/ur_custom_interfaces/share/ur_custom_interfaces/cmake/ament_cmake_export_include_directories-extras.cmake
[1.072s] -- Up-to-date symlink: /home/icrs/icrsUR/install/ur_custom_interfaces/share/ur_custom_interfaces/cmake/ament_cmake_export_libraries-extras.cmake
[1.072s] -- Up-to-date symlink: /home/icrs/icrsUR/install/ur_custom_interfaces/share/ur_custom_interfaces/cmake/ament_cmake_export_targets-extras.cmake
[1.073s] -- Up-to-date symlink: /home/icrs/icrsUR/install/ur_custom_interfaces/share/ur_custom_interfaces/cmake/rosidl_cmake_export_typesupport_targets-extras.cmake
[1.073s] -- Up-to-date symlink: /home/icrs/icrsUR/install/ur_custom_interfaces/share/ur_custom_interfaces/cmake/ament_cmake_export_dependencies-extras.cmake
[1.073s] -- Up-to-date symlink: /home/icrs/icrsUR/install/ur_custom_interfaces/share/ur_custom_interfaces/cmake/rosidl_cmake_export_typesupport_libraries-extras.cmake
[1.074s] -- Up-to-date symlink: /home/icrs/icrsUR/install/ur_custom_interfaces/share/ur_custom_interfaces/cmake/ur_custom_interfacesConfig.cmake
[1.074s] -- Up-to-date symlink: /home/icrs/icrsUR/install/ur_custom_interfaces/share/ur_custom_interfaces/cmake/ur_custom_interfacesConfig-version.cmake
[1.074s] -- Up-to-date symlink: /home/icrs/icrsUR/install/ur_custom_interfaces/share/ur_custom_interfaces/package.xml
[1.074s] -- Up-to-date: /home/icrs/icrsUR/install/ur_custom_interfaces/lib/libur_custom_interfaces__rosidl_generator_c.so
[1.075s] -- Up-to-date: /home/icrs/icrsUR/install/ur_custom_interfaces/lib/libur_custom_interfaces__rosidl_typesupport_fastrtps_c.so
[1.075s] -- Up-to-date: /home/icrs/icrsUR/install/ur_custom_interfaces/lib/libur_custom_interfaces__rosidl_typesupport_introspection_c.so
[1.076s] -- Up-to-date: /home/icrs/icrsUR/install/ur_custom_interfaces/lib/libur_custom_interfaces__rosidl_typesupport_c.so
[1.078s] -- Up-to-date: /home/icrs/icrsUR/install/ur_custom_interfaces/lib/libur_custom_interfaces__rosidl_typesupport_fastrtps_cpp.so
[1.078s] -- Up-to-date: /home/icrs/icrsUR/install/ur_custom_interfaces/lib/libur_custom_interfaces__rosidl_typesupport_introspection_cpp.so
[1.078s] -- Up-to-date: /home/icrs/icrsUR/install/ur_custom_interfaces/lib/libur_custom_interfaces__rosidl_typesupport_cpp.so
[1.138s] Listing '/home/icrs/icrsUR/install/ur_custom_interfaces/local/lib/python3.10/dist-packages/ur_custom_interfaces'...
[1.138s] Listing '/home/icrs/icrsUR/install/ur_custom_interfaces/local/lib/python3.10/dist-packages/ur_custom_interfaces/msg'...
[1.151s] -- Up-to-date: /home/icrs/icrsUR/install/ur_custom_interfaces/lib/libur_custom_interfaces__rosidl_generator_py.so
[1.152s] -- Up-to-date: /home/icrs/icrsUR/install/ur_custom_interfaces/share/ur_custom_interfaces/cmake/export_ur_custom_interfaces__rosidl_generator_cExport.cmake
[1.152s] -- Up-to-date: /home/icrs/icrsUR/install/ur_custom_interfaces/share/ur_custom_interfaces/cmake/export_ur_custom_interfaces__rosidl_generator_cExport-noconfig.cmake
[1.153s] -- Up-to-date: /home/icrs/icrsUR/install/ur_custom_interfaces/share/ur_custom_interfaces/cmake/export_ur_custom_interfaces__rosidl_typesupport_fastrtps_cExport.cmake
[1.153s] -- Up-to-date: /home/icrs/icrsUR/install/ur_custom_interfaces/share/ur_custom_interfaces/cmake/export_ur_custom_interfaces__rosidl_typesupport_fastrtps_cExport-noconfig.cmake
[1.153s] -- Up-to-date: /home/icrs/icrsUR/install/ur_custom_interfaces/share/ur_custom_interfaces/cmake/ur_custom_interfaces__rosidl_typesupport_introspection_cExport.cmake
[1.154s] -- Up-to-date: /home/icrs/icrsUR/install/ur_custom_interfaces/share/ur_custom_interfaces/cmake/ur_custom_interfaces__rosidl_typesupport_introspection_cExport-noconfig.cmake
[1.155s] -- Up-to-date: /home/icrs/icrsUR/install/ur_custom_interfaces/share/ur_custom_interfaces/cmake/ur_custom_interfaces__rosidl_typesupport_cExport.cmake
[1.155s] -- Up-to-date: /home/icrs/icrsUR/install/ur_custom_interfaces/share/ur_custom_interfaces/cmake/ur_custom_interfaces__rosidl_typesupport_cExport-noconfig.cmake
[1.156s] -- Up-to-date: /home/icrs/icrsUR/install/ur_custom_interfaces/share/ur_custom_interfaces/cmake/export_ur_custom_interfaces__rosidl_generator_cppExport.cmake
[1.156s] -- Up-to-date: /home/icrs/icrsUR/install/ur_custom_interfaces/share/ur_custom_interfaces/cmake/export_ur_custom_interfaces__rosidl_typesupport_fastrtps_cppExport.cmake
[1.156s] -- Up-to-date: /home/icrs/icrsUR/install/ur_custom_interfaces/share/ur_custom_interfaces/cmake/export_ur_custom_interfaces__rosidl_typesupport_fastrtps_cppExport-noconfig.cmake
[1.156s] -- Up-to-date: /home/icrs/icrsUR/install/ur_custom_interfaces/share/ur_custom_interfaces/cmake/ur_custom_interfaces__rosidl_typesupport_introspection_cppExport.cmake
[1.156s] -- Up-to-date: /home/icrs/icrsUR/install/ur_custom_interfaces/share/ur_custom_interfaces/cmake/ur_custom_interfaces__rosidl_typesupport_introspection_cppExport-noconfig.cmake
[1.156s] -- Up-to-date: /home/icrs/icrsUR/install/ur_custom_interfaces/share/ur_custom_interfaces/cmake/ur_custom_interfaces__rosidl_typesupport_cppExport.cmake
[1.156s] -- Up-to-date: /home/icrs/icrsUR/install/ur_custom_interfaces/share/ur_custom_interfaces/cmake/ur_custom_interfaces__rosidl_typesupport_cppExport-noconfig.cmake
[1.157s] -- Up-to-date: /home/icrs/icrsUR/install/ur_custom_interfaces/share/ur_custom_interfaces/cmake/export_ur_custom_interfaces__rosidl_generator_pyExport.cmake
[1.157s] -- Up-to-date: /home/icrs/icrsUR/install/ur_custom_interfaces/share/ur_custom_interfaces/cmake/export_ur_custom_interfaces__rosidl_generator_pyExport-noconfig.cmake
[1.159s] Invoked command in '/home/icrs/icrsUR/build/ur_custom_interfaces' returned '0': CMAKE_PREFIX_PATH=${CMAKE_PREFIX_PATH}:/home/icrs/icrsUR/install/camera_control:/home/icrs/icrsUR/install/gripper_control:/opt/ros/humble /usr/bin/cmake --install /home/icrs/icrsUR/build/ur_custom_interfaces
