[  0%] Built target ur_dashboard_msgs__cpp
[ 12%] Built target ur_dashboard_msgs__rosidl_generator_c
[ 12%] Built target ament_cmake_python_symlink_ur_dashboard_msgs
[ 24%] Built target ur_dashboard_msgs__rosidl_typesupport_introspection_c
[ 36%] Built target ur_dashboard_msgs__rosidl_typesupport_fastrtps_cpp
[ 48%] Built target ur_dashboard_msgs__rosidl_typesupport_introspection_cpp
[ 60%] Built target ur_dashboard_msgs__rosidl_typesupport_c
[ 72%] Built target ur_dashboard_msgs__rosidl_typesupport_fastrtps_c
[ 84%] Built target ur_dashboard_msgs__rosidl_typesupport_cpp
[ 84%] Built target ur_dashboard_msgs
Traceback (most recent call last):
  File "/home/icrs/icrsUR/build/ur_dashboard_msgs/ament_cmake_python/ur_dashboard_msgs/setup.py", line 1, in <module>
gmake[1]: *** [CMakeFiles/Makefile2:589: ur_dashboard_msgs__py/CMakeFiles/ur_dashboard_msgs__py.dir/all] Interrupt
    from setuptools import find_packages
  File "/usr/lib/python3/dist-packages/setuptools/__init__.py", line 10, in <module>
    import distutils.core
  File "/usr/lib/python3.10/distutils/core.py", line 17, in <module>
    from distutils.cmd import Command
  File "/usr/lib/python3.10/distutils/cmd.py", line 9, in <module>
    from distutils import util, dir_util, file_util, archive_util, dep_util
  File "/usr/lib/python3.10/distutils/archive_util.py", line 11, in <module>
    import zipfile
  File "/usr/lib/python3.10/zipfile.py", line 20, in <module>
    import pathlib
  File "/usr/lib/python3.10/pathlib.py", line 14, in <module>
    from urllib.parse import quote_from_bytes as urlquote_from_bytes
  File "<frozen importlib._bootstrap>", line 1027, in _find_and_load
  File "<frozen importlib._bootstrap>", line 1006, in _find_and_load_unlocked
  File "<frozen importlib._bootstrap>", line 688, in _load_unlocked
  File "<frozen importlib._bootstrap_external>", line 879, in exec_module
KeyboardInterrupt
gmake[2]: *** [CMakeFiles/ament_cmake_python_build_ur_dashboard_msgs_egg.dir/build.make:70: CMakeFiles/ament_cmake_python_build_ur_dashboard_msgs_egg] Interrupt
gmake[1]: *** [CMakeFiles/Makefile2:447: CMakeFiles/ament_cmake_python_build_ur_dashboard_msgs_egg.dir/all] Interrupt
gmake: *** [Makefile:146: all] Interrupt
