[0.048s] Invoking command in '/home/icrs/icrsUR/build/ur_custom_interfaces': CMAKE_PREFIX_PATH=${CMAKE_PREFIX_PATH}:/home/icrs/icrsUR/install/ur_description:/home/icrs/icrsUR/install/ur_dashboard_msgs:/home/icrs/icrsUR/install/camera_control:/home/icrs/icrsUR/install/robotiq_description:/home/icrs/icrsUR/install/gripper_control:/opt/ros/humble /usr/bin/cmake --build /home/icrs/icrsUR/build/ur_custom_interfaces -- -j8 -l8
[0.829s] [  3%] Built target ur_custom_interfaces__cpp
[0.829s] [ 12%] Built target ur_custom_interfaces__rosidl_generator_c
[0.829s] [ 12%] Built target ament_cmake_python_symlink_ur_custom_interfaces
[0.829s] [ 16%] [32mBuilding CXX object CMakeFiles/ur_custom_interfaces__rosidl_typesupport_cpp.dir/rosidl_typesupport_cpp/ur_custom_interfaces/msg/ur_command__type_support.cpp.o[0m
[0.829s] [ 19%] [32mBuilding CXX object CMakeFiles/ur_custom_interfaces__rosidl_typesupport_introspection_cpp.dir/rosidl_typesupport_introspection_cpp/ur_custom_interfaces/msg/detail/ur_command__type_support.cpp.o[0m
[0.829s] [ 22%] [32mBuilding CXX object CMakeFiles/ur_custom_interfaces__rosidl_typesupport_fastrtps_cpp.dir/rosidl_typesupport_fastrtps_cpp/ur_custom_interfaces/msg/detail/dds_fastrtps/ur_command__type_support.cpp.o[0m
[0.830s] [ 32%] Built target ur_custom_interfaces__rosidl_typesupport_introspection_c
[0.830s] [ 41%] Built target ur_custom_interfaces__rosidl_typesupport_c
[0.830s] [ 45%] [32mBuilding CXX object CMakeFiles/ur_custom_interfaces__rosidl_typesupport_fastrtps_c.dir/rosidl_typesupport_fastrtps_c/ur_custom_interfaces/msg/detail/ur_command__type_support_c.cpp.o[0m
[1.952s] [ 48%] [32m[1mLinking CXX shared library libur_custom_interfaces__rosidl_typesupport_fastrtps_cpp.so[0m
[2.296s] [ 51%] [32m[1mLinking CXX shared library libur_custom_interfaces__rosidl_typesupport_cpp.so[0m
[2.497s] [ 54%] Built target ur_custom_interfaces__rosidl_typesupport_fastrtps_cpp
[2.535s] running egg_info
[2.548s] writing ur_custom_interfaces.egg-info/PKG-INFO
[2.555s] writing dependency_links to ur_custom_interfaces.egg-info/dependency_links.txt
[2.556s] writing top-level names to ur_custom_interfaces.egg-info/top_level.txt
[2.565s] [ 58%] Built target ur_custom_interfaces__rosidl_typesupport_cpp
[2.579s] reading manifest file 'ur_custom_interfaces.egg-info/SOURCES.txt'
[2.579s] writing manifest file 'ur_custom_interfaces.egg-info/SOURCES.txt'
[2.720s] [ 61%] [32m[1mLinking CXX shared library libur_custom_interfaces__rosidl_typesupport_introspection_cpp.so[0m
[2.789s] [ 61%] Built target ament_cmake_python_build_ur_custom_interfaces_egg
[2.885s] [ 64%] [32m[1mLinking CXX shared library libur_custom_interfaces__rosidl_typesupport_fastrtps_c.so[0m
[3.004s] [ 67%] Built target ur_custom_interfaces__rosidl_typesupport_introspection_cpp
[3.285s] [ 70%] Built target ur_custom_interfaces__rosidl_typesupport_fastrtps_c
[3.388s] [ 70%] Built target ur_custom_interfaces
[3.474s] [ 74%] Built target ur_custom_interfaces__py
[3.592s] [ 77%] [32mBuilding C object CMakeFiles/ur_custom_interfaces__rosidl_generator_py.dir/rosidl_generator_py/ur_custom_interfaces/msg/_ur_command_s.c.o[0m
[4.232s] [ 80%] [32m[1mLinking C shared library rosidl_generator_py/ur_custom_interfaces/libur_custom_interfaces__rosidl_generator_py.so[0m
[4.399s] [ 80%] Built target ur_custom_interfaces__rosidl_generator_py
[4.491s] [ 83%] [32mBuilding C object CMakeFiles/ur_custom_interfaces__rosidl_typesupport_introspection_c__pyext.dir/rosidl_generator_py/ur_custom_interfaces/_ur_custom_interfaces_s.ep.rosidl_typesupport_introspection_c.c.o[0m
[4.493s] [ 87%] [32mBuilding C object CMakeFiles/ur_custom_interfaces__rosidl_typesupport_fastrtps_c__pyext.dir/rosidl_generator_py/ur_custom_interfaces/_ur_custom_interfaces_s.ep.rosidl_typesupport_fastrtps_c.c.o[0m
[4.507s] [ 90%] [32mBuilding C object CMakeFiles/ur_custom_interfaces__rosidl_typesupport_c__pyext.dir/rosidl_generator_py/ur_custom_interfaces/_ur_custom_interfaces_s.ep.rosidl_typesupport_c.c.o[0m
[4.762s] [ 93%] [32m[1mLinking C shared library rosidl_generator_py/ur_custom_interfaces/ur_custom_interfaces_s__rosidl_typesupport_fastrtps_c.cpython-310-x86_64-linux-gnu.so[0m
[4.881s] [ 96%] [32m[1mLinking C shared library rosidl_generator_py/ur_custom_interfaces/ur_custom_interfaces_s__rosidl_typesupport_c.cpython-310-x86_64-linux-gnu.so[0m
[4.895s] [ 96%] Built target ur_custom_interfaces__rosidl_typesupport_fastrtps_c__pyext
[4.899s] [100%] [32m[1mLinking C shared library rosidl_generator_py/ur_custom_interfaces/ur_custom_interfaces_s__rosidl_typesupport_introspection_c.cpython-310-x86_64-linux-gnu.so[0m
[5.033s] [100%] Built target ur_custom_interfaces__rosidl_typesupport_introspection_c__pyext
[5.039s] [100%] Built target ur_custom_interfaces__rosidl_typesupport_c__pyext
[5.089s] Invoked command in '/home/icrs/icrsUR/build/ur_custom_interfaces' returned '0': CMAKE_PREFIX_PATH=${CMAKE_PREFIX_PATH}:/home/icrs/icrsUR/install/ur_description:/home/icrs/icrsUR/install/ur_dashboard_msgs:/home/icrs/icrsUR/install/camera_control:/home/icrs/icrsUR/install/robotiq_description:/home/icrs/icrsUR/install/gripper_control:/opt/ros/humble /usr/bin/cmake --build /home/icrs/icrsUR/build/ur_custom_interfaces -- -j8 -l8
[5.358s] Invoking command in '/home/icrs/icrsUR/build/ur_custom_interfaces': CMAKE_PREFIX_PATH=${CMAKE_PREFIX_PATH}:/home/icrs/icrsUR/install/ur_description:/home/icrs/icrsUR/install/ur_dashboard_msgs:/home/icrs/icrsUR/install/camera_control:/home/icrs/icrsUR/install/robotiq_description:/home/icrs/icrsUR/install/gripper_control:/opt/ros/humble /usr/bin/cmake --install /home/icrs/icrsUR/build/ur_custom_interfaces
[5.393s] -- Install configuration: ""
[5.394s] -- Execute custom install script
[5.396s] -- Up-to-date symlink: /home/icrs/icrsUR/install/ur_custom_interfaces/share/ament_index/resource_index/rosidl_interfaces/ur_custom_interfaces
[5.401s] -- Up-to-date symlink: /home/icrs/icrsUR/install/ur_custom_interfaces/include/ur_custom_interfaces/ur_custom_interfaces/msg/detail/ur_command__functions.h
[5.401s] -- Up-to-date symlink: /home/icrs/icrsUR/install/ur_custom_interfaces/include/ur_custom_interfaces/ur_custom_interfaces/msg/detail/ur_command__struct.h
[5.402s] -- Up-to-date symlink: /home/icrs/icrsUR/install/ur_custom_interfaces/include/ur_custom_interfaces/ur_custom_interfaces/msg/detail/ur_command__type_support.h
[5.406s] -- Up-to-date symlink: /home/icrs/icrsUR/install/ur_custom_interfaces/include/ur_custom_interfaces/ur_custom_interfaces/msg/rosidl_generator_c__visibility_control.h
[5.406s] -- Up-to-date symlink: /home/icrs/icrsUR/install/ur_custom_interfaces/include/ur_custom_interfaces/ur_custom_interfaces/msg/ur_command.h
[5.406s] -- Up-to-date symlink: /home/icrs/icrsUR/install/ur_custom_interfaces/share/ur_custom_interfaces/environment/library_path.sh
[5.406s] -- Up-to-date symlink: /home/icrs/icrsUR/install/ur_custom_interfaces/share/ur_custom_interfaces/environment/library_path.dsv
[5.407s] -- Up-to-date symlink: /home/icrs/icrsUR/install/ur_custom_interfaces/include/ur_custom_interfaces/ur_custom_interfaces/msg/detail/ur_command__rosidl_typesupport_fastrtps_c.h
[5.407s] -- Up-to-date symlink: /home/icrs/icrsUR/install/ur_custom_interfaces/include/ur_custom_interfaces/ur_custom_interfaces/msg/rosidl_typesupport_fastrtps_c__visibility_control.h
[5.408s] -- Up-to-date symlink: /home/icrs/icrsUR/install/ur_custom_interfaces/include/ur_custom_interfaces/ur_custom_interfaces/msg/detail/ur_command__rosidl_typesupport_introspection_c.h
[5.408s] -- Up-to-date symlink: /home/icrs/icrsUR/install/ur_custom_interfaces/include/ur_custom_interfaces/ur_custom_interfaces/msg/rosidl_typesupport_introspection_c__visibility_control.h
[5.411s] -- Up-to-date symlink: /home/icrs/icrsUR/install/ur_custom_interfaces/include/ur_custom_interfaces/ur_custom_interfaces/msg/detail/ur_command__builder.hpp
[5.411s] -- Up-to-date symlink: /home/icrs/icrsUR/install/ur_custom_interfaces/include/ur_custom_interfaces/ur_custom_interfaces/msg/detail/ur_command__struct.hpp
[5.412s] -- Up-to-date symlink: /home/icrs/icrsUR/install/ur_custom_interfaces/include/ur_custom_interfaces/ur_custom_interfaces/msg/detail/ur_command__traits.hpp
[5.412s] -- Up-to-date symlink: /home/icrs/icrsUR/install/ur_custom_interfaces/include/ur_custom_interfaces/ur_custom_interfaces/msg/ur_command.hpp
[5.414s] -- Up-to-date symlink: /home/icrs/icrsUR/install/ur_custom_interfaces/include/ur_custom_interfaces/ur_custom_interfaces/msg/detail/ur_command__rosidl_typesupport_fastrtps_cpp.hpp
[5.416s] -- Up-to-date symlink: /home/icrs/icrsUR/install/ur_custom_interfaces/include/ur_custom_interfaces/ur_custom_interfaces/msg/rosidl_typesupport_fastrtps_cpp__visibility_control.h
[5.420s] -- Up-to-date symlink: /home/icrs/icrsUR/install/ur_custom_interfaces/include/ur_custom_interfaces/ur_custom_interfaces/msg/detail/ur_command__rosidl_typesupport_introspection_cpp.hpp
[5.420s] -- Up-to-date symlink: /home/icrs/icrsUR/install/ur_custom_interfaces/share/ur_custom_interfaces/environment/pythonpath.sh
[5.420s] -- Up-to-date symlink: /home/icrs/icrsUR/install/ur_custom_interfaces/share/ur_custom_interfaces/environment/pythonpath.dsv
[5.421s] -- Up-to-date symlink: /home/icrs/icrsUR/install/ur_custom_interfaces/local/lib/python3.10/dist-packages/ur_custom_interfaces-0.0.0-py3.10.egg-info/PKG-INFO
[5.421s] -- Up-to-date symlink: /home/icrs/icrsUR/install/ur_custom_interfaces/local/lib/python3.10/dist-packages/ur_custom_interfaces-0.0.0-py3.10.egg-info/SOURCES.txt
[5.421s] -- Up-to-date symlink: /home/icrs/icrsUR/install/ur_custom_interfaces/local/lib/python3.10/dist-packages/ur_custom_interfaces-0.0.0-py3.10.egg-info/dependency_links.txt
[5.424s] -- Up-to-date symlink: /home/icrs/icrsUR/install/ur_custom_interfaces/local/lib/python3.10/dist-packages/ur_custom_interfaces-0.0.0-py3.10.egg-info/top_level.txt
[5.427s] -- Up-to-date symlink: /home/icrs/icrsUR/install/ur_custom_interfaces/local/lib/python3.10/dist-packages/ur_custom_interfaces/__init__.py
[5.427s] -- Up-to-date symlink: /home/icrs/icrsUR/install/ur_custom_interfaces/local/lib/python3.10/dist-packages/ur_custom_interfaces/_ur_custom_interfaces_s.ep.rosidl_typesupport_c.c
[5.430s] -- Up-to-date symlink: /home/icrs/icrsUR/install/ur_custom_interfaces/local/lib/python3.10/dist-packages/ur_custom_interfaces/_ur_custom_interfaces_s.ep.rosidl_typesupport_fastrtps_c.c
[5.430s] -- Up-to-date symlink: /home/icrs/icrsUR/install/ur_custom_interfaces/local/lib/python3.10/dist-packages/ur_custom_interfaces/_ur_custom_interfaces_s.ep.rosidl_typesupport_introspection_c.c
[5.430s] -- Up-to-date symlink: /home/icrs/icrsUR/install/ur_custom_interfaces/local/lib/python3.10/dist-packages/ur_custom_interfaces/libur_custom_interfaces__rosidl_generator_py.so
[5.430s] -- Up-to-date symlink: /home/icrs/icrsUR/install/ur_custom_interfaces/local/lib/python3.10/dist-packages/ur_custom_interfaces/msg/__init__.py
[5.430s] -- Up-to-date symlink: /home/icrs/icrsUR/install/ur_custom_interfaces/local/lib/python3.10/dist-packages/ur_custom_interfaces/msg/_ur_command.py
[5.431s] -- Up-to-date symlink: /home/icrs/icrsUR/install/ur_custom_interfaces/local/lib/python3.10/dist-packages/ur_custom_interfaces/msg/_ur_command_s.c
[5.431s] -- Up-to-date symlink: /home/icrs/icrsUR/install/ur_custom_interfaces/local/lib/python3.10/dist-packages/ur_custom_interfaces/ur_custom_interfaces_s__rosidl_typesupport_c.cpython-310-x86_64-linux-gnu.so
[5.431s] -- Up-to-date symlink: /home/icrs/icrsUR/install/ur_custom_interfaces/local/lib/python3.10/dist-packages/ur_custom_interfaces/ur_custom_interfaces_s__rosidl_typesupport_fastrtps_c.cpython-310-x86_64-linux-gnu.so
[5.434s] -- Up-to-date symlink: /home/icrs/icrsUR/install/ur_custom_interfaces/local/lib/python3.10/dist-packages/ur_custom_interfaces/ur_custom_interfaces_s__rosidl_typesupport_introspection_c.cpython-310-x86_64-linux-gnu.so
[5.434s] -- Up-to-date symlink: /home/icrs/icrsUR/install/ur_custom_interfaces/local/lib/python3.10/dist-packages/ur_custom_interfaces/ur_custom_interfaces_s__rosidl_typesupport_fastrtps_c.cpython-310-x86_64-linux-gnu.so
[5.435s] -- Up-to-date symlink: /home/icrs/icrsUR/install/ur_custom_interfaces/local/lib/python3.10/dist-packages/ur_custom_interfaces/ur_custom_interfaces_s__rosidl_typesupport_introspection_c.cpython-310-x86_64-linux-gnu.so
[5.436s] -- Up-to-date symlink: /home/icrs/icrsUR/install/ur_custom_interfaces/local/lib/python3.10/dist-packages/ur_custom_interfaces/ur_custom_interfaces_s__rosidl_typesupport_c.cpython-310-x86_64-linux-gnu.so
[5.436s] -- Up-to-date symlink: /home/icrs/icrsUR/install/ur_custom_interfaces/share/ur_custom_interfaces/msg/URCommand.idl
[5.437s] -- Up-to-date symlink: /home/icrs/icrsUR/install/ur_custom_interfaces/share/ur_custom_interfaces/msg/URCommand.msg
[5.438s] -- Up-to-date symlink: /home/icrs/icrsUR/install/ur_custom_interfaces/share/ament_index/resource_index/package_run_dependencies/ur_custom_interfaces
[5.441s] -- Up-to-date symlink: /home/icrs/icrsUR/install/ur_custom_interfaces/share/ament_index/resource_index/parent_prefix_path/ur_custom_interfaces
[5.441s] -- Up-to-date symlink: /home/icrs/icrsUR/install/ur_custom_interfaces/share/ur_custom_interfaces/environment/ament_prefix_path.sh
[5.442s] -- Up-to-date symlink: /home/icrs/icrsUR/install/ur_custom_interfaces/share/ur_custom_interfaces/environment/ament_prefix_path.dsv
[5.442s] -- Up-to-date symlink: /home/icrs/icrsUR/install/ur_custom_interfaces/share/ur_custom_interfaces/environment/path.sh
[5.442s] -- Up-to-date symlink: /home/icrs/icrsUR/install/ur_custom_interfaces/share/ur_custom_interfaces/environment/path.dsv
[5.445s] -- Up-to-date symlink: /home/icrs/icrsUR/install/ur_custom_interfaces/share/ur_custom_interfaces/local_setup.bash
[5.447s] -- Up-to-date symlink: /home/icrs/icrsUR/install/ur_custom_interfaces/share/ur_custom_interfaces/local_setup.sh
[5.447s] -- Up-to-date symlink: /home/icrs/icrsUR/install/ur_custom_interfaces/share/ur_custom_interfaces/local_setup.zsh
[5.448s] -- Up-to-date symlink: /home/icrs/icrsUR/install/ur_custom_interfaces/share/ur_custom_interfaces/local_setup.dsv
[5.452s] -- Symlinking: /home/icrs/icrsUR/install/ur_custom_interfaces/share/ur_custom_interfaces/package.dsv
[5.487s] -- Up-to-date symlink: /home/icrs/icrsUR/install/ur_custom_interfaces/share/ament_index/resource_index/packages/ur_custom_interfaces
[5.496s] -- Up-to-date symlink: /home/icrs/icrsUR/install/ur_custom_interfaces/share/ur_custom_interfaces/cmake/rosidl_cmake-extras.cmake
[5.498s] -- Up-to-date symlink: /home/icrs/icrsUR/install/ur_custom_interfaces/share/ur_custom_interfaces/cmake/ament_cmake_export_include_directories-extras.cmake
[5.498s] -- Up-to-date symlink: /home/icrs/icrsUR/install/ur_custom_interfaces/share/ur_custom_interfaces/cmake/ament_cmake_export_libraries-extras.cmake
[5.498s] -- Up-to-date symlink: /home/icrs/icrsUR/install/ur_custom_interfaces/share/ur_custom_interfaces/cmake/ament_cmake_export_targets-extras.cmake
[5.498s] -- Up-to-date symlink: /home/icrs/icrsUR/install/ur_custom_interfaces/share/ur_custom_interfaces/cmake/rosidl_cmake_export_typesupport_targets-extras.cmake
[5.499s] -- Up-to-date symlink: /home/icrs/icrsUR/install/ur_custom_interfaces/share/ur_custom_interfaces/cmake/ament_cmake_export_dependencies-extras.cmake
[5.499s] -- Up-to-date symlink: /home/icrs/icrsUR/install/ur_custom_interfaces/share/ur_custom_interfaces/cmake/rosidl_cmake_export_typesupport_libraries-extras.cmake
[5.500s] -- Up-to-date symlink: /home/icrs/icrsUR/install/ur_custom_interfaces/share/ur_custom_interfaces/cmake/ur_custom_interfacesConfig.cmake
[5.503s] -- Up-to-date symlink: /home/icrs/icrsUR/install/ur_custom_interfaces/share/ur_custom_interfaces/cmake/ur_custom_interfacesConfig-version.cmake
[5.503s] -- Up-to-date symlink: /home/icrs/icrsUR/install/ur_custom_interfaces/share/ur_custom_interfaces/package.xml
[5.503s] -- Up-to-date: /home/icrs/icrsUR/install/ur_custom_interfaces/lib/libur_custom_interfaces__rosidl_generator_c.so
[5.504s] -- Installing: /home/icrs/icrsUR/install/ur_custom_interfaces/lib/libur_custom_interfaces__rosidl_typesupport_fastrtps_c.so
[5.505s] -- Set runtime path of "/home/icrs/icrsUR/install/ur_custom_interfaces/lib/libur_custom_interfaces__rosidl_typesupport_fastrtps_c.so" to ""
[5.505s] -- Up-to-date: /home/icrs/icrsUR/install/ur_custom_interfaces/lib/libur_custom_interfaces__rosidl_typesupport_introspection_c.so
[5.512s] -- Up-to-date: /home/icrs/icrsUR/install/ur_custom_interfaces/lib/libur_custom_interfaces__rosidl_typesupport_c.so
[5.517s] -- Installing: /home/icrs/icrsUR/install/ur_custom_interfaces/lib/libur_custom_interfaces__rosidl_typesupport_fastrtps_cpp.so
[5.517s] -- Set runtime path of "/home/icrs/icrsUR/install/ur_custom_interfaces/lib/libur_custom_interfaces__rosidl_typesupport_fastrtps_cpp.so" to ""
[5.517s] -- Installing: /home/icrs/icrsUR/install/ur_custom_interfaces/lib/libur_custom_interfaces__rosidl_typesupport_introspection_cpp.so
[5.517s] -- Set runtime path of "/home/icrs/icrsUR/install/ur_custom_interfaces/lib/libur_custom_interfaces__rosidl_typesupport_introspection_cpp.so" to ""
[5.519s] -- Installing: /home/icrs/icrsUR/install/ur_custom_interfaces/lib/libur_custom_interfaces__rosidl_typesupport_cpp.so
[5.520s] -- Set runtime path of "/home/icrs/icrsUR/install/ur_custom_interfaces/lib/libur_custom_interfaces__rosidl_typesupport_cpp.so" to ""
[5.692s] Listing '/home/icrs/icrsUR/install/ur_custom_interfaces/local/lib/python3.10/dist-packages/ur_custom_interfaces'...
[5.692s] Listing '/home/icrs/icrsUR/install/ur_custom_interfaces/local/lib/python3.10/dist-packages/ur_custom_interfaces/msg'...
[5.711s] -- Installing: /home/icrs/icrsUR/install/ur_custom_interfaces/lib/libur_custom_interfaces__rosidl_generator_py.so
[5.712s] -- Set runtime path of "/home/icrs/icrsUR/install/ur_custom_interfaces/lib/libur_custom_interfaces__rosidl_generator_py.so" to ""
[5.713s] -- Up-to-date: /home/icrs/icrsUR/install/ur_custom_interfaces/share/ur_custom_interfaces/cmake/export_ur_custom_interfaces__rosidl_generator_cExport.cmake
[5.717s] -- Up-to-date: /home/icrs/icrsUR/install/ur_custom_interfaces/share/ur_custom_interfaces/cmake/export_ur_custom_interfaces__rosidl_generator_cExport-noconfig.cmake
[5.717s] -- Up-to-date: /home/icrs/icrsUR/install/ur_custom_interfaces/share/ur_custom_interfaces/cmake/export_ur_custom_interfaces__rosidl_typesupport_fastrtps_cExport.cmake
[5.717s] -- Up-to-date: /home/icrs/icrsUR/install/ur_custom_interfaces/share/ur_custom_interfaces/cmake/export_ur_custom_interfaces__rosidl_typesupport_fastrtps_cExport-noconfig.cmake
[5.717s] -- Up-to-date: /home/icrs/icrsUR/install/ur_custom_interfaces/share/ur_custom_interfaces/cmake/ur_custom_interfaces__rosidl_typesupport_introspection_cExport.cmake
[5.718s] -- Up-to-date: /home/icrs/icrsUR/install/ur_custom_interfaces/share/ur_custom_interfaces/cmake/ur_custom_interfaces__rosidl_typesupport_introspection_cExport-noconfig.cmake
[5.718s] -- Up-to-date: /home/icrs/icrsUR/install/ur_custom_interfaces/share/ur_custom_interfaces/cmake/ur_custom_interfaces__rosidl_typesupport_cExport.cmake
[5.718s] -- Up-to-date: /home/icrs/icrsUR/install/ur_custom_interfaces/share/ur_custom_interfaces/cmake/ur_custom_interfaces__rosidl_typesupport_cExport-noconfig.cmake
[5.718s] -- Up-to-date: /home/icrs/icrsUR/install/ur_custom_interfaces/share/ur_custom_interfaces/cmake/export_ur_custom_interfaces__rosidl_generator_cppExport.cmake
[5.718s] -- Up-to-date: /home/icrs/icrsUR/install/ur_custom_interfaces/share/ur_custom_interfaces/cmake/export_ur_custom_interfaces__rosidl_typesupport_fastrtps_cppExport.cmake
[5.719s] -- Up-to-date: /home/icrs/icrsUR/install/ur_custom_interfaces/share/ur_custom_interfaces/cmake/export_ur_custom_interfaces__rosidl_typesupport_fastrtps_cppExport-noconfig.cmake
[5.719s] -- Up-to-date: /home/icrs/icrsUR/install/ur_custom_interfaces/share/ur_custom_interfaces/cmake/ur_custom_interfaces__rosidl_typesupport_introspection_cppExport.cmake
[5.723s] -- Up-to-date: /home/icrs/icrsUR/install/ur_custom_interfaces/share/ur_custom_interfaces/cmake/ur_custom_interfaces__rosidl_typesupport_introspection_cppExport-noconfig.cmake
[5.723s] -- Up-to-date: /home/icrs/icrsUR/install/ur_custom_interfaces/share/ur_custom_interfaces/cmake/ur_custom_interfaces__rosidl_typesupport_cppExport.cmake
[5.723s] -- Up-to-date: /home/icrs/icrsUR/install/ur_custom_interfaces/share/ur_custom_interfaces/cmake/ur_custom_interfaces__rosidl_typesupport_cppExport-noconfig.cmake
[5.723s] -- Up-to-date: /home/icrs/icrsUR/install/ur_custom_interfaces/share/ur_custom_interfaces/cmake/export_ur_custom_interfaces__rosidl_generator_pyExport.cmake
[5.723s] -- Up-to-date: /home/icrs/icrsUR/install/ur_custom_interfaces/share/ur_custom_interfaces/cmake/export_ur_custom_interfaces__rosidl_generator_pyExport-noconfig.cmake
[5.729s] Invoked command in '/home/icrs/icrsUR/build/ur_custom_interfaces' returned '0': CMAKE_PREFIX_PATH=${CMAKE_PREFIX_PATH}:/home/icrs/icrsUR/install/ur_description:/home/icrs/icrsUR/install/ur_dashboard_msgs:/home/icrs/icrsUR/install/camera_control:/home/icrs/icrsUR/install/robotiq_description:/home/icrs/icrsUR/install/gripper_control:/opt/ros/humble /usr/bin/cmake --install /home/icrs/icrsUR/build/ur_custom_interfaces
