[0.025s] Invoking command in '/home/icrs/icrsUR/build/ur_dashboard_msgs': CMAKE_PREFIX_PATH=/opt/ros/humble /usr/bin/cmake --build /home/icrs/icrsUR/build/ur_dashboard_msgs -- -j8 -l8
[0.386s] [  0%] Built target ur_dashboard_msgs__cpp
[0.386s] [  0%] Built target ament_cmake_python_symlink_ur_dashboard_msgs
[0.386s] [ 12%] Built target ur_dashboard_msgs__rosidl_generator_c
[0.386s] [ 24%] Built target ur_dashboard_msgs__rosidl_typesupport_cpp
[0.386s] [ 36%] Built target ur_dashboard_msgs__rosidl_typesupport_introspection_cpp
[0.386s] [ 48%] Built target ur_dashboard_msgs__rosidl_typesupport_fastrtps_cpp
[0.386s] [ 61%] Built target ur_dashboard_msgs__rosidl_typesupport_c
[0.387s] [ 72%] Built target ur_dashboard_msgs__rosidl_typesupport_introspection_c
[0.387s] [ 84%] Built target ur_dashboard_msgs__rosidl_typesupport_fastrtps_c
[0.387s] [ 84%] Built target ur_dashboard_msgs
[0.387s] [ 85%] Built target ur_dashboard_msgs__py
[0.387s] [ 96%] Built target ur_dashboard_msgs__rosidl_generator_py
[0.387s] Traceback (most recent call last):
[0.387s]   File "/usr/lib/python3.10/functools.py", line 832, in dispatch
[0.387s] gmake[1]: *** [CMakeFiles/Makefile2:505: CMakeFiles/ur_dashboard_msgs__rosidl_typesupport_fastrtps_c__pyext.dir/all] Interrupt
[0.387s] gmake[2]: *** [CMakeFiles/ur_dashboard_msgs__rosidl_typesupport_c__pyext.dir/build.make:147: CMakeFiles/ur_dashboard_msgs__rosidl_typesupport_c__pyext.dir/depend] Interrupt
[0.387s] gmake[1]: *** [CMakeFiles/Makefile2:563: CMakeFiles/ur_dashboard_msgs__rosidl_typesupport_c__pyext.dir/all] Interrupt
[0.387s] gmake[2]: *** [CMakeFiles/ur_dashboard_msgs__rosidl_typesupport_introspection_c__pyext.dir/build.make:148: CMakeFiles/ur_dashboard_msgs__rosidl_typesupport_introspection_c__pyext.dir/depend] Interrupt
[0.387s] gmake[1]: *** [CMakeFiles/Makefile2:534: CMakeFiles/ur_dashboard_msgs__rosidl_typesupport_introspection_c__pyext.dir/all] Interrupt
[0.393s]     impl = dispatch_cache[cls]
[0.393s]   File "/usr/lib/python3.10/weakref.py", line 416, in __getitem__
[0.395s]     return self.data[ref(key)]
[0.395s] KeyError: <weakref at 0x7136a554d030; to 'type' at 0x5f7bb27da7c0 (str)>
[0.395s] 
[0.395s] During handling of the above exception, another exception occurred:
[0.395s] 
[0.396s] Traceback (most recent call last):
[0.396s]   File "/home/icrs/icrsUR/build/ur_dashboard_msgs/ament_cmake_python/ur_dashboard_msgs/setup.py", line 1, in <module>
[0.396s]     from setuptools import find_packages
[0.396s]   File "/usr/lib/python3/dist-packages/setuptools/__init__.py", line 16, in <module>
[0.396s]     import setuptools.version
[0.396s]   File "/usr/lib/python3/dist-packages/setuptools/version.py", line 1, in <module>
[0.396s]     import pkg_resources
[0.396s]   File "/usr/lib/python3/dist-packages/pkg_resources/__init__.py", line 3267, in <module>
[0.397s]     def _initialize_master_working_set():
[0.397s]   File "/usr/lib/python3/dist-packages/pkg_resources/__init__.py", line 3241, in _call_aside
[0.397s]     f(*args, **kwargs)
[0.397s]   File "/usr/lib/python3/dist-packages/pkg_resources/__init__.py", line 3279, in _initialize_master_working_set
[0.398s]     working_set = WorkingSet._build_master()
[0.398s]   File "/usr/lib/python3/dist-packages/pkg_resources/__init__.py", line 564, in _build_master
[0.398s]     ws = cls()
[0.398s]   File "/usr/lib/python3/dist-packages/pkg_resources/__init__.py", line 557, in __init__
[0.398s]     self.add_entry(entry)
[0.398s]   File "/usr/lib/python3/dist-packages/pkg_resources/__init__.py", line 613, in add_entry
[0.399s]     for dist in find_distributions(entry, True):
[0.399s]   File "/usr/lib/python3/dist-packages/pkg_resources/__init__.py", line 2077, in find_on_path
[0.400s]     for dist in factory(fullpath):
[0.400s]   File "/usr/lib/python3/dist-packages/pkg_resources/__init__.py", line 2142, in distributions_from_metadata
[0.400s]     yield Distribution.from_location(
[0.400s]   File "/usr/lib/python3/dist-packages/pkg_resources/__init__.py", line 2606, in from_location
[0.400s]     )._reload_version()
[0.400s]   File "/usr/lib/python3/dist-packages/pkg_resources/__init__.py", line 3004, in _reload_version
[0.401s]     md_version = self._get_version()
[0.401s]   File "/usr/lib/python3/dist-packages/pkg_resources/__init__.py", line 2785, in _get_version
[0.401s]     version = _version_from_file(lines)
[0.401s]   File "/usr/lib/python3/dist-packages/pkg_resources/__init__.py", line 2569, in _version_from_file
[0.401s]     line = next(iter(version_lines), '')
[0.401s]   File "/usr/lib/python3/dist-packages/pkg_resources/__init__.py", line 2780, in _get_metadata
[0.401s]     for line in self.get_metadata_lines(name):
[0.401s]   File "/usr/lib/python3/dist-packages/pkg_resources/__init__.py", line 1422, in get_metadata_lines
[0.401s]     return yield_lines(self.get_metadata(name))
[0.402s]   File "/usr/lib/python3.10/functools.py", line 889, in wrapper
[0.402s]     return dispatch(args[0].__class__)(*args, **kw)
[0.402s]   File "/usr/lib/python3.10/functools.py", line 838, in dispatch
[0.402s]     dispatch_cache[cls] = impl
[0.402s]   File "/usr/lib/python3.10/weakref.py", line 428, in __setitem__
[0.402s]     def __setitem__(self, key, value):
[0.402s] KeyboardInterrupt
[0.423s] gmake[2]: *** [CMakeFiles/ament_cmake_python_build_ur_dashboard_msgs_egg.dir/build.make:70: CMakeFiles/ament_cmake_python_build_ur_dashboard_msgs_egg] Interrupt
[0.423s] gmake[1]: *** [CMakeFiles/Makefile2:447: CMakeFiles/ament_cmake_python_build_ur_dashboard_msgs_egg.dir/all] Interrupt
[0.423s] gmake: *** [Makefile:146: all] Interrupt
