In file included from [01m[K/opt/ros/humble/include/control_toolbox/control_toolbox/pid.hpp:43[m[K,
                 from [01m[K/opt/ros/humble/include/joint_trajectory_controller/joint_trajectory_controller/joint_trajectory_controller.hpp:27[m[K,
                 from [01m[K/home/icrs/icrsUR/src/Universal_Robots_ROS2_Driver/ur_controllers/include/ur_controllers/scaled_joint_trajectory_controller.hpp:41[m[K,
                 from [01m[K/home/icrs/icrsUR/src/Universal_Robots_ROS2_Driver/ur_controllers/src/scaled_joint_trajectory_controller.cpp:41[m[K:
[01m[K/opt/ros/humble/include/realtime_tools/realtime_tools/realtime_buffer.h:22:100:[m[K [01;36m[Knote: [m[K‘[01m[K#pragma message: This header include is deprecated. Please update your code to use 'realtime_buffer.hpp' header.[m[K’
   22 | lease update your code to use 'realtime_buffer.hpp' header."[01;36m[K)[m[K  //NOLINT
      |                                                             [01;36m[K^[m[K

In file included from [01m[K/opt/ros/humble/include/control_toolbox/control_toolbox/pid.hpp:44[m[K,
                 from [01m[K/opt/ros/humble/include/joint_trajectory_controller/joint_trajectory_controller/joint_trajectory_controller.hpp:27[m[K,
                 from [01m[K/home/icrs/icrsUR/src/Universal_Robots_ROS2_Driver/ur_controllers/include/ur_controllers/scaled_joint_trajectory_controller.hpp:41[m[K,
                 from [01m[K/home/icrs/icrsUR/src/Universal_Robots_ROS2_Driver/ur_controllers/src/scaled_joint_trajectory_controller.cpp:41[m[K:
[01m[K/opt/ros/humble/include/realtime_tools/realtime_tools/realtime_publisher.h:22:103:[m[K [01;36m[Knote: [m[K‘[01m[K#pragma message: This header include is deprecated. Please update your code to use 'realtime_publisher.hpp' header.[m[K’
   22 | se update your code to use 'realtime_publisher.hpp' header."[01;36m[K)[m[K  //NOLINT
      |                                                             [01;36m[K^[m[K

In file included from [01m[K/opt/ros/humble/include/joint_trajectory_controller/joint_trajectory_controller/joint_trajectory_controller.hpp:43[m[K,
                 from [01m[K/home/icrs/icrsUR/src/Universal_Robots_ROS2_Driver/ur_controllers/include/ur_controllers/scaled_joint_trajectory_controller.hpp:41[m[K,
                 from [01m[K/home/icrs/icrsUR/src/Universal_Robots_ROS2_Driver/ur_controllers/src/scaled_joint_trajectory_controller.cpp:41[m[K:
[01m[K/opt/ros/humble/include/realtime_tools/realtime_tools/realtime_server_goal_handle.h:22:112:[m[K [01;36m[Knote: [m[K‘[01m[K#pragma message: This header include is deprecated. Please update your code to use 'realtime_server_goal_handle.hpp' header.[m[K’
   22 |  your code to use 'realtime_server_goal_handle.hpp' header."[01;36m[K)[m[K  //NOLINT
      |                                                             [01;36m[K^[m[K

