[0.033s] Invoking command in '/home/icrs/icrsUR/build/ur_controllers': CMAKE_PREFIX_PATH=/home/icrs/icrsUR/install/ur_dashboard_msgs:/home/icrs/robotics_software_engineer-assignments/install/ur:/home/icrs/robotics_software_engineer-assignments/install/ur_calibration:/home/icrs/robotics_software_engineer-assignments/install/ur_robot_driver:/home/icrs/robotics_software_engineer-assignments/install/ur_moveit_config:/home/icrs/robotics_software_engineer-assignments/install/ur_bringup:/home/icrs/robotics_software_engineer-assignments/install/ur_description:/home/icrs/robotics_software_engineer-assignments/install/ur_controllers:/home/icrs/robotics_software_engineer-assignments/install/ur_dashboard_msgs:/home/icrs/robotics_software_engineer-assignments/install/module_5_assignment:/home/icrs/icrsUR/install/ur:/home/icrs/icrsUR/install/ur_calibration:/home/icrs/icrsUR/install/ur_robot_driver:/home/icrs/icrsUR/install/ur_mover:/home/icrs/icrsUR/install/ur_moveit_config:/home/icrs/icrsUR/install/ur_bringup:/home/icrs/icrsUR/install/ur_controllers:/home/icrs/icrsUR/install/ur_custom_interfaces:/home/icrs/icrsUR/install/service_ur5ik:/home/icrs/icrsUR/install/module_5_assignment:/home/icrs/icrsUR/install/module_3_assignment:/home/icrs/icrsUR/install/module_1_assignment:/home/icrs/icrsUR/install/module_10_assignment:/home/icrs/icrsUR/install/interfaces_ur5ik:/home/icrs/icrsUR/install/ur_description:/home/icrs/icrsUR/install/camera_control:/home/icrs/icrsUR/install/robotiq_description:/home/icrs/icrsUR/install/gripper_control:/opt/ros/humble LD_LIBRARY_PATH=/home/icrs/icrsUR/install/ur_dashboard_msgs/lib:/home/icrs/robotics_software_engineer-assignments/install/ur_robot_driver/lib:/home/icrs/robotics_software_engineer-assignments/install/ur_controllers/lib:/home/icrs/robotics_software_engineer-assignments/install/ur_dashboard_msgs/lib:/home/icrs/icrsUR/install/ur_robot_driver/lib:/home/icrs/icrsUR/install/ur_controllers/lib:/home/icrs/icrsUR/install/ur_custom_interfaces/lib:/home/icrs/icrsUR/install/interfaces_ur5ik/lib:/usr/local/cuda-11.8/lib64:/opt/ros/humble/opt/rviz_ogre_vendor/lib:/opt/ros/humble/lib/x86_64-linux-gnu:/opt/ros/humble/lib /usr/bin/cmake --build /home/icrs/icrsUR/build/ur_controllers -- -j8 -l8
[0.105s] -- Found ament_cmake: 1.3.10 (/opt/ros/humble/share/ament_cmake/cmake)
[0.429s] -- Override CMake install command with custom implementation using symlinks instead of copying resources
[0.448s] -- Found angles: 1.15.0 (/opt/ros/humble/share/angles/cmake)
[0.452s] -- Found controller_interface: 2.43.1 (/opt/ros/humble/share/controller_interface/cmake)
[0.538s] -- Found rosidl_generator_c: 3.1.5 (/opt/ros/humble/share/rosidl_generator_c/cmake)
[0.546s] -- Found rosidl_adapter: 3.1.5 (/opt/ros/humble/share/rosidl_adapter/cmake)
[0.565s] -- Found rosidl_generator_cpp: 3.1.5 (/opt/ros/humble/share/rosidl_generator_cpp/cmake)
[0.597s] -- Using all available rosidl_typesupport_c: rosidl_typesupport_fastrtps_c;rosidl_typesupport_introspection_c
[0.642s] -- Using all available rosidl_typesupport_cpp: rosidl_typesupport_fastrtps_cpp;rosidl_typesupport_introspection_cpp
[1.172s] -- Found rmw_implementation_cmake: 6.1.2 (/opt/ros/humble/share/rmw_implementation_cmake/cmake)
[1.176s] -- Found rmw_fastrtps_cpp: 6.2.7 (/opt/ros/humble/share/rmw_fastrtps_cpp/cmake)
[1.223s] -- Found TinyXML2 via Config file: TinyXML2_DIR-NOTFOUND
[1.245s] -- Found TinyXML2 via Config file: TinyXML2_DIR-NOTFOUND
[1.278s] -- Found TinyXML2 via Config file: TinyXML2_DIR-NOTFOUND
[1.296s] -- Found TinyXML2 via Config file: TinyXML2_DIR-NOTFOUND
[1.323s] -- Using RMW implementation 'rmw_fastrtps_cpp' as default
[1.445s] -- Found joint_trajectory_controller: 2.37.3 (/opt/ros/humble/share/joint_trajectory_controller/cmake)
[1.491s] -- Found parameter_traits: 0.3.8 (/opt/ros/humble/share/parameter_traits/cmake)
[1.546s] -- Found std_srvs: 4.2.4 (/opt/ros/humble/share/std_srvs/cmake)
[1.578s] -- Found ur_dashboard_msgs: 2.2.10 (/home/icrs/icrsUR/install/ur_dashboard_msgs/share/ur_dashboard_msgs/cmake)
[1.622s] -- Found ur_msgs: 2.0.1 (/opt/ros/humble/share/ur_msgs/cmake)
[1.918s] -- Configuring done
[1.975s] -- Generating done
[1.979s] -- Build files have been written to: /home/icrs/icrsUR/build/ur_controllers
[2.055s] [ 42%] Built target scaled_joint_trajectory_controller_parameters
[2.055s] [ 42%] Built target gpio_controller_parameters
[2.056s] [ 42%] Built target speed_scaling_state_broadcaster_parameters
[2.080s] [35m[1mConsolidate compiler generated dependencies of target ur_controllers[0m
[2.120s] [ 71%] [32mBuilding CXX object CMakeFiles/ur_controllers.dir/src/scaled_joint_trajectory_controller.cpp.o[0m
[2.121s] [ 71%] [32mBuilding CXX object CMakeFiles/ur_controllers.dir/src/speed_scaling_state_broadcaster.cpp.o[0m
[2.125s] [ 85%] [32mBuilding CXX object CMakeFiles/ur_controllers.dir/src/gpio_controller.cpp.o[0m
[6.098s] In file included from [01m[K/opt/ros/humble/include/control_toolbox/control_toolbox/pid.hpp:43[m[K,
[6.099s]                  from [01m[K/opt/ros/humble/include/joint_trajectory_controller/joint_trajectory_controller/joint_trajectory_controller.hpp:27[m[K,
[6.099s]                  from [01m[K/home/icrs/icrsUR/src/Universal_Robots_ROS2_Driver/ur_controllers/include/ur_controllers/scaled_joint_trajectory_controller.hpp:41[m[K,
[6.099s]                  from [01m[K/home/icrs/icrsUR/src/Universal_Robots_ROS2_Driver/ur_controllers/src/scaled_joint_trajectory_controller.cpp:41[m[K:
[6.099s] [01m[K/opt/ros/humble/include/realtime_tools/realtime_tools/realtime_buffer.h:22:100:[m[K [01;36m[Knote: [m[K‘[01m[K#pragma message: This header include is deprecated. Please update your code to use 'realtime_buffer.hpp' header.[m[K’
[6.099s]    22 | lease update your code to use 'realtime_buffer.hpp' header."[01;36m[K)[m[K  //NOLINT
[6.099s]       |                                                             [01;36m[K^[m[K
[6.100s] 
[6.100s] In file included from [01m[K/opt/ros/humble/include/control_toolbox/control_toolbox/pid.hpp:44[m[K,
[6.100s]                  from [01m[K/opt/ros/humble/include/joint_trajectory_controller/joint_trajectory_controller/joint_trajectory_controller.hpp:27[m[K,
[6.100s]                  from [01m[K/home/icrs/icrsUR/src/Universal_Robots_ROS2_Driver/ur_controllers/include/ur_controllers/scaled_joint_trajectory_controller.hpp:41[m[K,
[6.100s]                  from [01m[K/home/icrs/icrsUR/src/Universal_Robots_ROS2_Driver/ur_controllers/src/scaled_joint_trajectory_controller.cpp:41[m[K:
[6.100s] [01m[K/opt/ros/humble/include/realtime_tools/realtime_tools/realtime_publisher.h:22:103:[m[K [01;36m[Knote: [m[K‘[01m[K#pragma message: This header include is deprecated. Please update your code to use 'realtime_publisher.hpp' header.[m[K’
[6.100s]    22 | se update your code to use 'realtime_publisher.hpp' header."[01;36m[K)[m[K  //NOLINT
[6.101s]       |                                                             [01;36m[K^[m[K
[6.101s] 
[9.279s] In file included from [01m[K/opt/ros/humble/include/joint_trajectory_controller/joint_trajectory_controller/joint_trajectory_controller.hpp:43[m[K,
[9.279s]                  from [01m[K/home/icrs/icrsUR/src/Universal_Robots_ROS2_Driver/ur_controllers/include/ur_controllers/scaled_joint_trajectory_controller.hpp:41[m[K,
[9.280s]                  from [01m[K/home/icrs/icrsUR/src/Universal_Robots_ROS2_Driver/ur_controllers/src/scaled_joint_trajectory_controller.cpp:41[m[K:
[9.280s] [01m[K/opt/ros/humble/include/realtime_tools/realtime_tools/realtime_server_goal_handle.h:22:112:[m[K [01;36m[Knote: [m[K‘[01m[K#pragma message: This header include is deprecated. Please update your code to use 'realtime_server_goal_handle.hpp' header.[m[K’
[9.280s]    22 |  your code to use 'realtime_server_goal_handle.hpp' header."[01;36m[K)[m[K  //NOLINT
[9.280s]       |                                                             [01;36m[K^[m[K
[9.280s] 
[17.992s] [100%] [32m[1mLinking CXX shared library libur_controllers.so[0m
[19.552s] [100%] Built target ur_controllers
[19.567s] Invoked command in '/home/icrs/icrsUR/build/ur_controllers' returned '0': CMAKE_PREFIX_PATH=/home/icrs/icrsUR/install/ur_dashboard_msgs:/home/icrs/robotics_software_engineer-assignments/install/ur:/home/icrs/robotics_software_engineer-assignments/install/ur_calibration:/home/icrs/robotics_software_engineer-assignments/install/ur_robot_driver:/home/icrs/robotics_software_engineer-assignments/install/ur_moveit_config:/home/icrs/robotics_software_engineer-assignments/install/ur_bringup:/home/icrs/robotics_software_engineer-assignments/install/ur_description:/home/icrs/robotics_software_engineer-assignments/install/ur_controllers:/home/icrs/robotics_software_engineer-assignments/install/ur_dashboard_msgs:/home/icrs/robotics_software_engineer-assignments/install/module_5_assignment:/home/icrs/icrsUR/install/ur:/home/icrs/icrsUR/install/ur_calibration:/home/icrs/icrsUR/install/ur_robot_driver:/home/icrs/icrsUR/install/ur_mover:/home/icrs/icrsUR/install/ur_moveit_config:/home/icrs/icrsUR/install/ur_bringup:/home/icrs/icrsUR/install/ur_controllers:/home/icrs/icrsUR/install/ur_custom_interfaces:/home/icrs/icrsUR/install/service_ur5ik:/home/icrs/icrsUR/install/module_5_assignment:/home/icrs/icrsUR/install/module_3_assignment:/home/icrs/icrsUR/install/module_1_assignment:/home/icrs/icrsUR/install/module_10_assignment:/home/icrs/icrsUR/install/interfaces_ur5ik:/home/icrs/icrsUR/install/ur_description:/home/icrs/icrsUR/install/camera_control:/home/icrs/icrsUR/install/robotiq_description:/home/icrs/icrsUR/install/gripper_control:/opt/ros/humble LD_LIBRARY_PATH=/home/icrs/icrsUR/install/ur_dashboard_msgs/lib:/home/icrs/robotics_software_engineer-assignments/install/ur_robot_driver/lib:/home/icrs/robotics_software_engineer-assignments/install/ur_controllers/lib:/home/icrs/robotics_software_engineer-assignments/install/ur_dashboard_msgs/lib:/home/icrs/icrsUR/install/ur_robot_driver/lib:/home/icrs/icrsUR/install/ur_controllers/lib:/home/icrs/icrsUR/install/ur_custom_interfaces/lib:/home/icrs/icrsUR/install/interfaces_ur5ik/lib:/usr/local/cuda-11.8/lib64:/opt/ros/humble/opt/rviz_ogre_vendor/lib:/opt/ros/humble/lib/x86_64-linux-gnu:/opt/ros/humble/lib /usr/bin/cmake --build /home/icrs/icrsUR/build/ur_controllers -- -j8 -l8
[19.610s] Invoking command in '/home/icrs/icrsUR/build/ur_controllers': CMAKE_PREFIX_PATH=/home/icrs/icrsUR/install/ur_dashboard_msgs:/home/icrs/robotics_software_engineer-assignments/install/ur:/home/icrs/robotics_software_engineer-assignments/install/ur_calibration:/home/icrs/robotics_software_engineer-assignments/install/ur_robot_driver:/home/icrs/robotics_software_engineer-assignments/install/ur_moveit_config:/home/icrs/robotics_software_engineer-assignments/install/ur_bringup:/home/icrs/robotics_software_engineer-assignments/install/ur_description:/home/icrs/robotics_software_engineer-assignments/install/ur_controllers:/home/icrs/robotics_software_engineer-assignments/install/ur_dashboard_msgs:/home/icrs/robotics_software_engineer-assignments/install/module_5_assignment:/home/icrs/icrsUR/install/ur:/home/icrs/icrsUR/install/ur_calibration:/home/icrs/icrsUR/install/ur_robot_driver:/home/icrs/icrsUR/install/ur_mover:/home/icrs/icrsUR/install/ur_moveit_config:/home/icrs/icrsUR/install/ur_bringup:/home/icrs/icrsUR/install/ur_controllers:/home/icrs/icrsUR/install/ur_custom_interfaces:/home/icrs/icrsUR/install/service_ur5ik:/home/icrs/icrsUR/install/module_5_assignment:/home/icrs/icrsUR/install/module_3_assignment:/home/icrs/icrsUR/install/module_1_assignment:/home/icrs/icrsUR/install/module_10_assignment:/home/icrs/icrsUR/install/interfaces_ur5ik:/home/icrs/icrsUR/install/ur_description:/home/icrs/icrsUR/install/camera_control:/home/icrs/icrsUR/install/robotiq_description:/home/icrs/icrsUR/install/gripper_control:/opt/ros/humble LD_LIBRARY_PATH=/home/icrs/icrsUR/install/ur_dashboard_msgs/lib:/home/icrs/robotics_software_engineer-assignments/install/ur_robot_driver/lib:/home/icrs/robotics_software_engineer-assignments/install/ur_controllers/lib:/home/icrs/robotics_software_engineer-assignments/install/ur_dashboard_msgs/lib:/home/icrs/icrsUR/install/ur_robot_driver/lib:/home/icrs/icrsUR/install/ur_controllers/lib:/home/icrs/icrsUR/install/ur_custom_interfaces/lib:/home/icrs/icrsUR/install/interfaces_ur5ik/lib:/usr/local/cuda-11.8/lib64:/opt/ros/humble/opt/rviz_ogre_vendor/lib:/opt/ros/humble/lib/x86_64-linux-gnu:/opt/ros/humble/lib /usr/bin/cmake --install /home/icrs/icrsUR/build/ur_controllers
[19.620s] -- Install configuration: ""
[19.620s] -- Execute custom install script
[19.621s] -- Up-to-date symlink: /home/icrs/icrsUR/install/ur_controllers/include/gpio_controller_parameters/gpio_controller_parameters.hpp
[19.622s] -- Up-to-date symlink: /home/icrs/icrsUR/install/ur_controllers/include/speed_scaling_state_broadcaster_parameters/speed_scaling_state_broadcaster_parameters.hpp
[19.622s] -- Up-to-date symlink: /home/icrs/icrsUR/install/ur_controllers/include/scaled_joint_trajectory_controller_parameters/scaled_joint_trajectory_controller_parameters.hpp
[19.623s] -- Up-to-date symlink: /home/icrs/icrsUR/install/ur_controllers/share/ur_controllers//controller_plugins.xml
[19.623s] -- Up-to-date symlink: /home/icrs/icrsUR/install/ur_controllers/lib/libur_controllers.so
[19.624s] -- Up-to-date symlink: /home/icrs/icrsUR/install/ur_controllers/include/ur_controllers/gpio_controller.hpp
[19.624s] -- Up-to-date symlink: /home/icrs/icrsUR/install/ur_controllers/include/ur_controllers/scaled_joint_trajectory_controller.hpp
[19.624s] -- Up-to-date symlink: /home/icrs/icrsUR/install/ur_controllers/include/ur_controllers/speed_scaling_state_broadcaster.hpp
[19.625s] -- Up-to-date symlink: /home/icrs/icrsUR/install/ur_controllers/share/ur_controllers/controller_plugins.xml
[19.625s] -- Up-to-date symlink: /home/icrs/icrsUR/install/ur_controllers/share/ur_controllers/environment/library_path.sh
[19.625s] -- Up-to-date symlink: /home/icrs/icrsUR/install/ur_controllers/share/ur_controllers/environment/library_path.dsv
[19.626s] -- Up-to-date symlink: /home/icrs/icrsUR/install/ur_controllers/share/ament_index/resource_index/package_run_dependencies/ur_controllers
[19.626s] -- Up-to-date symlink: /home/icrs/icrsUR/install/ur_controllers/share/ament_index/resource_index/parent_prefix_path/ur_controllers
[19.626s] -- Up-to-date symlink: /home/icrs/icrsUR/install/ur_controllers/share/ur_controllers/environment/ament_prefix_path.sh
[19.627s] -- Up-to-date symlink: /home/icrs/icrsUR/install/ur_controllers/share/ur_controllers/environment/ament_prefix_path.dsv
[19.627s] -- Up-to-date symlink: /home/icrs/icrsUR/install/ur_controllers/share/ur_controllers/environment/path.sh
[19.627s] -- Up-to-date symlink: /home/icrs/icrsUR/install/ur_controllers/share/ur_controllers/environment/path.dsv
[19.627s] -- Up-to-date symlink: /home/icrs/icrsUR/install/ur_controllers/share/ur_controllers/local_setup.bash
[19.628s] -- Up-to-date symlink: /home/icrs/icrsUR/install/ur_controllers/share/ur_controllers/local_setup.sh
[19.628s] -- Up-to-date symlink: /home/icrs/icrsUR/install/ur_controllers/share/ur_controllers/local_setup.zsh
[19.628s] -- Up-to-date symlink: /home/icrs/icrsUR/install/ur_controllers/share/ur_controllers/local_setup.dsv
[19.628s] -- Symlinking: /home/icrs/icrsUR/install/ur_controllers/share/ur_controllers/package.dsv
[19.640s] -- Up-to-date symlink: /home/icrs/icrsUR/install/ur_controllers/share/ament_index/resource_index/packages/ur_controllers
[19.640s] -- Up-to-date symlink: /home/icrs/icrsUR/install/ur_controllers/share/ament_index/resource_index/controller_interface__pluginlib__plugin/ur_controllers
[19.641s] -- Up-to-date symlink: /home/icrs/icrsUR/install/ur_controllers/share/ur_controllers/cmake/ament_cmake_export_dependencies-extras.cmake
[19.641s] -- Up-to-date symlink: /home/icrs/icrsUR/install/ur_controllers/share/ur_controllers/cmake/ament_cmake_export_include_directories-extras.cmake
[19.641s] -- Up-to-date symlink: /home/icrs/icrsUR/install/ur_controllers/share/ur_controllers/cmake/ament_cmake_export_libraries-extras.cmake
[19.642s] -- Up-to-date symlink: /home/icrs/icrsUR/install/ur_controllers/share/ur_controllers/cmake/ur_controllersConfig.cmake
[19.642s] -- Up-to-date symlink: /home/icrs/icrsUR/install/ur_controllers/share/ur_controllers/cmake/ur_controllersConfig-version.cmake
[19.642s] -- Up-to-date symlink: /home/icrs/icrsUR/install/ur_controllers/share/ur_controllers/package.xml
[19.645s] Invoked command in '/home/icrs/icrsUR/build/ur_controllers' returned '0': CMAKE_PREFIX_PATH=/home/icrs/icrsUR/install/ur_dashboard_msgs:/home/icrs/robotics_software_engineer-assignments/install/ur:/home/icrs/robotics_software_engineer-assignments/install/ur_calibration:/home/icrs/robotics_software_engineer-assignments/install/ur_robot_driver:/home/icrs/robotics_software_engineer-assignments/install/ur_moveit_config:/home/icrs/robotics_software_engineer-assignments/install/ur_bringup:/home/icrs/robotics_software_engineer-assignments/install/ur_description:/home/icrs/robotics_software_engineer-assignments/install/ur_controllers:/home/icrs/robotics_software_engineer-assignments/install/ur_dashboard_msgs:/home/icrs/robotics_software_engineer-assignments/install/module_5_assignment:/home/icrs/icrsUR/install/ur:/home/icrs/icrsUR/install/ur_calibration:/home/icrs/icrsUR/install/ur_robot_driver:/home/icrs/icrsUR/install/ur_mover:/home/icrs/icrsUR/install/ur_moveit_config:/home/icrs/icrsUR/install/ur_bringup:/home/icrs/icrsUR/install/ur_controllers:/home/icrs/icrsUR/install/ur_custom_interfaces:/home/icrs/icrsUR/install/service_ur5ik:/home/icrs/icrsUR/install/module_5_assignment:/home/icrs/icrsUR/install/module_3_assignment:/home/icrs/icrsUR/install/module_1_assignment:/home/icrs/icrsUR/install/module_10_assignment:/home/icrs/icrsUR/install/interfaces_ur5ik:/home/icrs/icrsUR/install/ur_description:/home/icrs/icrsUR/install/camera_control:/home/icrs/icrsUR/install/robotiq_description:/home/icrs/icrsUR/install/gripper_control:/opt/ros/humble LD_LIBRARY_PATH=/home/icrs/icrsUR/install/ur_dashboard_msgs/lib:/home/icrs/robotics_software_engineer-assignments/install/ur_robot_driver/lib:/home/icrs/robotics_software_engineer-assignments/install/ur_controllers/lib:/home/icrs/robotics_software_engineer-assignments/install/ur_dashboard_msgs/lib:/home/icrs/icrsUR/install/ur_robot_driver/lib:/home/icrs/icrsUR/install/ur_controllers/lib:/home/icrs/icrsUR/install/ur_custom_interfaces/lib:/home/icrs/icrsUR/install/interfaces_ur5ik/lib:/usr/local/cuda-11.8/lib64:/opt/ros/humble/opt/rviz_ogre_vendor/lib:/opt/ros/humble/lib/x86_64-linux-gnu:/opt/ros/humble/lib /usr/bin/cmake --install /home/icrs/icrsUR/build/ur_controllers
